08-22 08:34:47.770100  1175  3291 I AS.AudioDeviceBroker: requestedCommunicationDevice: null mAudioModeOwner: AudioModeInfo: mMode=MODE_NORMAL, mPid=0, mUid=0
08-22 08:35:47.776417  5238  5582 I AudioManager: getCommunicationDevice
08-22 08:35:47.777355  1175  3291 I AS.AudioDeviceBroker: topCommunicationRouteClient: process no permission or mCommunicationRouteClients is empty
08-22 08:35:47.777922  1175  3291 I AS.AudioDeviceBroker: requestedCommunicationDevice: null mAudioModeOwner: AudioModeInfo: mMode=MODE_NORMAL, mPid=0, mUid=0
08-22 08:35:56.251232  1175  3662 W BestClock: java.time.DateTimeException: Missing network time fix
08-22 08:36:47.776759  5238  5582 I AudioManager: getCommunicationDevice
08-22 08:36:47.777217  1175  4293 I AS.AudioDeviceBroker: topCommunicationRouteClient: process no permission or mCommunicationRouteClients is empty
08-22 08:36:47.777326  1175  4293 I AS.AudioDeviceBroker: requestedCommunicationDevice: null mAudioModeOwner: AudioModeInfo: mMode=MODE_NORMAL, mPid=0, mUid=0
08-22 08:37:04.123307  1175  2841 I WifiService: getCurrentNetwork uid=10138
08-22 08:37:37.123315  1175  2542 W BestClock: java.time.DateTimeException: Missing network time fix
08-22 08:37:45.123400   976   976 I android.hardware.thermal-service.mediatek: fill_temperatures filterType1 name: SKIN type: SKIN throttlingStatus: NONE value: 29.507 ret_temps size 0
08-22 08:37:45.123517   976   976 W         : i=4 tz_data[i].tz_idx[0]=-1
08-22 08:37:45.123602   976   976 W         : i=5 tz_data[i].tz_idx[0]=7
08-22 08:37:45.123682   976   976 W         : i=6 tz_data[i].tz_idx[0]=-1
08-22 08:37:45.123762   976   976 W         : i=7 tz_data[i].tz_idx[0]=-1
08-22 08:37:45.123936   976   976 W         : i=8 tz_data[i].tz_idx[0]=-1
08-22 08:37:47.870768  5238  5582 I AudioManager: getCommunicationDevice
08-22 08:37:47.871135  1175  4293 I AS.AudioDeviceBroker: topCommunicationRouteClient: process no permission or mCommunicationRouteClients is empty
08-22 08:37:47.871251  1175  4293 I AS.AudioDeviceBroker: requestedCommunicationDevice: null mAudioModeOwner: AudioModeInfo: mMode=MODE_NORMAL, mPid=0, mUid=0
08-22 08:38:15.231232   976   976 W         : i=10 tz_data[i].tz_idx[0]=2
08-22 08:38:47.929649  5238  5582 I AudioManager: getCommunicationDevice
08-22 08:38:47.930230  1175  4293 I AS.AudioDeviceBroker: topCommunicationRouteClient: process no permission or mCommunicationRouteClients is empty
08-22 08:38:47.930420  1175  4293 I AS.AudioDeviceBroker: requestedCommunicationDevice: null mAudioModeOwner: AudioModeInfo: mMode=MODE_NORMAL, mPid=0, mUid=0
08-22 08:39:47.831239  1175  2542 W BestClock: java.time.DateTimeException: Missing network time fix
08-22 08:39:47.989121  5238  5582 I AudioManager: getCommunicationDevice
08-22 08:39:47.989503  1175  4298 I AS.AudioDeviceBroker: topCommunicationRouteClient: process no permission or mCommunicationRouteClients is empty
08-22 08:39:47.989599  1175  4298 I AS.AudioDeviceBroker: requestedCommunicationDevice: null mAudioModeOwner: AudioModeInfo: mMode=MODE_NORMAL, mPid=0, mUid=0
08-22 08:39:55.668123   976   976 W         : i=11 tz_data[i].tz_idx[0]=-1
08-22 08:40:48.024118  5238  5582 I AudioManager: getCommunicationDevice
08-22 08:40:48.024432  1175  2841 I AS.AudioDeviceBroker: topCommunicationRouteClient: process no permission or mCommunicationRouteClients is empty
08-22 08:40:48.024507  1175  2841 I AS.AudioDeviceBroker: requestedCommunicationDevice: null mAudioModeOwner: AudioModeInfo: mMode=MODE_NORMAL, mPid=0, mUid=0
08-22 08:41:08.123429  1175  3662 W BestClock: java.time.DateTimeException: Missing network time fix
08-22 08:41:38.278630  9877  9886 W .screenrecorder: Reducing the number of considered missed Gc histogram windows from 4896 to 100
08-22 08:41:48.038584  5238  5582 I AudioManager: getCommunicationDevice
08-22 08:41:48.039571  1175  1194 I AS.AudioDeviceBroker: topCommunicationRouteClient: process no permission or mCommunicationRouteClients is empty
08-22 08:41:48.039868  1175  1194 I AS.AudioDeviceBroker: requestedCommunicationDevice: null mAudioModeOwner: AudioModeInfo: mMode=MODE_NORMAL, mPid=0, mUid=0
08-22 08:41:55.081236  5603  5603 E Athena  : Athena is in Test mode，should not release this APK（测试模式）[com.transsion.pcconnect]
08-22 08:41:58.712341  1175  2542 W BestClock: java.time.DateTimeException: Missing network time fix
08-22 08:42:48.083938  5238  5582 I AudioManager: getCommunicationDevice
08-22 08:42:48.085235  1175  2840 I AS.AudioDeviceBroker: topCommunicationRouteClient: process no permission or mCommunicationRouteClients is empty
08-22 08:42:48.085535  1175  2840 I AS.AudioDeviceBroker: requestedCommunicationDevice: null mAudioModeOwner: AudioModeInfo: mMode=MODE_NORMAL, mPid=0, mUid=0
08-22 08:43:48.169843  5238  5582 I AudioManager: getCommunicationDevice
08-22 08:43:48.170630  1175  2840 I AS.AudioDeviceBroker: topCommunicationRouteClient: process no permission or mCommunicationRouteClients is empty
08-22 08:43:48.171030  1175  2840 I AS.AudioDeviceBroker: requestedCommunicationDevice: null mAudioModeOwner: AudioModeInfo: mMode=MODE_NORMAL, mPid=0, mUid=0
08-22 08:44:29.357123  1175  3662 W BestClock: java.time.DateTimeException: Missing network time fix
08-22 08:44:48.174735  5238  5582 I AudioManager: getCommunicationDevice
08-22 08:44:48.175055  1175  1194 I AS.AudioDeviceBroker: topCommunicationRouteClient: process no permission or mCommunicationRouteClients is empty
08-22 08:44:48.175120  1175  1194 I AS.AudioDeviceBroker: requestedCommunicationDevice: null mAudioModeOwner: AudioModeInfo: mMode=MODE_NORMAL, mPid=0, mUid=0
08-22 08:45:48.212259  5238  5582 I AudioManager: getCommunicationDevice
08-22 08:45:48.213105  1175  1194 I AS.AudioDeviceBroker: topCommunicationRouteClient: process no permission or mCommunicationRouteClients is empty
08-22 08:45:48.213431  1175  1194 I AS.AudioDeviceBroker: requestedCommunicationDevice: null mAudioModeOwner: AudioModeInfo: mMode=MODE_NORMAL, mPid=0, mUid=0
08-22 08:46:27.707123   976   976 W         : i=8 tz_data[i].tz_idx[0]=-1
08-22 08:46:48.227630  5238  5582 I AudioManager: getCommunicationDevice
08-22 08:46:48.227891  1175  1194 I AS.AudioDeviceBroker: topCommunicationRouteClient: process no permission or mCommunicationRouteClients is empty
08-22 08:46:48.227994  1175  1194 I AS.AudioDeviceBroker: requestedCommunicationDevice: null mAudioModeOwner: AudioModeInfo: mMode=MODE_NORMAL, mPid=0, mUid=0
08-22 08:47:48.255107  5238  5582 I AudioManager: getCommunicationDevice
08-22 08:47:48.255872  1175  2840 I AS.AudioDeviceBroker: topCommunicationRouteClient: process no permission or mCommunicationRouteClients is empty
08-22 08:47:48.256088  1175  2840 I AS.AudioDeviceBroker: requestedCommunicationDevice: null mAudioModeOwner: AudioModeInfo: mMode=MODE_NORMAL, mPid=0, mUid=0
08-22 08:48:28.256123   976   976 W         : i=12 tz_data[i].tz_idx[0]=-1
08-22 08:48:48.273471  5238  5582 I AudioManager: getCommunicationDevice
08-22 08:48:48.273833  1175  2840 I AS.AudioDeviceBroker: topCommunicationRouteClient: process no permission or mCommunicationRouteClients is empty
08-22 08:48:48.274011  1175  2840 I AS.AudioDeviceBroker: requestedCommunicationDevice: null mAudioModeOwner: AudioModeInfo: mMode=MODE_NORMAL, mPid=0, mUid=0
08-22 08:49:48.299177  5238  5582 I AudioManager: getCommunicationDevice
08-22 08:49:48.299434  1175  1194 I AS.AudioDeviceBroker: topCommunicationRouteClient: process no permission or mCommunicationRouteClients is empty
08-22 08:49:48.299535  1175  1194 I AS.AudioDeviceBroker: requestedCommunicationDevice: null mAudioModeOwner: AudioModeInfo: mMode=MODE_NORMAL, mPid=0, mUid=0
08-22 08:50:48.360302  5238  5582 I AudioManager: getCommunicationDevice
08-22 08:50:48.360774  1175  2840 I AS.AudioDeviceBroker: topCommunicationRouteClient: process no permission or mCommunicationRouteClients is empty
08-22 08:50:48.360884  1175  2840 I AS.AudioDeviceBroker: requestedCommunicationDevice: null mAudioModeOwner: AudioModeInfo: mMode=MODE_NORMAL, mPid=0, mUid=0
08-22 08:51:48.430683  5238  5582 I AudioManager: getCommunicationDevice
08-22 08:51:48.431569  1175  1194 I AS.AudioDeviceBroker: topCommunicationRouteClient: process no permission or mCommunicationRouteClients is empty
08-22 08:51:48.431921  1175  1194 I AS.AudioDeviceBroker: requestedCommunicationDevice: null mAudioModeOwner: AudioModeInfo: mMode=MODE_NORMAL, mPid=0, mUid=0
08-22 08:51:59.323123   976   976 I android.hardware.thermal-service.mediatek: fill_temperatures filterType1 name: SKIN type: SKIN throttlingStatus: NONE value: 29.726 ret_temps size 0
08-22 08:52:48.493630  5238  5582 I AudioManager: getCommunicationDevice
08-22 08:52:48.493957  1175  1194 I AS.AudioDeviceBroker: topCommunicationRouteClient: process no permission or mCommunicationRouteClients is empty
08-22 08:52:48.494033  1175  1194 I AS.AudioDeviceBroker: requestedCommunicationDevice: null mAudioModeOwner: AudioModeInfo: mMode=MODE_NORMAL, mPid=0, mUid=0
08-22 08:53:48.545842  5238  5582 I AudioManager: getCommunicationDevice
08-22 08:53:48.546545  1175  2841 I AS.AudioDeviceBroker: topCommunicationRouteClient: process no permission or mCommunicationRouteClients is empty
08-22 08:53:48.546764  1175  2841 I AS.AudioDeviceBroker: requestedCommunicationDevice: null mAudioModeOwner: AudioModeInfo: mMode=MODE_NORMAL, mPid=0, mUid=0
08-22 08:54:48.599653  5238  5582 I AudioManager: getCommunicationDevice
08-22 08:54:48.600041  1175  2841 I AS.AudioDeviceBroker: topCommunicationRouteClient: process no permission or mCommunicationRouteClients is empty
08-22 08:54:48.600141  1175  2841 I AS.AudioDeviceBroker: requestedCommunicationDevice: null mAudioModeOwner: AudioModeInfo: mMode=MODE_NORMAL, mPid=0, mUid=0
08-22 08:55:13.229123  1175  3662 W BestClock: java.time.DateTimeException: Missing network time fix
08-22 08:55:48.648806  5238  5582 I AudioManager: getCommunicationDevice
08-22 08:55:48.649265  1175  2841 I AS.AudioDeviceBroker: topCommunicationRouteClient: process no permission or mCommunicationRouteClients is empty
08-22 08:55:48.649403  1175  2841 I AS.AudioDeviceBroker: requestedCommunicationDevice: null mAudioModeOwner: AudioModeInfo: mMode=MODE_NORMAL, mPid=0, mUid=0
08-22 08:56:48.644395  5238  5582 I AudioManager: getCommunicationDevice
08-22 08:56:48.645217  1175  2841 I AS.AudioDeviceBroker: topCommunicationRouteClient: process no permission or mCommunicationRouteClients is empty
08-22 08:56:48.645412  1175  2841 I AS.AudioDeviceBroker: requestedCommunicationDevice: null mAudioModeOwner: AudioModeInfo: mMode=MODE_NORMAL, mPid=0, mUid=0
08-22 08:57:10.767123   976   976 W         : i=4 tz_data[i].tz_idx[0]=-1
08-22 08:57:48.714096  5238  5582 I AudioManager: getCommunicationDevice
08-22 08:57:48.714658  1175  4293 I AS.AudioDeviceBroker: topCommunicationRouteClient: process no permission or mCommunicationRouteClients is empty
08-22 08:57:48.714795  1175  4293 I AS.AudioDeviceBroker: requestedCommunicationDevice: null mAudioModeOwner: AudioModeInfo: mMode=MODE_NORMAL, mPid=0, mUid=0
08-22 08:58:48.741806  5238  5582 I AudioManager: getCommunicationDevice
08-22 08:58:48.742594  1175  4298 I AS.AudioDeviceBroker: topCommunicationRouteClient: process no permission or mCommunicationRouteClients is empty
08-22 08:58:48.742756  1175  4298 I AS.AudioDeviceBroker: requestedCommunicationDevice: null mAudioModeOwner: AudioModeInfo: mMode=MODE_NORMAL, mPid=0, mUid=0
08-22 08:59:48.807071  5238  5582 I AudioManager: getCommunicationDevice
08-22 08:59:48.807476  1175  3290 I AS.AudioDeviceBroker: topCommunicationRouteClient: process no permission or mCommunicationRouteClients is empty
08-22 08:59:48.807627  1175  3290 I AS.AudioDeviceBroker: requestedCommunicationDevice: null mAudioModeOwner: AudioModeInfo: mMode=MODE_NORMAL, mPid=0, mUid=0
08-22 09:00:48.836620  5238  5582 I AudioManager: getCommunicationDevice
08-22 09:00:48.837270  1175  4298 I AS.AudioDeviceBroker: topCommunicationRouteClient: process no permission or mCommunicationRouteClients is empty
08-22 09:00:48.837414  1175  4298 I AS.AudioDeviceBroker: requestedCommunicationDevice: null mAudioModeOwner: AudioModeInfo: mMode=MODE_NORMAL, mPid=0, mUid=0
08-22 09:01:12.463210  1175  1880 E ActivityManager: 	at com.android.server.am.PendingIntentRecord.sendInner(PendingIntentRecord.java:707)
08-22 09:01:12.463210  1175  1880 E ActivityManager: 	at com.android.server.am.PendingIntentRecord.sendWithResult(PendingIntentRecord.java:381)
08-22 09:01:48.894154  5238  5582 I AudioManager: getCommunicationDevice
08-22 09:01:48.895135  1175  2882 I AS.AudioDeviceBroker: topCommunicationRouteClient: process no permission or mCommunicationRouteClients is empty
08-22 09:01:48.895291  1175  2882 I AS.AudioDeviceBroker: requestedCommunicationDevice: null mAudioModeOwner: AudioModeInfo: mMode=MODE_NORMAL, mPid=0, mUid=0
08-22 09:02:48.959768  5238  5582 I AudioManager: getCommunicationDevice
08-22 09:02:48.960460  1175  4298 I AS.AudioDeviceBroker: topCommunicationRouteClient: process no permission or mCommunicationRouteClients is empty
08-22 09:02:48.960606  1175  4298 I AS.AudioDeviceBroker: requestedCommunicationDevice: null mAudioModeOwner: AudioModeInfo: mMode=MODE_NORMAL, mPid=0, mUid=0
08-22 09:03:22.641237   976   976 W         : i=9 tz_data[i].tz_idx[0]=2
08-22 09:03:49.006460  5238  5582 I AudioManager: getCommunicationDevice
08-22 09:03:49.006908  1175  4298 I AS.AudioDeviceBroker: topCommunicationRouteClient: process no permission or mCommunicationRouteClients is empty
08-22 09:03:49.007015  1175  4298 I AS.AudioDeviceBroker: requestedCommunicationDevice: null mAudioModeOwner: AudioModeInfo: mMode=MODE_NORMAL, mPid=0, mUid=0
08-22 09:03:53.112123  7755  7755 E Athena  : ------------------------------------------------------------
08-22 09:04:49.067437  5238  5582 I AudioManager: getCommunicationDevice
08-22 09:04:49.068105  1175  4298 I AS.AudioDeviceBroker: topCommunicationRouteClient: process no permission or mCommunicationRouteClients is empty
08-22 09:04:49.068354  1175  4298 I AS.AudioDeviceBroker: requestedCommunicationDevice: null mAudioModeOwner: AudioModeInfo: mMode=MODE_NORMAL, mPid=0, mUid=0
08-22 09:05:07.588640  2973  3551 W TelephonyPermissions: reportAccessDeniedToReadIdentifiers:com.transsion.screenrecorder:getImeiForSlot:-1
08-22 09:05:49.121923  5238  5582 I AudioManager: getCommunicationDevice
08-22 09:05:49.122503  1175  4298 I AS.AudioDeviceBroker: topCommunicationRouteClient: process no permission or mCommunicationRouteClients is empty
08-22 09:05:49.122619  1175  4298 I AS.AudioDeviceBroker: requestedCommunicationDevice: null mAudioModeOwner: AudioModeInfo: mMode=MODE_NORMAL, mPid=0, mUid=0
08-22 09:05:49.123271  5238  5582 I TranTrancareProvider: TranThubTrancareProvider
08-22 09:06:49.181672  5238  5582 I AudioManager: getCommunicationDevice
08-22 09:06:49.182493  1175  2882 I AS.AudioDeviceBroker: topCommunicationRouteClient: process no permission or mCommunicationRouteClients is empty
08-22 09:06:49.182764  1175  2882 I AS.AudioDeviceBroker: requestedCommunicationDevice: null mAudioModeOwner: AudioModeInfo: mMode=MODE_NORMAL, mPid=0, mUid=0
08-22 09:06:53.284123  7755  7755 E Athena  :   - Athena is in Release mode with log enabled. Please set AthenaAnalytics.setDebug(false) to release this APK （Debug模式）[com.transsion.screencapture]
08-22 09:07:09.454810 18478 18478 W libc    : Access denied finding property "ro.odm.tr_audio_hifi.feature.support"
08-22 09:07:09.612345 18478 18500 W libc    : Access denied finding property "ro.vendor.build.security_patch"
08-22 09:07:49.212089  5238  5582 I AudioManager: getCommunicationDevice
08-22 09:07:49.212661  1175  1194 I AS.AudioDeviceBroker: topCommunicationRouteClient: process no permission or mCommunicationRouteClients is empty
08-22 09:07:49.212861  1175  1194 I AS.AudioDeviceBroker: requestedCommunicationDevice: null mAudioModeOwner: AudioModeInfo: mMode=MODE_NORMAL, mPid=0, mUid=0
08-22 09:08:49.274652  5238  5582 I AudioManager: getCommunicationDevice
08-22 09:08:49.275152  1175  2855 I AS.AudioDeviceBroker: topCommunicationRouteClient: process no permission or mCommunicationRouteClients is empty
08-22 09:08:49.275256  1175  2855 I AS.AudioDeviceBroker: requestedCommunicationDevice: null mAudioModeOwner: AudioModeInfo: mMode=MODE_NORMAL, mPid=0, mUid=0
08-22 09:09:14.511231   976   976 W         : i=8 tz_data[i].tz_idx[0]=-1
08-22 09:09:49.331415  5238  5582 I AudioManager: getCommunicationDevice
08-22 09:09:49.332669  1175  2882 I AS.AudioDeviceBroker: topCommunicationRouteClient: process no permission or mCommunicationRouteClients is empty
08-22 09:09:49.333038  1175  2882 I AS.AudioDeviceBroker: requestedCommunicationDevice: null mAudioModeOwner: AudioModeInfo: mMode=MODE_NORMAL, mPid=0, mUid=0
08-22 09:10:49.393111  5238  5582 I AudioManager: getCommunicationDevice
08-22 09:10:49.394160  1175  2882 I AS.AudioDeviceBroker: topCommunicationRouteClient: process no permission or mCommunicationRouteClients is empty
08-22 09:10:49.394292  1175  2882 I AS.AudioDeviceBroker: requestedCommunicationDevice: null mAudioModeOwner: AudioModeInfo: mMode=MODE_NORMAL, mPid=0, mUid=0
08-22 09:11:25.123793   976   976 W         : i=0 tz_data[i].tz_idx[0]=2
08-22 09:11:25.123893   976   976 W         : i=1 tz_data[i].tz_idx[0]=2
08-22 09:11:25.123976   976   976 W         : i=2 tz_data[i].tz_idx[0]=5
08-22 09:11:49.486890  5238  5582 I AudioManager: getCommunicationDevice
08-22 09:11:49.487853  1175  2882 I AS.AudioDeviceBroker: topCommunicationRouteClient: process no permission or mCommunicationRouteClients is empty
08-22 09:11:49.488151  1175  2882 I AS.AudioDeviceBroker: requestedCommunicationDevice: null mAudioModeOwner: AudioModeInfo: mMode=MODE_NORMAL, mPid=0, mUid=0
08-22 09:12:25.441236   976   976 W         : i=2 tz_data[i].tz_idx[0]=5
08-22 09:12:49.462615  5238  5582 I AudioManager: getCommunicationDevice
08-22 09:12:49.463281  1175  2882 I AS.AudioDeviceBroker: topCommunicationRouteClient: process no permission or mCommunicationRouteClients is empty
08-22 09:12:49.463417  1175  2882 I AS.AudioDeviceBroker: requestedCommunicationDevice: null mAudioModeOwner: AudioModeInfo: mMode=MODE_NORMAL, mPid=0, mUid=0
08-22 09:13:19.561230  1175  2542 W BestClock: java.time.DateTimeException: Missing network time fix
08-22 09:13:49.522818  5238  5582 I AudioManager: getCommunicationDevice
08-22 09:13:49.523778  1175  1194 I AS.AudioDeviceBroker: topCommunicationRouteClient: process no permission or mCommunicationRouteClients is empty
08-22 09:13:49.524474  1175  1194 I AS.AudioDeviceBroker: requestedCommunicationDevice: null mAudioModeOwner: AudioModeInfo: mMode=MODE_NORMAL, mPid=0, mUid=0
08-22 09:14:49.587953  5238  5582 I AudioManager: getCommunicationDevice
08-22 09:14:49.588548  1175  3291 I AS.AudioDeviceBroker: topCommunicationRouteClient: process no permission or mCommunicationRouteClients is empty
08-22 09:14:49.588703  1175  3291 I AS.AudioDeviceBroker: requestedCommunicationDevice: null mAudioModeOwner: AudioModeInfo: mMode=MODE_NORMAL, mPid=0, mUid=0
08-22 09:15:49.622423  5238  5582 I AudioManager: getCommunicationDevice
08-22 09:15:49.623086  1175  3291 I AS.AudioDeviceBroker: topCommunicationRouteClient: process no permission or mCommunicationRouteClients is empty
08-22 09:15:49.623248  1175  3291 I AS.AudioDeviceBroker: requestedCommunicationDevice: null mAudioModeOwner: AudioModeInfo: mMode=MODE_NORMAL, mPid=0, mUid=0
08-22 09:16:49.685235  5238  5582 I AudioManager: getCommunicationDevice
08-22 09:16:49.686042  1175  1194 I AS.AudioDeviceBroker: topCommunicationRouteClient: process no permission or mCommunicationRouteClients is empty
08-22 09:16:49.686336  1175  1194 I AS.AudioDeviceBroker: requestedCommunicationDevice: null mAudioModeOwner: AudioModeInfo: mMode=MODE_NORMAL, mPid=0, mUid=0
08-22 09:17:16.911239   976   976 I android.hardware.thermal-service.mediatek: getTemperaturesWithType TemperatureType: 3
08-22 09:17:49.723587  5238  5582 I AudioManager: getCommunicationDevice
08-22 09:17:49.724692  1175  1194 I AS.AudioDeviceBroker: topCommunicationRouteClient: process no permission or mCommunicationRouteClients is empty
08-22 09:17:49.725089  1175  1194 I AS.AudioDeviceBroker: requestedCommunicationDevice: null mAudioModeOwner: AudioModeInfo: mMode=MODE_NORMAL, mPid=0, mUid=0
08-22 09:17:57.123122   976   976 W         : i=10 tz_data[i].tz_idx[0]=2
08-22 09:17:57.123345   976   976 W         : i=11 tz_data[i].tz_idx[0]=-1
08-22 09:17:57.123569   976   976 W         : i=12 tz_data[i].tz_idx[0]=-1
08-22 09:17:57.123792   976   976 W         : i=13 tz_data[i].tz_idx[0]=2
08-22 09:18:49.789099  5238  5582 I AudioManager: getCommunicationDevice
08-22 09:18:49.789520  1175  1194 I AS.AudioDeviceBroker: topCommunicationRouteClient: process no permission or mCommunicationRouteClients is empty
08-22 09:18:49.789624  1175  1194 I AS.AudioDeviceBroker: requestedCommunicationDevice: null mAudioModeOwner: AudioModeInfo: mMode=MODE_NORMAL, mPid=0, mUid=0
08-22 09:19:29.594562  9401  9421 I DebugLoggerUI/DebugLoggerUIService: -->startRecording(), logTypeCluster=1, reason=adb
08-22 09:19:29.609866  1175  1194 W NotificationCloudRule: no need to handle notification for same key, notification = NotificationRecord(0x0b1771d2: pkg=com.debug.loggerui user=UserHandle{0} id=365001 tag=null importance=4 key=0|com.debug.loggerui|365001|null|10145: Notification(channel=com.debug.loggerui.notification shortcut=null contentView=null vibrate=null sound=null defaults=0 flags=ONLY_ALERT_ONCE|FOREGROUND_SERVICE color=0x00000000 vis=PRIVATE))
08-22 09:19:35.097742  1175  3291 W NotificationCloudRule: no need to handle notification for same key, notification = NotificationRecord(0x02c875f7: pkg=com.debug.loggerui user=UserHandle{0} id=365001 tag=null importance=4 key=0|com.debug.loggerui|365001|null|10145: Notification(channel=com.debug.loggerui.notification shortcut=null contentView=null vibrate=null sound=null defaults=0 flags=ONLY_ALERT_ONCE|FOREGROUND_SERVICE color=0x00000000 vis=PRIVATE))
08-22 09:19:35.100125  1175  1871 D os.notification.SuspendJobManager: create job  com.transsion.util.SuspendJobManager$JobInfo@3590ecd key:NotificationRecord(0x02c875f7: pkg=com.debug.loggerui user=UserHandle{0} id=365001 tag=null importance=4 key=0|com.debug.loggerui|365001|null|10145: Notification(channel=com.debug.loggerui.notification shortcut=null contentView=null vibrate=null sound=null defaults=0 flags=ONLY_ALERT_ONCE|FOREGROUND_SERVICE color=0x00000000 vis=PRIVATE)) data:com.android.server.notification.NotificationManagerService$$ExternalSyntheticLambda1@efbf382 sn:-1 owner:{}
08-22 09:19:35.101680  3965 17172 D os.notification: onNotifyNotification StatusBarNotification:StatusBarNotification(pkg=com.debug.loggerui user=UserHandle{0} id=365001 tag=null key=0|com.debug.loggerui|365001|null|10145: Notification(channel=null shortcut=null contentView=null vibrate=null sound=null defaults=0 flags=ONLY_ALERT_ONCE|FOREGROUND_SERVICE color=0x00000000 vis=PRIVATE)) callingUid:10145 NotificationChannel:NotificationChannel{mId='com.debug.loggerui.notification', mName=DebugLoggerUI, mDescription=, mImportance=4, mBypassDnd=false, mLockscreenVisibility=-1000, mSound=content://settings/system/notification_sound, mLights=false, mLightColor=0, mVibrationPattern=null, mVibrationEffect=null, mUserLockedFields=0, mUserVisibleTaskShown=true, mVibrationEnabled=false, mShowBadge=true, mDeleted=false, mDeletedTimeMs=-1, mGroup='null', mAudioAttributes=AudioAttributes: usage=USAGE_NOTIFICATION content=CONTENT_TYPE_SONIFICATION flags=0x800 tags= bundle=null, mBlockableSystem=false, mAllowBubbles=-1, mImportanceLockedDefaultApp=true, mOriginalImp=4, mParent=null, mConversationId=null, mDemoted=false, mImportantConvo=false, mLastNotificationUpdateTimeMs=0} receipt:com.transsion.app.IEnqueueNotificationReceipt$Stub$Proxy@ad33dee sn:160
08-22 09:19:35.122205  3965 17172 D os.notification: handleNotifyNotification notification:Notification(channel=null shortcut=null contentView=null vibrate=null sound=null defaults=0 flags=ONLY_ALERT_ONCE|FOREGROUND_SERVICE color=0x00000000 vis=PRIVATE)
08-22 09:19:35.124925  1175  1871 D os.notification.SuspendJobManager: done  com.transsion.util.SuspendJobManager$JobInfo@3590ecd key:NotificationRecord(0x02c875f7: pkg=com.debug.loggerui user=UserHandle{0} id=365001 tag=null importance=4 key=0|com.debug.loggerui|365001|null|10145: Notification(channel=com.debug.loggerui.notification shortcut=null contentView=null vibrate=null sound=null defaults=0 flags=ONLY_ALERT_ONCE|FOREGROUND_SERVICE color=0x00000000 vis=PRIVATE)) data:com.android.server.notification.NotificationManagerService$$ExternalSyntheticLambda1@efbf382 sn:160 owner:{3965} for  app-3965-request
08-22 09:19:35.138539  9401  9421 I DebugLoggerUI/DebugLoggerUIService: <--startRecordingDone(), result = true, sucessType = 1, failType = 0
08-22 09:19:35.143478  9401  9421 W System.err: 	at com.debug.loggerui.framework.DebugLoggerUIService.startRecording(DebugLoggerUIService.java:1629)
08-22 09:19:35.409155  2669  3142 D SystemUINotificationLice: setThunderButtonVisibleNeeded Notification(channel=com.debug.loggerui.notification shortcut=null contentView=null vibrate=null sound=null defaults=0 flags=ONLY_ALERT_ONCE|NO_CLEAR|FOREGROUND_SERVICE color=0x00000000 vis=PRIVATE)
08-22 09:19:35.414154  2669  3142 D SystemUINotificationLice: setThunderButtonVisibleNeeded Notification(channel=com.debug.loggerui.notification shortcut=null contentView=null vibrate=null sound=null defaults=0 flags=ONLY_ALERT_ONCE|NO_CLEAR|FOREGROUND_SERVICE color=0x00000000 vis=PRIVATE)
08-22 09:19:35.417134  2669  3142 D SystemUINotificationLice: updateButtonVisibleIfNeeded Notification(channel=com.debug.loggerui.notification shortcut=null contentView=null vibrate=null sound=null defaults=0 flags=ONLY_ALERT_ONCE|NO_CLEAR|FOREGROUND_SERVICE color=0x00000000 vis=PRIVATE)
08-22 09:19:35.418683  2669  3142 D SystemUINotificationLice: setThunderButtonVisibleNeeded Notification(channel=com.debug.loggerui.notification shortcut=null contentView=null vibrate=null sound=null defaults=0 flags=ONLY_ALERT_ONCE|NO_CLEAR|FOREGROUND_SERVICE color=0x00000000 vis=PRIVATE)
08-22 09:19:35.420778  2669  3142 D SystemUINotificationLice: updateButtonVisibleIfNeeded Notification(channel=com.debug.loggerui.notification shortcut=null contentView=null vibrate=null sound=null defaults=0 flags=ONLY_ALERT_ONCE|NO_CLEAR|FOREGROUND_SERVICE color=0x00000000 vis=PRIVATE)
08-22 09:19:37.512314  1175  2882 I ActivityManager: Broadcasting: Intent { act=com.debug.loggerui.ADB_CMD flg=0x400000 cmp=com.debug.loggerui/.framework.LogReceiver (has extras) }
08-22 09:19:37.522148  9401  9421 I DebugLoggerUI/DebugLoggerUIService: -->stopRecording(), logTypeCluster=1, reason=adb
08-22 09:19:37.535710  1175  1194 W NotificationCloudRule: no need to handle notification for same key, notification = NotificationRecord(0x005ea90b: pkg=com.debug.loggerui user=UserHandle{0} id=365001 tag=null importance=4 key=0|com.debug.loggerui|365001|null|10145: Notification(channel=com.debug.loggerui.notification shortcut=null contentView=null vibrate=null sound=null defaults=0 flags=ONLY_ALERT_ONCE|FOREGROUND_SERVICE color=0x00000000 vis=PRIVATE))
08-22 09:19:37.538174  1175  1871 D os.notification.SuspendJobManager: create job  com.transsion.util.SuspendJobManager$JobInfo@b560a01 key:NotificationRecord(0x005ea90b: pkg=com.debug.loggerui user=UserHandle{0} id=365001 tag=null importance=4 key=0|com.debug.loggerui|365001|null|10145: Notification(channel=com.debug.loggerui.notification shortcut=null contentView=null vibrate=null sound=null defaults=0 flags=ONLY_ALERT_ONCE|FOREGROUND_SERVICE color=0x00000000 vis=PRIVATE)) data:com.android.server.notification.NotificationManagerService$$ExternalSyntheticLambda1@874c0a6 sn:-1 owner:{}
08-22 09:19:37.539310  3965 17172 D os.notification: onNotifyNotification StatusBarNotification:StatusBarNotification(pkg=com.debug.loggerui user=UserHandle{0} id=365001 tag=null key=0|com.debug.loggerui|365001|null|10145: Notification(channel=null shortcut=null contentView=null vibrate=null sound=null defaults=0 flags=ONLY_ALERT_ONCE|FOREGROUND_SERVICE color=0x00000000 vis=PRIVATE)) callingUid:10145 NotificationChannel:NotificationChannel{mId='com.debug.loggerui.notification', mName=DebugLoggerUI, mDescription=, mImportance=4, mBypassDnd=false, mLockscreenVisibility=-1000, mSound=content://settings/system/notification_sound, mLights=false, mLightColor=0, mVibrationPattern=null, mVibrationEffect=null, mUserLockedFields=0, mUserVisibleTaskShown=true, mVibrationEnabled=false, mShowBadge=true, mDeleted=false, mDeletedTimeMs=-1, mGroup='null', mAudioAttributes=AudioAttributes: usage=USAGE_NOTIFICATION content=CONTENT_TYPE_SONIFICATION flags=0x800 tags= bundle=null, mBlockableSystem=false, mAllowBubbles=-1, mImportanceLockedDefaultApp=true, mOriginalImp=4, mParent=null, mConversationId=null, mDemoted=false, mImportantConvo=false, mLastNotificationUpdateTimeMs=0} receipt:com.transsion.app.IEnqueueNotificationReceipt$Stub$Proxy@62a3b08 sn:161
08-22 09:19:37.558290  3965 17172 D os.notification: handleNotifyNotification notification:Notification(channel=null shortcut=null contentView=null vibrate=null sound=null defaults=0 flags=ONLY_ALERT_ONCE|FOREGROUND_SERVICE color=0x00000000 vis=PRIVATE)
08-22 09:19:37.561032  1175  1871 D os.notification.SuspendJobManager: done  com.transsion.util.SuspendJobManager$JobInfo@b560a01 key:NotificationRecord(0x005ea90b: pkg=com.debug.loggerui user=UserHandle{0} id=365001 tag=null importance=4 key=0|com.debug.loggerui|365001|null|10145: Notification(channel=com.debug.loggerui.notification shortcut=null contentView=null vibrate=null sound=null defaults=0 flags=ONLY_ALERT_ONCE|FOREGROUND_SERVICE color=0x00000000 vis=PRIVATE)) data:com.android.server.notification.NotificationManagerService$$ExternalSyntheticLambda1@874c0a6 sn:161 owner:{3965} for  app-3965-request
