08-22 07:16:06.132584  1175  3084 W NotificationCloudRule: no need to handle notification for same key, notification = NotificationRecord(0x013198ec: pkg=com.debug.loggerui user=UserHandle{0} id=365001 tag=null importance=4 key=0|com.debug.loggerui|365001|null|10145: Notification(channel=com.debug.loggerui.notification shortcut=null contentView=null vibrate=null sound=null defaults=0 flags=ONLY_ALERT_ONCE|FOREGROUND_SERVICE color=0x00000000 vis=PRIVATE))
08-22 07:16:11.619053  1175  3084 W NotificationCloudRule: no need to handle notification for same key, notification = NotificationRecord(0x014d456d: pkg=com.debug.loggerui user=UserHandle{0} id=365001 tag=null importance=4 key=0|com.debug.loggerui|365001|null|10145: Notification(channel=com.debug.loggerui.notification shortcut=null contentView=null vibrate=null sound=null defaults=0 flags=ONLY_ALERT_ONCE|FOREGROUND_SERVICE color=0x00000000 vis=PRIVATE))
08-22 07:16:11.622562  1175  1871 D os.notification.SuspendJobManager: create job  com.transsion.util.SuspendJobManager$JobInfo@14b2233 key:NotificationRecord(0x014d456d: pkg=com.debug.loggerui user=UserHandle{0} id=365001 tag=null importance=4 key=0|com.debug.loggerui|365001|null|10145: Notification(channel=com.debug.loggerui.notification shortcut=null contentView=null vibrate=null sound=null defaults=0 flags=ONLY_ALERT_ONCE|FOREGROUND_SERVICE color=0x00000000 vis=PRIVATE)) data:com.android.server.notification.NotificationManagerService$$ExternalSyntheticLambda1@7db49f0 sn:-1 owner:{}
08-22 07:16:11.624504  3965 17172 D os.notification: onNotifyNotification StatusBarNotification:StatusBarNotification(pkg=com.debug.loggerui user=UserHandle{0} id=365001 tag=null key=0|com.debug.loggerui|365001|null|10145: Notification(channel=null shortcut=null contentView=null vibrate=null sound=null defaults=0 flags=ONLY_ALERT_ONCE|FOREGROUND_SERVICE color=0x00000000 vis=PRIVATE)) callingUid:10145 NotificationChannel:NotificationChannel{mId='com.debug.loggerui.notification', mName=DebugLoggerUI, mDescription=, mImportance=4, mBypassDnd=false, mLockscreenVisibility=-1000, mSound=content://settings/system/notification_sound, mLights=false, mLightColor=0, mVibrationPattern=null, mVibrationEffect=null, mUserLockedFields=0, mUserVisibleTaskShown=true, mVibrationEnabled=false, mShowBadge=true, mDeleted=false, mDeletedTimeMs=-1, mGroup='null', mAudioAttributes=AudioAttributes: usage=USAGE_NOTIFICATION content=CONTENT_TYPE_SONIFICATION flags=0x800 tags= bundle=null, mBlockableSystem=false, mAllowBubbles=-1, mImportanceLockedDefaultApp=true, mOriginalImp=4, mParent=null, mConversationId=null, mDemoted=false, mImportantConvo=false, mLastNotificationUpdateTimeMs=0} receipt:com.transsion.app.IEnqueueNotificationReceipt$Stub$Proxy@49521b7 sn:156
08-22 07:16:11.638498  3965 17172 D os.notification: handleNotifyNotification notification:Notification(channel=null shortcut=null contentView=null vibrate=null sound=null defaults=0 flags=ONLY_ALERT_ONCE|FOREGROUND_SERVICE color=0x00000000 vis=PRIVATE)
08-22 07:16:11.640536  1175  1871 D os.notification.SuspendJobManager: done  com.transsion.util.SuspendJobManager$JobInfo@14b2233 key:NotificationRecord(0x014d456d: pkg=com.debug.loggerui user=UserHandle{0} id=365001 tag=null importance=4 key=0|com.debug.loggerui|365001|null|10145: Notification(channel=com.debug.loggerui.notification shortcut=null contentView=null vibrate=null sound=null defaults=0 flags=ONLY_ALERT_ONCE|FOREGROUND_SERVICE color=0x00000000 vis=PRIVATE)) data:com.android.server.notification.NotificationManagerService$$ExternalSyntheticLambda1@7db49f0 sn:156 owner:{3965} for  app-3965-request
08-22 07:16:11.653384  9401  9421 I DebugLoggerUI/DebugLoggerUIService: <--startRecordingDone(), result = true, sucessType = 1, failType = 0
08-22 07:16:11.661660  9401  9421 W System.err: 	at com.debug.loggerui.framework.DebugLoggerUIService.startRecording(DebugLoggerUIService.java:1629)
08-22 07:16:11.664005  9401  9421 I DebugLoggerUI/DebugLoggerUIService: -->stopRecording(), logTypeCluster=1, reason=adb
08-22 07:16:11.670978  1175  2780 W NotificationCloudRule: no need to handle notification for same key, notification = NotificationRecord(0x0127c9ee: pkg=com.debug.loggerui user=UserHandle{0} id=365001 tag=null importance=4 key=0|com.debug.loggerui|365001|null|10145: Notification(channel=com.debug.loggerui.notification shortcut=null contentView=null vibrate=null sound=null defaults=0 flags=ONLY_ALERT_ONCE|FOREGROUND_SERVICE color=0x00000000 vis=PRIVATE))
08-22 07:16:11.672813  1175  1871 D os.notification.SuspendJobManager: create job  com.transsion.util.SuspendJobManager$JobInfo@143151c key:NotificationRecord(0x0127c9ee: pkg=com.debug.loggerui user=UserHandle{0} id=365001 tag=null importance=4 key=0|com.debug.loggerui|365001|null|10145: Notification(channel=com.debug.loggerui.notification shortcut=null contentView=null vibrate=null sound=null defaults=0 flags=ONLY_ALERT_ONCE|FOREGROUND_SERVICE color=0x00000000 vis=PRIVATE)) data:com.android.server.notification.NotificationManagerService$$ExternalSyntheticLambda1@9a6b525 sn:-1 owner:{}
08-22 07:16:11.674043  3965 17172 D os.notification: onNotifyNotification StatusBarNotification:StatusBarNotification(pkg=com.debug.loggerui user=UserHandle{0} id=365001 tag=null key=0|com.debug.loggerui|365001|null|10145: Notification(channel=null shortcut=null contentView=null vibrate=null sound=null defaults=0 flags=ONLY_ALERT_ONCE|FOREGROUND_SERVICE color=0x00000000 vis=PRIVATE)) callingUid:10145 NotificationChannel:NotificationChannel{mId='com.debug.loggerui.notification', mName=DebugLoggerUI, mDescription=, mImportance=4, mBypassDnd=false, mLockscreenVisibility=-1000, mSound=content://settings/system/notification_sound, mLights=false, mLightColor=0, mVibrationPattern=null, mVibrationEffect=null, mUserLockedFields=0, mUserVisibleTaskShown=true, mVibrationEnabled=false, mShowBadge=true, mDeleted=false, mDeletedTimeMs=-1, mGroup='null', mAudioAttributes=AudioAttributes: usage=USAGE_NOTIFICATION content=CONTENT_TYPE_SONIFICATION flags=0x800 tags= bundle=null, mBlockableSystem=false, mAllowBubbles=-1, mImportanceLockedDefaultApp=true, mOriginalImp=4, mParent=null, mConversationId=null, mDemoted=false, mImportantConvo=false, mLastNotificationUpdateTimeMs=0} receipt:com.transsion.app.IEnqueueNotificationReceipt$Stub$Proxy@3e61889 sn:157
08-22 07:16:11.685798  3965 17172 D os.notification: handleNotifyNotification notification:Notification(channel=null shortcut=null contentView=null vibrate=null sound=null defaults=0 flags=ONLY_ALERT_ONCE|FOREGROUND_SERVICE color=0x00000000 vis=PRIVATE)
08-22 07:16:11.687310  1175  1871 D os.notification.SuspendJobManager: done  com.transsion.util.SuspendJobManager$JobInfo@143151c key:NotificationRecord(0x0127c9ee: pkg=com.debug.loggerui user=UserHandle{0} id=365001 tag=null importance=4 key=0|com.debug.loggerui|365001|null|10145: Notification(channel=com.debug.loggerui.notification shortcut=null contentView=null vibrate=null sound=null defaults=0 flags=ONLY_ALERT_ONCE|FOREGROUND_SERVICE color=0x00000000 vis=PRIVATE)) data:com.android.server.notification.NotificationManagerService$$ExternalSyntheticLambda1@9a6b525 sn:157 owner:{3965} for  app-3965-request
08-22 07:16:13.832656  1175  3132 W NotificationCloudRule: no need to handle notification for same key, notification = NotificationRecord(0x009b28c6: pkg=com.debug.loggerui user=UserHandle{0} id=365001 tag=null importance=4 key=0|com.debug.loggerui|365001|null|10145: Notification(channel=com.debug.loggerui.notification shortcut=null contentView=null vibrate=null sound=null defaults=0 flags=ONLY_ALERT_ONCE|FOREGROUND_SERVICE color=0x00000000 vis=PRIVATE))
08-22 07:16:13.872543  9401  9421 I DebugLoggerUI/DebugLoggerUIService: <--stopRecording(), result=true, sucessType = 1, failType = 0
08-22 07:16:43.657443  5238  5582 I AudioManager: getCommunicationDevice
08-22 07:16:43.658520  1175  3132 I AS.AudioDeviceBroker: topCommunicationRouteClient: process no permission or mCommunicationRouteClients is empty
08-22 07:16:43.658825  1175  3132 I AS.AudioDeviceBroker: requestedCommunicationDevice: null mAudioModeOwner: AudioModeInfo: mMode=MODE_NORMAL, mPid=0, mUid=0
08-22 07:17:09.951376  1175  1899 I TranSecureCamExt: handleVolumeKey
08-22 07:17:09.951977  1175  1899 I TranSecureCamExt: interceptVolumeKey: 0
08-22 07:17:09.956638  1175  1899 I AS.AudioService: getMode, get current owner's mode
08-22 07:17:09.956904  1175  1899 I AS.AudioService: getMode, currentModeHandler is null
08-22 07:17:10.097719  1175  1899 I TranSecureCamExt: handleVolumeKey
08-22 07:17:10.098192  1175  1899 I TranSecureCamExt: interceptVolumeKey: 1
08-22 07:17:10.683379  1175  1899 I TranSecureCamExt: handleVolumeKey
08-22 07:17:10.683863  1175  1899 I TranSecureCamExt: interceptVolumeKey: 0
08-22 07:17:10.703434  1175  1899 I AS.AudioService: getMode, get current owner's mode
08-22 07:17:10.703739  1175  1899 I AS.AudioService: getMode, currentModeHandler is null
08-22 07:17:10.833002  1175  1899 I TranSecureCamExt: handleVolumeKey
08-22 07:17:10.833481  1175  1899 I TranSecureCamExt: interceptVolumeKey: 1
08-22 07:17:14.368112  1175  1899 I TranSecureCamExt: handleVolumeKey
08-22 07:17:14.368871  1175  1899 I TranSecureCamExt: interceptVolumeKey: 0
08-22 07:17:14.372668  1175  1899 I AS.AudioService: getMode, get current owner's mode
08-22 07:17:14.372952  1175  1899 I AS.AudioService: getMode, currentModeHandler is null
08-22 07:17:14.525606  1175  1899 I TranSecureCamExt: handleVolumeKey
08-22 07:17:14.526094  1175  1899 I TranSecureCamExt: interceptVolumeKey: 1
08-22 07:17:20.198558  1175  1899 I TranSecureCamExt: handleVolumeKey
08-22 07:17:20.199130  1175  1899 I TranSecureCamExt: interceptVolumeKey: 0
08-22 07:17:20.199420  1175  1899 I DeviceStateMonitor: interceptVolumeKey POCKET_SUPPORTED: false, mDeviceState: -1
08-22 07:17:20.203366  1175  1899 I AS.AudioService: getMode, get current owner's mode
08-22 07:17:20.203675  1175  1899 I AS.AudioService: getMode, currentModeHandler is null
08-22 07:17:20.297499  1175  1899 I TranSecureCamExt: handleVolumeKey
08-22 07:17:20.297987  1175  1899 I TranSecureCamExt: interceptVolumeKey: 1
08-22 07:17:22.135876  1175  1899 I TranSecureCamExt: handleVolumeKey
08-22 07:17:22.136644  1175  1899 I TranSecureCamExt: interceptVolumeKey: 0
08-22 07:17:22.136808  1175  1899 I DeviceStateMonitor: interceptVolumeKey POCKET_SUPPORTED: false, mDeviceState: -1
08-22 07:17:22.140564  1175  1899 I AS.AudioService: getMode, get current owner's mode
08-22 07:17:22.140841  1175  1899 I AS.AudioService: getMode, currentModeHandler is null
08-22 07:17:22.274570  1175  1899 I TranSecureCamExt: handleVolumeKey
08-22 07:17:22.275106  1175  1899 I TranSecureCamExt: interceptVolumeKey: 1
08-22 07:17:25.349655  1175  1899 I TranSecureCamExt: handleVolumeKey
08-22 07:17:25.350154  1175  1899 I TranSecureCamExt: interceptVolumeKey: 0
08-22 07:17:25.350312  1175  1899 I DeviceStateMonitor: interceptVolumeKey POCKET_SUPPORTED: false, mDeviceState: -1
08-22 07:17:25.354406  1175  1899 I AS.AudioService: getMode, get current owner's mode
08-22 07:17:25.354711  1175  1899 I AS.AudioService: getMode, currentModeHandler is null
08-22 07:17:25.482373  1175  1899 I TranSecureCamExt: handleVolumeKey
08-22 07:17:25.482867  1175  1899 I TranSecureCamExt: interceptVolumeKey: 1
08-22 07:17:26.640544  1175  1899 I TranSecureCamExt: handleVolumeKey
08-22 07:17:26.641024  1175  1899 I TranSecureCamExt: interceptVolumeKey: 0
08-22 07:17:26.641170  1175  1899 I DeviceStateMonitor: interceptVolumeKey POCKET_SUPPORTED: false, mDeviceState: -1
08-22 07:17:26.644468  1175  1899 I AS.AudioService: getMode, get current owner's mode
08-22 07:17:26.644734  1175  1899 I AS.AudioService: getMode, currentModeHandler is null
08-22 07:17:26.749457  1175  1899 I TranSecureCamExt: handleVolumeKey
08-22 07:17:26.749939  1175  1899 I TranSecureCamExt: interceptVolumeKey: 1
08-22 07:17:43.692395  5238  5582 I AudioManager: getCommunicationDevice
08-22 07:17:43.693113  1175  3132 I AS.AudioDeviceBroker: topCommunicationRouteClient: process no permission or mCommunicationRouteClients is empty
08-22 07:17:43.693295  1175  3132 I AS.AudioDeviceBroker: requestedCommunicationDevice: null mAudioModeOwner: AudioModeInfo: mMode=MODE_NORMAL, mPid=0, mUid=0
08-22 07:18:43.748522  5238  5582 I AudioManager: getCommunicationDevice
08-22 07:18:43.748995  1175  3132 I AS.AudioDeviceBroker: topCommunicationRouteClient: process no permission or mCommunicationRouteClients is empty
08-22 07:18:43.749108  1175  3132 I AS.AudioDeviceBroker: requestedCommunicationDevice: null mAudioModeOwner: AudioModeInfo: mMode=MODE_NORMAL, mPid=0, mUid=0
08-22 07:18:51.578123   976   976 W         : i=0 tz_data[i].tz_idx[0]=2
08-22 07:18:57.560123  1175  3662 W BestClock: java.time.DateTimeException: Missing network time fix
08-22 07:19:43.808102  5238  5582 I AudioManager: getCommunicationDevice
08-22 07:19:43.808911  1175  3132 I AS.AudioDeviceBroker: topCommunicationRouteClient: process no permission or mCommunicationRouteClients is empty
08-22 07:19:43.809047  1175  3132 I AS.AudioDeviceBroker: requestedCommunicationDevice: null mAudioModeOwner: AudioModeInfo: mMode=MODE_NORMAL, mPid=0, mUid=0
08-22 07:20:43.868837  5238  5582 I AudioManager: getCommunicationDevice
08-22 07:20:43.869289  1175  3084 I AS.AudioDeviceBroker: topCommunicationRouteClient: process no permission or mCommunicationRouteClients is empty
08-22 07:20:43.869415  1175  3084 I AS.AudioDeviceBroker: requestedCommunicationDevice: null mAudioModeOwner: AudioModeInfo: mMode=MODE_NORMAL, mPid=0, mUid=0
08-22 07:21:43.937661  5238  5582 I AudioManager: getCommunicationDevice
08-22 07:21:43.938688  1175  2855 I AS.AudioDeviceBroker: topCommunicationRouteClient: process no permission or mCommunicationRouteClients is empty
08-22 07:21:43.939301  1175  2855 I AS.AudioDeviceBroker: requestedCommunicationDevice: null mAudioModeOwner: AudioModeInfo: mMode=MODE_NORMAL, mPid=0, mUid=0
08-22 07:22:43.982150  5238  5582 I AudioManager: getCommunicationDevice
08-22 07:22:43.982960  1175  4300 I AS.AudioDeviceBroker: topCommunicationRouteClient: process no permission or mCommunicationRouteClients is empty
08-22 07:22:43.983146  1175  4300 I AS.AudioDeviceBroker: requestedCommunicationDevice: null mAudioModeOwner: AudioModeInfo: mMode=MODE_NORMAL, mPid=0, mUid=0
08-22 07:23:44.200115  5238  5582 I AudioManager: getCommunicationDevice
08-22 07:23:44.200705  1175  4300 I AS.AudioDeviceBroker: topCommunicationRouteClient: process no permission or mCommunicationRouteClients is empty
08-22 07:23:44.200845  1175  4300 I AS.AudioDeviceBroker: requestedCommunicationDevice: null mAudioModeOwner: AudioModeInfo: mMode=MODE_NORMAL, mPid=0, mUid=0
08-22 07:23:53.080123   976   976 W         : i=12 tz_data[i].tz_idx[0]=-1
08-22 07:24:44.077283  5238  5582 I AudioManager: getCommunicationDevice
08-22 07:24:44.077700  1175  2855 I AS.AudioDeviceBroker: topCommunicationRouteClient: process no permission or mCommunicationRouteClients is empty
08-22 07:24:44.077813  1175  2855 I AS.AudioDeviceBroker: requestedCommunicationDevice: null mAudioModeOwner: AudioModeInfo: mMode=MODE_NORMAL, mPid=0, mUid=0
08-22 07:25:44.089364  5238  5582 I AudioManager: getCommunicationDevice
08-22 07:25:44.090121  1175  4300 I AS.AudioDeviceBroker: topCommunicationRouteClient: process no permission or mCommunicationRouteClients is empty
08-22 07:25:44.090285  1175  4300 I AS.AudioDeviceBroker: requestedCommunicationDevice: null mAudioModeOwner: AudioModeInfo: mMode=MODE_NORMAL, mPid=0, mUid=0
08-22 07:26:44.177704  5238  5582 I AudioManager: getCommunicationDevice
08-22 07:26:44.178106  1175  4300 I AS.AudioDeviceBroker: topCommunicationRouteClient: process no permission or mCommunicationRouteClients is empty
08-22 07:26:44.178195  1175  4300 I AS.AudioDeviceBroker: requestedCommunicationDevice: null mAudioModeOwner: AudioModeInfo: mMode=MODE_NORMAL, mPid=0, mUid=0
08-22 07:27:44.202679  5238  5582 I AudioManager: getCommunicationDevice
08-22 07:27:44.203333  1175  4300 I AS.AudioDeviceBroker: topCommunicationRouteClient: process no permission or mCommunicationRouteClients is empty
08-22 07:27:44.203970  1175  4300 I AS.AudioDeviceBroker: requestedCommunicationDevice: null mAudioModeOwner: AudioModeInfo: mMode=MODE_NORMAL, mPid=0, mUid=0
08-22 07:28:12.655123  1175  2542 W BestClock: java.time.DateTimeException: Missing network time fix
08-22 07:28:12.659123  1175  2542 W BestClock: java.time.DateTimeException: Missing network time fix
08-22 07:28:44.258321  5238  5582 I AudioManager: getCommunicationDevice
08-22 07:28:44.258712  1175  4300 I AS.AudioDeviceBroker: topCommunicationRouteClient: process no permission or mCommunicationRouteClients is empty
08-22 07:28:44.258822  1175  4300 I AS.AudioDeviceBroker: requestedCommunicationDevice: null mAudioModeOwner: AudioModeInfo: mMode=MODE_NORMAL, mPid=0, mUid=0
08-22 07:29:44.428931  5238  5582 I AudioManager: getCommunicationDevice
08-22 07:29:44.429616  1175  4300 I AS.AudioDeviceBroker: topCommunicationRouteClient: process no permission or mCommunicationRouteClients is empty
08-22 07:29:44.429775  1175  4300 I AS.AudioDeviceBroker: requestedCommunicationDevice: null mAudioModeOwner: AudioModeInfo: mMode=MODE_NORMAL, mPid=0, mUid=0
08-22 07:29:48.123050  7755  7755 E Athena  :   - Athena is in Release mode with log enabled. Please set AthenaAnalytics.setDebug(false) to release this APK （Debug模式）[com.transsion.screencapture]
08-22 07:29:48.123150  7755  7755 E Athena  : 
08-22 07:29:48.123240  7755  7755 E Athena  : ------------------------------------------------------------
08-22 07:29:54.951235   976   976 W         : i=3 tz_data[i].tz_idx[0]=6
08-22 07:30:44.371144  5238  5582 I AudioManager: getCommunicationDevice
08-22 07:30:44.372022  1175  3084 I AS.AudioDeviceBroker: topCommunicationRouteClient: process no permission or mCommunicationRouteClients is empty
08-22 07:30:44.372162  1175  3084 I AS.AudioDeviceBroker: requestedCommunicationDevice: null mAudioModeOwner: AudioModeInfo: mMode=MODE_NORMAL, mPid=0, mUid=0
08-22 07:31:44.379416  5238  5582 I AudioManager: getCommunicationDevice
08-22 07:31:44.380099  1175  3084 I AS.AudioDeviceBroker: topCommunicationRouteClient: process no permission or mCommunicationRouteClients is empty
08-22 07:31:44.380362  1175  3084 I AS.AudioDeviceBroker: requestedCommunicationDevice: null mAudioModeOwner: AudioModeInfo: mMode=MODE_NORMAL, mPid=0, mUid=0
08-22 07:32:44.451789  5238  5582 I AudioManager: getCommunicationDevice
08-22 07:32:44.452795  1175  2855 I AS.AudioDeviceBroker: topCommunicationRouteClient: process no permission or mCommunicationRouteClients is empty
08-22 07:32:44.453268  1175  2855 I AS.AudioDeviceBroker: requestedCommunicationDevice: null mAudioModeOwner: AudioModeInfo: mMode=MODE_NORMAL, mPid=0, mUid=0
08-22 07:33:44.496996  5238  5582 I AudioManager: getCommunicationDevice
08-22 07:33:44.497393  1175  2855 I AS.AudioDeviceBroker: topCommunicationRouteClient: process no permission or mCommunicationRouteClients is empty
08-22 07:33:44.497495  1175  2855 I AS.AudioDeviceBroker: requestedCommunicationDevice: null mAudioModeOwner: AudioModeInfo: mMode=MODE_NORMAL, mPid=0, mUid=0
08-22 07:34:44.573533  5238  5582 I AudioManager: getCommunicationDevice
08-22 07:34:44.573935  1175  3084 I AS.AudioDeviceBroker: topCommunicationRouteClient: process no permission or mCommunicationRouteClients is empty
08-22 07:34:44.574045  1175  3084 I AS.AudioDeviceBroker: requestedCommunicationDevice: null mAudioModeOwner: AudioModeInfo: mMode=MODE_NORMAL, mPid=0, mUid=0
08-22 07:35:06.507123   976   976 W         : i=0 tz_data[i].tz_idx[0]=2
08-22 07:35:44.664024  5238  5582 I AudioManager: getCommunicationDevice
08-22 07:35:44.665050  1175  3084 I AS.AudioDeviceBroker: topCommunicationRouteClient: process no permission or mCommunicationRouteClients is empty
08-22 07:35:44.665387  1175  3084 I AS.AudioDeviceBroker: requestedCommunicationDevice: null mAudioModeOwner: AudioModeInfo: mMode=MODE_NORMAL, mPid=0, mUid=0
08-22 07:36:24.123798  1175  3662 W BestClock: java.time.DateTimeException: Missing network time fix
08-22 07:36:37.011233   976   976 W         : i=13 tz_data[i].tz_idx[0]=2
08-22 07:36:44.682859  5238  5582 I AudioManager: getCommunicationDevice
08-22 07:36:44.683818  1175  3084 I AS.AudioDeviceBroker: topCommunicationRouteClient: process no permission or mCommunicationRouteClients is empty
08-22 07:36:44.684572  1175  3084 I AS.AudioDeviceBroker: requestedCommunicationDevice: null mAudioModeOwner: AudioModeInfo: mMode=MODE_NORMAL, mPid=0, mUid=0
08-22 07:36:54.311236  1175  3662 W BestClock: java.time.DateTimeException: Missing network time fix
08-22 07:36:57.123232   976   976 W         : i=3 tz_data[i].tz_idx[0]=6
08-22 07:37:12.501457  5520 18115 E CalendarProvider2: 	at android.content.ContentResolver.query(ContentResolver.java:1234)
08-22 07:37:44.761357  5238  5582 I AudioManager: getCommunicationDevice
08-22 07:37:44.761807  1175  4300 I AS.AudioDeviceBroker: topCommunicationRouteClient: process no permission or mCommunicationRouteClients is empty
08-22 07:37:44.761875  1175  4300 I AS.AudioDeviceBroker: requestedCommunicationDevice: null mAudioModeOwner: AudioModeInfo: mMode=MODE_NORMAL, mPid=0, mUid=0
08-22 07:38:36.381232  1175  2542 W BestClock: java.time.DateTimeException: Missing network time fix
08-22 07:38:44.750827  5238  5582 I AudioManager: getCommunicationDevice
08-22 07:38:44.751274  1175  3084 I AS.AudioDeviceBroker: topCommunicationRouteClient: process no permission or mCommunicationRouteClients is empty
08-22 07:38:44.751410  1175  3084 I AS.AudioDeviceBroker: requestedCommunicationDevice: null mAudioModeOwner: AudioModeInfo: mMode=MODE_NORMAL, mPid=0, mUid=0
08-22 07:39:05.124123  1175  3662 W BestClock: java.time.DateTimeException: Missing network time fix
08-22 07:39:44.774016  5238  5582 I AudioManager: getCommunicationDevice
08-22 07:39:44.774388  1175  4300 I AS.AudioDeviceBroker: topCommunicationRouteClient: process no permission or mCommunicationRouteClients is empty
08-22 07:39:44.774478  1175  4300 I AS.AudioDeviceBroker: requestedCommunicationDevice: null mAudioModeOwner: AudioModeInfo: mMode=MODE_NORMAL, mPid=0, mUid=0
08-22 07:40:44.834776  5238  5582 I AudioManager: getCommunicationDevice
08-22 07:40:44.835424  1175  3084 I AS.AudioDeviceBroker: topCommunicationRouteClient: process no permission or mCommunicationRouteClients is empty
08-22 07:40:44.835569  1175  3084 I AS.AudioDeviceBroker: requestedCommunicationDevice: null mAudioModeOwner: AudioModeInfo: mMode=MODE_NORMAL, mPid=0, mUid=0
08-22 07:41:44.907121  5238  5582 I AudioManager: getCommunicationDevice
08-22 07:41:44.908155  1175  3084 I AS.AudioDeviceBroker: topCommunicationRouteClient: process no permission or mCommunicationRouteClients is empty
08-22 07:41:44.908592  1175  3084 I AS.AudioDeviceBroker: requestedCommunicationDevice: null mAudioModeOwner: AudioModeInfo: mMode=MODE_NORMAL, mPid=0, mUid=0
08-22 07:42:27.612386  1175  2542 W BestClock: java.time.DateTimeException: Missing network time fix
08-22 07:42:44.973576  5238  5582 I AudioManager: getCommunicationDevice
08-22 07:42:44.974909  1175  3084 I AS.AudioDeviceBroker: topCommunicationRouteClient: process no permission or mCommunicationRouteClients is empty
08-22 07:42:44.975216  1175  3084 I AS.AudioDeviceBroker: requestedCommunicationDevice: null mAudioModeOwner: AudioModeInfo: mMode=MODE_NORMAL, mPid=0, mUid=0
08-22 07:43:39.123010   976   976 W         : i=8 tz_data[i].tz_idx[0]=-1
08-22 07:43:39.123286   976   976 W         : i=9 tz_data[i].tz_idx[0]=2
08-22 07:43:39.123563   976   976 W         : i=10 tz_data[i].tz_idx[0]=2
08-22 07:43:39.123835   976   976 W         : i=11 tz_data[i].tz_idx[0]=-1
08-22 07:43:45.023588  5238  5582 I AudioManager: getCommunicationDevice
08-22 07:43:45.024395  1175  3084 I AS.AudioDeviceBroker: topCommunicationRouteClient: process no permission or mCommunicationRouteClients is empty
08-22 07:43:45.024552  1175  3084 I AS.AudioDeviceBroker: requestedCommunicationDevice: null mAudioModeOwner: AudioModeInfo: mMode=MODE_NORMAL, mPid=0, mUid=0
08-22 07:44:29.751233  1720  1725 W libc    : Access denied finding property "persist.sys.close.spamming.detect"
08-22 07:44:45.071608  5238  5582 I AudioManager: getCommunicationDevice
08-22 07:44:45.072571  1175  2855 I AS.AudioDeviceBroker: topCommunicationRouteClient: process no permission or mCommunicationRouteClients is empty
08-22 07:44:45.072898  1175  2855 I AS.AudioDeviceBroker: requestedCommunicationDevice: null mAudioModeOwner: AudioModeInfo: mMode=MODE_NORMAL, mPid=0, mUid=0
08-22 07:45:45.129623  5238  5582 I AudioManager: getCommunicationDevice
08-22 07:45:45.130241  1175  2855 I AS.AudioDeviceBroker: topCommunicationRouteClient: process no permission or mCommunicationRouteClients is empty
08-22 07:45:45.130436  1175  2855 I AS.AudioDeviceBroker: requestedCommunicationDevice: null mAudioModeOwner: AudioModeInfo: mMode=MODE_NORMAL, mPid=0, mUid=0
08-22 07:46:45.205728  5238  5582 I AudioManager: getCommunicationDevice
08-22 07:46:45.207188  1175  3084 I AS.AudioDeviceBroker: topCommunicationRouteClient: process no permission or mCommunicationRouteClients is empty
08-22 07:46:45.207622  1175  3084 I AS.AudioDeviceBroker: requestedCommunicationDevice: null mAudioModeOwner: AudioModeInfo: mMode=MODE_NORMAL, mPid=0, mUid=0
08-22 07:47:45.266597  5238  5582 I AudioManager: getCommunicationDevice
08-22 07:47:45.267032  1175  2855 I AS.AudioDeviceBroker: topCommunicationRouteClient: process no permission or mCommunicationRouteClients is empty
08-22 07:47:45.267130  1175  2855 I AS.AudioDeviceBroker: requestedCommunicationDevice: null mAudioModeOwner: AudioModeInfo: mMode=MODE_NORMAL, mPid=0, mUid=0
08-22 07:48:45.282495  5238  5582 I AudioManager: getCommunicationDevice
08-22 07:48:45.282901  1175  4300 I AS.AudioDeviceBroker: topCommunicationRouteClient: process no permission or mCommunicationRouteClients is empty
08-22 07:48:45.283007  1175  4300 I AS.AudioDeviceBroker: requestedCommunicationDevice: null mAudioModeOwner: AudioModeInfo: mMode=MODE_NORMAL, mPid=0, mUid=0
08-22 07:49:12.449983  1175  1880 E ActivityManager: 	at com.android.server.am.PendingIntentRecord.sendInner(PendingIntentRecord.java:707)
08-22 07:49:12.449983  1175  1880 E ActivityManager: 	at com.android.server.am.PendingIntentRecord.sendWithResult(PendingIntentRecord.java:381)
08-22 07:49:12.638302 18133 18133 W libc    : Access denied finding property "ro.odm.tr_audio_hifi.feature.support"
08-22 07:49:27.939784 18157 18157 W libc    : Access denied finding property "ro.odm.tr_audio_hifi.feature.support"
08-22 07:49:27.974217  1175  1236 E TranTabeServiceManager: PendingMessageList handle done.
08-22 07:49:45.338026  5238  5582 I AudioManager: getCommunicationDevice
08-22 07:49:45.338645  1175  4300 I AS.AudioDeviceBroker: topCommunicationRouteClient: process no permission or mCommunicationRouteClients is empty
08-22 07:49:45.338771  1175  4300 I AS.AudioDeviceBroker: requestedCommunicationDevice: null mAudioModeOwner: AudioModeInfo: mMode=MODE_NORMAL, mPid=0, mUid=0
08-22 07:50:45.400361  5238  5582 I AudioManager: getCommunicationDevice
08-22 07:50:45.400861  1175  3290 I AS.AudioDeviceBroker: topCommunicationRouteClient: process no permission or mCommunicationRouteClients is empty
08-22 07:50:45.400976  1175  3290 I AS.AudioDeviceBroker: requestedCommunicationDevice: null mAudioModeOwner: AudioModeInfo: mMode=MODE_NORMAL, mPid=0, mUid=0
08-22 07:51:28.020692  1175  1236 I TranTabeServiceManager: unbind tabe service and disconnected.
08-22 07:51:45.467052  5238  5582 I AudioManager: getCommunicationDevice
08-22 07:51:45.467998  1175  4297 I AS.AudioDeviceBroker: topCommunicationRouteClient: process no permission or mCommunicationRouteClients is empty
08-22 07:51:45.468593  1175  4297 I AS.AudioDeviceBroker: requestedCommunicationDevice: null mAudioModeOwner: AudioModeInfo: mMode=MODE_NORMAL, mPid=0, mUid=0
08-22 07:52:45.524937  5238  5582 I AudioManager: getCommunicationDevice
08-22 07:52:45.525594  1175  4297 I AS.AudioDeviceBroker: topCommunicationRouteClient: process no permission or mCommunicationRouteClients is empty
08-22 07:52:45.525746  1175  4297 I AS.AudioDeviceBroker: requestedCommunicationDevice: null mAudioModeOwner: AudioModeInfo: mMode=MODE_NORMAL, mPid=0, mUid=0
08-22 07:53:45.584954  5238  5582 I AudioManager: getCommunicationDevice
08-22 07:53:45.585380  1175  4297 I AS.AudioDeviceBroker: topCommunicationRouteClient: process no permission or mCommunicationRouteClients is empty
08-22 07:53:45.585488  1175  4297 I AS.AudioDeviceBroker: requestedCommunicationDevice: null mAudioModeOwner: AudioModeInfo: mMode=MODE_NORMAL, mPid=0, mUid=0
08-22 07:54:32.412396   976   976 W         : i=13 tz_data[i].tz_idx[0]=2
08-22 07:54:45.638800  5238  5582 I AudioManager: getCommunicationDevice
08-22 07:54:45.639398  1175  4297 I AS.AudioDeviceBroker: topCommunicationRouteClient: process no permission or mCommunicationRouteClients is empty
08-22 07:54:45.639534  1175  4297 I AS.AudioDeviceBroker: requestedCommunicationDevice: null mAudioModeOwner: AudioModeInfo: mMode=MODE_NORMAL, mPid=0, mUid=0
08-22 07:55:11.123279  1175  3662 W BestClock: java.time.DateTimeException: Missing network time fix
08-22 07:55:45.707988  5238  5582 I AudioManager: getCommunicationDevice
08-22 07:55:45.708728  1175  4245 I AS.AudioDeviceBroker: topCommunicationRouteClient: process no permission or mCommunicationRouteClients is empty
08-22 07:55:45.709036  1175  4245 I AS.AudioDeviceBroker: requestedCommunicationDevice: null mAudioModeOwner: AudioModeInfo: mMode=MODE_NORMAL, mPid=0, mUid=0
08-22 07:56:45.727141  5238  5582 I AudioManager: getCommunicationDevice
08-22 07:56:45.727952  1175  2780 I AS.AudioDeviceBroker: topCommunicationRouteClient: process no permission or mCommunicationRouteClients is empty
08-22 07:56:45.728094  1175  2780 I AS.AudioDeviceBroker: requestedCommunicationDevice: null mAudioModeOwner: AudioModeInfo: mMode=MODE_NORMAL, mPid=0, mUid=0
08-22 07:57:09.163652 18191 18191 W libc    : Access denied finding property "ro.odm.tr_audio_hifi.feature.support"
08-22 07:57:33.371123   976   976 W         : i=2 tz_data[i].tz_idx[0]=5
08-22 07:57:45.782083  5238  5582 I AudioManager: getCommunicationDevice
08-22 07:57:45.783846  1175  4297 I AS.AudioDeviceBroker: topCommunicationRouteClient: process no permission or mCommunicationRouteClients is empty
08-22 07:57:45.784430  1175  4297 I AS.AudioDeviceBroker: requestedCommunicationDevice: null mAudioModeOwner: AudioModeInfo: mMode=MODE_NORMAL, mPid=0, mUid=0
08-22 07:58:45.837059  5238  5582 I AudioManager: getCommunicationDevice
08-22 07:58:45.837760  1175  3172 I AS.AudioDeviceBroker: topCommunicationRouteClient: process no permission or mCommunicationRouteClients is empty
08-22 07:58:45.837910  1175  3172 I AS.AudioDeviceBroker: requestedCommunicationDevice: null mAudioModeOwner: AudioModeInfo: mMode=MODE_NORMAL, mPid=0, mUid=0
08-22 07:59:45.843349  5238  5582 I AudioManager: getCommunicationDevice
08-22 07:59:45.844838  1175  3290 I AS.AudioDeviceBroker: topCommunicationRouteClient: process no permission or mCommunicationRouteClients is empty
08-22 07:59:45.844999  1175  3290 I AS.AudioDeviceBroker: requestedCommunicationDevice: null mAudioModeOwner: AudioModeInfo: mMode=MODE_NORMAL, mPid=0, mUid=0
08-22 08:00:14.121235   976   976 W         : i=10 tz_data[i].tz_idx[0]=2
08-22 08:00:45.898881  5238  5582 I AudioManager: getCommunicationDevice
08-22 08:00:45.899844  1175  4296 I AS.AudioDeviceBroker: topCommunicationRouteClient: process no permission or mCommunicationRouteClients is empty
08-22 08:00:45.900397  1175  4296 I AS.AudioDeviceBroker: requestedCommunicationDevice: null mAudioModeOwner: AudioModeInfo: mMode=MODE_NORMAL, mPid=0, mUid=0
08-22 08:00:45.901231  5238  5582 I TranTrancareProvider: TranThubTrancareProvider
08-22 08:01:33.411234  1175  3662 W BestClock: java.time.DateTimeException: Missing network time fix
08-22 08:01:34.451239   976   976 I android.hardware.thermal-service.mediatek: fill_temperatures filterType1 name: SKIN type: SKIN throttlingStatus: NONE value: 29.551 ret_temps size 0
08-22 08:01:45.972082  5238  5582 I AudioManager: getCommunicationDevice
08-22 08:01:45.973720  1175  3084 I AS.AudioDeviceBroker: topCommunicationRouteClient: process no permission or mCommunicationRouteClients is empty
08-22 08:01:45.973937  1175  3084 I AS.AudioDeviceBroker: requestedCommunicationDevice: null mAudioModeOwner: AudioModeInfo: mMode=MODE_NORMAL, mPid=0, mUid=0
08-22 08:02:46.014734  5238  5582 I AudioManager: getCommunicationDevice
08-22 08:02:46.015444  1175  4296 I AS.AudioDeviceBroker: topCommunicationRouteClient: process no permission or mCommunicationRouteClients is empty
08-22 08:02:46.015832  1175  4296 I AS.AudioDeviceBroker: requestedCommunicationDevice: null mAudioModeOwner: AudioModeInfo: mMode=MODE_NORMAL, mPid=0, mUid=0
08-22 08:03:46.083284  5238  5582 I AudioManager: getCommunicationDevice
08-22 08:03:46.084156  1175  4296 I AS.AudioDeviceBroker: topCommunicationRouteClient: process no permission or mCommunicationRouteClients is empty
08-22 08:03:46.084846  1175  4296 I AS.AudioDeviceBroker: requestedCommunicationDevice: null mAudioModeOwner: AudioModeInfo: mMode=MODE_NORMAL, mPid=0, mUid=0
08-22 08:04:25.291234   976   976 W         : i=6 tz_data[i].tz_idx[0]=-1
08-22 08:04:46.129961  5238  5582 I AudioManager: getCommunicationDevice
08-22 08:04:46.130492  1175  3084 I AS.AudioDeviceBroker: topCommunicationRouteClient: process no permission or mCommunicationRouteClients is empty
08-22 08:04:46.130624  1175  3084 I AS.AudioDeviceBroker: requestedCommunicationDevice: null mAudioModeOwner: AudioModeInfo: mMode=MODE_NORMAL, mPid=0, mUid=0
08-22 08:05:46.188696  5238  5582 I AudioManager: getCommunicationDevice
08-22 08:05:46.189320  1175  3084 I AS.AudioDeviceBroker: topCommunicationRouteClient: process no permission or mCommunicationRouteClients is empty
08-22 08:05:46.189477  1175  3084 I AS.AudioDeviceBroker: requestedCommunicationDevice: null mAudioModeOwner: AudioModeInfo: mMode=MODE_NORMAL, mPid=0, mUid=0
08-22 08:06:46.239281  5238  5582 I AudioManager: getCommunicationDevice
08-22 08:06:46.239762  1175  4296 I AS.AudioDeviceBroker: topCommunicationRouteClient: process no permission or mCommunicationRouteClients is empty
08-22 08:06:46.239887  1175  4296 I AS.AudioDeviceBroker: requestedCommunicationDevice: null mAudioModeOwner: AudioModeInfo: mMode=MODE_NORMAL, mPid=0, mUid=0
08-22 08:07:26.091231   976   976 W         : i=6 tz_data[i].tz_idx[0]=-1
08-22 08:07:46.310334  5238  5582 I AudioManager: getCommunicationDevice
08-22 08:07:46.310982  1175  3084 I AS.AudioDeviceBroker: topCommunicationRouteClient: process no permission or mCommunicationRouteClients is empty
08-22 08:07:46.311203  1175  3084 I AS.AudioDeviceBroker: requestedCommunicationDevice: null mAudioModeOwner: AudioModeInfo: mMode=MODE_NORMAL, mPid=0, mUid=0
08-22 08:08:46.399432  5238  5582 I AudioManager: getCommunicationDevice
08-22 08:08:46.399834  1175  4296 I AS.AudioDeviceBroker: topCommunicationRouteClient: process no permission or mCommunicationRouteClients is empty
08-22 08:08:46.400001  1175  4296 I AS.AudioDeviceBroker: requestedCommunicationDevice: null mAudioModeOwner: AudioModeInfo: mMode=MODE_NORMAL, mPid=0, mUid=0
08-22 08:09:07.313863  1175  2449 I AS.AudioService: onReceive action = android.intent.action.SCREEN_ON
08-22 08:09:07.314148  1175  2449 I TranAudioService: clearZeroSoundAppList
08-22 08:09:07.333375  1041  6410 I AudioFlinger: setParameters: filtered keyvalue screen_state=on
08-22 08:09:07.333678  1041  6410 I AudioFlinger: +mAudioHwDevs(primary)->setParameters(): screen_state=on
08-22 08:09:07.335738  1041  6410 I AudioFlinger: -mAudioHwDevs(primary)->setParameters(): screen_state=on
08-22 08:09:07.335886  1041  6410 I AudioFlinger: +mAudioHwDevs(r_submix)->setParameters(): screen_state=on
08-22 08:09:07.336964  1041  6410 I AudioFlinger: -mAudioHwDevs(r_submix)->setParameters(): screen_state=on
08-22 08:09:07.337109  1041  6410 I AudioFlinger: +mAudioHwDevs(bluetooth)->setParameters(): screen_state=on
08-22 08:09:07.337740  1041  6410 I AudioFlinger: -mAudioHwDevs(bluetooth)->setParameters(): screen_state=on
08-22 08:09:07.430719  7129  7129 I BindAudioSmartConnectUseCase: ACTION_SCREEN_ON keyguard:true
08-22 08:09:07.535387  4238  4522 I ApiInvoke1.7.1: SubscribeBusServerImpl: parseSubscribeHostInfoList infoStr {"host":"DataCenter#StandardDataService","typeCounts":[{"type":"activity_event","subscribeCount":1},{"type":"headset_state_event","subscribeCount":1},{"type":"screen_state","subscribeCount":1},{"type":"tips_screen_app_list","subscribeCount":1},{"type":"wifi_event","subscribeCount":1},{"type":"desktop_apps","subscribeCount":4},{"type":"media_event","subscribeCount":2},{"type":"user_present","subscribeCount":1},{"type":"battery_event","subscribeCount":2},{"type":"volume_event","subscribeCount":1},{"type":"bluetooth","subscribeCount":1},{"type":"sms_event","subscribeCount":1},{"type":"app_foreground","subscribeCount":1},{"type":"location","subscribeCount":1},{"type":"notification_info_event","subscribeCount":1}]}
08-22 08:09:07.535594  4238  4522 I ApiInvoke1.7.1: SubscribeBusServerImpl: parseSubscribeHostInfoList infoStr {"host":"MiniAppOxygenBusExportChannel#miniAppUsageDataReceiverSubscribe","typeCounts":[{"type":"OnShortCutsRecordChanged","subscribeCount":1},{"type":"OnForegroundBackgroundStatusChanged","subscribeCount":1}]}
08-22 08:09:07.538409  4238  4522 I ApiInvoke1.7.1: SubscribeBusServerImpl: editSubscribeHostInfo editHostInfoByOpt pid4238 channel DataCenter#StandardDataService matcher volume_event subscribeCount 1
08-22 08:09:07.538974  4238  4522 I ApiInvoke1.7.1: SubscribeBusServerImpl: editSubscribeHostInfo editHostInfoByOpt pid4238 channel MiniAppOxygenBusExportChannel#miniAppUsageDataReceiverSubscribe matcher OnShortCutsRecordChanged subscribeCount 1
08-22 08:09:07.545401  4238  4522 I ApiInvoke1.7.1: SubscribeBusServerImpl: createNotifyRunnable, notifyPublisherChange host=DataCenter#StandardDataService typeCount SubscribeTypeCount{type='volume_event', subscribeCount=0} subscribeMap 6
08-22 08:09:07.545555  4238  4522 I ApiInvoke1.7.1: SubscribeManager: onSubscribeCountChange publisher Publisher{channel='DataCenter', apiName='StandardDataService', label='volume_event'} subscribeCount 9
08-22 08:09:07.545615  4238  4522 I StandardDataService: onSubscribeCountChange volume_event, count 9, com.transsion.kolun.aidatacenter.services.StandardDataService@dadab05
08-22 08:09:07.545655  4238  4522 I DataServiceImplV2: StandardDataService onSubscribeCountChange regType volume_event, 9
08-22 08:09:07.548918  4238  4522 I ApiInvoke1.7.1: SubscribeBusServerImpl: createNotifyRunnable, notifyPublisherChange host=MiniAppOxygenBusExportChannel#miniAppUsageDataReceiverSubscribe typeCount SubscribeTypeCount{type='OnShortCutsRecordChanged', subscribeCount=0} subscribeMap 6
08-22 08:09:07.704477  5238  5582 I AudioManager: getCommunicationDevice
08-22 08:09:07.704980  1175  4245 I AS.AudioDeviceBroker: topCommunicationRouteClient: process no permission or mCommunicationRouteClients is empty
08-22 08:09:07.705090  1175  4245 I AS.AudioDeviceBroker: requestedCommunicationDevice: null mAudioModeOwner: AudioModeInfo: mMode=MODE_NORMAL, mPid=0, mUid=0
08-22 08:09:07.746957  1041  6410 I AudioFlinger: setParameters: filtered keyvalue screen_state=on
08-22 08:09:07.746996  1041  6410 I AudioFlinger: +mAudioHwDevs(primary)->setParameters(): screen_state=on
08-22 08:09:07.747443  1041  6410 I AudioFlinger: -mAudioHwDevs(primary)->setParameters(): screen_state=on
08-22 08:09:07.747464  1041  6410 I AudioFlinger: +mAudioHwDevs(r_submix)->setParameters(): screen_state=on
08-22 08:09:07.747615  1041  6410 I AudioFlinger: -mAudioHwDevs(r_submix)->setParameters(): screen_state=on
08-22 08:09:07.747656  1041  6410 I AudioFlinger: +mAudioHwDevs(bluetooth)->setParameters(): screen_state=on
08-22 08:09:07.747848  1041  6410 I AudioFlinger: -mAudioHwDevs(bluetooth)->setParameters(): screen_state=on
08-22 08:09:07.765587  1041  6410 I AudioFlinger: setParameters: filtered keyvalue screen_state=on
08-22 08:09:07.765716  1041  6410 I AudioFlinger: +mAudioHwDevs(primary)->setParameters(): screen_state=on
08-22 08:09:07.766710  1041  6410 I AudioFlinger: -mAudioHwDevs(primary)->setParameters(): screen_state=on
08-22 08:09:07.766731  1041  6410 I AudioFlinger: +mAudioHwDevs(r_submix)->setParameters(): screen_state=on
08-22 08:09:07.766897  1041  6410 I AudioFlinger: -mAudioHwDevs(r_submix)->setParameters(): screen_state=on
08-22 08:09:07.766915  1041  6410 I AudioFlinger: +mAudioHwDevs(bluetooth)->setParameters(): screen_state=on
08-22 08:09:07.767022  1041  6410 I AudioFlinger: -mAudioHwDevs(bluetooth)->setParameters(): screen_state=on
08-22 08:09:08.160953 18258 18258 W libc    : Access denied finding property "ro.odm.tr_audio_hifi.feature.support"
08-22 08:09:08.303600   992  1032 I libPowerHal: [recordCPUFreqInfo] set cluster[0] min(-1): -1 max(-1): -1 cluster[1] min(MTKPOWER_HINT_IN_SYSTEMUI): 1650000 max(-1): -1
08-22 08:09:08.380333   992  1032 I libPowerHal: [recordCPUFreqInfo] set cluster[0] min(-1): -1 max(-1): -1 cluster[1] min(-1): -1 max(-1): -1
08-22 08:09:08.381769   992  1032 I libPowerHal: [recordCPUFreqInfo] set cluster[0] min(-1): -1 max(-1): -1 cluster[1] min(MTKPOWER_HINT_IN_SYSTEMUI): 1650000 max(-1): -1
08-22 08:09:08.386405   992  1032 I libPowerHal: [recordCPUFreqInfo] set cluster[0] min(MTKPOWER_HINT_PACK_SWITCH): 2000000 max(-1): -1 cluster[1] min(MTKPOWER_HINT_PACK_SWITCH): 2400000 max(-1): -1
08-22 08:09:08.420729   992  1032 I libPowerHal: [recordCPUFreqInfo] set cluster[0] min(MTKPOWER_HINT_PACK_SWITCH): 2000000 max(MTKPOWER_HINT_UX_SCROLLING): -1 cluster[1] min(MTKPOWER_HINT_PACK_SWITCH): 2400000 max(MTKPOWER_HINT_UX_SCROLLING): -1
08-22 08:09:08.455703  1074  1111 I BufferQueueDebug: [226438d ActivityRecordInputSink com.transsion.hilauncher/com.android.launcher3.uioverrides.QuickstepLauncher#971](this:0xb400007310a86318,id:-1,api:0,p:-1,c:-1) BufferQueue core=(1074:/system/bin/surfaceflinger)
08-22 08:09:08.484012  2669  2744 E FromLockscreenTransitionInteractor: This transition would not have been ignored prior to ag/26681239, since we are FINISHED in LOCKSCREEN (but have since started another transition). If ignoring this transition has caused a regression, fix it by ensuring that transitions are exclusively started from the most recently started state.
08-22 08:09:08.506927   992  1032 I libPowerHal: [recordCPUFreqInfo] set cluster[0] min(MTKPOWER_HINT_UX_SCROLLING): 1075000 max(MTKPOWER_HINT_UX_SCROLLING): -1 cluster[1] min(MTKPOWER_HINT_UX_SCROLLING): 1162000 max(MTKPOWER_HINT_UX_SCROLLING): -1
08-22 08:09:09.252781   992  1032 I libPowerHal: [recordCPUFreqInfo] set cluster[0] min(MTKPOWER_HINT_LAUNCHER_ANIMA): 2000000 max(MTKPOWER_HINT_UX_SCROLLING): -1 cluster[1] min(MTKPOWER_HINT_LAUNCHER_ANIMA): 2400000 max(MTKPOWER_HINT_UX_SCROLLING): -1
08-22 08:09:09.263730   992  1032 I libPowerHal: [recordCPUFreqInfo] set cluster[0] min(MTKPOWER_HINT_LAUNCHER_ANIMA): 2000000 max(MTKPOWER_HINT_UX_SCROLLING): -1 cluster[1] min(MTKPOWER_HINT_LAUNCHER_ANIMA): 2400000 max(MTKPOWER_HINT_UX_MOVE_SCROLLING): -1
08-22 08:09:09.304725   992  1032 I libPowerHal: [recordCPUFreqInfo] set cluster[0] min(MTKPOWER_HINT_LAUNCHER_ANIMA): 2000000 max(MTKPOWER_HINT_UX_SCROLLING): -1 cluster[1] min(MTKPOWER_HINT_LAUNCHER_ANIMA): 2400000 max(MTKPOWER_HINT_UX_SCROLLING): -1
08-22 08:09:09.501148   992  1032 I libPowerHal: [recordCPUFreqInfo] set cluster[0] min(MTKPOWER_HINT_UX_SCROLLING): 1075000 max(MTKPOWER_HINT_UX_SCROLLING): -1 cluster[1] min(MTKPOWER_HINT_UX_SCROLLING): 1162000 max(MTKPOWER_HINT_UX_SCROLLING): -1
08-22 08:09:10.186420  1175  1899 I TranSecureCamExt: handleVolumeKey
08-22 08:09:10.188585  1175  1899 I AS.AudioService: getMode, get current owner's mode
08-22 08:09:10.188740  1175  1899 I AS.AudioService: getMode, currentModeHandler is null
08-22 08:09:10.312057  1175  1899 I TranSecureCamExt: handleVolumeKey
08-22 08:09:10.317950  1175  1175 I AS.AudioService: adjustSuggestedStreamVolume() stream=-2147483648, flags=4113, caller=android, volControlStream=-1, userSelect=false
08-22 08:09:10.319641  1175  1175 I AS.AudioService: isInCommunication IsInCall = false mode = 0
08-22 08:09:10.323449  1175  1175 I AS.AudioService: getActiveStreamType: Forcing DEFAULT_VOL_STREAM_NO_PLAYBACK(3) b/c default
08-22 08:09:10.324616  1175  1175 I AS.AudioService: adjustStreamVolume() stream=3, dir=-1, flags=4113, caller=android
08-22 08:09:10.324936  1175  1175 I AS.AudioService: adjustStreamVolume getDeviceForStream device = 2
08-22 08:09:10.325948  1175  1175 I AS.AudioService: updateVolumeGroupIndex for stream 11, muted=false, device=2, index=90, group AUDIO_STREAM_ASSISTANT Muted=false, Index=9, forceMuteState=false
08-22 08:09:10.328883  1175  1175 I AS.AudioService: updateVolumeGroupIndex for stream 10, muted=false, device=2, index=94, group AUDIO_STREAM_ACCESSIBILITY Muted=false, Index=9, forceMuteState=false
08-22 08:09:10.330875  4238  4238 I VolumeDataCollector: onReceive android.media.VOLUME_CHANGED_ACTION
08-22 08:09:10.331629  4238  4238 I VolumeDataCollector: streamType 11
08-22 08:09:10.333020  1175  1175 I AS.AudioService: updateVolumeGroupIndex for stream 9, muted=false, device=2, index=90, group AUDIO_STREAM_TTS Muted=false, Index=9, forceMuteState=false
08-22 08:09:10.337648  4238  4238 I VolumeDataCollector: onReceive android.media.VOLUME_CHANGED_ACTION
08-22 08:09:10.337963  4238  4238 I VolumeDataCollector: streamType 10
08-22 08:09:10.339715  1175  1175 I AS.AudioService: updateVolumeGroupIndex for stream 3, muted=false, device=2, index=90, group AUDIO_STREAM_MUSIC Muted=false, Index=9, forceMuteState=false
08-22 08:09:10.344908  4238  4238 I VolumeDataCollector: onReceive android.media.VOLUME_CHANGED_ACTION
08-22 08:09:10.345095  4238  4238 I VolumeDataCollector: streamType 9
08-22 08:09:10.346277  1175  1175 I AS.AudioService:  newIndex For ui = 90
08-22 08:09:10.346465  1175  2453 I AS.AudioService: setStreamVolumeIndexAS(3, 9, 2)
08-22 08:09:10.346597  1175  2453 I AudioSystem: setStreamVolumeIndex: STREAM_MUSIC dev=2 idx=9
08-22 08:09:10.349363  1175  2453 I AS.AudioService: setStreamVolumeIndexAS(11, 9, 2)
08-22 08:09:10.349668  1175  2453 I AudioSystem: setStreamVolumeIndex: STREAM_ASSISTANT dev=2 idx=9
08-22 08:09:10.349824  1175  4245 I AS.AudioService: forceVolumeControlStream(3)
08-22 08:09:10.351867  1175  2453 I AS.AudioService: setStreamVolumeIndexAS(10, 9, 2)
08-22 08:09:10.352036  1175  2453 I AudioSystem: setStreamVolumeIndex: STREAM_ACCESSIBILITY dev=2 idx=9
08-22 08:09:10.352555  4238  4238 I VolumeDataCollector: onReceive android.media.VOLUME_CHANGED_ACTION
08-22 08:09:10.352710  4238  4238 I VolumeDataCollector: streamType 3
08-22 08:09:10.353341  4238 18285 I CacheManager:  save new data to cache volume_event
08-22 08:09:10.353468  4238 18285 I bsc     : notifyDataChange in volume_event, 1
08-22 08:09:10.353890  4238 18252 I DataServiceImplV2: StandardDataService notifyDataChange  curServiceName StandardDataService type:volume_event
08-22 08:09:10.354248  1175  2453 I AS.AudioService: setStreamVolumeIndexAS(9, 9, 2)
08-22 08:09:10.354576  1175  2453 I AudioSystem: setStreamVolumeIndex: STREAM_TTS dev=2 idx=9
08-22 08:09:10.354686  4238 18252 I Kolun_AI.SystemEventSubscribe:  onPublishData {"type":"volume_event","time":1755821350353,"data":"{\"prevStreamValue\":10,\"streamType\":3,\"streamTypeAlias\":3,\"streamValue\":9}","provider":"dc","dc_version":2030380000,"data_version":1,"user_id":0}
08-22 08:09:10.354716  4238 18252 I Kolun_AI.SystemEventSubscribe:  publisher.getMatcher() volume_event
08-22 08:09:10.354866  4238 18252 I ApiInvoke1.7.1: SubscribeManager: publishData success host DataCenter#StandardDataService matcher volume_event
08-22 08:09:10.354921  4238 18252 I ApiInvoke1.7.1: ApiRequest: do publishData to local, matcher = volume_event
08-22 08:09:10.355026  4238 18252 I ApiInvoke1.7.1: ChannelChain: addChain, path=Publish{process='com.transsion.kolun.aiservice', channelName='DataCenter', matcher='volume_event', apiName='StandardDataService'} size 1
08-22 08:09:10.355079  4238 18252 W ApiInvoke1.7.1: SubscribeBusServerImpl: onSafePublishData start ==>> publisher Publisher{channel='DataCenter', apiName='StandardDataService', label='volume_event'}
08-22 08:09:10.355786  4238 18252 W ApiInvoke1.7.1: ApiRequest: do publishData to remote volume_event
08-22 08:09:10.357757  1175  1175 I TranAudioService: checkVibrationPermission=true checkUpdateAppOpsStatsPermission:true
08-22 08:09:10.358103  1175  1175 I AS.AudioService: adjustSuggestedStreamVolume() stream=-2147483648, flags=4116, caller=android, volControlStream=3, userSelect=false
08-22 08:09:10.359114  1175  1175 I AS.AudioService: isInCommunication IsInCall = false mode = 0
08-22 08:09:10.362075  2669  2669 I vol.TrVolumeDialogImpl: showH r=volume_changed
08-22 08:09:10.362748  1175  1175 I AS.AudioService: getActiveStreamType: Forcing DEFAULT_VOL_STREAM_NO_PLAYBACK(3) b/c default
08-22 08:09:10.363002  1175  4245 I AS.AudioService: Volume controller visible: true
08-22 08:09:10.363946  1175  1175 I AS.AudioService: adjustStreamVolume() stream=3, dir=0, flags=4112, caller=android
08-22 08:09:10.364327  1175  1175 I AS.AudioService: adjustStreamVolume getDeviceForStream device = 2
08-22 08:09:10.364738  1175  1175 I AS.AudioService:  newIndex For ui = 90
08-22 08:09:10.365228  1175  1175 I TranAudioService: checkVibrationPermission=true checkUpdateAppOpsStatsPermission:true
08-22 08:09:10.367144  1175  2476 I AudioManager: getDevices, flags = 2
