08-22 06:23:07.113596   905  1075 W AudioALSAHardware: setParameters(), still have param.size() = 1, remain param = "remove_clientTid=17210"
08-22 06:23:07.114046  1041  6420 I AudioFlinger: -mAudioHwDevs(primary)->setParameters(): remove_clientTid=17210
08-22 06:23:07.114074  1041  6420 I AudioFlinger: +mAudioHwDevs(r_submix)->setParameters(): remove_clientTid=17210
08-22 06:23:07.114399  1041  6420 I AudioFlinger: -mAudioHwDevs(r_submix)->setParameters(): remove_clientTid=17210
08-22 06:23:07.114488  1041  6420 I AudioFlinger: +mAudioHwDevs(bluetooth)->setParameters(): remove_clientTid=17210
08-22 06:23:07.114839  1041  6420 I AudioFlinger: -mAudioHwDevs(bluetooth)->setParameters(): remove_clientTid=17210
08-22 06:23:07.117508  1041  1305 I AudioEffect: disable 0xb4000074ae76b4d0
08-22 06:23:07.119027   905  9293 I AudioALSAStreamOut: updateSourceMetadataV7(), do nothing source_metadata = 0x7736c72fb0
08-22 06:23:07.119455  1041  1305 I AudioEffect: Destructor 0xb4000074ae76b4d0
08-22 06:23:07.119567  1041  1305 I AudioFlinger_Threads: removeEffect_l(): 0xb4000077498ae7b0, effect = 0xb40000759e757970, name = Notification Volume Listener
08-22 06:23:07.122089   905  9293 I AHAL_EffectImpl: Notification Volume ListenerV2close
08-22 06:23:07.122837  1041  1305 I AudioFlinger_Threads: removeEffectChain_l() 0xb40000748e77a790 from thread 0xb4000077498ae7b0 for session 1793
08-22 06:23:07.123006   905  9293 I AHAL_EffectImpl: close: line91 return with expr mState == State::INIT
08-22 06:23:07.123157  1041  1305 I EffectModule: Destructor 0xb40000759e757970
08-22 06:23:07.123318  1041  1305 W         : Binder 0xb40000753e766120 destroyed after setInheritRt before being parceled.
08-22 06:23:07.123351  1041  1305 W         : Binder 0xb40000753e766120 destroyed after setMinSchedulerPolicy before being parceled.
08-22 06:23:07.126886  1041  1305 W APM::AudioPolicyEngine/ProductStrategy: getVolumeGroupForStreamType: no volume group for AUDIO_STREAM_DEFAULT, using default
08-22 06:23:07.127111  1041  1305 W APM::AudioPolicyEngine/ProductStrategy: getVolumeGroupForStreamType: no volume group for AUDIO_STREAM_DEFAULT, using default
08-22 06:23:07.127239  1041  1305 W APM::AudioPolicyEngine/ProductStrategy: getVolumeGroupForStreamType: no volume group for AUDIO_STREAM_DEFAULT, using default
08-22 06:23:07.127349  1041  1305 W APM::AudioPolicyEngine/ProductStrategy: getVolumeGroupForStreamType: no volume group for AUDIO_STREAM_DEFAULT, using default
08-22 06:23:07.127493  1041  1305 W APM::AudioPolicyEngine/ProductStrategy: getVolumeGroupForStreamType: no volume group for AUDIO_STREAM_DEFAULT, using default
08-22 06:23:07.129199  1041  1305 I AudioPolicyManagerCustomImpl: MTK_VOLUME_DEBUG mVolumeStream 5 != activeStream 1, mVolumeIndex 13 != index 13, mVolumeDevice 0x2 != device 0x2, force 0
08-22 06:23:07.130034  1041  1305 W APM::AudioPolicyEngine/ProductStrategy: getVolumeGroupForStreamType: no volume group for AUDIO_STREAM_DEFAULT, using default
08-22 06:23:07.130203  1041  1305 W APM::AudioPolicyEngine/ProductStrategy: getVolumeGroupForStreamType: no volume group for AUDIO_STREAM_DEFAULT, using default
08-22 06:23:07.130229  1041  1305 W APM::AudioPolicyEngine/ProductStrategy: getVolumeGroupForStreamType: no volume group for AUDIO_STREAM_DEFAULT, using default
08-22 06:23:07.130247  1041  1305 W APM::AudioPolicyEngine/ProductStrategy: getVolumeGroupForStreamType: no volume group for AUDIO_STREAM_DEFAULT, using default
08-22 06:23:07.130260  1041  1305 W APM::AudioPolicyEngine/ProductStrategy: getVolumeGroupForStreamType: no volume group for AUDIO_STREAM_DEFAULT, using default
08-22 06:23:07.130319  1041  1305 D APM_AudioPolicyManager: [MTK_APM_Output]releaseOutput() 13 portId 64
08-22 06:23:07.213720  1041  1304 I AudioFlinger: setParameters: filtered keyvalue volumeDevice=2;volumeIndex=13;volumeStreamType=1
08-22 06:23:08.759999  1041 14871 I AudioFlinger: setParameters: filtered keyvalue remove_clientTid=17130
08-22 06:23:08.760275  1041 14871 I AudioFlinger: +mAudioHwDevs(primary)->setParameters(): remove_clientTid=17130
08-22 06:23:08.760535  1041  1305 W AudioPolicyManagerCustomImpl: [MTK_APM_Route]setOutputDevices() mIoHandle 13 mId 1 device (0x2)(0x1, 0x2, 0x4, 0x8, 0x10, 0x20, 0x40, 0x400, 0x800, 0x1000, 0x4000, 0x100000, 0x4000000) delayMs 84 force 0 size 5
08-22 06:23:08.761649   905  9293 I AudioALSAStreamOut: updateSourceMetadataV7(), do nothing source_metadata = 0x7736c72fb0
08-22 06:23:08.764599   905  1075 W AudioALSAHardware: setParameters(), still have param.size() = 1, remain param = "remove_clientTid=17130"
08-22 06:23:08.765072  1041 14871 I AudioFlinger: -mAudioHwDevs(primary)->setParameters(): remove_clientTid=17130
08-22 06:23:08.765178  1041 14871 I AudioFlinger: +mAudioHwDevs(r_submix)->setParameters(): remove_clientTid=17130
08-22 06:23:08.766034  1041 14871 I AudioFlinger: -mAudioHwDevs(r_submix)->setParameters(): remove_clientTid=17130
08-22 06:23:08.766110  1041 14871 I AudioFlinger: +mAudioHwDevs(bluetooth)->setParameters(): remove_clientTid=17130
08-22 06:23:08.766742  1041 14871 I AudioFlinger: -mAudioHwDevs(bluetooth)->setParameters(): remove_clientTid=17130
08-22 06:23:08.767919  1175  1236 I AS.PlaybackActivityMon: dispatchPlayback size:5 to client size:4
08-22 06:23:08.768264  1175  2418 I AudioManager: dispatching onPlaybackConfigChanged()
08-22 06:23:08.768366  1175  1175 I AudioManager: dispatching onPlaybackConfigChanged()
08-22 06:23:08.768595  1175  1906 I AudioManager: dispatching onPlaybackConfigChanged()
08-22 06:23:08.768617  1175  1175 I AudioManager: dispatching onPlaybackConfigChanged()
08-22 06:23:08.768637  4238  4706 I AudioManager: dispatching onPlaybackConfigChanged()
08-22 06:23:08.768685  1175  1175 I AudioManager: dispatching onPlaybackConfigChanged()
08-22 06:23:08.768945  4587  4587 I AudioManager: dispatching onPlaybackConfigChanged()
08-22 06:23:08.922879 17083 17123 I IslandViewManager:2.02.02.086: handleMessage: 2
08-22 06:23:09.612399  1175  2542 W BestClock: java.time.DateTimeException: Missing network time fix
08-22 06:23:09.698911   905  1355 D AudioALSAStreamOut: pause() 0xb4000077a31356e0
08-22 06:23:09.699440   905  1355 D AudioALSAStreamOut: flush() 0xb4000077a31356e0
08-22 06:23:09.699829   905  1355 D AudioALSAStreamOut: standby(), flag 2
08-22 06:23:09.699877   905  1355 D AudioALSAStreamOut: standbyStreamOut(), halRequest 0, mDestroy 0, flag 2
08-22 06:23:09.699910   905  1355 D AudioALSAStreamOut: close_l(), flags 2
08-22 06:23:09.700104   905  1355 D AudioALSAPlaybackHandlerMixer: close(+), source flag 2, mDevice = 0x2, buffer_size 8192
08-22 06:23:09.700156   905  1355 D audio_sw_mixer: sw_mixer_source_detach(), MIXER_PLAYBACK  , name T_PRIMARY
08-22 06:23:09.700447   905  1355 D audio_sw_mixer: sw_mixer_manager_destroy_path(), MIXER_PLAYBACK  , path T_PRIMARY=>T_PRIMARY
08-22 06:23:09.700488   905  1355 D audio_sw_mixer: dump_path_list(), MIXER_PLAYBACK  , no path
08-22 06:23:09.700525   905  1355 D audio_sw_mixer: sw_mixer_target_detach(), MIXER_PLAYBACK  , name T_PRIMARY
08-22 06:23:09.700669   905  1044 D audio_sw_mixer: sw_mixer_wait_to_mix(), MIXER_PLAYBACK  , target T_PRIMARY    thread exit direct mode
08-22 06:23:09.700738   905  1044 D audio_sw_mixer: sw_mixer_mix_thread(), thread mix1:0 idle
08-22 06:23:09.700818   905  1355 D AudioALSAPlaybackHandlerNormal: +close(), flag = 2, mDevice = 0x2
08-22 06:23:09.700838   905  1355 D AudioALSAHardwareResourceManager: +stopOutputDevice(), mOutputDevices = 0x2, mStartOutputDevicesCount = 1
08-22 06:23:09.700858   905  1355 D TranAudioHardware: setAudioPaMode(): mAudioPaType 2, mode 0 -> 0
08-22 06:23:09.702214   905  1355 D AudioALSADeviceConfigManager: ApplyDeviceTurnoffSequenceByName(), DeviceName = ext_speaker_output descriptor->DeviceStatusCounter = 1, Ctlsize=2
08-22 06:23:09.711720   905  1355 D AudioALSADeviceConfigManager: ApplyDeviceTurnoffSequenceByName(), DeviceName = dual_speaker_output descriptor->DeviceStatusCounter = 1, Ctlsize=4
08-22 06:23:09.715715   905  1355 D AudioALSAHardwareResourceManager: notifyOutputDeviceStatusChange(), device = 2, status = 1, sampleRate = 0, mOpenSpeakerPathCount = 0
08-22 06:23:09.715759   905  1355 D AudioALSAStreamManager: speakerStatusChangeCb(), status = 1, sampleRate = 0
08-22 06:23:09.715776   905  1355 D AudioALSAVoiceWakeUpController: updateSpeakerPlaybackStatus(), isSpeakerPlaying = 0
08-22 06:23:09.722809   905  1355 D AudioALSAPlaybackHandlerBase: -closePcmDriver(), mPcm = 0x0
08-22 06:23:09.722874   905  1355 D AudioALSADeviceConfigManager: ApplyDeviceTurnoffSequenceByName(), DeviceName = PLAYBACK1_TO_ADDA_DL descriptor->DeviceStatusCounter = 1, Ctlsize=4
08-22 06:23:09.722996   905  1355 D AudioALSAPlaybackHandlerBase: DestroyAurisysLibManager()
08-22 06:23:09.726678   905  1355 D AudioALSAPlaybackHandlerNormal: -close()
08-22 06:23:09.726712   905  1355 D AudioALSAPlaybackHandlerBase: DestroyAurisysLibManager()
08-22 06:23:09.726729   905  1355 D aurisys_lib_handler: aurisys_arsi_destroy_handler(), lib_name mtk_bessound, 0xb400007763144700, arsi_destroy_handler, arsi_handler = 0xb4000079f22133d0, retval = 0
08-22 06:23:09.726834   905  1355 D AudioALSAPlaybackHandlerMixer: close(-)
08-22 06:23:09.726899   905  1355 D AudioALSAStreamManager: routingOutputDeviceForIEMs()
08-22 06:23:09.726948   905  1355 D AudioIEMsController: routing(+), cur out 0x0 in 0x0, hs 0, bt 0, usb 0, device 0x2, mask 0x1, on 0
08-22 06:23:09.726961   905  1355 D AudioIEMsController: routing(-), cur out 0x0 in 0x0
08-22 06:23:09.771123  4238 17080 I ApiInvoke1.7.1: ApiChannel: found local channel DataCenter
08-22 06:23:09.771406  4238 17080 I Kolun_AI.SceneIdentify: onMediaEvent onRuleAudioCallCheck false
08-22 06:23:09.771427  4238 17080 I Kolun_AI.SystemEventSubscribe:  onPublishData {"type":"media_event","time":1755814989770,"data":"{\"audioPkg\":\"com.transsion.screencapture\",\"audioState\":1,\"cameraId\":\"-1\",\"cameraState\":-1,\"micState\":-1}","provider":"dc","dc_version":2030380000,"data_version":1,"user_id":0}
08-22 06:23:15.163316  1041 14871 I AudioFlinger: setParameters: filtered keyvalue screen_state=on
08-22 06:23:15.163460  1041 14871 I AudioFlinger: +mAudioHwDevs(primary)->setParameters(): screen_state=on
08-22 06:23:15.164791  1041 14871 I AudioFlinger: -mAudioHwDevs(primary)->setParameters(): screen_state=on
08-22 06:23:15.164889  1041 14871 I AudioFlinger: +mAudioHwDevs(r_submix)->setParameters(): screen_state=on
08-22 06:23:15.166145  1041 14871 I AudioFlinger: -mAudioHwDevs(r_submix)->setParameters(): screen_state=on
08-22 06:23:15.166244  1041 14871 I AudioFlinger: +mAudioHwDevs(bluetooth)->setParameters(): screen_state=on
08-22 06:23:15.166988  1041 14871 I AudioFlinger: -mAudioHwDevs(bluetooth)->setParameters(): screen_state=on
08-22 06:23:15.174538  1041 14871 I AudioFlinger: setParameters: filtered keyvalue screen_state=on
08-22 06:23:15.174623  1041 14871 I AudioFlinger: +mAudioHwDevs(primary)->setParameters(): screen_state=on
08-22 06:23:15.175552  1041 14871 I AudioFlinger: -mAudioHwDevs(primary)->setParameters(): screen_state=on
08-22 06:23:15.175624  1041 14871 I AudioFlinger: +mAudioHwDevs(r_submix)->setParameters(): screen_state=on
08-22 06:23:15.176006  1041 14871 I AudioFlinger: -mAudioHwDevs(r_submix)->setParameters(): screen_state=on
08-22 06:23:15.176048  1041 14871 I AudioFlinger: +mAudioHwDevs(bluetooth)->setParameters(): screen_state=on
08-22 06:23:15.176354  1041 14871 I AudioFlinger: -mAudioHwDevs(bluetooth)->setParameters(): screen_state=on
08-22 06:23:15.427345   992  1032 I libPowerHal: [recordCPUFreqInfo] set cluster[0] min(-1): -1 max(-1): -1 cluster[1] min(-1): -1 max(-1): -1
08-22 06:23:15.448903  1175  4239 I AS.AudioService: getMode, get current owner's mode
08-22 06:23:15.448990  1175  4239 I AS.AudioService: getMode, currentModeHandler is null
08-22 06:23:15.467776  1041 14871 I AudioFlinger: setParameters: filtered keyvalue screen_state=off
08-22 06:23:15.467850  1041 14871 I AudioFlinger: +mAudioHwDevs(primary)->setParameters(): screen_state=off
08-22 06:23:15.469695  1041 14871 I AudioFlinger: -mAudioHwDevs(primary)->setParameters(): screen_state=off
08-22 06:23:15.469799  1041 14871 I AudioFlinger: +mAudioHwDevs(r_submix)->setParameters(): screen_state=off
08-22 06:23:15.471608  1041 14871 I AudioFlinger: -mAudioHwDevs(r_submix)->setParameters(): screen_state=off
08-22 06:23:15.471698  1041 14871 I AudioFlinger: +mAudioHwDevs(bluetooth)->setParameters(): screen_state=off
08-22 06:23:15.472411  1041 14871 I AudioFlinger: -mAudioHwDevs(bluetooth)->setParameters(): screen_state=off
08-22 06:23:15.746662  1175  4239 I AS.AudioService: getMode, get current owner's mode
08-22 06:23:15.746800  1175  4239 I AS.AudioService: getMode, currentModeHandler is null
08-22 06:23:15.748154  1041 14871 I AudioFlinger: setParameters: filtered keyvalue screen_state=off
08-22 06:23:15.748424  1041 14871 I AudioFlinger: +mAudioHwDevs(primary)->setParameters(): screen_state=off
08-22 06:23:15.750610  1041 14871 I AudioFlinger: -mAudioHwDevs(primary)->setParameters(): screen_state=off
08-22 06:23:15.750810  1041 14871 I AudioFlinger: +mAudioHwDevs(r_submix)->setParameters(): screen_state=off
08-22 06:23:15.752729  1041 14871 I AudioFlinger: -mAudioHwDevs(r_submix)->setParameters(): screen_state=off
08-22 06:23:15.752920  1041 14871 I AudioFlinger: +mAudioHwDevs(bluetooth)->setParameters(): screen_state=off
08-22 06:23:15.754782  1041 14871 I AudioFlinger: -mAudioHwDevs(bluetooth)->setParameters(): screen_state=off
08-22 06:23:15.830789  7129  7129 W BindAudioSmartConnectUseCase: ACTION_SCREEN_OFF
08-22 06:23:15.830863  7129  7129 W BindAudioSmartConnectUseCase: stopBinder
08-22 06:23:16.068360  5238  5582 I AudioManager: getCommunicationDevice
08-22 06:23:16.068837  1175  3291 I AS.AudioDeviceBroker: topCommunicationRouteClient: process no permission or mCommunicationRouteClients is empty
08-22 06:23:16.069064  1175  3291 I AS.AudioDeviceBroker: requestedCommunicationDevice: null mAudioModeOwner: AudioModeInfo: mMode=MODE_NORMAL, mPid=0, mUid=0
08-22 06:23:18.354318  1041  1041 I AudioFlinger: setParameters: filtered keyvalue screen_state=off
08-22 06:23:18.354597  1041  1041 I AudioFlinger: +mAudioHwDevs(primary)->setParameters(): screen_state=off
08-22 06:23:18.358091  1041  1041 I AudioFlinger: -mAudioHwDevs(primary)->setParameters(): screen_state=off
08-22 06:23:18.358315  1041  1041 I AudioFlinger: +mAudioHwDevs(r_submix)->setParameters(): screen_state=off
08-22 06:23:18.359127  1041  1041 I AudioFlinger: -mAudioHwDevs(r_submix)->setParameters(): screen_state=off
08-22 06:23:18.359526  1041  1041 I AudioFlinger: +mAudioHwDevs(bluetooth)->setParameters(): screen_state=off
08-22 06:23:18.360521  1041  1041 I AudioFlinger: -mAudioHwDevs(bluetooth)->setParameters(): screen_state=off
08-22 06:24:05.468731  7458  7458 I ExceptionHandle: at android.app.servertransaction.LaunchActivityItem.execute(LaunchActivityItem.java:123)
08-22 06:24:05.497278  1175  4247 I TranSuccCrashMgr: 	at android.app.servertransaction.LaunchActivityItem.execute(LaunchActivityItem.java:123)
08-22 06:24:05.512340  1175 17259 W AES     : Exception Log handling...system_app_crash
08-22 06:24:05.519843   992  1032 I libPowerHal: [recordCPUFreqInfo] set cluster[0] min(MTKPOWER_HINT_LAUNCHER_ANIMA): 2000000 max(-1): -1 cluster[1] min(MTKPOWER_HINT_LAUNCHER_ANIMA): 2400000 max(-1): -1
08-22 06:24:05.550525  1175  4247 I PowerHalWrapper: amsBoostNotify pid:7458,activity:com.android.settings.Settings$SoundSettingsActivity, package:com.android.settings, mProcessCreatePackcom.transsion.airtransfer 
08-22 06:24:05.551481  1175  4247 I mtkpower_client: [PowerHal_Wrap_notifyAppState] com.android.settings/com.android.settings.Settings$SoundSettingsActivity pid=7458 activityId:120921688 state:0
08-22 06:24:05.552176   971   971 I vendor.mediatek.hardware.mtkpower_applist-service.mediatek: packName: com.android.settings actName: com.android.settings.Settings$SoundSettingsActivity pid: 7458 activityId: 120921688 uid: 1000 state: 0
08-22 06:24:05.552473   971   971 I MTK_APPList: [notifyAPPstate] com.android.settings/com.android.settings.Settings$SoundSettingsActivity, pid=7458, activityId=120921688, uid=1000, state:PAUSED, fps:-1, win:0
08-22 06:24:05.607123  4238 17080 I ApiInvoke1.7.1: SubscribeBusServerImpl: onSafePublishData, no need publish to process {"pid": "0","process": "CommonChannel","packageName": "","channels": ["CommonChannel"],"version": "1.7.1"} pid 4238
08-22 06:24:05.612335  4238 17080 W ApiInvoke1.7.1: SubscribeBusServerImpl: onSafePublishData, post publish data form DataCenter to {"pid": "4238","process": "com.transsion.kolun.aiservice","packageName": "com.transsion.kolun.aiservice","channels": ["com.transsion.kolun.aiservice","APPService","AiEngine","DataCenter","GlobalGuideChannel"],"version": "1.7.1"} pid 4238 isPublishLocal true isInvalidPublisher false
08-22 06:24:05.689995 17260 17260 W libc    : Access denied finding property "ro.odm.tr_audio_hifi.feature.support"
08-22 06:24:05.720939  1175  2979 W InputManager-JNI: Input channel object '20fd30 com.android.settings/com.android.settings.Settings$SoundSettingsActivity (client)' was disposed without first being removed with the input manager!
08-22 06:24:05.762047  1175  1236 E TranTabeServiceManager: PendingMessageList handle done.
08-22 06:24:06.531365   992  1032 I libPowerHal: [recordCPUFreqInfo] set cluster[0] min(-1): -1 max(-1): -1 cluster[1] min(-1): -1 max(-1): -1
08-22 06:24:15.820583  1175  1880 E ActivityManager: 	at com.android.server.am.PendingIntentRecord.sendInner(PendingIntentRecord.java:707)
08-22 06:24:15.820583  1175  1880 E ActivityManager: 	at com.android.server.am.PendingIntentRecord.sendWithResult(PendingIntentRecord.java:381)
08-22 06:24:38.103380  9401  9421 I DebugLoggerUI/DebugLoggerUIService: -->startRecording(), logTypeCluster=1, reason=adb
08-22 06:24:41.098866  5238  5582 I AudioManager: getCommunicationDevice
08-22 06:24:41.099602  1175  1833 I AS.AudioDeviceBroker: topCommunicationRouteClient: process no permission or mCommunicationRouteClients is empty
08-22 06:24:41.099756  1175  1833 I AS.AudioDeviceBroker: requestedCommunicationDevice: null mAudioModeOwner: AudioModeInfo: mMode=MODE_NORMAL, mPid=0, mUid=0
08-22 06:24:43.607822  1175  1833 W NotificationCloudRule: no need to handle notification for same key, notification = NotificationRecord(0x0770af8d: pkg=com.debug.loggerui user=UserHandle{0} id=365001 tag=null importance=4 key=0|com.debug.loggerui|365001|null|10145: Notification(channel=com.debug.loggerui.notification shortcut=null contentView=null vibrate=null sound=null defaults=0 flags=ONLY_ALERT_ONCE|FOREGROUND_SERVICE color=0x00000000 vis=PRIVATE))
08-22 06:24:43.610258  1175  1871 D os.notification.SuspendJobManager: create job  com.transsion.util.SuspendJobManager$JobInfo@be8e953 key:NotificationRecord(0x0770af8d: pkg=com.debug.loggerui user=UserHandle{0} id=365001 tag=null importance=4 key=0|com.debug.loggerui|365001|null|10145: Notification(channel=com.debug.loggerui.notification shortcut=null contentView=null vibrate=null sound=null defaults=0 flags=ONLY_ALERT_ONCE|FOREGROUND_SERVICE color=0x00000000 vis=PRIVATE)) data:com.android.server.notification.NotificationManagerService$$ExternalSyntheticLambda1@274d290 sn:-1 owner:{}
08-22 06:24:43.611768  3965 17172 D os.notification: onNotifyNotification StatusBarNotification:StatusBarNotification(pkg=com.debug.loggerui user=UserHandle{0} id=365001 tag=null key=0|com.debug.loggerui|365001|null|10145: Notification(channel=null shortcut=null contentView=null vibrate=null sound=null defaults=0 flags=ONLY_ALERT_ONCE|FOREGROUND_SERVICE color=0x00000000 vis=PRIVATE)) callingUid:10145 NotificationChannel:NotificationChannel{mId='com.debug.loggerui.notification', mName=DebugLoggerUI, mDescription=, mImportance=4, mBypassDnd=false, mLockscreenVisibility=-1000, mSound=content://settings/system/notification_sound, mLights=false, mLightColor=0, mVibrationPattern=null, mVibrationEffect=null, mUserLockedFields=0, mUserVisibleTaskShown=true, mVibrationEnabled=false, mShowBadge=true, mDeleted=false, mDeletedTimeMs=-1, mGroup='null', mAudioAttributes=AudioAttributes: usage=USAGE_NOTIFICATION content=CONTENT_TYPE_SONIFICATION flags=0x800 tags= bundle=null, mBlockableSystem=false, mAllowBubbles=-1, mImportanceLockedDefaultApp=true, mOriginalImp=4, mParent=null, mConversationId=null, mDemoted=false, mImportantConvo=false, mLastNotificationUpdateTimeMs=0} receipt:com.transsion.app.IEnqueueNotificationReceipt$Stub$Proxy@82e4e81 sn:128
08-22 06:24:43.633769  3965 17172 D os.notification: handleNotifyNotification notification:Notification(channel=null shortcut=null contentView=null vibrate=null sound=null defaults=0 flags=ONLY_ALERT_ONCE|FOREGROUND_SERVICE color=0x00000000 vis=PRIVATE)
08-22 06:24:43.635330  1175  1871 D os.notification.SuspendJobManager: done  com.transsion.util.SuspendJobManager$JobInfo@be8e953 key:NotificationRecord(0x0770af8d: pkg=com.debug.loggerui user=UserHandle{0} id=365001 tag=null importance=4 key=0|com.debug.loggerui|365001|null|10145: Notification(channel=com.debug.loggerui.notification shortcut=null contentView=null vibrate=null sound=null defaults=0 flags=ONLY_ALERT_ONCE|FOREGROUND_SERVICE color=0x00000000 vis=PRIVATE)) data:com.android.server.notification.NotificationManagerService$$ExternalSyntheticLambda1@274d290 sn:128 owner:{3965} for  app-3965-request
08-22 06:24:43.646754  9401  9421 I DebugLoggerUI/DebugLoggerUIService: <--startRecordingDone(), result = true, sucessType = 1, failType = 0
08-22 06:24:43.650865  9401  9421 W System.err: 	at com.debug.loggerui.framework.DebugLoggerUIService.startRecording(DebugLoggerUIService.java:1629)
08-22 06:24:43.651508  9401  9421 I DebugLoggerUI/DebugLoggerUIService: -->stopRecording(), logTypeCluster=1, reason=adb
08-22 06:24:43.659630  1175  1833 W NotificationCloudRule: no need to handle notification for same key, notification = NotificationRecord(0x0b91138e: pkg=com.debug.loggerui user=UserHandle{0} id=365001 tag=null importance=4 key=0|com.debug.loggerui|365001|null|10145: Notification(channel=com.debug.loggerui.notification shortcut=null contentView=null vibrate=null sound=null defaults=0 flags=ONLY_ALERT_ONCE|FOREGROUND_SERVICE color=0x00000000 vis=PRIVATE))
08-22 06:24:43.661782  1175  1871 D os.notification.SuspendJobManager: create job  com.transsion.util.SuspendJobManager$JobInfo@3fc87bc key:NotificationRecord(0x0b91138e: pkg=com.debug.loggerui user=UserHandle{0} id=365001 tag=null importance=4 key=0|com.debug.loggerui|365001|null|10145: Notification(channel=com.debug.loggerui.notification shortcut=null contentView=null vibrate=null sound=null defaults=0 flags=ONLY_ALERT_ONCE|FOREGROUND_SERVICE color=0x00000000 vis=PRIVATE)) data:com.android.server.notification.NotificationManagerService$$ExternalSyntheticLambda1@b494345 sn:-1 owner:{}
08-22 06:24:43.663050  3965 17172 D os.notification: onNotifyNotification StatusBarNotification:StatusBarNotification(pkg=com.debug.loggerui user=UserHandle{0} id=365001 tag=null key=0|com.debug.loggerui|365001|null|10145: Notification(channel=null shortcut=null contentView=null vibrate=null sound=null defaults=0 flags=ONLY_ALERT_ONCE|FOREGROUND_SERVICE color=0x00000000 vis=PRIVATE)) callingUid:10145 NotificationChannel:NotificationChannel{mId='com.debug.loggerui.notification', mName=DebugLoggerUI, mDescription=, mImportance=4, mBypassDnd=false, mLockscreenVisibility=-1000, mSound=content://settings/system/notification_sound, mLights=false, mLightColor=0, mVibrationPattern=null, mVibrationEffect=null, mUserLockedFields=0, mUserVisibleTaskShown=true, mVibrationEnabled=false, mShowBadge=true, mDeleted=false, mDeletedTimeMs=-1, mGroup='null', mAudioAttributes=AudioAttributes: usage=USAGE_NOTIFICATION content=CONTENT_TYPE_SONIFICATION flags=0x800 tags= bundle=null, mBlockableSystem=false, mAllowBubbles=-1, mImportanceLockedDefaultApp=true, mOriginalImp=4, mParent=null, mConversationId=null, mDemoted=false, mImportantConvo=false, mLastNotificationUpdateTimeMs=0} receipt:com.transsion.app.IEnqueueNotificationReceipt$Stub$Proxy@db34f03 sn:129
08-22 06:24:43.675937  3965 17172 D os.notification: handleNotifyNotification notification:Notification(channel=null shortcut=null contentView=null vibrate=null sound=null defaults=0 flags=ONLY_ALERT_ONCE|FOREGROUND_SERVICE color=0x00000000 vis=PRIVATE)
08-22 06:24:43.678089  1175  1871 D os.notification.SuspendJobManager: done  com.transsion.util.SuspendJobManager$JobInfo@3fc87bc key:NotificationRecord(0x0b91138e: pkg=com.debug.loggerui user=UserHandle{0} id=365001 tag=null importance=4 key=0|com.debug.loggerui|365001|null|10145: Notification(channel=com.debug.loggerui.notification shortcut=null contentView=null vibrate=null sound=null defaults=0 flags=ONLY_ALERT_ONCE|FOREGROUND_SERVICE color=0x00000000 vis=PRIVATE)) data:com.android.server.notification.NotificationManagerService$$ExternalSyntheticLambda1@b494345 sn:129 owner:{3965} for  app-3965-request
08-22 06:24:45.820883  1175  4298 W NotificationCloudRule: no need to handle notification for same key, notification = NotificationRecord(0x084ecd43: pkg=com.debug.loggerui user=UserHandle{0} id=365001 tag=null importance=4 key=0|com.debug.loggerui|365001|null|10145: Notification(channel=com.debug.loggerui.notification shortcut=null contentView=null vibrate=null sound=null defaults=0 flags=ONLY_ALERT_ONCE|FOREGROUND_SERVICE color=0x00000000 vis=PRIVATE))
08-22 06:24:45.856993  9401  9421 I DebugLoggerUI/DebugLoggerUIService: <--stopRecording(), result=true, sucessType = 1, failType = 0
08-22 06:25:41.156107  5238  5582 I AudioManager: getCommunicationDevice
08-22 06:25:41.157986  1175  2979 I AS.AudioDeviceBroker: topCommunicationRouteClient: process no permission or mCommunicationRouteClients is empty
08-22 06:25:41.158199  1175  2979 I AS.AudioDeviceBroker: requestedCommunicationDevice: null mAudioModeOwner: AudioModeInfo: mMode=MODE_NORMAL, mPid=0, mUid=0
08-22 06:25:41.442342  1175  1192 I AS.PlaybackActivityMon: dispatchPlayback size:4 to client size:4
08-22 06:25:41.442916  1175  1906 I AudioManager: dispatching onPlaybackConfigChanged()
08-22 06:25:41.443514  1175  2418 I AudioManager: dispatching onPlaybackConfigChanged()
08-22 06:25:41.444602  4238  4706 I AudioManager: dispatching onPlaybackConfigChanged()
08-22 06:25:41.444647  1175  1175 I AudioManager: dispatching onPlaybackConfigChanged()
08-22 06:25:41.444952  1175  1175 I AudioManager: dispatching onPlaybackConfigChanged()
08-22 06:25:41.445103  1175  1175 I AudioManager: dispatching onPlaybackConfigChanged()
08-22 06:25:41.445816  4587  4587 I AudioManager: dispatching onPlaybackConfigChanged()
08-22 06:25:41.447576  1041  1041 I AudioFlinger: setParameters: filtered keyvalue remove_clientTid=17130
08-22 06:25:41.447816  1041  1041 I AudioFlinger: +mAudioHwDevs(primary)->setParameters(): remove_clientTid=17130
08-22 06:25:41.449872   905  1075 W AudioALSAHardware: setParameters(), still have param.size() = 1, remain param = "remove_clientTid=17130"
08-22 06:25:41.450545  1041  1041 I AudioFlinger: -mAudioHwDevs(primary)->setParameters(): remove_clientTid=17130
08-22 06:25:41.450567  1041  1041 I AudioFlinger: +mAudioHwDevs(r_submix)->setParameters(): remove_clientTid=17130
08-22 06:25:41.450975  1041  1041 I AudioFlinger: -mAudioHwDevs(r_submix)->setParameters(): remove_clientTid=17130
08-22 06:25:41.451018  1041  1041 I AudioFlinger: +mAudioHwDevs(bluetooth)->setParameters(): remove_clientTid=17130
08-22 06:25:41.451395  1041  1041 I AudioFlinger: -mAudioHwDevs(bluetooth)->setParameters(): remove_clientTid=17130
08-22 06:25:41.470865  1041  1305 D APM_AudioPolicyManager: [MTK_APM_Output]releaseOutput() 13 portId 63
08-22 06:25:42.949128  9401  9421 I DebugLoggerUI/DebugLoggerUIService: -->startRecording(), logTypeCluster=1, reason=adb
08-22 06:25:42.962171  1175  4298 W NotificationCloudRule: no need to handle notification for same key, notification = NotificationRecord(0x051818d3: pkg=com.debug.loggerui user=UserHandle{0} id=365001 tag=null importance=4 key=0|com.debug.loggerui|365001|null|10145: Notification(channel=com.debug.loggerui.notification shortcut=null contentView=null vibrate=null sound=null defaults=0 flags=ONLY_ALERT_ONCE|FOREGROUND_SERVICE color=0x00000000 vis=PRIVATE))
08-22 06:25:48.455761  1175  4293 W NotificationCloudRule: no need to handle notification for same key, notification = NotificationRecord(0x0dffcf4b: pkg=com.debug.loggerui user=UserHandle{0} id=365001 tag=null importance=4 key=0|com.debug.loggerui|365001|null|10145: Notification(channel=com.debug.loggerui.notification shortcut=null contentView=null vibrate=null sound=null defaults=0 flags=ONLY_ALERT_ONCE|FOREGROUND_SERVICE color=0x00000000 vis=PRIVATE))
08-22 06:25:48.458941  1175  1871 D os.notification.SuspendJobManager: create job  com.transsion.util.SuspendJobManager$JobInfo@7f13a41 key:NotificationRecord(0x0dffcf4b: pkg=com.debug.loggerui user=UserHandle{0} id=365001 tag=null importance=4 key=0|com.debug.loggerui|365001|null|10145: Notification(channel=com.debug.loggerui.notification shortcut=null contentView=null vibrate=null sound=null defaults=0 flags=ONLY_ALERT_ONCE|FOREGROUND_SERVICE color=0x00000000 vis=PRIVATE)) data:com.android.server.notification.NotificationManagerService$$ExternalSyntheticLambda1@bbcbe6 sn:-1 owner:{}
08-22 06:25:48.460357  3965 17172 D os.notification: onNotifyNotification StatusBarNotification:StatusBarNotification(pkg=com.debug.loggerui user=UserHandle{0} id=365001 tag=null key=0|com.debug.loggerui|365001|null|10145: Notification(channel=null shortcut=null contentView=null vibrate=null sound=null defaults=0 flags=ONLY_ALERT_ONCE|FOREGROUND_SERVICE color=0x00000000 vis=PRIVATE)) callingUid:10145 NotificationChannel:NotificationChannel{mId='com.debug.loggerui.notification', mName=DebugLoggerUI, mDescription=, mImportance=4, mBypassDnd=false, mLockscreenVisibility=-1000, mSound=content://settings/system/notification_sound, mLights=false, mLightColor=0, mVibrationPattern=null, mVibrationEffect=null, mUserLockedFields=0, mUserVisibleTaskShown=true, mVibrationEnabled=false, mShowBadge=true, mDeleted=false, mDeletedTimeMs=-1, mGroup='null', mAudioAttributes=AudioAttributes: usage=USAGE_NOTIFICATION content=CONTENT_TYPE_SONIFICATION flags=0x800 tags= bundle=null, mBlockableSystem=false, mAllowBubbles=-1, mImportanceLockedDefaultApp=true, mOriginalImp=4, mParent=null, mConversationId=null, mDemoted=false, mImportantConvo=false, mLastNotificationUpdateTimeMs=0} receipt:com.transsion.app.IEnqueueNotificationReceipt$Stub$Proxy@c05d629 sn:132
08-22 06:25:48.482010  3965 17172 D os.notification: handleNotifyNotification notification:Notification(channel=null shortcut=null contentView=null vibrate=null sound=null defaults=0 flags=ONLY_ALERT_ONCE|FOREGROUND_SERVICE color=0x00000000 vis=PRIVATE)
08-22 06:25:48.484753  1175  1871 D os.notification.SuspendJobManager: done  com.transsion.util.SuspendJobManager$JobInfo@7f13a41 key:NotificationRecord(0x0dffcf4b: pkg=com.debug.loggerui user=UserHandle{0} id=365001 tag=null importance=4 key=0|com.debug.loggerui|365001|null|10145: Notification(channel=com.debug.loggerui.notification shortcut=null contentView=null vibrate=null sound=null defaults=0 flags=ONLY_ALERT_ONCE|FOREGROUND_SERVICE color=0x00000000 vis=PRIVATE)) data:com.android.server.notification.NotificationManagerService$$ExternalSyntheticLambda1@bbcbe6 sn:132 owner:{3965} for  app-3965-request
08-22 06:25:48.494294  9401  9421 I DebugLoggerUI/DebugLoggerUIService: <--startRecordingDone(), result = true, sucessType = 1, failType = 0
08-22 06:25:48.498589  9401  9421 W System.err: 	at com.debug.loggerui.framework.DebugLoggerUIService.startRecording(DebugLoggerUIService.java:1629)
08-22 06:25:48.769578  2669  3142 D SystemUINotificationLice: setThunderButtonVisibleNeeded Notification(channel=com.debug.loggerui.notification shortcut=null contentView=null vibrate=null sound=null defaults=0 flags=ONLY_ALERT_ONCE|NO_CLEAR|FOREGROUND_SERVICE color=0x00000000 vis=PRIVATE)
08-22 06:25:48.774351  2669  3142 D SystemUINotificationLice: setThunderButtonVisibleNeeded Notification(channel=com.debug.loggerui.notification shortcut=null contentView=null vibrate=null sound=null defaults=0 flags=ONLY_ALERT_ONCE|NO_CLEAR|FOREGROUND_SERVICE color=0x00000000 vis=PRIVATE)
08-22 06:25:48.777690  2669  3142 D SystemUINotificationLice: updateButtonVisibleIfNeeded Notification(channel=com.debug.loggerui.notification shortcut=null contentView=null vibrate=null sound=null defaults=0 flags=ONLY_ALERT_ONCE|NO_CLEAR|FOREGROUND_SERVICE color=0x00000000 vis=PRIVATE)
08-22 06:25:48.779430  2669  3142 D SystemUINotificationLice: setThunderButtonVisibleNeeded Notification(channel=com.debug.loggerui.notification shortcut=null contentView=null vibrate=null sound=null defaults=0 flags=ONLY_ALERT_ONCE|NO_CLEAR|FOREGROUND_SERVICE color=0x00000000 vis=PRIVATE)
08-22 06:25:48.781455  2669  3142 D SystemUINotificationLice: updateButtonVisibleIfNeeded Notification(channel=com.debug.loggerui.notification shortcut=null contentView=null vibrate=null sound=null defaults=0 flags=ONLY_ALERT_ONCE|NO_CLEAR|FOREGROUND_SERVICE color=0x00000000 vis=PRIVATE)
08-22 06:25:48.883257  9401  9421 I DebugLoggerUI/DebugLoggerUIService: -->stopRecording(), logTypeCluster=1, reason=adb
08-22 06:25:48.895498  1175  4293 W NotificationCloudRule: no need to handle notification for same key, notification = NotificationRecord(0x06bb9940: pkg=com.debug.loggerui user=UserHandle{0} id=365001 tag=null importance=4 key=0|com.debug.loggerui|365001|null|10145: Notification(channel=com.debug.loggerui.notification shortcut=null contentView=null vibrate=null sound=null defaults=0 flags=ONLY_ALERT_ONCE|FOREGROUND_SERVICE color=0x00000000 vis=PRIVATE))
08-22 06:25:48.897668  1175  1871 D os.notification.SuspendJobManager: create job  com.transsion.util.SuspendJobManager$JobInfo@b7e71be key:NotificationRecord(0x06bb9940: pkg=com.debug.loggerui user=UserHandle{0} id=365001 tag=null importance=4 key=0|com.debug.loggerui|365001|null|10145: Notification(channel=com.debug.loggerui.notification shortcut=null contentView=null vibrate=null sound=null defaults=0 flags=ONLY_ALERT_ONCE|FOREGROUND_SERVICE color=0x00000000 vis=PRIVATE)) data:com.android.server.notification.NotificationManagerService$$ExternalSyntheticLambda1@272821f sn:-1 owner:{}
08-22 06:25:48.898927  3965 17172 D os.notification: onNotifyNotification StatusBarNotification:StatusBarNotification(pkg=com.debug.loggerui user=UserHandle{0} id=365001 tag=null key=0|com.debug.loggerui|365001|null|10145: Notification(channel=null shortcut=null contentView=null vibrate=null sound=null defaults=0 flags=ONLY_ALERT_ONCE|FOREGROUND_SERVICE color=0x00000000 vis=PRIVATE)) callingUid:10145 NotificationChannel:NotificationChannel{mId='com.debug.loggerui.notification', mName=DebugLoggerUI, mDescription=, mImportance=4, mBypassDnd=false, mLockscreenVisibility=-1000, mSound=content://settings/system/notification_sound, mLights=false, mLightColor=0, mVibrationPattern=null, mVibrationEffect=null, mUserLockedFields=0, mUserVisibleTaskShown=true, mVibrationEnabled=false, mShowBadge=true, mDeleted=false, mDeletedTimeMs=-1, mGroup='null', mAudioAttributes=AudioAttributes: usage=USAGE_NOTIFICATION content=CONTENT_TYPE_SONIFICATION flags=0x800 tags= bundle=null, mBlockableSystem=false, mAllowBubbles=-1, mImportanceLockedDefaultApp=true, mOriginalImp=4, mParent=null, mConversationId=null, mDemoted=false, mImportantConvo=false, mLastNotificationUpdateTimeMs=0} receipt:com.transsion.app.IEnqueueNotificationReceipt$Stub$Proxy@5d0596b sn:133
08-22 06:25:48.917879  3965 17172 D os.notification: handleNotifyNotification notification:Notification(channel=null shortcut=null contentView=null vibrate=null sound=null defaults=0 flags=ONLY_ALERT_ONCE|FOREGROUND_SERVICE color=0x00000000 vis=PRIVATE)
08-22 06:25:48.920558  1175  1871 D os.notification.SuspendJobManager: done  com.transsion.util.SuspendJobManager$JobInfo@b7e71be key:NotificationRecord(0x06bb9940: pkg=com.debug.loggerui user=UserHandle{0} id=365001 tag=null importance=4 key=0|com.debug.loggerui|365001|null|10145: Notification(channel=com.debug.loggerui.notification shortcut=null contentView=null vibrate=null sound=null defaults=0 flags=ONLY_ALERT_ONCE|FOREGROUND_SERVICE color=0x00000000 vis=PRIVATE)) data:com.android.server.notification.NotificationManagerService$$ExternalSyntheticLambda1@272821f sn:133 owner:{3965} for  app-3965-request
08-22 06:25:51.067892  1175  4298 W NotificationCloudRule: no need to handle notification for same key, notification = NotificationRecord(0x08111a04: pkg=com.debug.loggerui user=UserHandle{0} id=365001 tag=null importance=4 key=0|com.debug.loggerui|365001|null|10145: Notification(channel=com.debug.loggerui.notification shortcut=null contentView=null vibrate=null sound=null defaults=0 flags=ONLY_ALERT_ONCE|FOREGROUND_SERVICE color=0x00000000 vis=PRIVATE))
08-22 06:25:51.104110  9401  9421 I DebugLoggerUI/DebugLoggerUIService: <--stopRecording(), result=true, sucessType = 1, failType = 0
08-22 06:26:05.843822  1175  1236 I TranTabeServiceManager: unbind tabe service and disconnected.
08-22 06:26:41.265573  5238  5582 I AudioManager: getCommunicationDevice
08-22 06:26:41.266172  1175  4298 I AS.AudioDeviceBroker: topCommunicationRouteClient: process no permission or mCommunicationRouteClients is empty
08-22 06:26:41.266276  1175  4298 I AS.AudioDeviceBroker: requestedCommunicationDevice: null mAudioModeOwner: AudioModeInfo: mMode=MODE_NORMAL, mPid=0, mUid=0
08-22 06:27:41.265353  5238  5582 I AudioManager: getCommunicationDevice
08-22 06:27:41.265818  1175  4247 I AS.AudioDeviceBroker: topCommunicationRouteClient: process no permission or mCommunicationRouteClients is empty
08-22 06:27:41.265923  1175  4247 I AS.AudioDeviceBroker: requestedCommunicationDevice: null mAudioModeOwner: AudioModeInfo: mMode=MODE_NORMAL, mPid=0, mUid=0
08-22 06:28:01.274123  1175  2542 W BestClock: java.time.DateTimeException: Missing network time fix
08-22 06:28:36.112314  4238  4848 I Kolun_AI.AIM_rec_HourProfile: hourParser:time=2025-08-16 17:00:00.000
08-22 06:28:36.112389  4238  4848 I Kolun_AI.AIM_rec_HourProfile: hourParser:time=2025-08-16 16:00:00.000
08-22 06:28:36.123058  4238  4848 I DataStorageManager: query type alg_app_open_statistics_summary 1755672600001 1755677400001 2147483647,re ,index INDEX_HOUR 2
08-22 06:28:36.123910  4238  4848 I Kolun_AI.AIM_rec_ProfileUtils: i=1 HourSummaryTime:2025-08-20 16:00:00.000 
08-22 06:28:36.123910  4238  4848 I Kolun_AI.AIM_rec_ProfileUtils: HourSummary:{}
08-22 06:28:41.310839  5238  5582 I AudioManager: getCommunicationDevice
08-22 06:28:41.311475  1175  2840 I AS.AudioDeviceBroker: topCommunicationRouteClient: process no permission or mCommunicationRouteClients is empty
08-22 06:28:41.311650  1175  2840 I AS.AudioDeviceBroker: requestedCommunicationDevice: null mAudioModeOwner: AudioModeInfo: mMode=MODE_NORMAL, mPid=0, mUid=0
08-22 06:29:41.388564  5238  5582 I AudioManager: getCommunicationDevice
08-22 06:29:41.389194  1175  2840 I AS.AudioDeviceBroker: topCommunicationRouteClient: process no permission or mCommunicationRouteClients is empty
08-22 06:29:41.389336  1175  2840 I AS.AudioDeviceBroker: requestedCommunicationDevice: null mAudioModeOwner: AudioModeInfo: mMode=MODE_NORMAL, mPid=0, mUid=0
08-22 06:30:41.414733  5238  5582 I AudioManager: getCommunicationDevice
08-22 06:30:41.415471  1175  2979 I AS.AudioDeviceBroker: topCommunicationRouteClient: process no permission or mCommunicationRouteClients is empty
08-22 06:30:41.415786  1175  2979 I AS.AudioDeviceBroker: requestedCommunicationDevice: null mAudioModeOwner: AudioModeInfo: mMode=MODE_NORMAL, mPid=0, mUid=0
08-22 06:31:10.067123  1175  3662 W BestClock: java.time.DateTimeException: Missing network time fix
08-22 06:31:41.494764  5238  5582 I AudioManager: getCommunicationDevice
08-22 06:31:41.495782  1175  2840 I AS.AudioDeviceBroker: topCommunicationRouteClient: process no permission or mCommunicationRouteClients is empty
08-22 06:31:41.496133  1175  2840 I AS.AudioDeviceBroker: requestedCommunicationDevice: null mAudioModeOwner: AudioModeInfo: mMode=MODE_NORMAL, mPid=0, mUid=0
08-22 06:32:32.912370  1175  2542 W BestClock: java.time.DateTimeException: Missing network time fix
08-22 06:32:41.652120  5238  5582 I AudioManager: getCommunicationDevice
08-22 06:32:41.653132  1175  2979 I AS.AudioDeviceBroker: topCommunicationRouteClient: process no permission or mCommunicationRouteClients is empty
08-22 06:32:41.653365  1175  2979 I AS.AudioDeviceBroker: requestedCommunicationDevice: null mAudioModeOwner: AudioModeInfo: mMode=MODE_NORMAL, mPid=0, mUid=0
08-22 06:32:47.875123   976   976 W         : i=2 tz_data[i].tz_idx[0]=5
08-22 06:33:03.061239  1175  2542 W BestClock: java.time.DateTimeException: Missing network time fix
08-22 06:33:41.597377  5238  5582 I AudioManager: getCommunicationDevice
08-22 06:33:41.597784  1175  2840 I AS.AudioDeviceBroker: topCommunicationRouteClient: process no permission or mCommunicationRouteClients is empty
08-22 06:33:41.597888  1175  2840 I AS.AudioDeviceBroker: requestedCommunicationDevice: null mAudioModeOwner: AudioModeInfo: mMode=MODE_NORMAL, mPid=0, mUid=0
08-22 06:34:41.585933  5238  5582 I AudioManager: getCommunicationDevice
08-22 06:34:41.586347  1175  1196 I AS.AudioDeviceBroker: topCommunicationRouteClient: process no permission or mCommunicationRouteClients is empty
08-22 06:34:41.586449  1175  1196 I AS.AudioDeviceBroker: requestedCommunicationDevice: null mAudioModeOwner: AudioModeInfo: mMode=MODE_NORMAL, mPid=0, mUid=0
08-22 06:35:38.812123   976   976 W         : i=9 tz_data[i].tz_idx[0]=2
08-22 06:35:41.644486  5238  5582 I AudioManager: getCommunicationDevice
08-22 06:35:41.645639  1175  1196 I AS.AudioDeviceBroker: topCommunicationRouteClient: process no permission or mCommunicationRouteClients is empty
08-22 06:35:41.646347  1175  1196 I AS.AudioDeviceBroker: requestedCommunicationDevice: null mAudioModeOwner: AudioModeInfo: mMode=MODE_NORMAL, mPid=0, mUid=0
08-22 06:36:39.123708   976   976 W         : i=0 tz_data[i].tz_idx[0]=2
08-22 06:36:39.123808   976   976 W         : i=1 tz_data[i].tz_idx[0]=2
08-22 06:36:39.123889   976   976 W         : i=2 tz_data[i].tz_idx[0]=5
08-22 06:36:39.123969   976   976 W         : i=3 tz_data[i].tz_idx[0]=6
08-22 06:36:41.697053  5238  5582 I AudioManager: getCommunicationDevice
08-22 06:36:41.697601  1175  2979 I AS.AudioDeviceBroker: topCommunicationRouteClient: process no permission or mCommunicationRouteClients is empty
08-22 06:36:41.697708  1175  2979 I AS.AudioDeviceBroker: requestedCommunicationDevice: null mAudioModeOwner: AudioModeInfo: mMode=MODE_NORMAL, mPid=0, mUid=0
08-22 06:37:41.761843  5238  5582 I AudioManager: getCommunicationDevice
08-22 06:37:41.762277  1175  1196 I AS.AudioDeviceBroker: topCommunicationRouteClient: process no permission or mCommunicationRouteClients is empty
08-22 06:37:41.762420  1175  1196 I AS.AudioDeviceBroker: requestedCommunicationDevice: null mAudioModeOwner: AudioModeInfo: mMode=MODE_NORMAL, mPid=0, mUid=0
08-22 06:38:05.112361  2973  5695 I TranTele/TranPhoneInterfaceManager: [onReceive] action: android.intent.action.BATTERY_CHANGED
08-22 06:38:41.840533  5238  5582 I AudioManager: getCommunicationDevice
08-22 06:38:41.841587  1175  2979 I AS.AudioDeviceBroker: topCommunicationRouteClient: process no permission or mCommunicationRouteClients is empty
08-22 06:38:41.841908  1175  2979 I AS.AudioDeviceBroker: requestedCommunicationDevice: null mAudioModeOwner: AudioModeInfo: mMode=MODE_NORMAL, mPid=0, mUid=0
08-22 06:38:45.123380  1175  2542 W BestClock: java.time.DateTimeException: Missing network time fix
08-22 06:39:16.891234  1354  1354 I thermal_repeater: [recvMdThermalInfo] ret=24, strLen=127,  1, 32767,,, 0, 32767, 0
08-22 06:39:41.844004  5238  5582 I AudioManager: getCommunicationDevice
08-22 06:39:41.844490  1175  2840 I AS.AudioDeviceBroker: topCommunicationRouteClient: process no permission or mCommunicationRouteClients is empty
08-22 06:39:41.844626  1175  2840 I AS.AudioDeviceBroker: requestedCommunicationDevice: null mAudioModeOwner: AudioModeInfo: mMode=MODE_NORMAL, mPid=0, mUid=0
08-22 06:39:43.022477  9401  9421 I DebugLoggerUI/DebugLoggerUIService: -->startRecording(), logTypeCluster=1, reason=adb
08-22 06:39:43.035782  1175  1196 W NotificationCloudRule: no need to handle notification for same key, notification = NotificationRecord(0x0669fd1c: pkg=com.debug.loggerui user=UserHandle{0} id=365001 tag=null importance=4 key=0|com.debug.loggerui|365001|null|10145: Notification(channel=com.debug.loggerui.notification shortcut=null contentView=null vibrate=null sound=null defaults=0 flags=ONLY_ALERT_ONCE|FOREGROUND_SERVICE color=0x00000000 vis=PRIVATE))
08-22 06:39:48.516927  1175  1196 W NotificationCloudRule: no need to handle notification for same key, notification = NotificationRecord(0x09e92bdd: pkg=com.debug.loggerui user=UserHandle{0} id=365001 tag=null importance=4 key=0|com.debug.loggerui|365001|null|10145: Notification(channel=com.debug.loggerui.notification shortcut=null contentView=null vibrate=null sound=null defaults=0 flags=ONLY_ALERT_ONCE|FOREGROUND_SERVICE color=0x00000000 vis=PRIVATE))
08-22 06:39:48.519698  1175  1871 D os.notification.SuspendJobManager: create job  com.transsion.util.SuspendJobManager$JobInfo@4bc0623 key:NotificationRecord(0x09e92bdd: pkg=com.debug.loggerui user=UserHandle{0} id=365001 tag=null importance=4 key=0|com.debug.loggerui|365001|null|10145: Notification(channel=com.debug.loggerui.notification shortcut=null contentView=null vibrate=null sound=null defaults=0 flags=ONLY_ALERT_ONCE|FOREGROUND_SERVICE color=0x00000000 vis=PRIVATE)) data:com.android.server.notification.NotificationManagerService$$ExternalSyntheticLambda1@fff7720 sn:-1 owner:{}
08-22 06:39:48.522439  3965 17172 D os.notification: onNotifyNotification StatusBarNotification:StatusBarNotification(pkg=com.debug.loggerui user=UserHandle{0} id=365001 tag=null key=0|com.debug.loggerui|365001|null|10145: Notification(channel=null shortcut=null contentView=null vibrate=null sound=null defaults=0 flags=ONLY_ALERT_ONCE|FOREGROUND_SERVICE color=0x00000000 vis=PRIVATE)) callingUid:10145 NotificationChannel:NotificationChannel{mId='com.debug.loggerui.notification', mName=DebugLoggerUI, mDescription=, mImportance=4, mBypassDnd=false, mLockscreenVisibility=-1000, mSound=content://settings/system/notification_sound, mLights=false, mLightColor=0, mVibrationPattern=null, mVibrationEffect=null, mUserLockedFields=0, mUserVisibleTaskShown=true, mVibrationEnabled=false, mShowBadge=true, mDeleted=false, mDeletedTimeMs=-1, mGroup='null', mAudioAttributes=AudioAttributes: usage=USAGE_NOTIFICATION content=CONTENT_TYPE_SONIFICATION flags=0x800 tags= bundle=null, mBlockableSystem=false, mAllowBubbles=-1, mImportanceLockedDefaultApp=true, mOriginalImp=4, mParent=null, mConversationId=null, mDemoted=false, mImportantConvo=false, mLastNotificationUpdateTimeMs=0} receipt:com.transsion.app.IEnqueueNotificationReceipt$Stub$Proxy@3e53d0d sn:136
08-22 06:39:48.546737  3965 17172 D os.notification: handleNotifyNotification notification:Notification(channel=null shortcut=null contentView=null vibrate=null sound=null defaults=0 flags=ONLY_ALERT_ONCE|FOREGROUND_SERVICE color=0x00000000 vis=PRIVATE)
08-22 06:39:48.549701  1175  1871 D os.notification.SuspendJobManager: done  com.transsion.util.SuspendJobManager$JobInfo@4bc0623 key:NotificationRecord(0x09e92bdd: pkg=com.debug.loggerui user=UserHandle{0} id=365001 tag=null importance=4 key=0|com.debug.loggerui|365001|null|10145: Notification(channel=com.debug.loggerui.notification shortcut=null contentView=null vibrate=null sound=null defaults=0 flags=ONLY_ALERT_ONCE|FOREGROUND_SERVICE color=0x00000000 vis=PRIVATE)) data:com.android.server.notification.NotificationManagerService$$ExternalSyntheticLambda1@fff7720 sn:136 owner:{3965} for  app-3965-request
08-22 06:39:48.559687  9401  9421 I DebugLoggerUI/DebugLoggerUIService: <--startRecordingDone(), result = true, sucessType = 1, failType = 0
08-22 06:39:48.563204  9401  9421 W System.err: 	at com.debug.loggerui.framework.DebugLoggerUIService.startRecording(DebugLoggerUIService.java:1629)
08-22 06:39:48.564019  9401  9421 I DebugLoggerUI/DebugLoggerUIService: -->stopRecording(), logTypeCluster=1, reason=adb
08-22 06:39:48.572479  1175  1196 W NotificationCloudRule: no need to handle notification for same key, notification = NotificationRecord(0x038d329e: pkg=com.debug.loggerui user=UserHandle{0} id=365001 tag=null importance=4 key=0|com.debug.loggerui|365001|null|10145: Notification(channel=com.debug.loggerui.notification shortcut=null contentView=null vibrate=null sound=null defaults=0 flags=ONLY_ALERT_ONCE|FOREGROUND_SERVICE color=0x00000000 vis=PRIVATE))
08-22 06:39:48.574646  1175  1871 D os.notification.SuspendJobManager: create job  com.transsion.util.SuspendJobManager$JobInfo@d34e54c key:NotificationRecord(0x038d329e: pkg=com.debug.loggerui user=UserHandle{0} id=365001 tag=null importance=4 key=0|com.debug.loggerui|365001|null|10145: Notification(channel=com.debug.loggerui.notification shortcut=null contentView=null vibrate=null sound=null defaults=0 flags=ONLY_ALERT_ONCE|FOREGROUND_SERVICE color=0x00000000 vis=PRIVATE)) data:com.android.server.notification.NotificationManagerService$$ExternalSyntheticLambda1@22af995 sn:-1 owner:{}
