08-22 08:09:10.386399  1074  1526 I BufferQueueDebug: [a6586b2 TrVolumeDialogImpl#979](this:0xb400007310aa5848,id:-1,api:0,p:-1,c:-1) BufferQueue core=(1074:/system/bin/surfaceflinger)
08-22 08:09:10.390666  2669  2669 I vol.Events: writeEvent show_dialog volume_changed keyguard=false
08-22 08:09:10.399946  1074  1527 I BufferQueueDebug: [TrVolumeDialogImpl#980](this:0xb400007310aa2ab8,id:-1,api:0,p:-1,c:-1) BufferQueue core=(1074:/system/bin/surfaceflinger)
08-22 08:09:11.283547  1175  1899 I TranSecureCamExt: handleVolumeKey
08-22 08:09:11.285813  1175  1899 I AS.AudioService: getMode, get current owner's mode
08-22 08:09:11.285962  1175  1899 I AS.AudioService: getMode, currentModeHandler is null
08-22 08:09:11.433950   992  1032 I libPowerHal: [recordCPUFreqInfo] set cluster[0] min(-1): -1 max(-1): -1 cluster[1] min(-1): -1 max(-1): -1
08-22 08:09:11.435027  1175  1175 I AS.AudioService: adjustSuggestedStreamVolume() stream=-2147483648, flags=4113, caller=android, volControlStream=3, userSelect=false
08-22 08:09:11.435822  1175  1175 I AS.AudioService: isInCommunication IsInCall = false mode = 0
08-22 08:09:11.439277  1175  1175 I AS.AudioService: getActiveStreamType: Forcing DEFAULT_VOL_STREAM_NO_PLAYBACK(3) b/c default
08-22 08:09:11.440935  1175  1175 I AS.AudioService: adjustStreamVolume() stream=3, dir=-1, flags=4113, caller=android
08-22 08:09:11.441322  1175  1175 I AS.AudioService: adjustStreamVolume getDeviceForStream device = 2
08-22 08:09:11.442358  1175  1175 I AS.AudioService: updateVolumeGroupIndex for stream 11, muted=false, device=2, index=80, group AUDIO_STREAM_ASSISTANT Muted=false, Index=8, forceMuteState=false
08-22 08:09:11.445110  1175  1175 I AS.AudioService: updateVolumeGroupIndex for stream 10, muted=false, device=2, index=85, group AUDIO_STREAM_ACCESSIBILITY Muted=false, Index=9, forceMuteState=false
08-22 08:09:11.445907  1175  1175 I AS.AudioService: updateVolumeGroupIndex for stream 9, muted=false, device=2, index=80, group AUDIO_STREAM_TTS Muted=false, Index=8, forceMuteState=false
08-22 08:09:11.448599  4238  4238 I VolumeDataCollector: onReceive android.media.VOLUME_CHANGED_ACTION
08-22 08:09:11.449017  4238  4238 I VolumeDataCollector: streamType 11
08-22 08:09:11.449145  1175  1175 I AS.AudioService: updateVolumeGroupIndex for stream 3, muted=false, device=2, index=80, group AUDIO_STREAM_MUSIC Muted=false, Index=8, forceMuteState=false
08-22 08:09:11.453844  4238  4238 I VolumeDataCollector: onReceive android.media.VOLUME_CHANGED_ACTION
08-22 08:09:11.454102  4238  4238 I VolumeDataCollector: streamType 9
08-22 08:09:11.454480  1175  1175 I AS.AudioService:  newIndex For ui = 80
08-22 08:09:11.454780  1175  2453 I AS.AudioService: setStreamVolumeIndexAS(3, 8, 2)
08-22 08:09:11.454867  1175  2453 I AudioSystem: setStreamVolumeIndex: STREAM_MUSIC dev=2 idx=8
08-22 08:09:11.454994  1175  1175 I TranAudioService: checkVibrationPermission=true checkUpdateAppOpsStatsPermission:true
08-22 08:09:11.457045  1175  2453 I AS.AudioService: setStreamVolumeIndexAS(11, 8, 2)
08-22 08:09:11.457180  1175  2453 I AudioSystem: setStreamVolumeIndex: STREAM_ASSISTANT dev=2 idx=8
08-22 08:09:11.458447  4238  4238 I VolumeDataCollector: onReceive android.media.VOLUME_CHANGED_ACTION
08-22 08:09:11.458555  1175  2453 I AS.AudioService: setStreamVolumeIndexAS(10, 9, 2)
08-22 08:09:11.458597  4238  4238 I VolumeDataCollector: streamType 3
08-22 08:09:11.458631  1175  2453 I AudioSystem: setStreamVolumeIndex: STREAM_ACCESSIBILITY dev=2 idx=9
08-22 08:09:11.459138  4238 18285 I CacheManager:  save new data to cache volume_event
08-22 08:09:11.460033  1175  2453 I AS.AudioService: setStreamVolumeIndexAS(9, 8, 2)
08-22 08:09:11.460148  1175  2453 I AudioSystem: setStreamVolumeIndex: STREAM_TTS dev=2 idx=8
08-22 08:09:11.461590  1175  1899 I TranSecureCamExt: handleVolumeKey
08-22 08:09:11.462899  1175  2476 I AudioManager: getDevices, flags = 2
08-22 08:09:11.464426  1175  1175 I AS.AudioService: adjustSuggestedStreamVolume() stream=-2147483648, flags=4116, caller=android, volControlStream=3, userSelect=false
08-22 08:09:11.465194  1175  1175 I AS.AudioService: isInCommunication IsInCall = false mode = 0
08-22 08:09:11.466976  1175  1175 I AS.AudioService: getActiveStreamType: Forcing DEFAULT_VOL_STREAM_NO_PLAYBACK(3) b/c default
08-22 08:09:11.467629  1175  1175 I AS.AudioService: adjustStreamVolume() stream=3, dir=0, flags=4112, caller=android
08-22 08:09:11.467770  1175  1175 I AS.AudioService: adjustStreamVolume getDeviceForStream device = 2
08-22 08:09:11.468032  1175  1175 I AS.AudioService:  newIndex For ui = 80
08-22 08:09:11.468451  1175  1175 I TranAudioService: checkVibrationPermission=true checkUpdateAppOpsStatsPermission:true
08-22 08:09:11.459294  4238 18285 I bsc     : notifyDataChange in volume_event, 1
08-22 08:09:11.469794  4238 18252 I DataServiceImplV2: StandardDataService notifyDataChange  curServiceName StandardDataService type:volume_event
08-22 08:09:11.470250  4238 18252 I Kolun_AI.SystemEventSubscribe:  onPublishData {"type":"volume_event","time":1755821351458,"data":"{\"prevStreamValue\":9,\"streamType\":3,\"streamTypeAlias\":3,\"streamValue\":8}","provider":"dc","dc_version":2030380000,"data_version":1,"user_id":0}
08-22 08:09:11.470271  4238 18252 I Kolun_AI.SystemEventSubscribe:  publisher.getMatcher() volume_event
08-22 08:09:11.470405  4238 18252 I ApiInvoke1.7.1: SubscribeManager: publishData success host DataCenter#StandardDataService matcher volume_event
08-22 08:09:11.470436  4238 18252 I ApiInvoke1.7.1: ApiRequest: do publishData to local, matcher = volume_event
08-22 08:09:11.470516  4238 18252 I ApiInvoke1.7.1: ChannelChain: addChain, path=Publish{process='com.transsion.kolun.aiservice', channelName='DataCenter', matcher='volume_event', apiName='StandardDataService'} size 1
08-22 08:09:11.470565  4238 18252 W ApiInvoke1.7.1: SubscribeBusServerImpl: onSafePublishData start ==>> publisher Publisher{channel='DataCenter', apiName='StandardDataService', label='volume_event'}
08-22 08:09:11.471073  4238 18252 W ApiInvoke1.7.1: ApiRequest: do publishData to remote volume_event
08-22 08:09:11.478693  2669  2669 I vol.TrVolumeDialogImpl: showH r=volume_changed
08-22 08:09:11.479316  1175  4245 I AS.AudioService: Volume controller visible: true
08-22 08:09:11.479526  1074  1074 I BufferQueueProducer: [TrVolumeDialogImpl#980](this:0xb400007310aa2ab8,id:-1,api:0,p:-1,c:1074) queueBuffer: fps=10.49 dur=1048.94 max=883.33 min=15.68
08-22 08:09:11.480272  2669  2669 I vol.Events: writeEvent show_dialog volume_changed keyguard=false
08-22 08:09:11.497024  2669  2669 W FrameTracker: Missed SF frame:UNKNOWN: 80, 287689, 5302845, CUJ=J<VOLUME_CONTROL::show>
08-22 08:09:11.497149  2669  2669 W FrameTracker: Missed SF frame:UNKNOWN: 80, 287717, 6491870, CUJ=J<VOLUME_CONTROL::show>
08-22 08:09:11.497211  2669  2669 W FrameTracker: Missed SF frame:UNKNOWN: 80, 287745, 6661280, CUJ=J<VOLUME_CONTROL::show>
08-22 08:09:11.497269  2669  2669 W FrameTracker: Missed SF frame:UNKNOWN: 80, 287773, 7132997, CUJ=J<VOLUME_CONTROL::show>
08-22 08:09:11.497324  2669  2669 W FrameTracker: Missed SF frame:UNKNOWN: 80, 287829, 4196664, CUJ=J<VOLUME_CONTROL::show>
08-22 08:09:11.497382  2669  2669 W FrameTracker: Missed SF frame:UNKNOWN: 80, 287885, 5861791, CUJ=J<VOLUME_CONTROL::show>
08-22 08:09:11.679949  1175  4245 W InputManager-JNI: Input channel object 'a6586b2 TrVolumeDialogImpl (client)' was disposed without first being removed with the input manager!
08-22 08:09:11.688462  1175  3132 I AS.AudioService: Volume controller visible: false
08-22 08:09:11.689693  1175  3132 I AS.AudioService: forceVolumeControlStream(-1)
08-22 08:09:11.690177  1175  3132 I AS.AudioService: Volume controller visible: true
08-22 08:09:11.697587  1074  1074 I SurfaceFlinger: onHandleDestroyed: name=a6586b2 TrVolumeDialogImpl#979, layerId=979, parentId=0
08-22 08:09:11.697758  1074  1074 I SurfaceFlinger: onHandleDestroyed: name=TrVolumeDialogImpl#980, layerId=980, parentId=0
08-22 08:09:11.713587  1074  1074 I BufferQueueDebug: [TrVolumeDialogImpl#980](this:0xb400007310aa2ab8,id:-1,api:0,p:-1,c:1074) onDestructor()
08-22 08:09:11.714036  1074  1074 I BufferQueueDebug: [a6586b2 TrVolumeDialogImpl#979](this:0xb400007310aa5848,id:-1,api:0,p:-1,c:1074) onDestructor()
08-22 08:09:11.834385  1175  1899 I TranSecureCamExt: handleVolumeKey
08-22 08:09:11.836501  1175  1899 I AS.AudioService: getMode, get current owner's mode
08-22 08:09:11.836701  1175  1899 I AS.AudioService: getMode, currentModeHandler is null
08-22 08:09:11.975536  1175  1899 I TranSecureCamExt: handleVolumeKey
08-22 08:09:11.983947  1175  1175 I AS.AudioService: adjustSuggestedStreamVolume() stream=-2147483648, flags=4113, caller=android, volControlStream=-1, userSelect=false
08-22 08:09:11.984963  1175  1175 I AS.AudioService: isInCommunication IsInCall = false mode = 0
08-22 08:09:11.987983  1175  1175 I AS.AudioService: getActiveStreamType: Forcing DEFAULT_VOL_STREAM_NO_PLAYBACK(3) b/c default
08-22 08:09:11.988957  1175  1175 I AS.AudioService: adjustStreamVolume() stream=3, dir=-1, flags=4113, caller=android
08-22 08:09:11.989097  1175  1175 I AS.AudioService: adjustStreamVolume getDeviceForStream device = 2
08-22 08:09:11.989968  1175  1175 I AS.AudioService: updateVolumeGroupIndex for stream 11, muted=false, device=2, index=70, group AUDIO_STREAM_ASSISTANT Muted=false, Index=7, forceMuteState=false
08-22 08:09:11.991950  1175  1175 I AS.AudioService: updateVolumeGroupIndex for stream 10, muted=false, device=2, index=75, group AUDIO_STREAM_ACCESSIBILITY Muted=false, Index=8, forceMuteState=false
08-22 08:09:11.998731  1175  1175 I AS.AudioService: updateVolumeGroupIndex for stream 9, muted=false, device=2, index=70, group AUDIO_STREAM_TTS Muted=false, Index=7, forceMuteState=false
08-22 08:09:12.000607  4238  4238 I VolumeDataCollector: onReceive android.media.VOLUME_CHANGED_ACTION
08-22 08:09:12.000672  4238  4238 I VolumeDataCollector: streamType 11
08-22 08:09:12.004446  4238  4238 I VolumeDataCollector: onReceive android.media.VOLUME_CHANGED_ACTION
08-22 08:09:12.004504  4238  4238 I VolumeDataCollector: streamType 10
08-22 08:09:12.006756  1175  1175 I AS.AudioService: updateVolumeGroupIndex for stream 3, muted=false, device=2, index=70, group AUDIO_STREAM_MUSIC Muted=false, Index=7, forceMuteState=false
08-22 08:09:12.010083  4238  4238 I VolumeDataCollector: onReceive android.media.VOLUME_CHANGED_ACTION
08-22 08:09:12.010192  4238  4238 I VolumeDataCollector: streamType 9
08-22 08:09:12.011340  1175  1175 I AS.AudioService:  newIndex For ui = 70
08-22 08:09:12.011942  1175  1175 I TranAudioService: checkVibrationPermission=true checkUpdateAppOpsStatsPermission:true
08-22 08:09:12.012034  1175  2453 I AS.AudioService: setStreamVolumeIndexAS(3, 7, 2)
08-22 08:09:12.012103  1175  2453 I AudioSystem: setStreamVolumeIndex: STREAM_MUSIC dev=2 idx=7
08-22 08:09:12.013991  1175  3132 I AS.AudioService: forceVolumeControlStream(3)
08-22 08:09:12.014051  4238  4238 I VolumeDataCollector: onReceive android.media.VOLUME_CHANGED_ACTION
08-22 08:09:12.014137  4238  4238 I VolumeDataCollector: streamType 3
08-22 08:09:12.014635  4238 18285 I CacheManager:  save new data to cache volume_event
08-22 08:09:12.014713  4238 18285 I bsc     : notifyDataChange in volume_event, 1
08-22 08:09:12.015386  1175  2453 I AS.AudioService: setStreamVolumeIndexAS(11, 7, 2)
08-22 08:09:12.015486  1175  2453 I AudioSystem: setStreamVolumeIndex: STREAM_ASSISTANT dev=2 idx=7
08-22 08:09:12.015116  4238 18252 I DataServiceImplV2: StandardDataService notifyDataChange  curServiceName StandardDataService type:volume_event
08-22 08:09:12.017225  1175  2453 I AS.AudioService: setStreamVolumeIndexAS(10, 8, 2)
08-22 08:09:12.017294  1175  2453 I AudioSystem: setStreamVolumeIndex: STREAM_ACCESSIBILITY dev=2 idx=8
08-22 08:09:12.017630  4238 18252 I Kolun_AI.SystemEventSubscribe:  onPublishData {"type":"volume_event","time":1755821352014,"data":"{\"prevStreamValue\":8,\"streamType\":3,\"streamTypeAlias\":3,\"streamValue\":7}","provider":"dc","dc_version":2030380000,"data_version":1,"user_id":0}
08-22 08:09:12.017668  4238 18252 I Kolun_AI.SystemEventSubscribe:  publisher.getMatcher() volume_event
08-22 08:09:12.018242  4238 18252 I ApiInvoke1.7.1: SubscribeManager: publishData success host DataCenter#StandardDataService matcher volume_event
08-22 08:09:12.018327  4238 18252 I ApiInvoke1.7.1: ApiRequest: do publishData to local, matcher = volume_event
08-22 08:09:12.018479  4238 18252 I ApiInvoke1.7.1: ChannelChain: addChain, path=Publish{process='com.transsion.kolun.aiservice', channelName='DataCenter', matcher='volume_event', apiName='StandardDataService'} size 1
08-22 08:09:12.018578  4238 18252 W ApiInvoke1.7.1: SubscribeBusServerImpl: onSafePublishData start ==>> publisher Publisher{channel='DataCenter', apiName='StandardDataService', label='volume_event'}
08-22 08:09:12.018697  1175  2453 I AS.AudioService: setStreamVolumeIndexAS(9, 7, 2)
08-22 08:09:12.018741  1175  2453 I AudioSystem: setStreamVolumeIndex: STREAM_TTS dev=2 idx=7
08-22 08:09:12.019574  4238 18252 W ApiInvoke1.7.1: ApiRequest: do publishData to remote volume_event
08-22 08:09:12.020738  1175  2476 I AudioManager: getDevices, flags = 2
08-22 08:09:12.023462  2669  2669 I vol.TrVolumeDialogImpl: showH r=volume_changed
08-22 08:09:12.024098  1175  2979 I AS.AudioService: Volume controller visible: true
08-22 08:09:12.025095  1175  1175 I AS.AudioService: adjustSuggestedStreamVolume() stream=-2147483648, flags=4116, caller=android, volControlStream=3, userSelect=false
08-22 08:09:12.025580  1175  1175 I AS.AudioService: isInCommunication IsInCall = false mode = 0
08-22 08:09:12.027500  1175  1175 I AS.AudioService: getActiveStreamType: Forcing DEFAULT_VOL_STREAM_NO_PLAYBACK(3) b/c default
08-22 08:09:12.028444  1175  1175 I AS.AudioService: adjustStreamVolume() stream=3, dir=0, flags=4112, caller=android
08-22 08:09:12.028588  1175  1175 I AS.AudioService: adjustStreamVolume getDeviceForStream device = 2
08-22 08:09:12.028864  1175  1175 I AS.AudioService:  newIndex For ui = 70
08-22 08:09:12.029214  1175  1175 I TranAudioService: checkVibrationPermission=true checkUpdateAppOpsStatsPermission:true
08-22 08:09:12.043520  1074  1527 I BufferQueueDebug: [8e36529 TrVolumeDialogImpl#982](this:0xb400007310aa5848,id:-1,api:0,p:-1,c:-1) BufferQueue core=(1074:/system/bin/surfaceflinger)
08-22 08:09:12.047358  2669  2669 I vol.Events: writeEvent show_dialog volume_changed keyguard=false
08-22 08:09:12.054536  1074  1527 I BufferQueueDebug: [TrVolumeDialogImpl#983](this:0xb400007310aa2ab8,id:-1,api:0,p:-1,c:-1) BufferQueue core=(1074:/system/bin/surfaceflinger)
08-22 08:09:12.284080  1175  1899 I TranSecureCamExt: handleVolumeKey
08-22 08:09:12.286225  1175  1899 I AS.AudioService: getMode, get current owner's mode
08-22 08:09:12.286324  1175  1899 I AS.AudioService: getMode, currentModeHandler is null
08-22 08:09:12.287801  2669  2669 W FrameTracker: Missed SF frame:UNKNOWN: 80, 288947, 10309043, CUJ=J<VOLUME_CONTROL::show>
08-22 08:09:12.287866  2669  2669 W FrameTracker: Missed SF frame:UNKNOWN: 80, 288989, 11598785, CUJ=J<VOLUME_CONTROL::show>
08-22 08:09:12.287888  2669  2669 W FrameTracker: Missed SF frame:UNKNOWN: 80, 289031, 12796144, CUJ=J<VOLUME_CONTROL::show>
08-22 08:09:12.287916  2669  2669 W FrameTracker: Missed SF frame:UNKNOWN: 80, 289073, 11755194, CUJ=J<VOLUME_CONTROL::show>
08-22 08:09:12.287945  2669  2669 W FrameTracker: Missed SF frame:UNKNOWN: 80, 289115, 10820630, CUJ=J<VOLUME_CONTROL::show>
08-22 08:09:12.356509   992  1032 I libPowerHal: [recordCPUFreqInfo] set cluster[0] min(MTKPOWER_HINT_LAUNCHER_ANIMA): 2000000 max(-1): -1 cluster[1] min(MTKPOWER_HINT_LAUNCHER_ANIMA): 2400000 max(-1): -1
08-22 08:09:12.433910  1175  1175 I AS.AudioService: adjustSuggestedStreamVolume() stream=-2147483648, flags=4113, caller=android, volControlStream=3, userSelect=false
08-22 08:09:12.434426  1175  1175 I AS.AudioService: isInCommunication IsInCall = false mode = 0
08-22 08:09:12.436123  1175  1175 I AS.AudioService: getActiveStreamType: Forcing DEFAULT_VOL_STREAM_NO_PLAYBACK(3) b/c default
08-22 08:09:12.439757  1175  1175 I AS.AudioService: adjustStreamVolume() stream=3, dir=-1, flags=4113, caller=android
08-22 08:09:12.439996  1175  1175 I AS.AudioService: adjustStreamVolume getDeviceForStream device = 2
08-22 08:09:12.440876  1175  1175 I AS.AudioService: updateVolumeGroupIndex for stream 11, muted=false, device=2, index=60, group AUDIO_STREAM_ASSISTANT Muted=false, Index=6, forceMuteState=false
08-22 08:09:12.442781  1175  1175 I AS.AudioService: updateVolumeGroupIndex for stream 10, muted=false, device=2, index=66, group AUDIO_STREAM_ACCESSIBILITY Muted=false, Index=7, forceMuteState=false
08-22 08:09:12.445700  4238  4238 I VolumeDataCollector: onReceive android.media.VOLUME_CHANGED_ACTION
08-22 08:09:12.445815  4238  4238 I VolumeDataCollector: streamType 11
08-22 08:09:12.447405  1175  1175 I AS.AudioService: updateVolumeGroupIndex for stream 9, muted=false, device=2, index=60, group AUDIO_STREAM_TTS Muted=false, Index=6, forceMuteState=false
08-22 08:09:12.448603  4238  4238 I VolumeDataCollector: onReceive android.media.VOLUME_CHANGED_ACTION
08-22 08:09:12.448666  4238  4238 I VolumeDataCollector: streamType 10
08-22 08:09:12.449659  1175  1175 I AS.AudioService: updateVolumeGroupIndex for stream 3, muted=false, device=2, index=60, group AUDIO_STREAM_MUSIC Muted=false, Index=6, forceMuteState=false
08-22 08:09:12.451630  4238  4238 I VolumeDataCollector: onReceive android.media.VOLUME_CHANGED_ACTION
08-22 08:09:12.451700  4238  4238 I VolumeDataCollector: streamType 9
08-22 08:09:12.451926  1175  1175 I AS.AudioService:  newIndex For ui = 60
08-22 08:09:12.452146  1175  2453 I AS.AudioService: setStreamVolumeIndexAS(3, 6, 2)
08-22 08:09:12.452248  1175  2453 I AudioSystem: setStreamVolumeIndex: STREAM_MUSIC dev=2 idx=6
08-22 08:09:12.454085  1175  2453 I AS.AudioService: setStreamVolumeIndexAS(11, 6, 2)
08-22 08:09:12.454314  1175  2453 I AudioSystem: setStreamVolumeIndex: STREAM_ASSISTANT dev=2 idx=6
08-22 08:09:12.454466  1175  1899 I TranSecureCamExt: handleVolumeKey
08-22 08:09:12.454562  4238  4238 I VolumeDataCollector: onReceive android.media.VOLUME_CHANGED_ACTION
08-22 08:09:12.454661  4238  4238 I VolumeDataCollector: streamType 3
08-22 08:09:12.455223  4238 18285 I CacheManager:  save new data to cache volume_event
08-22 08:09:12.456049  4238 18285 I bsc     : notifyDataChange in volume_event, 1
08-22 08:09:12.456695  4238 18252 I DataServiceImplV2: StandardDataService notifyDataChange  curServiceName StandardDataService type:volume_event
08-22 08:09:12.456969  1175  2453 I AS.AudioService: setStreamVolumeIndexAS(10, 7, 2)
08-22 08:09:12.457073  1175  2453 I AudioSystem: setStreamVolumeIndex: STREAM_ACCESSIBILITY dev=2 idx=7
08-22 08:09:12.457408  4238 18252 I Kolun_AI.SystemEventSubscribe:  onPublishData {"type":"volume_event","time":1755821352454,"data":"{\"prevStreamValue\":7,\"streamType\":3,\"streamTypeAlias\":3,\"streamValue\":6}","provider":"dc","dc_version":2030380000,"data_version":1,"user_id":0}
08-22 08:09:12.457440  4238 18252 I Kolun_AI.SystemEventSubscribe:  publisher.getMatcher() volume_event
08-22 08:09:12.457641  4238 18252 I ApiInvoke1.7.1: SubscribeManager: publishData success host DataCenter#StandardDataService matcher volume_event
08-22 08:09:12.457698  4238 18252 I ApiInvoke1.7.1: ApiRequest: do publishData to local, matcher = volume_event
08-22 08:09:12.457845  4238 18252 I ApiInvoke1.7.1: ChannelChain: addChain, path=Publish{process='com.transsion.kolun.aiservice', channelName='DataCenter', matcher='volume_event', apiName='StandardDataService'} size 1
08-22 08:09:12.457909  4238 18252 W ApiInvoke1.7.1: SubscribeBusServerImpl: onSafePublishData start ==>> publisher Publisher{channel='DataCenter', apiName='StandardDataService', label='volume_event'}
08-22 08:09:12.458472  1175  2453 I AS.AudioService: setStreamVolumeIndexAS(9, 6, 2)
08-22 08:09:12.458536  1175  2453 I AudioSystem: setStreamVolumeIndex: STREAM_TTS dev=2 idx=6
08-22 08:09:12.458749  4238 18252 W ApiInvoke1.7.1: ApiRequest: do publishData to remote volume_event
08-22 08:09:12.460387  1175  1175 I TranAudioService: checkVibrationPermission=true checkUpdateAppOpsStatsPermission:true
08-22 08:09:12.461724  1175  1175 I AS.AudioService: adjustSuggestedStreamVolume() stream=-2147483648, flags=4116, caller=android, volControlStream=3, userSelect=false
08-22 08:09:12.462499  1175  1175 I AS.AudioService: isInCommunication IsInCall = false mode = 0
08-22 08:09:12.463064  1175  2476 I AudioManager: getDevices, flags = 2
08-22 08:09:12.464776  1175  1175 I AS.AudioService: getActiveStreamType: Forcing DEFAULT_VOL_STREAM_NO_PLAYBACK(3) b/c default
08-22 08:09:12.465523  1175  1175 I AS.AudioService: adjustStreamVolume() stream=3, dir=0, flags=4112, caller=android
08-22 08:09:12.465669  1175  1175 I AS.AudioService: adjustStreamVolume getDeviceForStream device = 2
08-22 08:09:12.465897  1175  1175 I AS.AudioService:  newIndex For ui = 60
08-22 08:09:12.466189  2669  2669 I vol.TrVolumeDialogImpl: showH r=volume_changed
08-22 08:09:12.466188  1175  1175 I TranAudioService: checkVibrationPermission=true checkUpdateAppOpsStatsPermission:true
08-22 08:09:12.466648  2669  2669 I vol.Events: writeEvent show_dialog volume_changed keyguard=false
08-22 08:09:12.466805  1175  2979 I AS.AudioService: Volume controller visible: true
08-22 08:09:12.574000   992  1032 I libPowerHal: [recordCPUFreqInfo] set cluster[0] min(-1): -1 max(-1): -1 cluster[1] min(-1): -1 max(-1): -1
08-22 08:09:13.732161  1074  1074 I BufferQueueProducer: [TrVolumeDialogImpl#983](this:0xb400007310aa2ab8,id:-1,api:0,p:-1,c:1074) queueBuffer: fps=12.71 dur=1651.97 max=1117.81 min=16.10
08-22 08:09:14.730606  2669  2669 I vol.Events: writeEvent dismiss_dialog volume_controller
08-22 08:09:14.755509  1074  1074 I BufferQueueProducer: [TrVolumeDialogImpl#983](this:0xb400007310aa2ab8,id:-1,api:0,p:-1,c:1074) queueBuffer: fps=1.95 dur=1023.37 max=812.18 min=211.19
08-22 08:09:14.861853  1175  2979 W InputManager-JNI: Input channel object '8e36529 TrVolumeDialogImpl (client)' was disposed without first being removed with the input manager!
08-22 08:09:14.869266  1175  2979 I AS.AudioService: Volume controller visible: false
08-22 08:09:14.872945  1175  2979 I AS.AudioService: forceVolumeControlStream(-1)
08-22 08:09:14.874419  1175  2979 I AS.AudioService: Volume controller visible: true
08-22 08:09:14.877648  1074  1074 I SurfaceFlinger: onHandleDestroyed: name=8e36529 TrVolumeDialogImpl#982, layerId=982, parentId=0
08-22 08:09:14.877670  1074  1074 I SurfaceFlinger: onHandleDestroyed: name=TrVolumeDialogImpl#983, layerId=983, parentId=0
08-22 08:09:14.888876  1074  1074 I BufferQueueDebug: [TrVolumeDialogImpl#983](this:0xb400007310aa2ab8,id:-1,api:0,p:-1,c:1074) onDestructor()
08-22 08:09:14.889221  1074  1074 I BufferQueueDebug: [8e36529 TrVolumeDialogImpl#982](this:0xb400007310aa5848,id:-1,api:0,p:-1,c:1074) onDestructor()
08-22 08:09:15.110940  1175  4317 I AS.AudioService: getMode, get current owner's mode
08-22 08:09:15.110998  1175  4317 I AS.AudioService: getMode, currentModeHandler is null
08-22 08:09:15.123676  1074  1527 I BufferQueueDebug: [Surface(name=e7d9333 StatusBar)/@0xdcdaeee - animation-leash of insets_animation#994](this:0xb400007310869238,id:-1,api:0,p:-1,c:-1) BufferQueue core=(1074:/system/bin/surfaceflinger)
08-22 08:09:15.148787   992  1032 I libPowerHal: [recordCPUFreqInfo] set cluster[0] min(MTKPOWER_HINT_LAUNCHER_ANIMA): 2000000 max(-1): -1 cluster[1] min(MTKPOWER_HINT_LAUNCHER_ANIMA): 2400000 max(-1): -1
08-22 08:09:15.157726  1041  6410 I AudioFlinger: setParameters: filtered keyvalue screen_state=off
08-22 08:09:15.157831  1041  6410 I AudioFlinger: +mAudioHwDevs(primary)->setParameters(): screen_state=off
08-22 08:09:15.158704  1041  6410 I AudioFlinger: -mAudioHwDevs(primary)->setParameters(): screen_state=off
08-22 08:09:15.158775  1041  6410 I AudioFlinger: +mAudioHwDevs(r_submix)->setParameters(): screen_state=off
08-22 08:09:15.159107  1041  6410 I AudioFlinger: -mAudioHwDevs(r_submix)->setParameters(): screen_state=off
08-22 08:09:15.159182  1041  6410 I AudioFlinger: +mAudioHwDevs(bluetooth)->setParameters(): screen_state=off
08-22 08:09:15.159458  1041  6410 I AudioFlinger: -mAudioHwDevs(bluetooth)->setParameters(): screen_state=off
08-22 08:09:15.191147   992  1032 I libPowerHal: [recordCPUFreqInfo] set cluster[0] min(-1): -1 max(-1): -1 cluster[1] min(-1): -1 max(-1): -1
08-22 08:09:15.407986  1175  4300 I AS.AudioService: getMode, get current owner's mode
08-22 08:09:15.408105  1175  4300 I AS.AudioService: getMode, currentModeHandler is null
08-22 08:09:15.417778  1074  1111 I SurfaceFlinger: onHandleDestroyed: name=226438d ActivityRecordInputSink com.transsion.hilauncher/com.android.launcher3.uioverrides.QuickstepLauncher#971, layerId=971, parentId=0
08-22 08:09:15.424831  1074  1074 I BufferQueueDebug: [226438d ActivityRecordInputSink com.transsion.hilauncher/com.android.launcher3.uioverrides.QuickstepLauncher#971](this:0xb400007310a86318,id:-1,api:0,p:-1,c:1074) onDestructor()
08-22 08:09:15.439715  1041  6410 I AudioFlinger: setParameters: filtered keyvalue screen_state=off
08-22 08:09:15.439782  1041  6410 I AudioFlinger: +mAudioHwDevs(primary)->setParameters(): screen_state=off
08-22 08:09:15.441270  1041  6410 I AudioFlinger: -mAudioHwDevs(primary)->setParameters(): screen_state=off
08-22 08:09:15.441334  1041  6410 I AudioFlinger: +mAudioHwDevs(r_submix)->setParameters(): screen_state=off
08-22 08:09:15.442470  1041  6410 I AudioFlinger: -mAudioHwDevs(r_submix)->setParameters(): screen_state=off
08-22 08:09:15.442558  1041  6410 I AudioFlinger: +mAudioHwDevs(bluetooth)->setParameters(): screen_state=off
08-22 08:09:15.444177  1041  6410 I AudioFlinger: -mAudioHwDevs(bluetooth)->setParameters(): screen_state=off
08-22 08:09:15.503911  7129  7129 W BindAudioSmartConnectUseCase: ACTION_SCREEN_OFF
08-22 08:09:15.504452  7129  7129 W BindAudioSmartConnectUseCase: stopBinder
08-22 08:09:15.587553  2669  2669 W TranReflectUtils: 	at android.view.Choreographer$CallbackRecord.run(Choreographer.java:1610)
08-22 08:09:15.587553  2669  2669 W TranReflectUtils: 	at android.view.Choreographer$CallbackRecord.run(Choreographer.java:1619)
08-22 08:09:15.746755  5238  5582 I AudioManager: getCommunicationDevice
08-22 08:09:15.747013  1175  3740 I AS.AudioDeviceBroker: topCommunicationRouteClient: process no permission or mCommunicationRouteClients is empty
08-22 08:09:15.747074  1175  3740 I AS.AudioDeviceBroker: requestedCommunicationDevice: null mAudioModeOwner: AudioModeInfo: mMode=MODE_NORMAL, mPid=0, mUid=0
08-22 08:09:16.115333   992  1032 I libPowerHal: [recordCPUFreqInfo] set cluster[0] min(MTKPOWER_HINT_LAUNCHER_ANIMA): 2000000 max(-1): -1 cluster[1] min(MTKPOWER_HINT_LAUNCHER_ANIMA): 2400000 max(-1): -1
08-22 08:09:16.129771   992  1032 I libPowerHal: [recordCPUFreqInfo] set cluster[0] min(-1): -1 max(-1): -1 cluster[1] min(-1): -1 max(-1): -1
08-22 08:09:40.453130 18320 18320 W libc    : Access denied finding property "ro.odm.tr_audio_hifi.feature.support"
08-22 08:09:40.489690  1175  1236 E TranTabeServiceManager: PendingMessageList handle done.
08-22 08:09:46.403016  5238  5582 I AudioManager: getCommunicationDevice
08-22 08:09:46.403458  1175  2979 I AS.AudioDeviceBroker: topCommunicationRouteClient: process no permission or mCommunicationRouteClients is empty
08-22 08:09:46.403654  1175  2979 I AS.AudioDeviceBroker: requestedCommunicationDevice: null mAudioModeOwner: AudioModeInfo: mMode=MODE_NORMAL, mPid=0, mUid=0
08-22 08:10:15.467676  1175  1880 E ActivityManager: 	at com.android.server.am.PendingIntentRecord.sendInner(PendingIntentRecord.java:707)
08-22 08:10:15.467676  1175  1880 E ActivityManager: 	at com.android.server.am.PendingIntentRecord.sendWithResult(PendingIntentRecord.java:381)
08-22 08:10:20.007150  1175  1899 I TranSecureCamExt: handleVolumeKey
08-22 08:10:20.007645  1175  1899 I TranSecureCamExt: interceptVolumeKey: 0
08-22 08:10:20.007789  1175  1899 I DeviceStateMonitor: interceptVolumeKey POCKET_SUPPORTED: false, mDeviceState: -1
08-22 08:10:20.012426  1175  1899 I AS.AudioService: getMode, get current owner's mode
08-22 08:10:20.012779  1175  1899 I AS.AudioService: getMode, currentModeHandler is null
08-22 08:10:20.137641  1175  1899 I TranSecureCamExt: handleVolumeKey
08-22 08:10:20.138124  1175  1899 I TranSecureCamExt: interceptVolumeKey: 1
08-22 08:10:22.397768  1175  1899 I TranSecureCamExt: handleVolumeKey
08-22 08:10:22.398263  1175  1899 I TranSecureCamExt: interceptVolumeKey: 0
08-22 08:10:22.402210  1175  1899 I AS.AudioService: getMode, get current owner's mode
08-22 08:10:22.402428  1175  1899 I AS.AudioService: getMode, currentModeHandler is null
08-22 08:10:22.598308  1175  1899 I TranSecureCamExt: handleVolumeKey
08-22 08:10:22.598822  1175  1899 I TranSecureCamExt: interceptVolumeKey: 1
08-22 08:10:28.086937  1175  1899 I TranSecureCamExt: handleVolumeKey
08-22 08:10:28.087428  1175  1899 I TranSecureCamExt: interceptVolumeKey: 0
08-22 08:10:28.091254  1175  1899 I AS.AudioService: getMode, get current owner's mode
08-22 08:10:28.091475  1175  1899 I AS.AudioService: getMode, currentModeHandler is null
08-22 08:10:28.241712  1175  1899 I TranSecureCamExt: handleVolumeKey
08-22 08:10:28.242236  1175  1899 I TranSecureCamExt: interceptVolumeKey: 1
08-22 08:10:46.476737  5238  5582 I AudioManager: getCommunicationDevice
08-22 08:10:46.477776  1175  4245 I AS.AudioDeviceBroker: topCommunicationRouteClient: process no permission or mCommunicationRouteClients is empty
08-22 08:10:46.478194  1175  4245 I AS.AudioDeviceBroker: requestedCommunicationDevice: null mAudioModeOwner: AudioModeInfo: mMode=MODE_NORMAL, mPid=0, mUid=0
08-22 08:11:40.545702  1175  1236 I TranTabeServiceManager: unbind tabe service and disconnected.
08-22 08:11:46.535367  5238  5582 I AudioManager: getCommunicationDevice
08-22 08:11:46.536030  1175  2979 I AS.AudioDeviceBroker: topCommunicationRouteClient: process no permission or mCommunicationRouteClients is empty
08-22 08:11:46.536340  1175  2979 I AS.AudioDeviceBroker: requestedCommunicationDevice: null mAudioModeOwner: AudioModeInfo: mMode=MODE_NORMAL, mPid=0, mUid=0
08-22 08:12:37.551123   976   976 W         : i=13 tz_data[i].tz_idx[0]=2
08-22 08:12:46.600071  5238  5582 I AudioManager: getCommunicationDevice
08-22 08:12:46.601254  1175  2840 I AS.AudioDeviceBroker: topCommunicationRouteClient: process no permission or mCommunicationRouteClients is empty
08-22 08:12:46.601573  1175  2840 I AS.AudioDeviceBroker: requestedCommunicationDevice: null mAudioModeOwner: AudioModeInfo: mMode=MODE_NORMAL, mPid=0, mUid=0
08-22 08:13:46.633355  5238  5582 I AudioManager: getCommunicationDevice
08-22 08:13:46.633967  1175  2979 I AS.AudioDeviceBroker: topCommunicationRouteClient: process no permission or mCommunicationRouteClients is empty
08-22 08:13:46.634120  1175  2979 I AS.AudioDeviceBroker: requestedCommunicationDevice: null mAudioModeOwner: AudioModeInfo: mMode=MODE_NORMAL, mPid=0, mUid=0
08-22 08:14:19.711239  1074  1074 I PowerHalWrapper: updateFps(): 90
08-22 08:14:19.720906  1175  2449 I AS.AudioService: onReceive action = android.intent.action.SCREEN_ON
08-22 08:14:19.721049  1175  2449 I TranAudioService: clearZeroSoundAppList
08-22 08:14:19.726477  1041  1041 I AudioFlinger: setParameters: filtered keyvalue screen_state=off
08-22 08:14:19.727249  1041  1041 I AudioFlinger: +mAudioHwDevs(primary)->setParameters(): screen_state=off
08-22 08:14:19.728367  1041  1041 I AudioFlinger: -mAudioHwDevs(primary)->setParameters(): screen_state=off
08-22 08:14:19.728416  1041  1041 I AudioFlinger: +mAudioHwDevs(r_submix)->setParameters(): screen_state=off
08-22 08:14:19.731217  1041  1041 I AudioFlinger: -mAudioHwDevs(r_submix)->setParameters(): screen_state=off
08-22 08:14:19.731663  1041  1041 I AudioFlinger: +mAudioHwDevs(bluetooth)->setParameters(): screen_state=off
08-22 08:14:19.732513  1041  1041 I AudioFlinger: -mAudioHwDevs(bluetooth)->setParameters(): screen_state=off
08-22 08:14:19.766648  1041  1041 I AudioFlinger: setParameters: filtered keyvalue screen_state=on
08-22 08:14:19.766779  1041  1041 I AudioFlinger: +mAudioHwDevs(primary)->setParameters(): screen_state=on
08-22 08:14:19.768377  1041  1041 I AudioFlinger: -mAudioHwDevs(primary)->setParameters(): screen_state=on
08-22 08:14:19.768478  1041  1041 I AudioFlinger: +mAudioHwDevs(r_submix)->setParameters(): screen_state=on
08-22 08:14:19.769138  1041  1041 I AudioFlinger: -mAudioHwDevs(r_submix)->setParameters(): screen_state=on
08-22 08:14:19.769226  1041  1041 I AudioFlinger: +mAudioHwDevs(bluetooth)->setParameters(): screen_state=on
08-22 08:14:19.769872  1041  1041 I AudioFlinger: -mAudioHwDevs(bluetooth)->setParameters(): screen_state=on
08-22 08:14:19.837037  7129  7129 I BindAudioSmartConnectUseCase: ACTION_SCREEN_ON keyguard:true
08-22 08:14:19.920821  4238  4522 I ApiInvoke1.7.1: SubscribeBusServerImpl: parseSubscribeHostInfoList infoStr {"host":"DataCenter#StandardDataService","typeCounts":[{"type":"activity_event","subscribeCount":1},{"type":"headset_state_event","subscribeCount":1},{"type":"screen_state","subscribeCount":1},{"type":"tips_screen_app_list","subscribeCount":1},{"type":"wifi_event","subscribeCount":1},{"type":"desktop_apps","subscribeCount":4},{"type":"media_event","subscribeCount":2},{"type":"user_present","subscribeCount":1},{"type":"battery_event","subscribeCount":2},{"type":"volume_event","subscribeCount":1},{"type":"bluetooth","subscribeCount":1},{"type":"sms_event","subscribeCount":1},{"type":"app_foreground","subscribeCount":1},{"type":"location","subscribeCount":1},{"type":"notification_info_event","subscribeCount":1}]}
08-22 08:14:19.921098  4238  4522 I ApiInvoke1.7.1: SubscribeBusServerImpl: parseSubscribeHostInfoList infoStr {"host":"MiniAppOxygenBusExportChannel#miniAppUsageDataReceiverSubscribe","typeCounts":[{"type":"OnShortCutsRecordChanged","subscribeCount":1},{"type":"OnForegroundBackgroundStatusChanged","subscribeCount":1}]}
08-22 08:14:19.923531  4238  4522 I ApiInvoke1.7.1: SubscribeBusServerImpl: editSubscribeHostInfo editHostInfoByOpt pid4238 channel DataCenter#StandardDataService matcher volume_event subscribeCount 1
08-22 08:14:19.925199  4238  4522 I ApiInvoke1.7.1: SubscribeBusServerImpl: editSubscribeHostInfo editHostInfoByOpt pid4238 channel MiniAppOxygenBusExportChannel#miniAppUsageDataReceiverSubscribe matcher OnShortCutsRecordChanged subscribeCount 1
08-22 08:14:19.934063  4238  4522 I ApiInvoke1.7.1: SubscribeBusServerImpl: createNotifyRunnable, notifyPublisherChange host=DataCenter#StandardDataService typeCount SubscribeTypeCount{type='volume_event', subscribeCount=0} subscribeMap 6
08-22 08:14:19.934342  4238  4522 I ApiInvoke1.7.1: SubscribeManager: onSubscribeCountChange publisher Publisher{channel='DataCenter', apiName='StandardDataService', label='volume_event'} subscribeCount 9
08-22 08:14:19.934443  4238  4522 I StandardDataService: onSubscribeCountChange volume_event, count 9, com.transsion.kolun.aidatacenter.services.StandardDataService@dadab05
08-22 08:14:19.934543  4238  4522 I DataServiceImplV2: StandardDataService onSubscribeCountChange regType volume_event, 9
08-22 08:14:19.941043  4238  4522 I ApiInvoke1.7.1: SubscribeBusServerImpl: createNotifyRunnable, notifyPublisherChange host=MiniAppOxygenBusExportChannel#miniAppUsageDataReceiverSubscribe typeCount SubscribeTypeCount{type='OnShortCutsRecordChanged', subscribeCount=0} subscribeMap 6
08-22 08:14:20.111893  5238  5582 I AudioManager: getCommunicationDevice
08-22 08:14:20.112285  1175  3740 I AS.AudioDeviceBroker: topCommunicationRouteClient: process no permission or mCommunicationRouteClients is empty
08-22 08:14:20.112436  1175  3740 I AS.AudioDeviceBroker: requestedCommunicationDevice: null mAudioModeOwner: AudioModeInfo: mMode=MODE_NORMAL, mPid=0, mUid=0
08-22 08:14:20.169722  1041  6410 I AudioFlinger: setParameters: filtered keyvalue screen_state=on
08-22 08:14:20.169785  1041  6410 I AudioFlinger: +mAudioHwDevs(primary)->setParameters(): screen_state=on
08-22 08:14:20.170395  1041  6410 I AudioFlinger: -mAudioHwDevs(primary)->setParameters(): screen_state=on
08-22 08:14:20.170418  1041  6410 I AudioFlinger: +mAudioHwDevs(r_submix)->setParameters(): screen_state=on
08-22 08:14:20.170664  1041  6410 I AudioFlinger: -mAudioHwDevs(r_submix)->setParameters(): screen_state=on
08-22 08:14:20.170693  1041  6410 I AudioFlinger: +mAudioHwDevs(bluetooth)->setParameters(): screen_state=on
08-22 08:14:20.170832  1041  6410 I AudioFlinger: -mAudioHwDevs(bluetooth)->setParameters(): screen_state=on
08-22 08:14:20.592812 18361 18361 W libc    : Access denied finding property "ro.odm.tr_audio_hifi.feature.support"
08-22 08:14:21.598913  1041  6410 I AudioFlinger: setParameters: filtered keyvalue screen_state=on
08-22 08:14:21.599152  1041  6410 I AudioFlinger: +mAudioHwDevs(primary)->setParameters(): screen_state=on
08-22 08:14:21.600283  1041  6410 I AudioFlinger: -mAudioHwDevs(primary)->setParameters(): screen_state=on
08-22 08:14:21.600317  1041  6410 I AudioFlinger: +mAudioHwDevs(r_submix)->setParameters(): screen_state=on
08-22 08:14:21.600827  1041  6410 I AudioFlinger: -mAudioHwDevs(r_submix)->setParameters(): screen_state=on
08-22 08:14:21.601436  1041  6410 I AudioFlinger: +mAudioHwDevs(bluetooth)->setParameters(): screen_state=on
08-22 08:14:21.602914  1041  6410 I AudioFlinger: -mAudioHwDevs(bluetooth)->setParameters(): screen_state=on
08-22 08:14:22.013125  1175  1833 I AS.AudioService: getMode, get current owner's mode
08-22 08:14:22.013263  1175  1833 I AS.AudioService: getMode, currentModeHandler is null
08-22 08:14:22.040782  1041  6410 I AudioFlinger: setParameters: filtered keyvalue screen_state=off
08-22 08:14:22.040838  1041  6410 I AudioFlinger: +mAudioHwDevs(primary)->setParameters(): screen_state=off
08-22 08:14:22.041494  1041  6410 I AudioFlinger: -mAudioHwDevs(primary)->setParameters(): screen_state=off
08-22 08:14:22.041534  1041  6410 I AudioFlinger: +mAudioHwDevs(r_submix)->setParameters(): screen_state=off
08-22 08:14:22.042551  1041  6410 I AudioFlinger: -mAudioHwDevs(r_submix)->setParameters(): screen_state=off
08-22 08:14:22.042619  1041  6410 I AudioFlinger: +mAudioHwDevs(bluetooth)->setParameters(): screen_state=off
08-22 08:14:22.043876  1041  6410 I AudioFlinger: -mAudioHwDevs(bluetooth)->setParameters(): screen_state=off
08-22 08:14:22.295563  1175  4300 I AS.AudioService: getMode, get current owner's mode
08-22 08:14:22.295771  1175  4300 I AS.AudioService: getMode, currentModeHandler is null
08-22 08:14:22.306259  1041  6410 I AudioFlinger: setParameters: filtered keyvalue screen_state=off
08-22 08:14:22.306381  1041  6410 I AudioFlinger: +mAudioHwDevs(primary)->setParameters(): screen_state=off
08-22 08:14:22.312912  1041  6410 I AudioFlinger: -mAudioHwDevs(primary)->setParameters(): screen_state=off
08-22 08:14:22.313082  1041  6410 I AudioFlinger: +mAudioHwDevs(r_submix)->setParameters(): screen_state=off
08-22 08:14:22.313790  1041  6410 I AudioFlinger: -mAudioHwDevs(r_submix)->setParameters(): screen_state=off
08-22 08:14:22.313877  1041  6410 I AudioFlinger: +mAudioHwDevs(bluetooth)->setParameters(): screen_state=off
08-22 08:14:22.315134  1041  6410 I AudioFlinger: -mAudioHwDevs(bluetooth)->setParameters(): screen_state=off
08-22 08:14:22.381634  7129  7129 W BindAudioSmartConnectUseCase: ACTION_SCREEN_OFF
08-22 08:14:22.381724  7129  7129 W BindAudioSmartConnectUseCase: stopBinder
08-22 08:14:22.618048  5238  5582 I AudioManager: getCommunicationDevice
08-22 08:14:22.618358  1175  1833 I AS.AudioDeviceBroker: topCommunicationRouteClient: process no permission or mCommunicationRouteClients is empty
08-22 08:14:22.618447  1175  1833 I AS.AudioDeviceBroker: requestedCommunicationDevice: null mAudioModeOwner: AudioModeInfo: mMode=MODE_NORMAL, mPid=0, mUid=0
08-22 08:15:22.370376  1175  1880 E ActivityManager: 	at com.android.server.am.PendingIntentRecord.sendInner(PendingIntentRecord.java:707)
08-22 08:15:22.370376  1175  1880 E ActivityManager: 	at com.android.server.am.PendingIntentRecord.sendWithResult(PendingIntentRecord.java:381)
08-22 08:15:46.843541  5238  5582 I AudioManager: getCommunicationDevice
08-22 08:15:46.844854  1175  1833 I AS.AudioDeviceBroker: topCommunicationRouteClient: process no permission or mCommunicationRouteClients is empty
08-22 08:15:46.845162  1175  1833 I AS.AudioDeviceBroker: requestedCommunicationDevice: null mAudioModeOwner: AudioModeInfo: mMode=MODE_NORMAL, mPid=0, mUid=0
08-22 08:16:12.659497  1175  1899 I TranSecureCamExt: handleVolumeKey
08-22 08:16:12.659995  1175  1899 I TranSecureCamExt: interceptVolumeKey: 0
08-22 08:16:12.660150  1175  1899 I DeviceStateMonitor: interceptVolumeKey POCKET_SUPPORTED: false, mDeviceState: -1
08-22 08:16:12.664772  1175  1899 I AS.AudioService: getMode, get current owner's mode
08-22 08:16:12.665130  1175  1899 I AS.AudioService: getMode, currentModeHandler is null
08-22 08:16:12.855149  1175  1899 I TranSecureCamExt: handleVolumeKey
08-22 08:16:12.855639  1175  1899 I TranSecureCamExt: interceptVolumeKey: 1
08-22 08:16:14.926883  1175  1899 I TranSecureCamExt: handleVolumeKey
08-22 08:16:14.927388  1175  1899 I TranSecureCamExt: interceptVolumeKey: 0
08-22 08:16:14.927536  1175  1899 I DeviceStateMonitor: interceptVolumeKey POCKET_SUPPORTED: false, mDeviceState: -1
08-22 08:16:14.931504  1175  1899 I AS.AudioService: getMode, get current owner's mode
08-22 08:16:14.931809  1175  1899 I AS.AudioService: getMode, currentModeHandler is null
08-22 08:16:15.090523  1175  1899 I TranSecureCamExt: handleVolumeKey
08-22 08:16:15.091017  1175  1899 I TranSecureCamExt: interceptVolumeKey: 1
08-22 08:16:46.774659  5238  5582 I AudioManager: getCommunicationDevice
08-22 08:16:46.775574  1175  4298 I AS.AudioDeviceBroker: topCommunicationRouteClient: process no permission or mCommunicationRouteClients is empty
08-22 08:16:46.775940  1175  4298 I AS.AudioDeviceBroker: requestedCommunicationDevice: null mAudioModeOwner: AudioModeInfo: mMode=MODE_NORMAL, mPid=0, mUid=0
08-22 08:17:46.842109  5238  5582 I AudioManager: getCommunicationDevice
08-22 08:17:46.843098  1175  2685 I AS.AudioDeviceBroker: topCommunicationRouteClient: process no permission or mCommunicationRouteClients is empty
08-22 08:17:46.843446  1175  2685 I AS.AudioDeviceBroker: requestedCommunicationDevice: null mAudioModeOwner: AudioModeInfo: mMode=MODE_NORMAL, mPid=0, mUid=0
08-22 08:18:39.721236  1175  3662 W BestClock: java.time.DateTimeException: Missing network time fix
08-22 08:18:46.902808  5238  5582 I AudioManager: getCommunicationDevice
08-22 08:18:46.903841  1175  3291 I AS.AudioDeviceBroker: topCommunicationRouteClient: process no permission or mCommunicationRouteClients is empty
08-22 08:18:46.904488  1175  3291 I AS.AudioDeviceBroker: requestedCommunicationDevice: null mAudioModeOwner: AudioModeInfo: mMode=MODE_NORMAL, mPid=0, mUid=0
08-22 08:18:49.794123  1175  3662 W BestClock: java.time.DateTimeException: Missing network time fix
08-22 08:18:59.350123   976   976 W         : i=12 tz_data[i].tz_idx[0]=-1
08-22 08:19:46.946620  5238  5582 I AudioManager: getCommunicationDevice
08-22 08:19:46.947499  1175  3291 I AS.AudioDeviceBroker: topCommunicationRouteClient: process no permission or mCommunicationRouteClients is empty
08-22 08:19:46.947769  1175  3291 I AS.AudioDeviceBroker: requestedCommunicationDevice: null mAudioModeOwner: AudioModeInfo: mMode=MODE_NORMAL, mPid=0, mUid=0
08-22 08:20:47.004421  5238  5582 I AudioManager: getCommunicationDevice
08-22 08:20:47.005045  1175  4298 I AS.AudioDeviceBroker: topCommunicationRouteClient: process no permission or mCommunicationRouteClients is empty
08-22 08:20:47.005191  1175  4298 I AS.AudioDeviceBroker: requestedCommunicationDevice: null mAudioModeOwner: AudioModeInfo: mMode=MODE_NORMAL, mPid=0, mUid=0
08-22 08:21:00.561232  1354  1354 I thermal_repeater: [recvMdThermalInfo] ret=24, strLen=127,  1, 32767,,, 0, 32767, 0
08-22 08:21:47.034666  5238  5582 I AudioManager: getCommunicationDevice
08-22 08:21:47.035386  1175  3291 I AS.AudioDeviceBroker: topCommunicationRouteClient: process no permission or mCommunicationRouteClients is empty
08-22 08:21:47.035517  1175  3291 I AS.AudioDeviceBroker: requestedCommunicationDevice: null mAudioModeOwner: AudioModeInfo: mMode=MODE_NORMAL, mPid=0, mUid=0
08-22 08:22:47.113844  5238  5582 I AudioManager: getCommunicationDevice
08-22 08:22:47.114755  1175  2685 I AS.AudioDeviceBroker: topCommunicationRouteClient: process no permission or mCommunicationRouteClients is empty
08-22 08:22:47.115460  1175  2685 I AS.AudioDeviceBroker: requestedCommunicationDevice: null mAudioModeOwner: AudioModeInfo: mMode=MODE_NORMAL, mPid=0, mUid=0
08-22 08:23:01.341232  1175  3662 W BestClock: java.time.DateTimeException: Missing network time fix
08-22 08:23:47.184055  5238  5582 I AudioManager: getCommunicationDevice
08-22 08:23:47.184502  1175  3291 I AS.AudioDeviceBroker: topCommunicationRouteClient: process no permission or mCommunicationRouteClients is empty
08-22 08:23:47.184700  1175  3291 I AS.AudioDeviceBroker: requestedCommunicationDevice: null mAudioModeOwner: AudioModeInfo: mMode=MODE_NORMAL, mPid=0, mUid=0
08-22 08:24:31.083123   976   976 W         : i=12 tz_data[i].tz_idx[0]=-1
08-22 08:24:47.225950  5238  5582 I AudioManager: getCommunicationDevice
08-22 08:24:47.227012  1175  4298 I AS.AudioDeviceBroker: topCommunicationRouteClient: process no permission or mCommunicationRouteClients is empty
08-22 08:24:47.227363  1175  4298 I AS.AudioDeviceBroker: requestedCommunicationDevice: null mAudioModeOwner: AudioModeInfo: mMode=MODE_NORMAL, mPid=0, mUid=0
08-22 08:25:47.285573  5238  5582 I AudioManager: getCommunicationDevice
08-22 08:25:47.286255  1175  2685 I AS.AudioDeviceBroker: topCommunicationRouteClient: process no permission or mCommunicationRouteClients is empty
08-22 08:25:47.286448  1175  2685 I AS.AudioDeviceBroker: requestedCommunicationDevice: null mAudioModeOwner: AudioModeInfo: mMode=MODE_NORMAL, mPid=0, mUid=0
08-22 08:26:47.351639  5238  5582 I AudioManager: getCommunicationDevice
08-22 08:26:47.352413  1175  3291 I AS.AudioDeviceBroker: topCommunicationRouteClient: process no permission or mCommunicationRouteClients is empty
08-22 08:26:47.352646  1175  3291 I AS.AudioDeviceBroker: requestedCommunicationDevice: null mAudioModeOwner: AudioModeInfo: mMode=MODE_NORMAL, mPid=0, mUid=0
08-22 08:26:51.131123  7701  7701 E Athena  : ------------------------------------------------------------
08-22 08:27:47.395468  5238  5582 I AudioManager: getCommunicationDevice
08-22 08:27:47.395916  1175  3291 I AS.AudioDeviceBroker: topCommunicationRouteClient: process no permission or mCommunicationRouteClients is empty
08-22 08:27:47.396044  1175  3291 I AS.AudioDeviceBroker: requestedCommunicationDevice: null mAudioModeOwner: AudioModeInfo: mMode=MODE_NORMAL, mPid=0, mUid=0
08-22 08:28:47.471191  5238  5582 I AudioManager: getCommunicationDevice
08-22 08:28:47.471954  1175  3291 I AS.AudioDeviceBroker: topCommunicationRouteClient: process no permission or mCommunicationRouteClients is empty
08-22 08:28:47.472090  1175  3291 I AS.AudioDeviceBroker: requestedCommunicationDevice: null mAudioModeOwner: AudioModeInfo: mMode=MODE_NORMAL, mPid=0, mUid=0
08-22 08:29:47.534357  5238  5582 I AudioManager: getCommunicationDevice
08-22 08:29:47.535196  1175  2841 I AS.AudioDeviceBroker: topCommunicationRouteClient: process no permission or mCommunicationRouteClients is empty
08-22 08:29:47.535354  1175  2841 I AS.AudioDeviceBroker: requestedCommunicationDevice: null mAudioModeOwner: AudioModeInfo: mMode=MODE_NORMAL, mPid=0, mUid=0
08-22 08:30:47.580308  5238  5582 I AudioManager: getCommunicationDevice
08-22 08:30:47.580931  1175  2841 I AS.AudioDeviceBroker: topCommunicationRouteClient: process no permission or mCommunicationRouteClients is empty
08-22 08:30:47.581074  1175  2841 I AS.AudioDeviceBroker: requestedCommunicationDevice: null mAudioModeOwner: AudioModeInfo: mMode=MODE_NORMAL, mPid=0, mUid=0
08-22 08:31:47.661996  5238  5582 I AudioManager: getCommunicationDevice
08-22 08:31:47.662432  1175  4293 I AS.AudioDeviceBroker: topCommunicationRouteClient: process no permission or mCommunicationRouteClients is empty
08-22 08:31:47.662584  1175  4293 I AS.AudioDeviceBroker: requestedCommunicationDevice: null mAudioModeOwner: AudioModeInfo: mMode=MODE_NORMAL, mPid=0, mUid=0
08-22 08:32:09.991234  5238  5503 W KunPengSdk: get uniqueId error: decryptData is null
08-22 08:32:25.340123  1175  2542 W BestClock: java.time.DateTimeException: Missing network time fix
08-22 08:32:47.691339  5238  5582 I AudioManager: getCommunicationDevice
08-22 08:32:47.692016  1175  2841 I AS.AudioDeviceBroker: topCommunicationRouteClient: process no permission or mCommunicationRouteClients is empty
08-22 08:32:47.692157  1175  2841 I AS.AudioDeviceBroker: requestedCommunicationDevice: null mAudioModeOwner: AudioModeInfo: mMode=MODE_NORMAL, mPid=0, mUid=0
08-22 08:32:55.101123  1175  3662 W BestClock: java.time.DateTimeException: Missing network time fix
08-22 08:33:47.783310  5238  5582 I AudioManager: getCommunicationDevice
08-22 08:33:47.783676  1175  3291 I AS.AudioDeviceBroker: topCommunicationRouteClient: process no permission or mCommunicationRouteClients is empty
08-22 08:33:47.783760  1175  3291 I AS.AudioDeviceBroker: requestedCommunicationDevice: null mAudioModeOwner: AudioModeInfo: mMode=MODE_NORMAL, mPid=0, mUid=0
08-22 08:34:47.769568  5238  5582 I AudioManager: getCommunicationDevice
08-22 08:34:47.769998  1175  3291 I AS.AudioDeviceBroker: topCommunicationRouteClient: process no permission or mCommunicationRouteClients is empty
