08-21 15:53:13.075754   992  1032 I libPowerHal: [recordCPUFreqInfo] set cluster[0] min(-1): -1 max(-1): -1 cluster[1] min(MTKPOWER_HINT_UX_MOVE_SCROLLING): -1 max(MTKPOWER_HINT_UX_MOVE_SCROLLING): -1
08-21 15:53:13.087661   992  1032 I libPowerHal: [recordCPUFreqInfo] set cluster[0] min(MTKPOWER_HINT_UX_SCROLLING): 1075000 max(MTKPOWER_HINT_UX_SCROLLING): -1 cluster[1] min(MTKPOWER_HINT_UX_SCROLLING): 1162000 max(MTKPOWER_HINT_UX_MOVE_SCROLLING): -1
08-21 15:53:13.469241  1175  2882 I AS.AudioService: setStreamVolume(stream=4, index=11, dev=AudioDeviceAttributes: role:output type:speaker addr: name: profiles:[] descriptors:[], calling=com.android.settings)
08-21 15:53:13.469613  1175  2882 I AS.SoundDoseHelper:  checkSafeMediaVolume_l mSafeMediaVolumeState = 3 streamType = 4 device = 2 index = 110 safeMediaVolumeIndex = 0
08-21 15:53:13.469890  1175  2882 I AS.AudioService: updateVolumeGroupIndex for stream 4, muted=false, device=2, index=110, group AUDIO_STREAM_ALARM Muted=false, Index=11, forceMuteState=false
08-21 15:53:13.471503  1175  2453 I AS.AudioService: setStreamVolumeIndexAS(4, 11, 2)
08-21 15:53:13.472518  1175  2453 I AudioSystem: setStreamVolumeIndex: STREAM_ALARM dev=2 idx=11
08-21 15:53:13.476340   992  1032 I libPowerHal: [recordCPUFreqInfo] set cluster[0] min(MTKPOWER_HINT_UX_SCROLLING): 1075000 max(MTKPOWER_HINT_UX_SCROLLING): -1 cluster[1] min(MTKPOWER_HINT_UX_SCROLLING): 1162000 max(MTKPOWER_HINT_UX_SCROLLING): -1
08-21 15:53:13.478178  4238  4238 I VolumeDataCollector: onReceive android.media.VOLUME_CHANGED_ACTION
08-21 15:53:13.478323  4238  4238 I VolumeDataCollector: streamType 4
08-21 15:53:13.478650  1041  1041 I AudioPolicyManagerCustomImpl: MTK_VOLUME_DEBUG mVolumeStream 4 != activeStream 4, mVolumeIndex 4 != index 11, mVolumeDevice 0x2 != device 0x2, force 0
08-21 15:53:13.479000  4238 15692 I CacheManager:  save new data to cache volume_event
08-21 15:53:13.479220  4238 15692 I bsc     : notifyDataChange in volume_event, 1
08-21 15:53:13.479354  1041  1304 I AudioFlinger: setParameters: filtered keyvalue volumeDevice=2;volumeIndex=11;volumeStreamType=4
08-21 15:53:13.480089  4238 15660 I DataServiceImplV2: StandardDataService notifyDataChange  curServiceName StandardDataService type:volume_event
08-21 15:53:13.480989  4238 15660 I Kolun_AI.SystemEventSubscribe:  onPublishData {"type":"volume_event","time":1755762793478,"data":"{\"prevStreamValue\":4,\"streamType\":4,\"streamTypeAlias\":4,\"streamValue\":11}","provider":"dc","dc_version":2030380000,"data_version":1,"user_id":0}
08-21 15:53:13.481034  4238 15660 I Kolun_AI.SystemEventSubscribe:  publisher.getMatcher() volume_event
08-21 15:53:13.481285  4238 15660 I ApiInvoke1.7.1: SubscribeManager: publishData success host DataCenter#StandardDataService matcher volume_event
08-21 15:53:13.481350  4238 15660 I ApiInvoke1.7.1: ApiRequest: do publishData to local, matcher = volume_event
08-21 15:53:13.481510  4238 15660 I ApiInvoke1.7.1: ChannelChain: addChain, path=Publish{process='com.transsion.kolun.aiservice', channelName='DataCenter', matcher='volume_event', apiName='StandardDataService'} size 1
08-21 15:53:13.481613  4238 15660 W ApiInvoke1.7.1: SubscribeBusServerImpl: onSafePublishData start ==>> publisher Publisher{channel='DataCenter', apiName='StandardDataService', label='volume_event'}
08-21 15:53:13.482767  4238 15660 W ApiInvoke1.7.1: ApiRequest: do publishData to remote volume_event
08-21 15:53:13.490026   905  9295 I AudioALSAStreamOut: updateSourceMetadataV7(), do nothing source_metadata = 0x7736a76fb0
08-21 15:53:13.534604   992  1032 I libPowerHal: [recordCPUFreqInfo] set cluster[0] min(-1): -1 max(-1): -1 cluster[1] min(-1): -1 max(-1): -1
08-21 15:53:15.684955  1041  1041 I AudioFlinger: setParameters: filtered keyvalue remove_clientTid=15757
08-21 15:53:15.685080  1041  1041 I AudioFlinger: +mAudioHwDevs(primary)->setParameters(): remove_clientTid=15757
08-21 15:53:15.686143   905   930 W AudioALSAHardware: setParameters(), still have param.size() = 1, remain param = "remove_clientTid=15757"
08-21 15:53:15.686741  1041  1041 I AudioFlinger: -mAudioHwDevs(primary)->setParameters(): remove_clientTid=15757
08-21 15:53:15.686790  1041  1041 I AudioFlinger: +mAudioHwDevs(r_submix)->setParameters(): remove_clientTid=15757
08-21 15:53:15.688374  1041  1041 I AudioFlinger: -mAudioHwDevs(r_submix)->setParameters(): remove_clientTid=15757
08-21 15:53:15.688604  1041  1041 I AudioFlinger: +mAudioHwDevs(bluetooth)->setParameters(): remove_clientTid=15757
08-21 15:53:15.690525  1041  1041 I AudioFlinger: -mAudioHwDevs(bluetooth)->setParameters(): remove_clientTid=15757
08-21 15:53:15.705196   905   930 I AudioALSAStreamOut: updateSourceMetadataV7(), do nothing source_metadata = 0x77515d9fb0
08-21 15:53:15.718326  1041 14871 I AudioFlinger: setParameters: filtered keyvalue clientTid=15757
08-21 15:53:15.718766  1041 14871 I AudioFlinger: +mAudioHwDevs(primary)->setParameters(): clientTid=15757
08-21 15:53:15.721569   905   929 W AudioALSAHardware: setParameters(), still have param.size() = 1, remain param = "clientTid=15757"
08-21 15:53:15.722824  1041 14871 I AudioFlinger: -mAudioHwDevs(primary)->setParameters(): clientTid=15757
08-21 15:53:15.723094  1041 14871 I AudioFlinger: +mAudioHwDevs(r_submix)->setParameters(): clientTid=15757
08-21 15:53:15.726071  1041 14871 I AudioFlinger: -mAudioHwDevs(r_submix)->setParameters(): clientTid=15757
08-21 15:53:15.726543  1041 14871 I AudioFlinger: +mAudioHwDevs(bluetooth)->setParameters(): clientTid=15757
08-21 15:53:15.729065  1041 14871 I AudioFlinger: -mAudioHwDevs(bluetooth)->setParameters(): clientTid=15757
08-21 15:53:15.752195  1175  2855 I AS.PlaybackActivityMon: dispatchPlayback size:7 to client size:4
08-21 15:53:15.752878  1175  1906 I AudioManager: dispatching onPlaybackConfigChanged()
08-21 15:53:15.753305  1175  1175 I AudioManager: dispatching onPlaybackConfigChanged()
08-21 15:53:15.753388  1175  2418 I AudioManager: dispatching onPlaybackConfigChanged()
08-21 15:53:15.753607  1175  1175 I AudioManager: dispatching onPlaybackConfigChanged()
08-21 15:53:15.754128  1175  1175 I AudioManager: dispatching onPlaybackConfigChanged()
08-21 15:53:15.754160  4238  4706 I AudioManager: dispatching onPlaybackConfigChanged()
08-21 15:53:15.754864  4587  4587 I AudioManager: dispatching onPlaybackConfigChanged()
08-21 15:53:15.756968  1041  1305 I AudioEffect: disable 0xb4000074ae766190
08-21 15:53:15.759338   905  9295 I AudioALSAStreamOut: updateSourceMetadataV7(), do nothing source_metadata = 0x7736a76fb0
08-21 15:53:15.760252  1041  1305 I AudioEffect: Destructor 0xb4000074ae766190
08-21 15:53:15.763091  1041  1305 I AudioFlinger_Threads: removeEffect_l(): 0xb4000077498ae7b0, effect = 0xb40000759e75b4d0, name = Alarm Volume Listener
08-21 15:53:15.765474   905   930 I AHAL_EffectImpl: Alarm Volume ListenerV2close
08-21 15:53:15.766932  1041  1305 I AudioFlinger_Threads: removeEffectChain_l() 0xb40000748e7750f0 from thread 0xb4000077498ae7b0 for session 1545
08-21 15:53:15.768148  1041  1305 W AudioPolicyManagerCustomImpl: [MTK_APM_Route]setOutputDevices() mIoHandle 13 mId 1 device (0x2)(0x1, 0x2, 0x4, 0x8, 0x10, 0x20, 0x40, 0x400, 0x800, 0x1000, 0x4000, 0x100000, 0x4000000) delayMs 84 force 0 size 5
08-21 15:53:15.770119   905  1355 W audio_sw_mixer: sw_mixer_mix_fp_direct_write(-),   MIXER_PLAYBACK  , path T_PRIMARY=>T_PRIMARY, size_out  8192, rb     0, latency/total: 21.333/26.965 (25.615+0.005+1.345) ms
08-21 15:53:15.772094  1041  1305 D APM_AudioPolicyManager: [MTK_APM_Output]releaseOutput() 13 portId 58
08-21 15:53:15.920043   905  1355 W audio_sw_mixer: sw_mixer_mix_fp_direct_write(-),   MIXER_PLAYBACK  , path T_PRIMARY=>T_PRIMARY, size_out  8192, rb     0, latency/total: 21.333/24.196 (19.341+0.012+4.843) ms
08-21 15:53:15.964379   905  1355 W audio_sw_mixer: sw_mixer_mix_fp_direct_write(-),   MIXER_PLAYBACK  , path T_PRIMARY=>T_PRIMARY, size_out  8192, rb     0, latency/total: 21.333/24.134 (19.514+0.013+4.607) ms
08-21 15:53:16.025935   905  1355 W audio_sw_mixer: sw_mixer_mix_fp_direct_write(-),   MIXER_PLAYBACK  , path T_PRIMARY=>T_PRIMARY, size_out  8192, rb     0, latency/total: 21.333/23.587 (18.876+0.013+4.698) ms
08-21 15:53:16.136603   905  1355 W audio_sw_mixer: sw_mixer_mix_fp_direct_write(-),   MIXER_PLAYBACK  , path T_PRIMARY=>T_PRIMARY, size_out  8192, rb     0, latency/total: 21.333/24.305 (19.669+0.012+4.624) ms
08-21 15:53:16.182323   905  1355 W audio_sw_mixer: sw_mixer_mix_fp_direct_write(-),   MIXER_PLAYBACK  , path T_PRIMARY=>T_PRIMARY, size_out  8192, rb     0, latency/total: 21.333/23.701 (19.007+0.012+4.682) ms
08-21 15:53:16.316621   905  1355 W audio_sw_mixer: sw_mixer_mix_fp_direct_write(-),   MIXER_PLAYBACK  , path T_PRIMARY=>T_PRIMARY, size_out  8192, rb     0, latency/total: 21.333/26.153 (21.508+0.013+4.632) ms
08-21 15:53:16.405843   905  1355 E AudioALSAPlaybackHandlerNormal: write(), pcm_write() error, retval = -32
08-21 15:53:16.406386   905  1355 W audio_sw_mixer: sw_mixer_mix_fp_direct_write(-),   MIXER_PLAYBACK  , path T_PRIMARY=>T_PRIMARY, size_out  8192, rb     0, latency/total: 21.333/25.650 (19.118+0.013+6.519) ms
08-21 15:53:16.406877   905  1355 E AudioALSAPlaybackHandlerBase: getQueuedFramesInfo(), pcm_get_htimestamp or trylock fail, ret -1, pcm_get_error 
08-21 15:53:16.423094   905  1355 E AudioALSAPlaybackHandlerBase: getQueuedFramesInfo(), pcm_get_htimestamp or trylock fail, ret -1, pcm_get_error 
08-21 15:53:16.702921  1041  1041 I AudioFlinger: setParameters: filtered keyvalue screen_state=on
08-21 15:53:16.706386  1041  1041 I AudioFlinger: +mAudioHwDevs(primary)->setParameters(): screen_state=on
08-21 15:53:16.712904  1041  1041 I AudioFlinger: -mAudioHwDevs(primary)->setParameters(): screen_state=on
08-21 15:53:16.712949  1041  1041 I AudioFlinger: +mAudioHwDevs(r_submix)->setParameters(): screen_state=on
08-21 15:53:16.713474  1041  1041 I AudioFlinger: -mAudioHwDevs(r_submix)->setParameters(): screen_state=on
08-21 15:53:16.713522  1041  1041 I AudioFlinger: +mAudioHwDevs(bluetooth)->setParameters(): screen_state=on
08-21 15:53:16.713810  1041  1041 I AudioFlinger: -mAudioHwDevs(bluetooth)->setParameters(): screen_state=on
08-21 15:53:26.389775 15765 15765 W libc    : Access denied finding property "ro.odm.tr_audio_hifi.feature.support"
08-21 15:53:43.889679  1175  1625 I PowerHalWrapper: amsBoostNotify pid:7458,activity:com.android.settings.Settings$SoundSettingsActivity, package:com.android.settings, mProcessCreatePackcom.transsion.airtransfer 
08-21 15:53:43.891058  1175  1625 I mtkpower_client: [PowerHal_Wrap_notifyAppState] com.android.settings/com.android.settings.Settings$SoundSettingsActivity pid=7458 activityId:120921688 state:0
08-21 15:53:43.891746   971   971 I vendor.mediatek.hardware.mtkpower_applist-service.mediatek: packName: com.android.settings actName: com.android.settings.Settings$SoundSettingsActivity pid: 7458 activityId: 120921688 uid: 1000 state: 0
08-21 15:53:43.891845   971   971 I MTK_APPList: [notifyAPPstate] com.android.settings/com.android.settings.Settings$SoundSettingsActivity, pid=7458, activityId=120921688, uid=1000, state:PAUSED, fps:-1, win:0
08-21 15:53:43.913261  1041 14225 I AudioFlinger: setParameters: filtered keyvalue screen_state=off
08-21 15:53:43.913430  1041 14225 I AudioFlinger: +mAudioHwDevs(primary)->setParameters(): screen_state=off
08-21 15:53:43.914930  1041 14225 I AudioFlinger: -mAudioHwDevs(primary)->setParameters(): screen_state=off
08-21 15:53:43.915002  1041 14225 I AudioFlinger: +mAudioHwDevs(r_submix)->setParameters(): screen_state=off
08-21 15:53:43.916006  1041 14225 I AudioFlinger: -mAudioHwDevs(r_submix)->setParameters(): screen_state=off
08-21 15:53:43.916080  1041 14225 I AudioFlinger: +mAudioHwDevs(bluetooth)->setParameters(): screen_state=off
08-21 15:53:43.918493  1041 14225 I AudioFlinger: -mAudioHwDevs(bluetooth)->setParameters(): screen_state=off
08-21 15:53:43.919568  1175  2882 I AS.PlaybackActivityMon: dispatchPlayback size:6 to client size:4
08-21 15:53:43.919840  1175  2418 I AudioManager: dispatching onPlaybackConfigChanged()
08-21 15:53:43.919954  1175  1906 I AudioManager: dispatching onPlaybackConfigChanged()
08-21 15:53:43.920609  4587  4587 I AudioManager: dispatching onPlaybackConfigChanged()
08-21 15:53:43.920632  1175  1175 I AudioManager: dispatching onPlaybackConfigChanged()
08-21 15:53:43.920726  1175  1175 I AudioManager: dispatching onPlaybackConfigChanged()
08-21 15:53:43.920801  1175  1175 I AudioManager: dispatching onPlaybackConfigChanged()
08-21 15:53:43.923935  4238  4706 I AudioManager: dispatching onPlaybackConfigChanged()
08-21 15:53:43.926366  1175  2882 I AS.PlaybackActivityMon: dispatchPlayback size:5 to client size:4
08-21 15:53:43.927305  4238  4706 I AudioManager: dispatching onPlaybackConfigChanged()
08-21 15:53:43.928457  1175  2418 I AudioManager: dispatching onPlaybackConfigChanged()
08-21 15:53:43.928500  4587  4587 I AudioManager: dispatching onPlaybackConfigChanged()
08-21 15:53:43.928644  1175  1906 I AudioManager: dispatching onPlaybackConfigChanged()
08-21 15:53:43.929697  1175  1175 I AudioManager: dispatching onPlaybackConfigChanged()
08-21 15:53:43.929806  1175  1175 I AudioManager: dispatching onPlaybackConfigChanged()
08-21 15:53:43.929905  1175  1175 I AudioManager: dispatching onPlaybackConfigChanged()
08-21 15:53:43.930438  1175  2882 I AS.PlaybackActivityMon: dispatchPlayback size:4 to client size:4
08-21 15:53:43.930857  1175  1175 I AudioManager: dispatching onPlaybackConfigChanged()
08-21 15:53:43.930938  1175  1175 I AudioManager: dispatching onPlaybackConfigChanged()
08-21 15:53:43.930994  1175  1175 I AudioManager: dispatching onPlaybackConfigChanged()
08-21 15:53:43.931095  4238  4706 I AudioManager: dispatching onPlaybackConfigChanged()
08-21 15:53:43.931622  4587  4587 I AudioManager: dispatching onPlaybackConfigChanged()
08-21 15:53:43.932481  1175  2418 I AudioManager: dispatching onPlaybackConfigChanged()
08-21 15:53:43.932810  1175  1906 I AudioManager: dispatching onPlaybackConfigChanged()
08-21 15:53:43.940808  4238  4703 I SimpleEventAdapt: onActivityEvent get com.android.settings, com.android.settings.Settings$SoundSettingsActivity,false
08-21 15:53:43.946304  4238 15660 I Kolun_AI.SystemEventSubscribe:  onPublishData {"type":"activity_event","time":1755762823944,"data":"{\"className\":\"com.android.settings.Settings$SoundSettingsActivity\",\"isResumed\":false,\"packageName\":\"com.android.settings\"}","provider":"dc","dc_version":2030380000,"data_version":1,"user_id":0}
08-21 15:53:43.948585  1175  1221 I PowerHalWrapper: amsBoostNotify pid:7458,activity:com.android.settings.Settings$SoundSettingsActivity, package:com.android.settings, mProcessCreatePackcom.transsion.airtransfer 
08-21 15:53:43.949101  1175  1221 I mtkpower_client: [PowerHal_Wrap_notifyAppState] com.android.settings/com.android.settings.Settings$SoundSettingsActivity pid=7458 activityId:120921688 state:0
08-21 15:53:43.949945   971   971 I vendor.mediatek.hardware.mtkpower_applist-service.mediatek: packName: com.android.settings actName: com.android.settings.Settings$SoundSettingsActivity pid: 7458 activityId: 120921688 uid: 1000 state: 0
08-21 15:53:43.950028   971   971 I MTK_APPList: [notifyAPPstate] com.android.settings/com.android.settings.Settings$SoundSettingsActivity, pid=7458, activityId=120921688, uid=1000, state:PAUSED, fps:-1, win:0
08-21 15:53:43.956426  4347  5285 I THubApi : isTheMainScreen classname: com.android.settings.Settings$SoundSettingsActivity  pkg:com.android.settings
08-21 15:53:43.958930  4347  5029 I ScenesManager: ScenesInfo(isInSplitScreenMode=false, screenMode=1, oldTopPackage=, oldTopClass=, oldRelPackage=, oldRelClass=, topPackage=com.android.settings, topClass=com.android.settings.Settings$SoundSettingsActivity, relPackage=com.android.settings, relClass=com.transsion.settings.homepage.SettingsHomeActivity, taskId=15, userId=0, isTwinApp=false, isActivityChange=false, isResume=true, killPackages=[], isPersonalizedFlipScreen=false, timeStamp=1755762823958)
08-21 15:53:43.985606 15794 15794 W libc    : Access denied finding property "ro.odm.tr_audio_hifi.feature.support"
08-21 15:53:43.988332  7458  7458 I DecorView: updateColorViewInt insetsType:2, targetVisibility:4, show:false, size:44, showView:false, color:0x0, dividerColor:0x0, view:null, DecorView:DecorView@f623bdd[Settings$SoundSettingsActivity]
08-21 15:53:43.988563  7458  7458 I DecorView: updateColorViewInt insetsType:1, targetVisibility:4, show:false, size:99, showView:false, color:0x0, dividerColor:0x0, view:null, DecorView:DecorView@f623bdd[Settings$SoundSettingsActivity]
08-21 15:53:44.194190  1074  1074 I SurfaceFlinger: onHandleDestroyed: name=com.android.settings/com.android.settings.Settings$SoundSettingsActivity#752, layerId=752, parentId=0
08-21 15:53:44.194256  1074  1074 I SurfaceFlinger: onHandleDestroyed: name=ecebb1 ActivityRecordInputSink com.android.settings/.Settings$SoundSettingsActivity#751, layerId=751, parentId=0
08-21 15:53:44.200892  1175  3290 I AS.AudioService: getMode, get current owner's mode
08-21 15:53:44.201147  1175  3290 I AS.AudioService: getMode, currentModeHandler is null
08-21 15:53:44.205125  1074  1074 I BufferQueueDebug: [ecebb1 ActivityRecordInputSink com.android.settings/.Settings$SoundSettingsActivity#751](this:0xb400007310a5e538,id:-1,api:0,p:-1,c:1074) onDestructor()
08-21 15:53:44.205162  1041 14225 I AudioFlinger: setParameters: filtered keyvalue screen_state=off
08-21 15:53:44.205429  1041 14225 I AudioFlinger: +mAudioHwDevs(primary)->setParameters(): screen_state=off
08-21 15:53:44.205765  1074  1074 I BufferQueueDebug: [com.android.settings/com.android.settings.Settings$SoundSettingsActivity#752](this:0xb400007310a807f8,id:-1,api:0,p:-1,c:1074) onDestructor()
08-21 15:53:44.209647  1041 14225 I AudioFlinger: -mAudioHwDevs(primary)->setParameters(): screen_state=off
08-21 15:53:44.209902  1041 14225 I AudioFlinger: +mAudioHwDevs(r_submix)->setParameters(): screen_state=off
08-21 15:53:44.210403  1041 14225 I AudioFlinger: -mAudioHwDevs(r_submix)->setParameters(): screen_state=off
08-21 15:53:44.210457  1041 14225 I AudioFlinger: +mAudioHwDevs(bluetooth)->setParameters(): screen_state=off
08-21 15:53:44.210857  1041 14225 I AudioFlinger: -mAudioHwDevs(bluetooth)->setParameters(): screen_state=off
08-21 15:53:44.266975  4347  5285 I THubApi : isTheMainScreen classname: com.android.settings.Settings$SoundSettingsActivity  pkg:com.android.settings
08-21 15:53:44.282273  7129  7129 W BindAudioSmartConnectUseCase: ACTION_SCREEN_OFF
08-21 15:53:44.282376  7129  7129 W BindAudioSmartConnectUseCase: stopBinder
08-21 15:53:44.504810  5238  5582 I AudioManager: getCommunicationDevice
08-21 15:53:44.505160  1175  2685 I AS.AudioDeviceBroker: topCommunicationRouteClient: process no permission or mCommunicationRouteClients is empty
08-21 15:53:44.505271  1175  2685 I AS.AudioDeviceBroker: requestedCommunicationDevice: null mAudioModeOwner: AudioModeInfo: mMode=MODE_NORMAL, mPid=0, mUid=0
08-21 15:53:44.902166   992  1032 I libPowerHal: [recordCPUFreqInfo] set cluster[0] min(MTKPOWER_HINT_LAUNCHER_ANIMA): 2000000 max(-1): -1 cluster[1] min(MTKPOWER_HINT_LAUNCHER_ANIMA): 2400000 max(-1): -1
08-21 15:53:44.908199   992  1032 I libPowerHal: [recordCPUFreqInfo] set cluster[0] min(-1): -1 max(-1): -1 cluster[1] min(-1): -1 max(-1): -1
08-21 15:53:48.624948  2669  2669 W TranReflectUtils: 	at android.view.Choreographer$CallbackRecord.run(Choreographer.java:1610)
08-21 15:53:48.624948  2669  2669 W TranReflectUtils: 	at android.view.Choreographer$CallbackRecord.run(Choreographer.java:1619)
08-21 15:54:44.270225  1175  1880 E ActivityManager: 	at com.android.server.am.PendingIntentRecord.sendInner(PendingIntentRecord.java:707)
08-21 15:54:44.270225  1175  1880 E ActivityManager: 	at com.android.server.am.PendingIntentRecord.sendWithResult(PendingIntentRecord.java:381)
08-21 15:55:03.527167  5238  5582 I AudioManager: getCommunicationDevice
08-21 15:55:03.527796  1175  2979 I AS.AudioDeviceBroker: topCommunicationRouteClient: process no permission or mCommunicationRouteClients is empty
08-21 15:55:03.527978  1175  2979 I AS.AudioDeviceBroker: requestedCommunicationDevice: null mAudioModeOwner: AudioModeInfo: mMode=MODE_NORMAL, mPid=0, mUid=0
08-21 15:56:03.593221  5238  5582 I AudioManager: getCommunicationDevice
08-21 15:56:03.593939  1175  2840 I AS.AudioDeviceBroker: topCommunicationRouteClient: process no permission or mCommunicationRouteClients is empty
08-21 15:56:03.594071  1175  2840 I AS.AudioDeviceBroker: requestedCommunicationDevice: null mAudioModeOwner: AudioModeInfo: mMode=MODE_NORMAL, mPid=0, mUid=0
08-21 15:57:03.660744  5238  5582 I AudioManager: getCommunicationDevice
08-21 15:57:03.661538  1175  4296 I AS.AudioDeviceBroker: topCommunicationRouteClient: process no permission or mCommunicationRouteClients is empty
08-21 15:57:03.661728  1175  4296 I AS.AudioDeviceBroker: requestedCommunicationDevice: null mAudioModeOwner: AudioModeInfo: mMode=MODE_NORMAL, mPid=0, mUid=0
08-21 15:57:40.029824  1175  2449 I AS.AudioService: onReceive action = android.intent.action.SCREEN_ON
08-21 15:57:40.030023  1175  2449 I TranAudioService: clearZeroSoundAppList
08-21 15:57:40.054524  1041 14871 I AudioFlinger: setParameters: filtered keyvalue screen_state=off
08-21 15:57:40.054793  1041 14871 I AudioFlinger: +mAudioHwDevs(primary)->setParameters(): screen_state=off
08-21 15:57:40.058106  1041 14871 I AudioFlinger: -mAudioHwDevs(primary)->setParameters(): screen_state=off
08-21 15:57:40.058174  1041 14871 I AudioFlinger: +mAudioHwDevs(r_submix)->setParameters(): screen_state=off
08-21 15:57:40.059330  1041 14871 I AudioFlinger: -mAudioHwDevs(r_submix)->setParameters(): screen_state=off
08-21 15:57:40.059413  1041 14871 I AudioFlinger: +mAudioHwDevs(bluetooth)->setParameters(): screen_state=off
08-21 15:57:40.060067  1041 14871 I AudioFlinger: -mAudioHwDevs(bluetooth)->setParameters(): screen_state=off
08-21 15:57:40.100018  1041 14871 I AudioFlinger: setParameters: filtered keyvalue screen_state=on
08-21 15:57:40.100109  1041 14871 I AudioFlinger: +mAudioHwDevs(primary)->setParameters(): screen_state=on
08-21 15:57:40.106566  1041 14871 I AudioFlinger: -mAudioHwDevs(primary)->setParameters(): screen_state=on
08-21 15:57:40.107041  1041 14871 I AudioFlinger: +mAudioHwDevs(r_submix)->setParameters(): screen_state=on
08-21 15:57:40.107922  1041 14871 I AudioFlinger: -mAudioHwDevs(r_submix)->setParameters(): screen_state=on
08-21 15:57:40.108019  1041 14871 I AudioFlinger: +mAudioHwDevs(bluetooth)->setParameters(): screen_state=on
08-21 15:57:40.108501  1041 14871 I AudioFlinger: -mAudioHwDevs(bluetooth)->setParameters(): screen_state=on
08-21 15:57:40.140669  7129  7129 I BindAudioSmartConnectUseCase: ACTION_SCREEN_ON keyguard:true
08-21 15:57:40.158252  4347  5285 I THubApi : isTheMainScreen classname: com.android.settings.Settings$SoundSettingsActivity  pkg:com.android.settings
08-21 15:57:40.164497  4347  5029 I ScenesManager: ScenesInfo(isInSplitScreenMode=false, screenMode=2, oldTopPackage=, oldTopClass=, oldRelPackage=, oldRelClass=, topPackage=com.android.settings, topClass=com.android.settings.Settings$SoundSettingsActivity, relPackage=com.android.settings, relClass=com.transsion.settings.homepage.SettingsHomeActivity, taskId=15, userId=0, isTwinApp=false, isActivityChange=false, isResume=true, killPackages=[], isPersonalizedFlipScreen=false, timeStamp=1755763060163)
08-21 15:57:40.236809  4238  4522 I ApiInvoke1.7.1: SubscribeBusServerImpl: parseSubscribeHostInfoList infoStr {"host":"DataCenter#StandardDataService","typeCounts":[{"type":"activity_event","subscribeCount":1},{"type":"headset_state_event","subscribeCount":1},{"type":"screen_state","subscribeCount":1},{"type":"tips_screen_app_list","subscribeCount":1},{"type":"wifi_event","subscribeCount":1},{"type":"desktop_apps","subscribeCount":4},{"type":"media_event","subscribeCount":2},{"type":"user_present","subscribeCount":1},{"type":"battery_event","subscribeCount":2},{"type":"volume_event","subscribeCount":1},{"type":"bluetooth","subscribeCount":1},{"type":"sms_event","subscribeCount":1},{"type":"app_foreground","subscribeCount":1},{"type":"location","subscribeCount":1},{"type":"notification_info_event","subscribeCount":1}]}
08-21 15:57:40.236965  4238  4522 I ApiInvoke1.7.1: SubscribeBusServerImpl: parseSubscribeHostInfoList infoStr {"host":"MiniAppOxygenBusExportChannel#miniAppUsageDataReceiverSubscribe","typeCounts":[{"type":"OnShortCutsRecordChanged","subscribeCount":1},{"type":"OnForegroundBackgroundStatusChanged","subscribeCount":1}]}
08-21 15:57:40.238142  4238  4522 I ApiInvoke1.7.1: SubscribeBusServerImpl: editSubscribeHostInfo editHostInfoByOpt pid4238 channel DataCenter#StandardDataService matcher volume_event subscribeCount 1
08-21 15:57:40.238658  4238  4522 I ApiInvoke1.7.1: SubscribeBusServerImpl: editSubscribeHostInfo editHostInfoByOpt pid4238 channel MiniAppOxygenBusExportChannel#miniAppUsageDataReceiverSubscribe matcher OnShortCutsRecordChanged subscribeCount 1
08-21 15:57:40.250027  4238  4522 I ApiInvoke1.7.1: SubscribeBusServerImpl: createNotifyRunnable, notifyPublisherChange host=DataCenter#StandardDataService typeCount SubscribeTypeCount{type='volume_event', subscribeCount=0} subscribeMap 6
08-21 15:57:40.250596  4238  4522 I ApiInvoke1.7.1: SubscribeManager: onSubscribeCountChange publisher Publisher{channel='DataCenter', apiName='StandardDataService', label='volume_event'} subscribeCount 9
08-21 15:57:40.250766  4238  4522 I StandardDataService: onSubscribeCountChange volume_event, count 9, com.transsion.kolun.aidatacenter.services.StandardDataService@dadab05
08-21 15:57:40.250886  4238  4522 I DataServiceImplV2: StandardDataService onSubscribeCountChange regType volume_event, 9
08-21 15:57:40.255820  4238  4522 I ApiInvoke1.7.1: SubscribeBusServerImpl: createNotifyRunnable, notifyPublisherChange host=MiniAppOxygenBusExportChannel#miniAppUsageDataReceiverSubscribe typeCount SubscribeTypeCount{type='OnShortCutsRecordChanged', subscribeCount=0} subscribeMap 6
08-21 15:57:40.428332  5238  5582 I AudioManager: getCommunicationDevice
08-21 15:57:40.428914  1175  3740 I AS.AudioDeviceBroker: topCommunicationRouteClient: process no permission or mCommunicationRouteClients is empty
08-21 15:57:40.429034  1175  3740 I AS.AudioDeviceBroker: requestedCommunicationDevice: null mAudioModeOwner: AudioModeInfo: mMode=MODE_NORMAL, mPid=0, mUid=0
08-21 15:57:40.491700  1041  1041 I AudioFlinger: setParameters: filtered keyvalue screen_state=on
08-21 15:57:40.491806  1041  1041 I AudioFlinger: +mAudioHwDevs(primary)->setParameters(): screen_state=on
08-21 15:57:40.498326  1041  1041 I AudioFlinger: -mAudioHwDevs(primary)->setParameters(): screen_state=on
08-21 15:57:40.498379  1041  1041 I AudioFlinger: +mAudioHwDevs(r_submix)->setParameters(): screen_state=on
08-21 15:57:40.499602  1041  1041 I AudioFlinger: -mAudioHwDevs(r_submix)->setParameters(): screen_state=on
08-21 15:57:40.499802  1041  1041 I AudioFlinger: +mAudioHwDevs(bluetooth)->setParameters(): screen_state=on
08-21 15:57:40.500211  1041  1041 I AudioFlinger: -mAudioHwDevs(bluetooth)->setParameters(): screen_state=on
08-21 15:57:40.877747 15842 15842 W libc    : Access denied finding property "ro.odm.tr_audio_hifi.feature.support"
08-21 15:57:40.997587   992  1032 I libPowerHal: [recordCPUFreqInfo] set cluster[0] min(-1): -1 max(-1): -1 cluster[1] min(MTKPOWER_HINT_IN_SYSTEMUI): 1650000 max(-1): -1
08-21 15:57:41.066577   992  1032 I libPowerHal: [recordCPUFreqInfo] set cluster[0] min(-1): -1 max(-1): -1 cluster[1] min(-1): -1 max(-1): -1
08-21 15:57:41.068277   992  1032 I libPowerHal: [recordCPUFreqInfo] set cluster[0] min(-1): -1 max(-1): -1 cluster[1] min(MTKPOWER_HINT_IN_SYSTEMUI): 1650000 max(-1): -1
08-21 15:57:41.068546  1175  4247 I PowerHalWrapper: amsBoostNotify pid:7458,activity:com.android.settings.Settings$SoundSettingsActivity, package:com.android.settings, mProcessCreatePackcom.transsion.airtransfer 
08-21 15:57:41.069087  1175  4247 I mtkpower_client: [PowerHal_Wrap_notifyAppState] com.android.settings/com.android.settings.Settings$SoundSettingsActivity pid=7458 activityId:120921688 state:1
08-21 15:57:41.069384   971   971 I vendor.mediatek.hardware.mtkpower_applist-service.mediatek: packName: com.android.settings actName: com.android.settings.Settings$SoundSettingsActivity pid: 7458 activityId: 120921688 uid: 1000 state: 1
08-21 15:57:41.069525   971   971 I MTK_APPList: [notifyAPPstate] com.android.settings/com.android.settings.Settings$SoundSettingsActivity, pid=7458, activityId=120921688, uid=1000, state:RESUMED, fps:-1, win:0
08-21 15:57:41.069594   971   971 I MTK_APPList: [notifyAPPstate] multi_resumed_app_info[0] com.android.settings/com.android.settings.Settings$SoundSettingsActivity, pid:7458, activityId:120921688, fps:-1, isMultiWindow:0
08-21 15:57:41.072358  4238  4703 I SimpleEventAdapt: onActivityEvent get com.android.settings, com.android.settings.Settings$SoundSettingsActivity,true
08-21 15:57:41.072460  4347  6225 I SmartPanelService: activityCheck pkgName: com.android.settings, className: com.android.settings.Settings$SoundSettingsActivity isResume=true isDrawn = false
08-21 15:57:41.072748   992  1032 I libPowerHal: [recordCPUFreqInfo] set cluster[0] min(MTKPOWER_HINT_PACK_SWITCH): 2000000 max(-1): -1 cluster[1] min(MTKPOWER_HINT_PACK_SWITCH): 2400000 max(-1): -1
08-21 15:57:41.075079  4238 15838 I Kolun_AI.SystemEventSubscribe:  onPublishData {"type":"activity_event","time":1755763061073,"data":"{\"className\":\"com.android.settings.Settings$SoundSettingsActivity\",\"isResumed\":true,\"packageName\":\"com.android.settings\"}","provider":"dc","dc_version":2030380000,"data_version":1,"user_id":0}
08-21 15:57:41.077863  1175  1227 I TranSuccCrashMgr: Post key event: type=0, event=wm_resume_activity0,0,com.android.settings/.Settings$SoundSettingsActivity, ext=null
08-21 15:57:41.093039  7458  7458 I DecorView: updateColorViewInt insetsType:2, targetVisibility:4, show:false, size:44, showView:false, color:0x0, dividerColor:0x0, view:null, DecorView:DecorView@f623bdd[Settings$SoundSettingsActivity]
08-21 15:57:41.093083  7458  7458 I DecorView: updateColorViewInt insetsType:1, targetVisibility:4, show:false, size:99, showView:false, color:0x0, dividerColor:0x0, view:null, DecorView:DecorView@f623bdd[Settings$SoundSettingsActivity]
08-21 15:57:41.094795   992  1032 I libPowerHal: [recordCPUFreqInfo] set cluster[0] min(MTKPOWER_HINT_PACK_SWITCH): 2000000 max(MTKPOWER_HINT_UX_SCROLLING): -1 cluster[1] min(MTKPOWER_HINT_PACK_SWITCH): 2400000 max(MTKPOWER_HINT_UX_SCROLLING): -1
08-21 15:57:41.126330  7458 15870 I RingtoneManager: getActualDefaultRingtoneUri ringtoneUri: content://media/internal/audio/media/101?title=POVA%20Cradles&canonical=1,type 1
08-21 15:57:41.132039  1074  1110 I BufferQueueDebug: [ecebb1 ActivityRecordInputSink com.android.settings/.Settings$SoundSettingsActivity#771](this:0xb400007310a41d98,id:-1,api:0,p:-1,c:-1) BufferQueue core=(1074:/system/bin/surfaceflinger)
08-21 15:57:41.136425  7458 15873 I RingtoneManager: getActualDefaultRingtoneUri ringtoneUri: content://media/internal/audio/media/43?title=Gentle&canonical=1,type 2
08-21 15:57:41.153661  7458 15877 I RingtoneManager: getActualDefaultRingtoneUri ringtoneUri: content://media/internal/audio/media/13?title=Good%20Times&canonical=1,type 4
08-21 15:57:41.157669  1175  3291 I AS.PlaybackActivityMon: dispatchPlayback size:8 to client size:4
08-21 15:57:41.158920  1175  1175 I AudioManager: dispatching onPlaybackConfigChanged()
08-21 15:57:41.158928  4238  4706 I AudioManager: dispatching onPlaybackConfigChanged()
08-21 15:57:41.158992  1175  1175 I AudioManager: dispatching onPlaybackConfigChanged()
08-21 15:57:41.159097  1175  1196 I AS.AudioService: getMode, get current owner's mode
08-21 15:57:41.159120  1175  1196 I AS.AudioService: getMode, currentModeHandler is null
08-21 15:57:41.159513  4587  4587 I AudioManager: dispatching onPlaybackConfigChanged()
08-21 15:57:41.161435  1175  1906 I AudioManager: dispatching onPlaybackConfigChanged()
08-21 15:57:41.161744  1175  1175 I AudioManager: dispatching onPlaybackConfigChanged()
08-21 15:57:41.163150  1175  2418 I AudioManager: dispatching onPlaybackConfigChanged()
08-21 15:57:41.164091  1175  2882 I AS.AudioService: getMode, get current owner's mode
08-21 15:57:41.164162  1175  2882 I AS.AudioService: getMode, currentModeHandler is null
08-21 15:57:41.164572  1175  3172 I AS.AudioService: getMode, get current owner's mode
08-21 15:57:41.164610  1175  3172 I AS.AudioService: getMode, currentModeHandler is null
08-21 15:57:41.171441  7458 13892 I RingtoneManager: getActualDefaultRingtoneUri ringtoneUri: content://media/internal/audio/media/43?title=Gentle&canonical=1,type 2
08-21 15:57:41.177549  7458 13896 I RingtoneManager: getActualDefaultRingtoneUri ringtoneUri: content://media/internal/audio/media/101?title=POVA%20Cradles&canonical=1,type 1
08-21 15:57:41.178308  7458 13890 I RingtoneManager: getActualDefaultRingtoneUri ringtoneUri: content://media/internal/audio/media/101?title=POVA%20Cradles&canonical=1,type 32
08-21 15:57:41.183910  7458 15869 W Ringtone: Use of stream types is deprecated for operations other than volume control
08-21 15:57:41.183957  7458 15869 W Ringtone: See the documentation of setStreamType() for what to use instead with android.media.AudioAttributes to qualify your playback use case
08-21 15:57:41.194585  1175  2855 I AS.PlaybackActivityMon: dispatchPlayback size:8 to client size:4
08-21 15:57:41.196130  4238  4706 I AudioManager: dispatching onPlaybackConfigChanged()
08-21 15:57:41.198398  1175  1906 I AudioManager: dispatching onPlaybackConfigChanged()
08-21 15:57:41.198908  1175  1175 I AudioManager: dispatching onPlaybackConfigChanged()
08-21 15:57:41.199017  1175  1175 I AudioManager: dispatching onPlaybackConfigChanged()
08-21 15:57:41.199092  1175  1175 I AudioManager: dispatching onPlaybackConfigChanged()
08-21 15:57:41.200278  1175  2418 I AudioManager: dispatching onPlaybackConfigChanged()
08-21 15:57:41.203985  4587  4587 I AudioManager: dispatching onPlaybackConfigChanged()
08-21 15:57:41.209740  1074  1527 I BufferQueueDebug: [com.android.settings/com.android.settings.Settings$SoundSettingsActivity#774](this:0xb400007310a807f8,id:-1,api:0,p:-1,c:-1) BufferQueue core=(1074:/system/bin/surfaceflinger)
08-21 15:57:41.239997  1175  4245 I AS.AudioService: getMode, get current owner's mode
08-21 15:57:41.240042  1175  4245 I AS.AudioService: getMode, currentModeHandler is null
08-21 15:57:41.240457  1175  3291 I AS.AudioService: getMode, get current owner's mode
08-21 15:57:41.240516  1175  3291 I AS.AudioService: getMode, currentModeHandler is null
08-21 15:57:41.240952  1175  4297 I AS.PlaybackActivityMon: dispatchPlayback size:7 to client size:4
08-21 15:57:41.241281  1175  2882 I AS.AudioService: getMode, get current owner's mode
08-21 15:57:41.241330  1175  2882 I AS.AudioService: getMode, currentModeHandler is null
08-21 15:57:41.243303  1175  2418 I AudioManager: dispatching onPlaybackConfigChanged()
08-21 15:57:41.245174  1175  1906 I AudioManager: dispatching onPlaybackConfigChanged()
08-21 15:57:41.245722  4238  4706 I AudioManager: dispatching onPlaybackConfigChanged()
08-21 15:57:41.249704  4587  4587 I AudioManager: dispatching onPlaybackConfigChanged()
08-21 15:57:41.250998  1175  1175 I AudioManager: dispatching onPlaybackConfigChanged()
08-21 15:57:41.251162  1175  1175 I AudioManager: dispatching onPlaybackConfigChanged()
08-21 15:57:41.251252  1175  1175 I AudioManager: dispatching onPlaybackConfigChanged()
08-21 15:57:41.270814  1175  2855 I AS.PlaybackActivityMon: dispatchPlayback size:8 to client size:4
08-21 15:57:41.272432  4347  6225 I SmartPanelService: onWindowsDrawn pkgName: com.android.settings, className: com.android.settings.Settings$SoundSettingsActivity launchState=0 windowsDrawnDelayMs =-1
08-21 15:57:41.274018  1175  1175 I AudioManager: dispatching onPlaybackConfigChanged()
08-21 15:57:41.274157  1175  1175 I AudioManager: dispatching onPlaybackConfigChanged()
08-21 15:57:41.274224  1175  1175 I AudioManager: dispatching onPlaybackConfigChanged()
08-21 15:57:41.275588  4238  4706 I AudioManager: dispatching onPlaybackConfigChanged()
08-21 15:57:41.279739  1175  1906 I AudioManager: dispatching onPlaybackConfigChanged()
08-21 15:57:41.281555  1175  2418 I AudioManager: dispatching onPlaybackConfigChanged()
08-21 15:57:41.285406  4587  4587 I AudioManager: dispatching onPlaybackConfigChanged()
08-21 15:57:41.286782   992  1032 I libPowerHal: [recordCPUFreqInfo] set cluster[0] min(MTKPOWER_HINT_UX_SCROLLING): 1075000 max(MTKPOWER_HINT_UX_SCROLLING): -1 cluster[1] min(MTKPOWER_HINT_UX_SCROLLING): 1162000 max(MTKPOWER_HINT_UX_SCROLLING): -1
08-21 15:57:41.289296  1175  2855 I AS.PlaybackActivityMon: dispatchPlayback size:8 to client size:4
08-21 15:57:41.290832  4587  4587 I AudioManager: dispatching onPlaybackConfigChanged()
08-21 15:57:41.292561  1175  1906 I AudioManager: dispatching onPlaybackConfigChanged()
08-21 15:57:41.292662  1175  2418 I AudioManager: dispatching onPlaybackConfigChanged()
08-21 15:57:41.292692  1175  1175 I AudioManager: dispatching onPlaybackConfigChanged()
08-21 15:57:41.292783  1175  1175 I AudioManager: dispatching onPlaybackConfigChanged()
08-21 15:57:41.292848  1175  1175 I AudioManager: dispatching onPlaybackConfigChanged()
08-21 15:57:41.294236  4238  4706 I AudioManager: dispatching onPlaybackConfigChanged()
08-21 15:57:41.295038  7458 15870 W Ringtone: Use of stream types is deprecated for operations other than volume control
08-21 15:57:41.295157  7458 15870 W Ringtone: See the documentation of setStreamType() for what to use instead with android.media.AudioAttributes to qualify your playback use case
08-21 15:57:41.298128  4347  5285 I THubApi : isTheMainScreen classname: com.android.settings.Settings$SoundSettingsActivity  pkg:com.android.settings
08-21 15:57:41.306211  1175  3172 I AS.PlaybackActivityMon: dispatchPlayback size:7 to client size:4
08-21 15:57:41.309125  1175  1175 I AudioManager: dispatching onPlaybackConfigChanged()
08-21 15:57:41.309311  7458 15870 I RingtoneManager: getActualDefaultRingtoneUri ringtoneUri: content://media/internal/audio/media/101?title=POVA%20Cradles&canonical=1,type 1
08-21 15:57:41.310488  4238  4706 I AudioManager: dispatching onPlaybackConfigChanged()
08-21 15:57:41.310889  1175  1175 I AudioManager: dispatching onPlaybackConfigChanged()
08-21 15:57:41.310988  1175  1175 I AudioManager: dispatching onPlaybackConfigChanged()
08-21 15:57:41.311062  1175  1906 I AudioManager: dispatching onPlaybackConfigChanged()
08-21 15:57:41.312987  4587  4587 I AudioManager: dispatching onPlaybackConfigChanged()
08-21 15:57:41.313753  1175  2418 I AudioManager: dispatching onPlaybackConfigChanged()
08-21 15:57:41.318337  1175  3172 I AS.PlaybackActivityMon: dispatchPlayback size:8 to client size:4
08-21 15:57:41.318559  1175  1906 I AudioManager: dispatching onPlaybackConfigChanged()
08-21 15:57:41.318966  1175  2418 I AudioManager: dispatching onPlaybackConfigChanged()
08-21 15:57:41.319035  1175  1175 I AudioManager: dispatching onPlaybackConfigChanged()
08-21 15:57:41.319040  4238  4706 I AudioManager: dispatching onPlaybackConfigChanged()
08-21 15:57:41.319092  1175  1175 I AudioManager: dispatching onPlaybackConfigChanged()
08-21 15:57:41.319131  1175  1175 I AudioManager: dispatching onPlaybackConfigChanged()
08-21 15:57:41.319691  7458 15873 W Ringtone: Use of stream types is deprecated for operations other than volume control
08-21 15:57:41.319739  7458 15873 W Ringtone: See the documentation of setStreamType() for what to use instead with android.media.AudioAttributes to qualify your playback use case
08-21 15:57:41.320323  4347  5029 I ScenesManager: ScenesInfo(isInSplitScreenMode=false, screenMode=0, oldTopPackage=, oldTopClass=, oldRelPackage=, oldRelClass=, topPackage=com.android.settings, topClass=com.android.settings.Settings$SoundSettingsActivity, relPackage=com.android.settings, relClass=com.transsion.settings.homepage.SettingsHomeActivity, taskId=15, userId=0, isTwinApp=false, isActivityChange=false, isResume=true, killPackages=[], isPersonalizedFlipScreen=false, timeStamp=1755763061317)
08-21 15:57:41.322542  4587  4587 I AudioManager: dispatching onPlaybackConfigChanged()
08-21 15:57:41.338546  1175  2855 I AS.PlaybackActivityMon: dispatchPlayback size:7 to client size:4
08-21 15:57:41.339406  1175  1175 I AudioManager: dispatching onPlaybackConfigChanged()
08-21 15:57:41.339552  1175  1175 I AudioManager: dispatching onPlaybackConfigChanged()
08-21 15:57:41.339605  1175  1175 I AudioManager: dispatching onPlaybackConfigChanged()
08-21 15:57:41.341774  7458 15873 I RingtoneManager: getActualDefaultRingtoneUri ringtoneUri: content://media/internal/audio/media/43?title=Gentle&canonical=1,type 2
08-21 15:57:41.342032  1175  2418 I AudioManager: dispatching onPlaybackConfigChanged()
08-21 15:57:41.342949  4238  4706 I AudioManager: dispatching onPlaybackConfigChanged()
08-21 15:57:41.343746  1175  2842 I AS.PlaybackActivityMon: dispatchPlayback size:8 to client size:4
08-21 15:57:41.344334  1175  1175 I AudioManager: dispatching onPlaybackConfigChanged()
08-21 15:57:41.344854  4587  4587 I AudioManager: dispatching onPlaybackConfigChanged()
08-21 15:57:41.344909  1175  2418 I AudioManager: dispatching onPlaybackConfigChanged()
08-21 15:57:41.345851  1175  1906 I AudioManager: dispatching onPlaybackConfigChanged()
08-21 15:57:41.348091  1175  1906 I AudioManager: dispatching onPlaybackConfigChanged()
08-21 15:57:41.349039  1175  1175 I AudioManager: dispatching onPlaybackConfigChanged()
08-21 15:57:41.349272  1175  1175 I AudioManager: dispatching onPlaybackConfigChanged()
08-21 15:57:41.349504  4238  4706 I AudioManager: dispatching onPlaybackConfigChanged()
08-21 15:57:41.350853  4587  4587 I AudioManager: dispatching onPlaybackConfigChanged()
08-21 15:57:41.364542  7458 15877 W Ringtone: Use of stream types is deprecated for operations other than volume control
08-21 15:57:41.364587  7458 15877 W Ringtone: See the documentation of setStreamType() for what to use instead with android.media.AudioAttributes to qualify your playback use case
08-21 15:57:41.369199  1175  4247 I AS.PlaybackActivityMon: dispatchPlayback size:7 to client size:4
08-21 15:57:41.370119  4238  4706 I AudioManager: dispatching onPlaybackConfigChanged()
08-21 15:57:41.370372  1175  1906 I AudioManager: dispatching onPlaybackConfigChanged()
08-21 15:57:41.370990  1175  2418 I AudioManager: dispatching onPlaybackConfigChanged()
08-21 15:57:41.371269  1175  1175 I AudioManager: dispatching onPlaybackConfigChanged()
08-21 15:57:41.371329  1175  1175 I AudioManager: dispatching onPlaybackConfigChanged()
08-21 15:57:41.371362  1175  1175 I AudioManager: dispatching onPlaybackConfigChanged()
08-21 15:57:41.371845  7458 15877 I RingtoneManager: getActualDefaultRingtoneUri ringtoneUri: content://media/internal/audio/media/13?title=Good%20Times&canonical=1,type 4
08-21 15:57:41.372146  4587  4587 I AudioManager: dispatching onPlaybackConfigChanged()
08-21 15:57:41.376184  1175  4247 I AS.PlaybackActivityMon: dispatchPlayback size:8 to client size:4
08-21 15:57:41.376506  1175  1175 I AudioManager: dispatching onPlaybackConfigChanged()
08-21 15:57:41.376966  4238  4706 I AudioManager: dispatching onPlaybackConfigChanged()
08-21 15:57:41.376970  1175  1906 I AudioManager: dispatching onPlaybackConfigChanged()
08-21 15:57:41.377047  1175  2418 I AudioManager: dispatching onPlaybackConfigChanged()
08-21 15:57:41.377132  1175  1175 I AudioManager: dispatching onPlaybackConfigChanged()
08-21 15:57:41.377640  1175  1175 I AudioManager: dispatching onPlaybackConfigChanged()
08-21 15:57:41.377684  4587  4587 I AudioManager: dispatching onPlaybackConfigChanged()
08-21 15:57:41.390303   992  1032 I libPowerHal: [recordCPUFreqInfo] set cluster[0] min(MTKPOWER_HINT_LAUNCHER_ANIMA): 2000000 max(MTKPOWER_HINT_UX_SCROLLING): -1 cluster[1] min(MTKPOWER_HINT_LAUNCHER_ANIMA): 2400000 max(MTKPOWER_HINT_UX_SCROLLING): -1
08-21 15:57:41.392776  1175  3172 I AS.PlaybackActivityMon: dispatchPlayback size:8 to client size:4
08-21 15:57:41.393423  4238  4706 I AudioManager: dispatching onPlaybackConfigChanged()
08-21 15:57:41.393725  1175  1175 I AudioManager: dispatching onPlaybackConfigChanged()
08-21 15:57:41.393891  1175  1175 I AudioManager: dispatching onPlaybackConfigChanged()
08-21 15:57:41.394186  1175  2418 I AudioManager: dispatching onPlaybackConfigChanged()
08-21 15:57:41.394232  1175  1906 I AudioManager: dispatching onPlaybackConfigChanged()
08-21 15:57:41.394240  4587  4587 I AudioManager: dispatching onPlaybackConfigChanged()
08-21 15:57:41.394425  1175  1175 I AudioManager: dispatching onPlaybackConfigChanged()
08-21 15:57:41.443929  1175  4247 I AudioEffect: getParameter: param: 5, param2: -1
08-21 15:57:41.445815  7458 13891 I AudioManager: isWiredHeadsetOn()false
08-21 15:57:41.446908  1041 14871 W APM::HwModule: getDeviceDescriptor: could not find HW module for device  (AUDIO_DEVICE_OUT_BLE_HEADSET, 20000000) address 
08-21 15:57:41.447114  7458 13891 I AudioManager: isBluetoothA2dpOn()false
08-21 15:57:41.477851  4347  5285 I THubApi : isTheMainScreen classname: com.android.settings.Settings$SoundSettingsActivity  pkg:com.android.settings
08-21 15:57:41.541723   992  1032 I libPowerHal: [recordCPUFreqInfo] set cluster[0] min(MTKPOWER_HINT_UX_SCROLLING): 1075000 max(MTKPOWER_HINT_UX_SCROLLING): -1 cluster[1] min(MTKPOWER_HINT_UX_SCROLLING): 1162000 max(MTKPOWER_HINT_UX_SCROLLING): -1
08-21 15:57:41.817971   992  1032 I libPowerHal: [recordCPUFreqInfo] set cluster[0] min(MTKPOWER_HINT_UX_SCROLLING): 1075000 max(MTKPOWER_HINT_UX_SCROLLING): -1 cluster[1] min(MTKPOWER_HINT_UX_SCROLLING): 1162000 max(MTKPOWER_HINT_UX_MOVE_SCROLLING): -1
08-21 15:57:42.119650  1175  2842 I AS.AudioService: setStreamVolume(stream=4, index=7, dev=AudioDeviceAttributes: role:output type:speaker addr: name: profiles:[] descriptors:[], calling=com.android.settings)
08-21 15:57:42.120142  1175  2842 I AS.SoundDoseHelper:  checkSafeMediaVolume_l mSafeMediaVolumeState = 3 streamType = 4 device = 2 index = 70 safeMediaVolumeIndex = 0
08-21 15:57:42.120474  1175  2842 I AS.AudioService: updateVolumeGroupIndex for stream 4, muted=false, device=2, index=70, group AUDIO_STREAM_ALARM Muted=false, Index=7, forceMuteState=false
08-21 15:57:42.121843  1175  2453 I AS.AudioService: setStreamVolumeIndexAS(4, 7, 2)
08-21 15:57:42.122247  1175  2453 I AudioSystem: setStreamVolumeIndex: STREAM_ALARM dev=2 idx=7
08-21 15:57:42.130224   992  1032 I libPowerHal: [recordCPUFreqInfo] set cluster[0] min(MTKPOWER_HINT_UX_SCROLLING): 1075000 max(MTKPOWER_HINT_UX_SCROLLING): -1 cluster[1] min(MTKPOWER_HINT_UX_SCROLLING): 1162000 max(MTKPOWER_HINT_UX_SCROLLING): -1
08-21 15:57:42.131774  1175  3172 I AS.PlaybackActivityMon: dispatchPlayback size:7 to client size:4
08-21 15:57:42.133325  7458 15877 I RingtoneManager: getActualDefaultRingtoneUri ringtoneUri: content://media/internal/audio/media/13?title=Good%20Times&canonical=1,type 4
08-21 15:57:42.135313  1175  1906 I AudioManager: dispatching onPlaybackConfigChanged()
08-21 15:57:42.135942  1175  2418 I AudioManager: dispatching onPlaybackConfigChanged()
08-21 15:57:42.136959  1175  1175 I AudioManager: dispatching onPlaybackConfigChanged()
08-21 15:57:42.137287  1175  1175 I AudioManager: dispatching onPlaybackConfigChanged()
08-21 15:57:42.137287  4587  4587 I AudioManager: dispatching onPlaybackConfigChanged()
08-21 15:57:42.137366  1175  1175 I AudioManager: dispatching onPlaybackConfigChanged()
08-21 15:57:42.139802  4238  4706 I AudioManager: dispatching onPlaybackConfigChanged()
08-21 15:57:42.141348  4238  4238 I VolumeDataCollector: onReceive android.media.VOLUME_CHANGED_ACTION
08-21 15:57:42.141521  4238  4238 I VolumeDataCollector: streamType 4
08-21 15:57:42.142246  4238 15868 I CacheManager:  save new data to cache volume_event
08-21 15:57:42.142827  4238 15868 I bsc     : notifyDataChange in volume_event, 1
08-21 15:57:42.143939  4238 15838 I DataServiceImplV2: StandardDataService notifyDataChange  curServiceName StandardDataService type:volume_event
08-21 15:57:42.147212  4238 15838 I Kolun_AI.SystemEventSubscribe:  onPublishData {"type":"volume_event","time":1755763062141,"data":"{\"prevStreamValue\":11,\"streamType\":4,\"streamTypeAlias\":4,\"streamValue\":7}","provider":"dc","dc_version":2030380000,"data_version":1,"user_id":0}
08-21 15:57:42.147281  4238 15838 I Kolun_AI.SystemEventSubscribe:  publisher.getMatcher() volume_event
08-21 15:57:42.148700  4238 15838 I ApiInvoke1.7.1: SubscribeManager: publishData success host DataCenter#StandardDataService matcher volume_event
08-21 15:57:42.148872  4238 15838 I ApiInvoke1.7.1: ApiRequest: do publishData to local, matcher = volume_event
08-21 15:57:42.149056  4238 15838 I ApiInvoke1.7.1: ChannelChain: addChain, path=Publish{process='com.transsion.kolun.aiservice', channelName='DataCenter', matcher='volume_event', apiName='StandardDataService'} size 1
08-21 15:57:42.149171  4238 15838 W ApiInvoke1.7.1: SubscribeBusServerImpl: onSafePublishData start ==>> publisher Publisher{channel='DataCenter', apiName='StandardDataService', label='volume_event'}
08-21 15:57:42.150618  4238 15838 W ApiInvoke1.7.1: ApiRequest: do publishData to remote volume_event
08-21 15:57:42.155175  1175  4247 I AS.PlaybackActivityMon: dispatchPlayback size:8 to client size:4
08-21 15:57:42.155612  1175  1175 I AudioManager: dispatching onPlaybackConfigChanged()
08-21 15:57:42.156140  4238  4706 I AudioManager: dispatching onPlaybackConfigChanged()
08-21 15:57:42.156511  4587  4587 I AudioManager: dispatching onPlaybackConfigChanged()
