08-21 16:00:20.172443  4587  4587 I AudioManager: dispatching onPlaybackConfigChanged()
08-21 16:00:20.172499  1175  2418 I AudioManager: dispatching onPlaybackConfigChanged()
08-21 16:00:20.173597  7458 16034 I RingtoneManager: getActualDefaultRingtoneUri ringtoneUri: content://media/internal/audio/media/43?title=Gentle&canonical=1,type 2
08-21 16:00:20.182505  1175  1175 I AudioManager: dispatching onPlaybackConfigChanged()
08-21 16:00:20.182625  1175  1175 I AudioManager: dispatching onPlaybackConfigChanged()
08-21 16:00:20.182690  1175  1175 I AudioManager: dispatching onPlaybackConfigChanged()
08-21 16:00:20.195991  4347  6225 I SmartPanelService: onWindowsDrawn pkgName: com.android.settings, className: com.android.settings.Settings$SoundSettingsActivity launchState=0 windowsDrawnDelayMs =-1
08-21 16:00:20.213141   992  1032 I libPowerHal: [recordCPUFreqInfo] set cluster[0] min(MTKPOWER_HINT_UX_SCROLLING): 1075000 max(MTKPOWER_HINT_UX_SCROLLING): -1 cluster[1] min(MTKPOWER_HINT_UX_SCROLLING): 1162000 max(MTKPOWER_HINT_UX_SCROLLING): -1
08-21 16:00:20.218844  1175  3170 I AS.PlaybackActivityMon: dispatchPlayback size:8 to client size:4
08-21 16:00:20.219808  1175  2418 I AudioManager: dispatching onPlaybackConfigChanged()
08-21 16:00:20.220427  1175  1175 I AudioManager: dispatching onPlaybackConfigChanged()
08-21 16:00:20.220641  1175  1175 I AudioManager: dispatching onPlaybackConfigChanged()
08-21 16:00:20.220742  1175  1175 I AudioManager: dispatching onPlaybackConfigChanged()
08-21 16:00:20.220974  1175  1175 I AudioManager: dispatching onPlaybackConfigChanged()
08-21 16:00:20.221045  1175  1906 I AudioManager: dispatching onPlaybackConfigChanged()
08-21 16:00:20.221473  1175  1175 I AudioManager: dispatching onPlaybackConfigChanged()
08-21 16:00:20.221535  4587  4587 I AudioManager: dispatching onPlaybackConfigChanged()
08-21 16:00:20.221603  1175  1175 I AudioManager: dispatching onPlaybackConfigChanged()
08-21 16:00:20.223242  4238  4706 I AudioManager: dispatching onPlaybackConfigChanged()
08-21 16:00:20.238065  4347  5285 I THubApi : isTheMainScreen classname: com.android.settings.Settings$SoundSettingsActivity  pkg:com.android.settings
08-21 16:00:20.248452  4347  5029 I ScenesManager: ScenesInfo(isInSplitScreenMode=false, screenMode=0, oldTopPackage=, oldTopClass=, oldRelPackage=, oldRelClass=, topPackage=com.android.settings, topClass=com.android.settings.Settings$SoundSettingsActivity, relPackage=com.android.settings, relClass=com.transsion.settings.homepage.SettingsHomeActivity, taskId=15, userId=0, isTwinApp=false, isActivityChange=false, isResume=true, killPackages=[], isPersonalizedFlipScreen=false, timeStamp=1755763220248)
08-21 16:00:20.249890  1175  4296 I AS.PlaybackActivityMon: dispatchPlayback size:8 to client size:4
08-21 16:00:20.250658  1175  1906 I AudioManager: dispatching onPlaybackConfigChanged()
08-21 16:00:20.251858  1175  2418 I AudioManager: dispatching onPlaybackConfigChanged()
08-21 16:00:20.252099  1175  1175 I AudioManager: dispatching onPlaybackConfigChanged()
08-21 16:00:20.252236  1175  1175 I AudioManager: dispatching onPlaybackConfigChanged()
08-21 16:00:20.253030  1175  1175 I AudioManager: dispatching onPlaybackConfigChanged()
08-21 16:00:20.254715  4587  4587 I AudioManager: dispatching onPlaybackConfigChanged()
08-21 16:00:20.254903  4238  4706 I AudioManager: dispatching onPlaybackConfigChanged()
08-21 16:00:20.256221  7458 16038 W Ringtone: Use of stream types is deprecated for operations other than volume control
08-21 16:00:20.256286  7458 16038 W Ringtone: See the documentation of setStreamType() for what to use instead with android.media.AudioAttributes to qualify your playback use case
08-21 16:00:20.272937  1175  4239 I AS.PlaybackActivityMon: dispatchPlayback size:7 to client size:4
08-21 16:00:20.273359  7458 16038 I RingtoneManager: getActualDefaultRingtoneUri ringtoneUri: content://media/internal/audio/media/13?title=Good%20Times&canonical=1,type 4
08-21 16:00:20.274027  4587  4587 I AudioManager: dispatching onPlaybackConfigChanged()
08-21 16:00:20.276254  1175  1175 I AudioManager: dispatching onPlaybackConfigChanged()
08-21 16:00:20.276374  1175  1175 I AudioManager: dispatching onPlaybackConfigChanged()
08-21 16:00:20.276459  1175  1175 I AudioManager: dispatching onPlaybackConfigChanged()
08-21 16:00:20.276785  4238  4706 I AudioManager: dispatching onPlaybackConfigChanged()
08-21 16:00:20.276852  1175  2418 I AudioManager: dispatching onPlaybackConfigChanged()
08-21 16:00:20.277439  1175  1906 I AudioManager: dispatching onPlaybackConfigChanged()
08-21 16:00:20.301950  1175  4245 I AS.PlaybackActivityMon: dispatchPlayback size:8 to client size:4
08-21 16:00:20.302654  4238  4706 I AudioManager: dispatching onPlaybackConfigChanged()
08-21 16:00:20.302892  4587  4587 I AudioManager: dispatching onPlaybackConfigChanged()
08-21 16:00:20.302904  1175  1175 I AudioManager: dispatching onPlaybackConfigChanged()
08-21 16:00:20.303001  1175  1175 I AudioManager: dispatching onPlaybackConfigChanged()
08-21 16:00:20.303041  1175  1175 I AudioManager: dispatching onPlaybackConfigChanged()
08-21 16:00:20.303647  1175  1906 I AudioManager: dispatching onPlaybackConfigChanged()
08-21 16:00:20.304073  1175  2418 I AudioManager: dispatching onPlaybackConfigChanged()
08-21 16:00:20.309169  1175  2882 I AS.PlaybackActivityMon: dispatchPlayback size:8 to client size:4
08-21 16:00:20.310123  1175  1175 I AudioManager: dispatching onPlaybackConfigChanged()
08-21 16:00:20.310412   992  1032 I libPowerHal: [recordCPUFreqInfo] set cluster[0] min(MTKPOWER_HINT_LAUNCHER_ANIMA): 2000000 max(MTKPOWER_HINT_UX_SCROLLING): -1 cluster[1] min(MTKPOWER_HINT_LAUNCHER_ANIMA): 2400000 max(MTKPOWER_HINT_UX_SCROLLING): -1
08-21 16:00:20.310654  1175  1906 I AudioManager: dispatching onPlaybackConfigChanged()
08-21 16:00:20.310855  1175  2418 I AudioManager: dispatching onPlaybackConfigChanged()
08-21 16:00:20.311005  1175  1175 I AudioManager: dispatching onPlaybackConfigChanged()
08-21 16:00:20.311052  1175  1175 I AudioManager: dispatching onPlaybackConfigChanged()
08-21 16:00:20.311204  4587  4587 I AudioManager: dispatching onPlaybackConfigChanged()
08-21 16:00:20.311957  4238  4706 I AudioManager: dispatching onPlaybackConfigChanged()
08-21 16:00:20.375518  1175  4245 I AudioEffect: getParameter: param: 5, param2: -1
08-21 16:00:20.378880  7458 13890 I AudioManager: isWiredHeadsetOn()false
08-21 16:00:20.379526  1041 14225 W APM::HwModule: getDeviceDescriptor: could not find HW module for device  (AUDIO_DEVICE_OUT_BLE_HEADSET, 20000000) address 
08-21 16:00:20.379688  7458 13890 I AudioManager: isBluetoothA2dpOn()false
08-21 16:00:20.463919   992  1032 I libPowerHal: [recordCPUFreqInfo] set cluster[0] min(MTKPOWER_HINT_UX_SCROLLING): 1075000 max(MTKPOWER_HINT_UX_SCROLLING): -1 cluster[1] min(MTKPOWER_HINT_UX_SCROLLING): 1162000 max(MTKPOWER_HINT_UX_SCROLLING): -1
08-21 16:00:21.129448  1074  1074 I BufferQueueProducer: [com.android.settings/com.android.settings.Settings$SoundSettingsActivity#792](this:0xb400007310a807f8,id:-1,api:0,p:-1,c:1074) queueBuffer: fps=25.98 dur=1000.65 max=678.03 min=10.45
08-21 16:00:21.282584   992  1032 I libPowerHal: [recordCPUFreqInfo] set cluster[0] min(MTKPOWER_HINT_UX_SCROLLING): 1075000 max(MTKPOWER_HINT_UX_SCROLLING): -1 cluster[1] min(MTKPOWER_HINT_UX_SCROLLING): 1162000 max(MTKPOWER_HINT_UX_MOVE_SCROLLING): -1
08-21 16:00:22.130793  1074  1074 I BufferQueueProducer: [com.android.settings/com.android.settings.Settings$SoundSettingsActivity#792](this:0xb400007310a807f8,id:-1,api:0,p:-1,c:1074) queueBuffer: fps=89.88 dur=1001.36 max=11.67 min=10.47
08-21 16:00:22.169576  1175  4245 I AS.AudioService: setStreamVolume(stream=4, index=9, dev=AudioDeviceAttributes: role:output type:speaker addr: name: profiles:[] descriptors:[], calling=com.android.settings)
08-21 16:00:22.169976  1175  4245 I AS.SoundDoseHelper:  checkSafeMediaVolume_l mSafeMediaVolumeState = 3 streamType = 4 device = 2 index = 90 safeMediaVolumeIndex = 0
08-21 16:00:22.170250  1175  4245 I AS.AudioService: updateVolumeGroupIndex for stream 4, muted=false, device=2, index=90, group AUDIO_STREAM_ALARM Muted=false, Index=9, forceMuteState=false
08-21 16:00:22.171515  1175  2453 I AS.AudioService: setStreamVolumeIndexAS(4, 9, 2)
08-21 16:00:22.171627  1175  2453 I AudioSystem: setStreamVolumeIndex: STREAM_ALARM dev=2 idx=9
08-21 16:00:22.177699  1175  2882 I AS.PlaybackActivityMon: dispatchPlayback size:7 to client size:4
08-21 16:00:22.178664  4238  4706 I AudioManager: dispatching onPlaybackConfigChanged()
08-21 16:00:22.179064  1175  1906 I AudioManager: dispatching onPlaybackConfigChanged()
08-21 16:00:22.179841   992  1032 I libPowerHal: [recordCPUFreqInfo] set cluster[0] min(MTKPOWER_HINT_UX_SCROLLING): 1075000 max(MTKPOWER_HINT_UX_SCROLLING): -1 cluster[1] min(MTKPOWER_HINT_UX_SCROLLING): 1162000 max(MTKPOWER_HINT_UX_SCROLLING): -1
08-21 16:00:22.179834  4587  4587 I AudioManager: dispatching onPlaybackConfigChanged()
08-21 16:00:22.180186  1175  2418 I AudioManager: dispatching onPlaybackConfigChanged()
08-21 16:00:22.182172  1175  1175 I AudioManager: dispatching onPlaybackConfigChanged()
08-21 16:00:22.183131  7458 16038 I RingtoneManager: getActualDefaultRingtoneUri ringtoneUri: content://media/internal/audio/media/13?title=Good%20Times&canonical=1,type 4
08-21 16:00:22.183558  4238  4238 I VolumeDataCollector: onReceive android.media.VOLUME_CHANGED_ACTION
08-21 16:00:22.183637  4238  4238 I VolumeDataCollector: streamType 4
08-21 16:00:22.183745  1175  1175 I AudioManager: dispatching onPlaybackConfigChanged()
08-21 16:00:22.183916  1175  1175 I AudioManager: dispatching onPlaybackConfigChanged()
08-21 16:00:22.184326  4238 15989 I CacheManager:  save new data to cache volume_event
08-21 16:00:22.184971  4238 15989 I bsc     : notifyDataChange in volume_event, 1
08-21 16:00:22.185375  4238 15998 I DataServiceImplV2: StandardDataService notifyDataChange  curServiceName StandardDataService type:volume_event
08-21 16:00:22.186118  4238 15998 I Kolun_AI.SystemEventSubscribe:  onPublishData {"type":"volume_event","time":1755763222184,"data":"{\"prevStreamValue\":3,\"streamType\":4,\"streamTypeAlias\":4,\"streamValue\":9}","provider":"dc","dc_version":2030380000,"data_version":1,"user_id":0}
08-21 16:00:22.186152  4238 15998 I Kolun_AI.SystemEventSubscribe:  publisher.getMatcher() volume_event
08-21 16:00:22.186374  4238 15998 I ApiInvoke1.7.1: SubscribeManager: publishData success host DataCenter#StandardDataService matcher volume_event
08-21 16:00:22.186445  4238 15998 I ApiInvoke1.7.1: ApiRequest: do publishData to local, matcher = volume_event
08-21 16:00:22.186577  4238 15998 I ApiInvoke1.7.1: ChannelChain: addChain, path=Publish{process='com.transsion.kolun.aiservice', channelName='DataCenter', matcher='volume_event', apiName='StandardDataService'} size 1
08-21 16:00:22.186641  4238 15998 W ApiInvoke1.7.1: SubscribeBusServerImpl: onSafePublishData start ==>> publisher Publisher{channel='DataCenter', apiName='StandardDataService', label='volume_event'}
08-21 16:00:22.187684  4238 15998 W ApiInvoke1.7.1: ApiRequest: do publishData to remote volume_event
08-21 16:00:22.201325  1175  1194 I AS.PlaybackActivityMon: dispatchPlayback size:8 to client size:4
08-21 16:00:22.201925  1175  1175 I AudioManager: dispatching onPlaybackConfigChanged()
08-21 16:00:22.202031  1175  1175 I AudioManager: dispatching onPlaybackConfigChanged()
08-21 16:00:22.202089  1175  1175 I AudioManager: dispatching onPlaybackConfigChanged()
08-21 16:00:22.202203  1175  2418 I AudioManager: dispatching onPlaybackConfigChanged()
08-21 16:00:22.202267  4587  4587 I AudioManager: dispatching onPlaybackConfigChanged()
08-21 16:00:22.202294  1175  1906 I AudioManager: dispatching onPlaybackConfigChanged()
08-21 16:00:22.202583  4238  4706 I AudioManager: dispatching onPlaybackConfigChanged()
08-21 16:00:22.224670  1175  1194 I AS.PlaybackActivityMon: dispatchPlayback size:8 to client size:4
08-21 16:00:22.225408  4238  4706 I AudioManager: dispatching onPlaybackConfigChanged()
08-21 16:00:22.225758  4587  4587 I AudioManager: dispatching onPlaybackConfigChanged()
08-21 16:00:22.226631  1175  1175 I AudioManager: dispatching onPlaybackConfigChanged()
08-21 16:00:22.226899  1175  1175 I AudioManager: dispatching onPlaybackConfigChanged()
08-21 16:00:22.227047  1175  1175 I AudioManager: dispatching onPlaybackConfigChanged()
08-21 16:00:22.227203  1175  1906 I AudioManager: dispatching onPlaybackConfigChanged()
08-21 16:00:22.227935  1175  2418 I AudioManager: dispatching onPlaybackConfigChanged()
08-21 16:00:22.237126  1315 16083 I CCodec  : setting up 'default' as default (vendor) store
08-21 16:00:22.238676   992  1032 I libPowerHal: [recordCPUFreqInfo] set cluster[0] min(-1): -1 max(-1): -1 cluster[1] min(-1): -1 max(-1): -1
08-21 16:00:22.243206  1315 16083 I CCodec  : Created component [c2.android.vorbis.decoder]
08-21 16:00:22.251867  1315 16083 I CCodecConfig: query failed after returning 8 values (BAD_INDEX)
08-21 16:00:22.259182  1315 16083 I CCodecConfig: query failed after returning 8 values (BAD_INDEX)
08-21 16:00:22.260209  1315 16083 I MediaCodec: MediaCodec will operate in async mode
08-21 16:00:22.263927  1315 16083 I CCodecBufferChannel: [c2.android.vorbis.decoder#964] Created output block pool with allocatorID 16 => poolID 102 - OK
08-21 16:00:22.264293  1482  5498 E Codec2-ComponentInterface: We have a failed config
08-21 16:00:22.289379  1041 14225 W AudioFlinger_Threads: createTrack_l(): mismatch between requested flags (00000008) and output flags (00000002)
08-21 16:00:22.297699  1041 14225 I AudioFlinger: setParameters: filtered keyvalue clientTid=16081
08-21 16:00:22.297758  1041 14225 I AudioFlinger: +mAudioHwDevs(primary)->setParameters(): clientTid=16081
08-21 16:00:22.298626   905  1075 W AudioALSAHardware: setParameters(), still have param.size() = 1, remain param = "clientTid=16081"
08-21 16:00:22.299007  1041 14225 I AudioFlinger: -mAudioHwDevs(primary)->setParameters(): clientTid=16081
08-21 16:00:22.299042  1041 14225 I AudioFlinger: +mAudioHwDevs(r_submix)->setParameters(): clientTid=16081
08-21 16:00:22.299902  1041 14225 I AudioFlinger: -mAudioHwDevs(r_submix)->setParameters(): clientTid=16081
08-21 16:00:22.299976  1041 14225 I AudioFlinger: +mAudioHwDevs(bluetooth)->setParameters(): clientTid=16081
08-21 16:00:22.301548  1041 14225 I AudioFlinger: -mAudioHwDevs(bluetooth)->setParameters(): clientTid=16081
08-21 16:00:22.301920  1041 14225 I AudioEffect: set 0xb4000074ae76e310 uuid: 0x0 timeLow 00000000
08-21 16:00:22.303638  1041 14225 I AudioFlinger: createEffect pid 1041, effectClient 0xb40000767e7789d0, priority 0, sessionId 1689, io 13, factory 0xb40000766e762010
08-21 16:00:22.303692  1041 14225 I AudioFlinger_Threads: createEffect_l() thread 0xb4000077498ae7b0 effect Alarm Volume Listener on session 1689
08-21 16:00:22.303777  1041 14225 I AudioFlinger_Threads: createEffect_l() got effect 0x0 on chain 0xb40000748e775330
08-21 16:00:22.304969  1041 14225 I EffectHalAidl: createAidlConversion create UUID AudioUuid{timeLow: -92152866, timeMid: 22667, timeHiAndVersion: 4589, clockSeq: 39786, node: [2, 66, 172, 18, 0, 2]}
08-21 16:00:22.305084  1041 14225 I EffectModule: EffectModule Constructor success name Alarm Volume Listener, Interface 0xb40000762e75ca10
08-21 16:00:22.306038   905  1075 I AHAL_EffectImpl: Alarm Volume ListenerV2open
08-21 16:00:22.306919  1041 14225 I AudioEffect: set() 0xb4000074ae76e310 OK effect: Alarm Volume Listener id: 235 status 0 enabled 0 pid 1041
08-21 16:00:22.307019  1041 14225 I AudioEffect: enable 0xb4000074ae76e310
08-21 16:00:22.308684  1041 14225 I AudioPolicyManagerCustomImpl: MTK_VOLUME_DEBUG mVolumeStream 4 != activeStream 4, mVolumeIndex 3 != index 9, mVolumeDevice 0x2 != device 0x2, force 0
08-21 16:00:22.309183  1041  1304 I AudioFlinger: setParameters: filtered keyvalue volumeDevice=2;volumeIndex=9;volumeStreamType=4
08-21 16:00:22.317709  1175  2454 I AS.PlaybackActivityMon: dispatchPlayback size:8 to client size:4
08-21 16:00:22.318394  1175  1175 I AudioManager: dispatching onPlaybackConfigChanged()
08-21 16:00:22.318591  1175  1175 I AudioManager: dispatching onPlaybackConfigChanged()
08-21 16:00:22.318746  1175  1175 I AudioManager: dispatching onPlaybackConfigChanged()
08-21 16:00:22.319251  1175  1906 I AudioManager: dispatching onPlaybackConfigChanged()
08-21 16:00:22.319174  4238  4706 I AudioManager: dispatching onPlaybackConfigChanged()
08-21 16:00:22.319555  4587  4587 I AudioManager: dispatching onPlaybackConfigChanged()
08-21 16:00:22.319671   905  9293 I AudioALSAStreamOut: updateSourceMetadataV7(), do nothing source_metadata = 0x7736c72fb0
08-21 16:00:22.320952  1175  2418 I AudioManager: dispatching onPlaybackConfigChanged()
08-21 16:00:22.321236  1041  1041 I AudioFlinger: setParameters: filtered keyvalue MAGT-AudioThread=16081;MAGT-Process=1315
08-21 16:00:22.322305   905  9293 W AudioALSAHardware: setParameters(), set vip fail
08-21 16:00:22.324351  1041  1041 D APM_AudioPolicyManager: listAudioPorts mAvailableInputDevices 0x80000004, 0x80000040, 0x80000080, 0x80000100, 0x80002000, 0x90000000
08-21 16:00:22.324989  1041 14225 D APM_AudioPolicyManager: listAudioPorts mAvailableInputDevices 0x80000004, 0x80000040, 0x80000080, 0x80000100, 0x80002000, 0x90000000
08-21 16:00:22.327857  1175  4239 I AS.PlaybackActivityMon: dispatchPlayback size:8 to client size:4
08-21 16:00:22.328046  1175  1906 I AudioManager: dispatching onPlaybackConfigChanged()
08-21 16:00:22.328228  1175  2418 I AudioManager: dispatching onPlaybackConfigChanged()
08-21 16:00:22.328570  4238  4706 I AudioManager: dispatching onPlaybackConfigChanged()
08-21 16:00:22.328780  4587  4587 I AudioManager: dispatching onPlaybackConfigChanged()
08-21 16:00:22.329741  1175  1175 I AudioManager: dispatching onPlaybackConfigChanged()
08-21 16:00:22.329862  1175  1175 I AudioManager: dispatching onPlaybackConfigChanged()
08-21 16:00:22.329946  1175  1175 I AudioManager: dispatching onPlaybackConfigChanged()
08-21 16:00:22.360794   905  1355 I AudioALSAPlaybackHandlerNormal: AI Denoise2.0 DL close! flag = 2, output_device = 0x0
08-21 16:00:22.494786   905  1355 E AudioALSAPlaybackHandlerBase: getQueuedFramesInfo(), pcm_get_htimestamp or trylock fail, ret -1, pcm_get_error 
08-21 16:00:22.498367   905  9293 I AudioALSAStreamOut: updateSourceMetadataV7(), do nothing source_metadata = 0x7736c72fb0
08-21 16:00:24.372693  1041 14225 I AudioFlinger: setParameters: filtered keyvalue remove_clientTid=16081
08-21 16:00:24.372812  1041 14225 I AudioFlinger: +mAudioHwDevs(primary)->setParameters(): remove_clientTid=16081
08-21 16:00:24.374706   905  9295 W AudioALSAHardware: setParameters(), still have param.size() = 1, remain param = "remove_clientTid=16081"
08-21 16:00:24.375681  1041 14225 I AudioFlinger: -mAudioHwDevs(primary)->setParameters(): remove_clientTid=16081
08-21 16:00:24.375727  1041 14225 I AudioFlinger: +mAudioHwDevs(r_submix)->setParameters(): remove_clientTid=16081
08-21 16:00:24.377172  1041 14225 I AudioFlinger: -mAudioHwDevs(r_submix)->setParameters(): remove_clientTid=16081
08-21 16:00:24.377456  1041 14225 I AudioFlinger: +mAudioHwDevs(bluetooth)->setParameters(): remove_clientTid=16081
08-21 16:00:24.378908  1041 14225 I AudioFlinger: -mAudioHwDevs(bluetooth)->setParameters(): remove_clientTid=16081
08-21 16:00:24.392972   905  9295 I AudioALSAStreamOut: updateSourceMetadataV7(), do nothing source_metadata = 0x7736a76fb0
08-21 16:00:24.406611  1041 14225 I AudioFlinger: setParameters: filtered keyvalue clientTid=16081
08-21 16:00:24.406927  1041 14225 I AudioFlinger: +mAudioHwDevs(primary)->setParameters(): clientTid=16081
08-21 16:00:24.409765   905  9293 W AudioALSAHardware: setParameters(), still have param.size() = 1, remain param = "clientTid=16081"
08-21 16:00:24.411834  1041 14225 I AudioFlinger: -mAudioHwDevs(primary)->setParameters(): clientTid=16081
08-21 16:00:24.412221  1041 14225 I AudioFlinger: +mAudioHwDevs(r_submix)->setParameters(): clientTid=16081
08-21 16:00:24.414060  1041 14225 I AudioFlinger: -mAudioHwDevs(r_submix)->setParameters(): clientTid=16081
08-21 16:00:24.414470  1041 14225 I AudioFlinger: +mAudioHwDevs(bluetooth)->setParameters(): clientTid=16081
08-21 16:00:24.417131  1041 14225 I AudioFlinger: -mAudioHwDevs(bluetooth)->setParameters(): clientTid=16081
08-21 16:00:24.439745  1175  4296 I AS.PlaybackActivityMon: dispatchPlayback size:7 to client size:4
08-21 16:00:24.440682  1175  1906 I AudioManager: dispatching onPlaybackConfigChanged()
08-21 16:00:24.441102  1175  1175 I AudioManager: dispatching onPlaybackConfigChanged()
08-21 16:00:24.441365  1175  1175 I AudioManager: dispatching onPlaybackConfigChanged()
08-21 16:00:24.441442  1175  1175 I AudioManager: dispatching onPlaybackConfigChanged()
08-21 16:00:24.442106  1175  2418 I AudioManager: dispatching onPlaybackConfigChanged()
08-21 16:00:24.443078  4238  4706 I AudioManager: dispatching onPlaybackConfigChanged()
08-21 16:00:24.443199  4587  4587 I AudioManager: dispatching onPlaybackConfigChanged()
08-21 16:00:24.447812  1041  1305 I AudioEffect: disable 0xb4000074ae76e310
08-21 16:00:24.450501   905   929 I AudioALSAStreamOut: updateSourceMetadataV7(), do nothing source_metadata = 0x7752ad7fb0
08-21 16:00:24.450813  1041  1305 I AudioEffect: Destructor 0xb4000074ae76e310
08-21 16:00:24.452955  1041  1305 I AudioFlinger_Threads: removeEffect_l(): 0xb4000077498ae7b0, effect = 0xb40000759e757970, name = Alarm Volume Listener
08-21 16:00:24.454766   905  9295 I AHAL_EffectImpl: Alarm Volume ListenerV2close
08-21 16:00:24.455704  1041  1305 I AudioFlinger_Threads: removeEffectChain_l() 0xb40000748e775330 from thread 0xb4000077498ae7b0 for session 1689
08-21 16:00:24.456587  1041  1305 W AudioPolicyManagerCustomImpl: [MTK_APM_Route]setOutputDevices() mIoHandle 13 mId 1 device (0x2)(0x1, 0x2, 0x4, 0x8, 0x10, 0x20, 0x40, 0x400, 0x800, 0x1000, 0x4000, 0x100000, 0x4000000) delayMs 84 force 0 size 5
08-21 16:00:24.458330   905  1355 W audio_sw_mixer: sw_mixer_mix_fp_direct_write(-),   MIXER_PLAYBACK  , path T_PRIMARY=>T_PRIMARY, size_out  8192, rb     0, latency/total: 21.333/25.875 (24.619+0.004+1.252) ms
08-21 16:00:24.460160  1041  1305 D APM_AudioPolicyManager: [MTK_APM_Output]releaseOutput() 13 portId 60
08-21 16:00:24.473625  1074  1074 I BufferQueueProducer: [com.android.settings/com.android.settings.Settings$SoundSettingsActivity#792](this:0xb400007310a807f8,id:-1,api:0,p:-1,c:1074) queueBuffer: fps=10.24 dur=2342.83 max=2086.84 min=10.78
08-21 16:00:24.602190  1175  4239 I AS.AudioService: setStreamVolume(stream=4, index=9, dev=AudioDeviceAttributes: role:output type:speaker addr: name: profiles:[] descriptors:[], calling=com.android.settings)
08-21 16:00:24.602531  1175  4239 I AS.SoundDoseHelper:  checkSafeMediaVolume_l mSafeMediaVolumeState = 3 streamType = 4 device = 2 index = 90 safeMediaVolumeIndex = 0
08-21 16:00:24.607750  7458 16038 I RingtoneManager: getActualDefaultRingtoneUri ringtoneUri: content://media/internal/audio/media/13?title=Good%20Times&canonical=1,type 4
08-21 16:00:24.627250  1175  2882 I AS.PlaybackActivityMon: dispatchPlayback size:8 to client size:4
08-21 16:00:24.627780  1175  1175 I AudioManager: dispatching onPlaybackConfigChanged()
08-21 16:00:24.627969  1175  1175 I AudioManager: dispatching onPlaybackConfigChanged()
08-21 16:00:24.628086  1175  1175 I AudioManager: dispatching onPlaybackConfigChanged()
08-21 16:00:24.628386  1175  1906 I AudioManager: dispatching onPlaybackConfigChanged()
08-21 16:00:24.628530  4238  4706 I AudioManager: dispatching onPlaybackConfigChanged()
08-21 16:00:24.628722  1175  2418 I AudioManager: dispatching onPlaybackConfigChanged()
08-21 16:00:24.628788  4587  4587 I AudioManager: dispatching onPlaybackConfigChanged()
08-21 16:00:24.642062  1175  2882 I AS.PlaybackActivityMon: dispatchPlayback size:8 to client size:4
08-21 16:00:24.642575  4238  4706 I AudioManager: dispatching onPlaybackConfigChanged()
08-21 16:00:24.642793  1175  1175 I AudioManager: dispatching onPlaybackConfigChanged()
08-21 16:00:24.642904  1175  1175 I AudioManager: dispatching onPlaybackConfigChanged()
08-21 16:00:24.642964  1175  1175 I AudioManager: dispatching onPlaybackConfigChanged()
08-21 16:00:24.643083  1175  2418 I AudioManager: dispatching onPlaybackConfigChanged()
08-21 16:00:24.643186  1175  1906 I AudioManager: dispatching onPlaybackConfigChanged()
08-21 16:00:24.645355  4587  4587 I AudioManager: dispatching onPlaybackConfigChanged()
08-21 16:00:24.652458  1315 16096 I CCodec  : setting up 'default' as default (vendor) store
08-21 16:00:24.658472  1315 16096 I CCodec  : Created component [c2.android.vorbis.decoder]
08-21 16:00:24.667612  1315 16096 I CCodecConfig: query failed after returning 8 values (BAD_INDEX)
08-21 16:00:24.672844  1315 16096 I CCodecConfig: query failed after returning 8 values (BAD_INDEX)
08-21 16:00:24.673188  1315 16096 I MediaCodec: MediaCodec will operate in async mode
08-21 16:00:24.676118  1315 16096 I CCodecBufferChannel: [c2.android.vorbis.decoder#240] Created output block pool with allocatorID 16 => poolID 104 - OK
08-21 16:00:24.676636  1482  5498 E Codec2-ComponentInterface: We have a failed config
08-21 16:00:24.691584  1041 14225 W AudioFlinger_Threads: createTrack_l(): mismatch between requested flags (00000008) and output flags (00000002)
08-21 16:00:24.699768  1041 14871 I AudioFlinger: setParameters: filtered keyvalue clientTid=16094
08-21 16:00:24.699830  1041 14871 I AudioFlinger: +mAudioHwDevs(primary)->setParameters(): clientTid=16094
08-21 16:00:24.700414   905  9295 W AudioALSAHardware: setParameters(), still have param.size() = 1, remain param = "clientTid=16094"
08-21 16:00:24.700685  1041 14871 I AudioFlinger: -mAudioHwDevs(primary)->setParameters(): clientTid=16094
08-21 16:00:24.700715  1041 14871 I AudioFlinger: +mAudioHwDevs(r_submix)->setParameters(): clientTid=16094
08-21 16:00:24.701329  1041 14871 I AudioFlinger: -mAudioHwDevs(r_submix)->setParameters(): clientTid=16094
08-21 16:00:24.701367  1041 14871 I AudioFlinger: +mAudioHwDevs(bluetooth)->setParameters(): clientTid=16094
08-21 16:00:24.701683  1041 14871 I AudioFlinger: -mAudioHwDevs(bluetooth)->setParameters(): clientTid=16094
08-21 16:00:24.701970  1041 14225 I AudioEffect: set 0xb4000074ae773650 uuid: 0x0 timeLow 00000000
08-21 16:00:24.703006  1041 14225 I AudioFlinger: createEffect pid 1041, effectClient 0xb40000767e778430, priority 0, sessionId 1697, io 13, factory 0xb40000766e762010
08-21 16:00:24.703102  1041 14225 I AudioFlinger_Threads: createEffect_l() thread 0xb4000077498ae7b0 effect Alarm Volume Listener on session 1697
08-21 16:00:24.703269  1041 14225 I AudioFlinger_Threads: createEffect_l() got effect 0x0 on chain 0xb40000748e773ef0
08-21 16:00:24.705276  1041 14225 I EffectHalAidl: createAidlConversion create UUID AudioUuid{timeLow: -92152866, timeMid: 22667, timeHiAndVersion: 4589, clockSeq: 39786, node: [2, 66, 172, 18, 0, 2]}
08-21 16:00:24.705382  1041 14225 I EffectModule: EffectModule Constructor success name Alarm Volume Listener, Interface 0xb40000762e75a940
08-21 16:00:24.706742   905   929 I AHAL_EffectImpl: Alarm Volume ListenerV2open
08-21 16:00:24.708454  1041 14225 I AudioEffect: set() 0xb4000074ae773650 OK effect: Alarm Volume Listener id: 243 status 0 enabled 0 pid 1041
08-21 16:00:24.708578  1041 14225 I AudioEffect: enable 0xb4000074ae773650
08-21 16:00:24.711927  1041 14225 I AudioPolicyManagerCustomImpl: MTK_VOLUME_DEBUG mVolumeStream 4 != activeStream 4, mVolumeIndex 9 != index 9, mVolumeDevice 0x2 != device 0x2, force 0
08-21 16:00:24.713768  1175  2454 I AS.PlaybackActivityMon: dispatchPlayback size:8 to client size:4
08-21 16:00:24.714075  1175  1175 I AudioManager: dispatching onPlaybackConfigChanged()
08-21 16:00:24.714296  1175  1175 I AudioManager: dispatching onPlaybackConfigChanged()
08-21 16:00:24.714424  1175  1175 I AudioManager: dispatching onPlaybackConfigChanged()
08-21 16:00:24.714721  1175  2418 I AudioManager: dispatching onPlaybackConfigChanged()
08-21 16:00:24.714964   905  9293 I AudioALSAStreamOut: updateSourceMetadataV7(), do nothing source_metadata = 0x7736c72fb0
08-21 16:00:24.715002  1041 14871 I AudioFlinger: setParameters: filtered keyvalue MAGT-AudioThread=16094;MAGT-Process=1315
08-21 16:00:24.715842  1175  1906 I AudioManager: dispatching onPlaybackConfigChanged()
08-21 16:00:24.716831   905  9293 W AudioALSAHardware: setParameters(), set vip fail
08-21 16:00:24.718581  4587  4587 I AudioManager: dispatching onPlaybackConfigChanged()
08-21 16:00:24.719290  4238  4706 I AudioManager: dispatching onPlaybackConfigChanged()
08-21 16:00:24.721059  1041 14871 D APM_AudioPolicyManager: listAudioPorts mAvailableInputDevices 0x80000004, 0x80000040, 0x80000080, 0x80000100, 0x80002000, 0x90000000
08-21 16:00:24.721571  1041 14225 D APM_AudioPolicyManager: listAudioPorts mAvailableInputDevices 0x80000004, 0x80000040, 0x80000080, 0x80000100, 0x80002000, 0x90000000
08-21 16:00:24.724082  1175  4239 I AS.PlaybackActivityMon: dispatchPlayback size:8 to client size:4
08-21 16:00:24.724306  1175  1906 I AudioManager: dispatching onPlaybackConfigChanged()
08-21 16:00:24.724939  4238  4706 I AudioManager: dispatching onPlaybackConfigChanged()
08-21 16:00:24.725429  1175  2418 I AudioManager: dispatching onPlaybackConfigChanged()
08-21 16:00:24.725443  4587  4587 I AudioManager: dispatching onPlaybackConfigChanged()
08-21 16:00:24.726495  1175  1175 I AudioManager: dispatching onPlaybackConfigChanged()
08-21 16:00:24.726581  1175  1175 I AudioManager: dispatching onPlaybackConfigChanged()
08-21 16:00:24.726627  1175  1175 I AudioManager: dispatching onPlaybackConfigChanged()
08-21 16:00:24.743641   905  9295 I AudioALSAStreamOut: updateSourceMetadataV7(), do nothing source_metadata = 0x7736a76fb0
08-21 16:00:24.996876  1315 16094 W NuPlayerRenderer: onNewAudioMediaTime updateAnchor: nowMediaus 224086, delta[48848]us ,nowUs 41634301 ms
08-21 16:00:25.175729   992  1032 I libPowerHal: [recordCPUFreqInfo] set cluster[0] min(-1): -1 max(-1): -1 cluster[1] min(MTKPOWER_HINT_UX_MOVE_SCROLLING): -1 max(MTKPOWER_HINT_UX_MOVE_SCROLLING): -1
08-21 16:00:25.181000   992  1032 I libPowerHal: [recordCPUFreqInfo] set cluster[0] min(MTKPOWER_HINT_UX_SCROLLING): 1075000 max(MTKPOWER_HINT_UX_SCROLLING): -1 cluster[1] min(MTKPOWER_HINT_UX_SCROLLING): 1162000 max(MTKPOWER_HINT_UX_MOVE_SCROLLING): -1
08-21 16:00:25.480826  1074  1074 I BufferQueueProducer: [com.android.settings/com.android.settings.Settings$SoundSettingsActivity#792](this:0xb400007310a807f8,id:-1,api:0,p:-1,c:1074) queueBuffer: fps=64.54 dur=1007.19 max=266.34 min=9.66
08-21 16:00:25.533305  1175  4296 I AS.AudioService: setStreamVolume(stream=4, index=5, dev=AudioDeviceAttributes: role:output type:speaker addr: name: profiles:[] descriptors:[], calling=com.android.settings)
08-21 16:00:25.533615  1175  4296 I AS.SoundDoseHelper:  checkSafeMediaVolume_l mSafeMediaVolumeState = 3 streamType = 4 device = 2 index = 50 safeMediaVolumeIndex = 0
08-21 16:00:25.533836  1175  4296 I AS.AudioService: updateVolumeGroupIndex for stream 4, muted=false, device=2, index=50, group AUDIO_STREAM_ALARM Muted=false, Index=5, forceMuteState=false
08-21 16:00:25.535803  1175  2453 I AS.AudioService: setStreamVolumeIndexAS(4, 5, 2)
08-21 16:00:25.535890  1175  2453 I AudioSystem: setStreamVolumeIndex: STREAM_ALARM dev=2 idx=5
08-21 16:00:25.538018  1041 14225 I AudioPolicyManagerCustomImpl: MTK_VOLUME_DEBUG mVolumeStream 4 != activeStream 4, mVolumeIndex 9 != index 5, mVolumeDevice 0x2 != device 0x2, force 0
08-21 16:00:25.538750  1041  1304 I AudioFlinger: setParameters: filtered keyvalue volumeDevice=2;volumeIndex=5;volumeStreamType=4
08-21 16:00:25.539569   992  1032 I libPowerHal: [recordCPUFreqInfo] set cluster[0] min(MTKPOWER_HINT_UX_SCROLLING): 1075000 max(MTKPOWER_HINT_UX_SCROLLING): -1 cluster[1] min(MTKPOWER_HINT_UX_SCROLLING): 1162000 max(MTKPOWER_HINT_UX_SCROLLING): -1
08-21 16:00:25.543321  4238  4238 I VolumeDataCollector: onReceive android.media.VOLUME_CHANGED_ACTION
08-21 16:00:25.543636  4238  4238 I VolumeDataCollector: streamType 4
08-21 16:00:25.544074  4238 15989 I CacheManager:  save new data to cache volume_event
08-21 16:00:25.544290  4238 15989 I bsc     : notifyDataChange in volume_event, 1
08-21 16:00:25.544742  4238 15998 I DataServiceImplV2: StandardDataService notifyDataChange  curServiceName StandardDataService type:volume_event
08-21 16:00:25.545656  4238 15998 I Kolun_AI.SystemEventSubscribe:  onPublishData {"type":"volume_event","time":1755763225543,"data":"{\"prevStreamValue\":9,\"streamType\":4,\"streamTypeAlias\":4,\"streamValue\":5}","provider":"dc","dc_version":2030380000,"data_version":1,"user_id":0}
08-21 16:00:25.545752  4238 15998 I Kolun_AI.SystemEventSubscribe:  publisher.getMatcher() volume_event
08-21 16:00:25.545939  4238 15998 I ApiInvoke1.7.1: SubscribeManager: publishData success host DataCenter#StandardDataService matcher volume_event
08-21 16:00:25.545980  4238 15998 I ApiInvoke1.7.1: ApiRequest: do publishData to local, matcher = volume_event
08-21 16:00:25.546098  4238 15998 I ApiInvoke1.7.1: ChannelChain: addChain, path=Publish{process='com.transsion.kolun.aiservice', channelName='DataCenter', matcher='volume_event', apiName='StandardDataService'} size 1
08-21 16:00:25.546178  4238 15998 W ApiInvoke1.7.1: SubscribeBusServerImpl: onSafePublishData start ==>> publisher Publisher{channel='DataCenter', apiName='StandardDataService', label='volume_event'}
08-21 16:00:25.546877  4238 15998 W ApiInvoke1.7.1: ApiRequest: do publishData to remote volume_event
08-21 16:00:25.550973   905   930 I AudioALSAStreamOut: updateSourceMetadataV7(), do nothing source_metadata = 0x77515d9fb0
08-21 16:00:25.596714   992  1032 I libPowerHal: [recordCPUFreqInfo] set cluster[0] min(-1): -1 max(-1): -1 cluster[1] min(-1): -1 max(-1): -1
08-21 16:00:26.377828   905  1355 W audio_sw_mixer: sw_mixer_mix_fp_direct_write(-),   MIXER_PLAYBACK  , path T_PRIMARY=>T_PRIMARY, size_out  8192, rb     0, latency/total: 21.333/25.273 (23.735+0.003+1.535) ms
08-21 16:00:27.750332  1041 14225 I AudioFlinger: setParameters: filtered keyvalue remove_clientTid=16094
08-21 16:00:27.750519  1041 14225 I AudioFlinger: +mAudioHwDevs(primary)->setParameters(): remove_clientTid=16094
08-21 16:00:27.751950   905  1075 W AudioALSAHardware: setParameters(), still have param.size() = 1, remain param = "remove_clientTid=16094"
08-21 16:00:27.752669  1041 14225 I AudioFlinger: -mAudioHwDevs(primary)->setParameters(): remove_clientTid=16094
08-21 16:00:27.752724  1041 14225 I AudioFlinger: +mAudioHwDevs(r_submix)->setParameters(): remove_clientTid=16094
08-21 16:00:27.753869  1041 14225 I AudioFlinger: -mAudioHwDevs(r_submix)->setParameters(): remove_clientTid=16094
08-21 16:00:27.754476  1041 14225 I AudioFlinger: +mAudioHwDevs(bluetooth)->setParameters(): remove_clientTid=16094
08-21 16:00:27.756678  1041 14225 I AudioFlinger: -mAudioHwDevs(bluetooth)->setParameters(): remove_clientTid=16094
08-21 16:00:27.764082   905  9295 I AudioALSAStreamOut: updateSourceMetadataV7(), do nothing source_metadata = 0x7736a76fb0
08-21 16:00:27.770837  1041 14225 I AudioFlinger: setParameters: filtered keyvalue clientTid=16094
08-21 16:00:27.771375  1041 14225 I AudioFlinger: +mAudioHwDevs(primary)->setParameters(): clientTid=16094
08-21 16:00:27.774124   905  1075 W AudioALSAHardware: setParameters(), still have param.size() = 1, remain param = "clientTid=16094"
08-21 16:00:27.775220  1041 14225 I AudioFlinger: -mAudioHwDevs(primary)->setParameters(): clientTid=16094
08-21 16:00:27.775434  1041 14225 I AudioFlinger: +mAudioHwDevs(r_submix)->setParameters(): clientTid=16094
08-21 16:00:27.776511  1041 14225 I AudioFlinger: -mAudioHwDevs(r_submix)->setParameters(): clientTid=16094
08-21 16:00:27.776694  1041 14225 I AudioFlinger: +mAudioHwDevs(bluetooth)->setParameters(): clientTid=16094
08-21 16:00:27.778246  1041 14225 I AudioFlinger: -mAudioHwDevs(bluetooth)->setParameters(): clientTid=16094
08-21 16:00:27.802340  1175  2882 I AS.PlaybackActivityMon: dispatchPlayback size:7 to client size:4
08-21 16:00:27.803249  1175  1175 I AudioManager: dispatching onPlaybackConfigChanged()
08-21 16:00:27.803901  1175  1175 I AudioManager: dispatching onPlaybackConfigChanged()
08-21 16:00:27.804270  1175  1175 I AudioManager: dispatching onPlaybackConfigChanged()
08-21 16:00:27.804951  4238  4706 I AudioManager: dispatching onPlaybackConfigChanged()
08-21 16:00:27.804652  1175  2418 I AudioManager: dispatching onPlaybackConfigChanged()
08-21 16:00:27.805586  4587  4587 I AudioManager: dispatching onPlaybackConfigChanged()
08-21 16:00:27.805894  1175  1906 I AudioManager: dispatching onPlaybackConfigChanged()
08-21 16:00:27.812628   905  1355 W audio_sw_mixer: sw_mixer_mix_fp_direct_write(-),   MIXER_PLAYBACK  , path T_PRIMARY=>T_PRIMARY, size_out  8192, rb     0, latency/total: 21.333/30.736 (28.436+0.006+2.294) ms
08-21 16:00:27.814805  1041  1305 I AudioEffect: disable 0xb4000074ae773650
08-21 16:00:27.816693   905  9295 I AudioALSAStreamOut: updateSourceMetadataV7(), do nothing source_metadata = 0x7736a76fb0
08-21 16:00:27.818490  1041  1305 I AudioEffect: Destructor 0xb4000074ae773650
08-21 16:00:27.818995  1041  1305 I AudioFlinger_Threads: removeEffect_l(): 0xb4000077498ae7b0, effect = 0xb40000759e758f50, name = Alarm Volume Listener
08-21 16:00:27.821188   905  1075 I AHAL_EffectImpl: Alarm Volume ListenerV2close
08-21 16:00:27.821984  1041  1305 I AudioFlinger_Threads: removeEffectChain_l() 0xb40000748e773ef0 from thread 0xb4000077498ae7b0 for session 1697
08-21 16:00:27.822273  1041  1305 W AudioPolicyManagerCustomImpl: [MTK_APM_Route]setOutputDevices() mIoHandle 13 mId 1 device (0x2)(0x1, 0x2, 0x4, 0x8, 0x10, 0x20, 0x40, 0x400, 0x800, 0x1000, 0x4000, 0x100000, 0x4000000) delayMs 84 force 0 size 5
08-21 16:00:27.823814  1041  1305 D APM_AudioPolicyManager: [MTK_APM_Output]releaseOutput() 13 portId 61
08-21 16:00:27.836980   905  1355 W audio_sw_mixer: sw_mixer_mix_fp_direct_write(-),   MIXER_PLAYBACK  , path T_PRIMARY=>T_PRIMARY, size_out  8192, rb     0, latency/total: 21.333/24.355 (22.273+0.004+2.078) ms
08-21 16:00:27.989272   905  1355 W audio_sw_mixer: sw_mixer_mix_fp_direct_write(-),   MIXER_PLAYBACK  , path T_PRIMARY=>T_PRIMARY, size_out  8192, rb     0, latency/total: 21.333/23.771 (18.682+0.013+5.076) ms
08-21 16:00:28.034101   905  1355 W audio_sw_mixer: sw_mixer_mix_fp_direct_write(-),   MIXER_PLAYBACK  , path T_PRIMARY=>T_PRIMARY, size_out  8192, rb     0, latency/total: 21.333/24.952 (20.312+0.013+4.627) ms
08-21 16:00:28.100286   905  1355 W audio_sw_mixer: sw_mixer_mix_fp_direct_write(-),   MIXER_PLAYBACK  , path T_PRIMARY=>T_PRIMARY, size_out  8192, rb     0, latency/total: 21.333/23.361 (18.562+0.013+4.786) ms
08-21 16:00:28.123381   905  1355 E AudioALSAPlaybackHandlerNormal: write(), pcm_write() error, retval = -32
08-21 16:00:28.124131   905  1355 W audio_sw_mixer: sw_mixer_mix_fp_direct_write(-),   MIXER_PLAYBACK  , path T_PRIMARY=>T_PRIMARY, size_out  8192, rb     0, latency/total: 21.333/23.851 (18.996+0.013+4.842) ms
08-21 16:00:28.124487   905  1355 E AudioALSAPlaybackHandlerBase: getQueuedFramesInfo(), pcm_get_htimestamp or trylock fail, ret -1, pcm_get_error 
08-21 16:00:28.144999   905  1355 E AudioALSAPlaybackHandlerBase: getQueuedFramesInfo(), pcm_get_htimestamp or trylock fail, ret -1, pcm_get_error 
08-21 16:00:28.169008   905  1355 W audio_sw_mixer: sw_mixer_mix_fp_direct_write(-),   MIXER_PLAYBACK  , path T_PRIMARY=>T_PRIMARY, size_out  8192, rb     0, latency/total: 21.333/24.240 (17.443+0.012+6.785) ms
08-21 16:00:28.428559   905  1355 W audio_sw_mixer: sw_mixer_mix_fp_direct_write(-),   MIXER_PLAYBACK  , path T_PRIMARY=>T_PRIMARY, size_out  8192, rb     0, latency/total: 21.333/24.110 (19.472+0.013+4.625) ms
08-21 16:00:28.564227   905  1355 W audio_sw_mixer: sw_mixer_mix_fp_direct_write(-),   MIXER_PLAYBACK  , path T_PRIMARY=>T_PRIMARY, size_out  8192, rb     0, latency/total: 21.333/23.748 (18.911+0.012+4.825) ms
08-21 16:00:28.608405   905  1355 W audio_sw_mixer: sw_mixer_mix_fp_direct_write(-),   MIXER_PLAYBACK  , path T_PRIMARY=>T_PRIMARY, size_out  8192, rb     0, latency/total: 21.333/25.485 (20.905+0.013+4.567) ms
08-21 16:00:28.698171   905  1355 W audio_sw_mixer: sw_mixer_mix_fp_direct_write(-),   MIXER_PLAYBACK  , path T_PRIMARY=>T_PRIMARY, size_out  8192, rb     0, latency/total: 21.333/23.813 (19.116+0.013+4.684) ms
08-21 16:00:28.743140   905  1355 W audio_sw_mixer: sw_mixer_mix_fp_direct_write(-),   MIXER_PLAYBACK  , path T_PRIMARY=>T_PRIMARY, size_out  8192, rb     0, latency/total: 21.333/23.887 (18.637+0.013+5.237) ms
08-21 16:00:28.770784  1041 14225 I AudioFlinger: setParameters: filtered keyvalue screen_state=on
08-21 16:00:28.771011  1041 14225 I AudioFlinger: +mAudioHwDevs(primary)->setParameters(): screen_state=on
08-21 16:00:28.776498  1041 14225 I AudioFlinger: -mAudioHwDevs(primary)->setParameters(): screen_state=on
08-21 16:00:28.776568  1041 14225 I AudioFlinger: +mAudioHwDevs(r_submix)->setParameters(): screen_state=on
08-21 16:00:28.776975  1041 14225 I AudioFlinger: -mAudioHwDevs(r_submix)->setParameters(): screen_state=on
08-21 16:00:28.777026  1041 14225 I AudioFlinger: +mAudioHwDevs(bluetooth)->setParameters(): screen_state=on
08-21 16:00:28.778284  1041 14225 I AudioFlinger: -mAudioHwDevs(bluetooth)->setParameters(): screen_state=on
08-21 16:00:29.654350   971   971 I MTK_APPList: [notifyAPPstate] multi_resumed_app_info[0] com.android.settings/com.android.settings.Settings$SoundSettingsActivity, pid:7458, activityId:120921688, fps:-1, isMultiWindow:0
08-21 16:00:43.252852   971   971 I MTK_APPList: [notifyAPPstate] multi_resumed_app_info[0] com.android.settings/com.android.settings.Settings$SoundSettingsActivity, pid:7458, activityId:120921688, fps:-1, isMultiWindow:0
08-21 16:00:44.785231 16102 16102 W libc    : Access denied finding property "ro.odm.tr_audio_hifi.feature.support"
08-21 16:00:55.908805  1175  1625 I PowerHalWrapper: amsBoostNotify pid:7458,activity:com.android.settings.Settings$SoundSettingsActivity, package:com.android.settings, mProcessCreatePackcom.transsion.airtransfer 
08-21 16:00:55.910752  1175  1625 I mtkpower_client: [PowerHal_Wrap_notifyAppState] com.android.settings/com.android.settings.Settings$SoundSettingsActivity pid=7458 activityId:120921688 state:0
08-21 16:00:55.911273   971   971 I vendor.mediatek.hardware.mtkpower_applist-service.mediatek: packName: com.android.settings actName: com.android.settings.Settings$SoundSettingsActivity pid: 7458 activityId: 120921688 uid: 1000 state: 0
08-21 16:00:55.911549   971   971 I MTK_APPList: [notifyAPPstate] com.android.settings/com.android.settings.Settings$SoundSettingsActivity, pid=7458, activityId=120921688, uid=1000, state:PAUSED, fps:-1, win:0
08-21 16:00:55.927027  1041 14871 I AudioFlinger: setParameters: filtered keyvalue screen_state=off
08-21 16:00:55.927108  1041 14871 I AudioFlinger: +mAudioHwDevs(primary)->setParameters(): screen_state=off
08-21 16:00:55.927779  1041 14871 I AudioFlinger: -mAudioHwDevs(primary)->setParameters(): screen_state=off
08-21 16:00:55.927833  1041 14871 I AudioFlinger: +mAudioHwDevs(r_submix)->setParameters(): screen_state=off
08-21 16:00:55.928821  1041 14871 I AudioFlinger: -mAudioHwDevs(r_submix)->setParameters(): screen_state=off
08-21 16:00:55.928888  1041 14871 I AudioFlinger: +mAudioHwDevs(bluetooth)->setParameters(): screen_state=off
08-21 16:00:55.929356  1041 14871 I AudioFlinger: -mAudioHwDevs(bluetooth)->setParameters(): screen_state=off
08-21 16:00:55.938673  1175  3170 I AS.PlaybackActivityMon: dispatchPlayback size:6 to client size:4
08-21 16:00:55.939361  1175  2418 I AudioManager: dispatching onPlaybackConfigChanged()
08-21 16:00:55.939750  1175  1906 I AudioManager: dispatching onPlaybackConfigChanged()
08-21 16:00:55.940138  4238  4706 I AudioManager: dispatching onPlaybackConfigChanged()
08-21 16:00:55.940369  1175  1175 I AudioManager: dispatching onPlaybackConfigChanged()
08-21 16:00:55.940454  1175  1175 I AudioManager: dispatching onPlaybackConfigChanged()
08-21 16:00:55.940518  1175  1175 I AudioManager: dispatching onPlaybackConfigChanged()
08-21 16:00:55.940728  4587  4587 I AudioManager: dispatching onPlaybackConfigChanged()
08-21 16:00:55.945600  1175  2841 I AS.PlaybackActivityMon: dispatchPlayback size:5 to client size:4
08-21 16:00:55.946396  4238  4706 I AudioManager: dispatching onPlaybackConfigChanged()
08-21 16:00:55.946780  1175  1906 I AudioManager: dispatching onPlaybackConfigChanged()
08-21 16:00:55.947028  1175  2418 I AudioManager: dispatching onPlaybackConfigChanged()
08-21 16:00:55.948122  4587  4587 I AudioManager: dispatching onPlaybackConfigChanged()
08-21 16:00:55.948371  1175  1175 I AudioManager: dispatching onPlaybackConfigChanged()
08-21 16:00:55.948595  1175  1175 I AudioManager: dispatching onPlaybackConfigChanged()
08-21 16:00:55.948755  1175  1175 I AudioManager: dispatching onPlaybackConfigChanged()
08-21 16:00:55.953446  1175  2841 I AS.PlaybackActivityMon: dispatchPlayback size:4 to client size:4
08-21 16:00:55.953703  1175  2418 I AudioManager: dispatching onPlaybackConfigChanged()
08-21 16:00:55.953801  1175  1906 I AudioManager: dispatching onPlaybackConfigChanged()
08-21 16:00:55.954086  4238  4706 I AudioManager: dispatching onPlaybackConfigChanged()
08-21 16:00:55.954110  1175  1175 I AudioManager: dispatching onPlaybackConfigChanged()
08-21 16:00:55.954199  1175  1175 I AudioManager: dispatching onPlaybackConfigChanged()
08-21 16:00:55.954258  1175  1175 I AudioManager: dispatching onPlaybackConfigChanged()
08-21 16:00:55.955401  4587  4587 I AudioManager: dispatching onPlaybackConfigChanged()
08-21 16:00:55.968822  4238  4703 I SimpleEventAdapt: onActivityEvent get com.android.settings, com.android.settings.Settings$SoundSettingsActivity,false
08-21 16:00:55.970229  4238 15998 I Kolun_AI.SystemEventSubscribe:  onPublishData {"type":"activity_event","time":1755763255968,"data":"{\"className\":\"com.android.settings.Settings$SoundSettingsActivity\",\"isResumed\":false,\"packageName\":\"com.android.settings\"}","provider":"dc","dc_version":2030380000,"data_version":1,"user_id":0}
08-21 16:00:55.971821  1175  1221 I PowerHalWrapper: amsBoostNotify pid:7458,activity:com.android.settings.Settings$SoundSettingsActivity, package:com.android.settings, mProcessCreatePackcom.transsion.airtransfer 
08-21 16:00:55.972343  1175  1221 I mtkpower_client: [PowerHal_Wrap_notifyAppState] com.android.settings/com.android.settings.Settings$SoundSettingsActivity pid=7458 activityId:120921688 state:0
08-21 16:00:55.972801   971   971 I vendor.mediatek.hardware.mtkpower_applist-service.mediatek: packName: com.android.settings actName: com.android.settings.Settings$SoundSettingsActivity pid: 7458 activityId: 120921688 uid: 1000 state: 0
08-21 16:00:55.972931   971   971 I MTK_APPList: [notifyAPPstate] com.android.settings/com.android.settings.Settings$SoundSettingsActivity, pid=7458, activityId=120921688, uid=1000, state:PAUSED, fps:-1, win:0
08-21 16:00:55.980850  4347  5285 I THubApi : isTheMainScreen classname: com.android.settings.Settings$SoundSettingsActivity  pkg:com.android.settings
08-21 16:00:55.983699  4347  5029 I ScenesManager: ScenesInfo(isInSplitScreenMode=false, screenMode=1, oldTopPackage=, oldTopClass=, oldRelPackage=, oldRelClass=, topPackage=com.android.settings, topClass=com.android.settings.Settings$SoundSettingsActivity, relPackage=com.android.settings, relClass=com.transsion.settings.homepage.SettingsHomeActivity, taskId=15, userId=0, isTwinApp=false, isActivityChange=false, isResume=true, killPackages=[], isPersonalizedFlipScreen=false, timeStamp=1755763255983)
08-21 16:00:56.008397 16129 16129 W libc    : Access denied finding property "ro.odm.tr_audio_hifi.feature.support"
08-21 16:00:56.013719  7458  7458 I DecorView: updateColorViewInt insetsType:2, targetVisibility:4, show:false, size:44, showView:false, color:0x0, dividerColor:0x0, view:null, DecorView:DecorView@f623bdd[Settings$SoundSettingsActivity]
08-21 16:00:56.013935  7458  7458 I DecorView: updateColorViewInt insetsType:1, targetVisibility:4, show:false, size:99, showView:false, color:0x0, dividerColor:0x0, view:null, DecorView:DecorView@f623bdd[Settings$SoundSettingsActivity]
08-21 16:00:56.227625  1175  2841 I AS.AudioService: getMode, get current owner's mode
08-21 16:00:56.227957  1175  2841 I AS.AudioService: getMode, currentModeHandler is null
08-21 16:00:56.231240  1074  1074 I SurfaceFlinger: onHandleDestroyed: name=com.android.settings/com.android.settings.Settings$SoundSettingsActivity#792, layerId=792, parentId=0
08-21 16:00:56.231366  1074  1074 I SurfaceFlinger: onHandleDestroyed: name=ecebb1 ActivityRecordInputSink com.android.settings/.Settings$SoundSettingsActivity#791, layerId=791, parentId=0
08-21 16:00:56.238558  1074  1074 I BufferQueueDebug: [com.android.settings/com.android.settings.Settings$SoundSettingsActivity#792](this:0xb400007310a807f8,id:-1,api:0,p:-1,c:1074) onDestructor()
08-21 16:00:56.242583  1074  1074 I BufferQueueDebug: [ecebb1 ActivityRecordInputSink com.android.settings/.Settings$SoundSettingsActivity#791](this:0xb400007310a86318,id:-1,api:0,p:-1,c:1074) onDestructor()
08-21 16:00:56.246943  1041 14871 I AudioFlinger: setParameters: filtered keyvalue screen_state=off
08-21 16:00:56.247239  1041 14871 I AudioFlinger: +mAudioHwDevs(primary)->setParameters(): screen_state=off
08-21 16:00:56.250247  1041 14871 I AudioFlinger: -mAudioHwDevs(primary)->setParameters(): screen_state=off
08-21 16:00:56.250351  1041 14871 I AudioFlinger: +mAudioHwDevs(r_submix)->setParameters(): screen_state=off
08-21 16:00:56.251093  1041 14871 I AudioFlinger: -mAudioHwDevs(r_submix)->setParameters(): screen_state=off
