08-21 15:57:42.156681  1175  1175 I AudioManager: dispatching onPlaybackConfigChanged()
08-21 15:57:42.156747  1175  1175 I AudioManager: dispatching onPlaybackConfigChanged()
08-21 15:57:42.157163  1175  1906 I AudioManager: dispatching onPlaybackConfigChanged()
08-21 15:57:42.158431  1175  2418 I AudioManager: dispatching onPlaybackConfigChanged()
08-21 15:57:42.177801  1175  4247 I AS.PlaybackActivityMon: dispatchPlayback size:8 to client size:4
08-21 15:57:42.178376  1175  1906 I AudioManager: dispatching onPlaybackConfigChanged()
08-21 15:57:42.178470  1175  1175 I AudioManager: dispatching onPlaybackConfigChanged()
08-21 15:57:42.178627  1175  1175 I AudioManager: dispatching onPlaybackConfigChanged()
08-21 15:57:42.179017  1175  2418 I AudioManager: dispatching onPlaybackConfigChanged()
08-21 15:57:42.179641  4587  4587 I AudioManager: dispatching onPlaybackConfigChanged()
08-21 15:57:42.180073  4238  4706 I AudioManager: dispatching onPlaybackConfigChanged()
08-21 15:57:42.180879  1175  1175 I AudioManager: dispatching onPlaybackConfigChanged()
08-21 15:57:42.187832  1315 15920 I CCodec  : setting up 'default' as default (vendor) store
08-21 15:57:42.189165   992  1032 I libPowerHal: [recordCPUFreqInfo] set cluster[0] min(-1): -1 max(-1): -1 cluster[1] min(-1): -1 max(-1): -1
08-21 15:57:42.193505  1315 15920 I CCodec  : Created component [c2.android.vorbis.decoder]
08-21 15:57:42.199673  1315 15920 I CCodecConfig: query failed after returning 8 values (BAD_INDEX)
08-21 15:57:42.203524  1315 15920 I CCodecConfig: query failed after returning 8 values (BAD_INDEX)
08-21 15:57:42.203825  1315 15920 I MediaCodec: MediaCodec will operate in async mode
08-21 15:57:42.206782  1315 15920 I CCodecBufferChannel: [c2.android.vorbis.decoder#397] Created output block pool with allocatorID 16 => poolID 100 - OK
08-21 15:57:42.207135  1482  2943 E Codec2-ComponentInterface: We have a failed config
08-21 15:57:42.221576  1041  6420 W AudioFlinger_Threads: createTrack_l(): mismatch between requested flags (00000008) and output flags (00000002)
08-21 15:57:42.230940  1041  6420 I AudioFlinger: setParameters: filtered keyvalue clientTid=15918
08-21 15:57:42.231056  1041  6420 I AudioFlinger: +mAudioHwDevs(primary)->setParameters(): clientTid=15918
08-21 15:57:42.235732   905   930 W AudioALSAHardware: setParameters(), still have param.size() = 1, remain param = "clientTid=15918"
08-21 15:57:42.236366  1041  6420 I AudioFlinger: -mAudioHwDevs(primary)->setParameters(): clientTid=15918
08-21 15:57:42.236499  1041  6420 I AudioFlinger: +mAudioHwDevs(r_submix)->setParameters(): clientTid=15918
08-21 15:57:42.237472  1041  6420 I AudioFlinger: -mAudioHwDevs(r_submix)->setParameters(): clientTid=15918
08-21 15:57:42.237543  1041  6420 I AudioFlinger: +mAudioHwDevs(bluetooth)->setParameters(): clientTid=15918
08-21 15:57:42.238170  1041  6420 I AudioFlinger: -mAudioHwDevs(bluetooth)->setParameters(): clientTid=15918
08-21 15:57:42.238615  1041 14871 I AudioEffect: set 0xb4000074ae76f7e0 uuid: 0x0 timeLow 00000000
08-21 15:57:42.239386  1041 14871 I AudioFlinger: createEffect pid 1041, effectClient 0xb40000767e779390, priority 0, sessionId 1617, io 13, factory 0xb40000766e762010
08-21 15:57:42.239428  1041 14871 I AudioFlinger_Threads: createEffect_l() thread 0xb4000077498ae7b0 effect Alarm Volume Listener on session 1617
08-21 15:57:42.239546  1041 14871 I AudioFlinger_Threads: createEffect_l() got effect 0x0 on chain 0xb40000748e776bf0
08-21 15:57:42.240197  1041 14871 I EffectHalAidl: createAidlConversion create UUID AudioUuid{timeLow: -92152866, timeMid: 22667, timeHiAndVersion: 4589, clockSeq: 39786, node: [2, 66, 172, 18, 0, 2]}
08-21 15:57:42.240310  1041 14871 I EffectModule: EffectModule Constructor success name Alarm Volume Listener, Interface 0xb40000762e75eae0
08-21 15:57:42.241346   905   930 I AHAL_EffectImpl: Alarm Volume ListenerV2open
08-21 15:57:42.242840  1041 14871 I AudioEffect: set() 0xb4000074ae76f7e0 OK effect: Alarm Volume Listener id: 227 status 0 enabled 0 pid 1041
08-21 15:57:42.242929  1041 14871 I AudioEffect: enable 0xb4000074ae76f7e0
08-21 15:57:42.243404  1074  1074 I BufferQueueProducer: [com.android.settings/com.android.settings.Settings$SoundSettingsActivity#774](this:0xb400007310a807f8,id:-1,api:0,p:-1,c:1074) queueBuffer: fps=63.00 dur=1000.02 max=310.82 min=10.35
08-21 15:57:42.244671  1041 14871 I AudioPolicyManagerCustomImpl: MTK_VOLUME_DEBUG mVolumeStream 4 != activeStream 4, mVolumeIndex 11 != index 7, mVolumeDevice 0x2 != device 0x2, force 0
08-21 15:57:42.245145  1041  1304 I AudioFlinger: setParameters: filtered keyvalue volumeDevice=2;volumeIndex=7;volumeStreamType=4
08-21 15:57:42.255677   905   929 I AudioALSAStreamOut: updateSourceMetadataV7(), do nothing source_metadata = 0x7752ad7fb0
08-21 15:57:42.256021  1175  2454 I AS.PlaybackActivityMon: dispatchPlayback size:8 to client size:4
08-21 15:57:42.256352  1175  2418 I AudioManager: dispatching onPlaybackConfigChanged()
08-21 15:57:42.256507  1175  1906 I AudioManager: dispatching onPlaybackConfigChanged()
08-21 15:57:42.256755  1175  1175 I AudioManager: dispatching onPlaybackConfigChanged()
08-21 15:57:42.256853  1175  1175 I AudioManager: dispatching onPlaybackConfigChanged()
08-21 15:57:42.256844  1041  6420 I AudioFlinger: setParameters: filtered keyvalue MAGT-AudioThread=15918;MAGT-Process=1315
08-21 15:57:42.256906  1175  1175 I AudioManager: dispatching onPlaybackConfigChanged()
08-21 15:57:42.258528  4238  4706 I AudioManager: dispatching onPlaybackConfigChanged()
08-21 15:57:42.258533  4587  4587 I AudioManager: dispatching onPlaybackConfigChanged()
08-21 15:57:42.258635   905  9293 W AudioALSAHardware: setParameters(), set vip fail
08-21 15:57:42.260747  1041  6420 D APM_AudioPolicyManager: listAudioPorts mAvailableInputDevices 0x80000004, 0x80000040, 0x80000080, 0x80000100, 0x80002000, 0x90000000
08-21 15:57:42.261333  1041  6420 D APM_AudioPolicyManager: listAudioPorts mAvailableInputDevices 0x80000004, 0x80000040, 0x80000080, 0x80000100, 0x80002000, 0x90000000
08-21 15:57:42.264323  1175  4247 I AS.PlaybackActivityMon: dispatchPlayback size:8 to client size:4
08-21 15:57:42.264674  1175  1175 I AudioManager: dispatching onPlaybackConfigChanged()
08-21 15:57:42.264753  1175  1175 I AudioManager: dispatching onPlaybackConfigChanged()
08-21 15:57:42.264799  1175  1175 I AudioManager: dispatching onPlaybackConfigChanged()
08-21 15:57:42.265145  1175  1906 I AudioManager: dispatching onPlaybackConfigChanged()
08-21 15:57:42.266262  4238  4706 I AudioManager: dispatching onPlaybackConfigChanged()
08-21 15:57:42.266666  4587  4587 I AudioManager: dispatching onPlaybackConfigChanged()
08-21 15:57:42.265214  1175  2418 I AudioManager: dispatching onPlaybackConfigChanged()
08-21 15:57:42.294456   905  1355 I AudioALSAPlaybackHandlerNormal: AI Denoise2.0 DL close! flag = 2, output_device = 0x0
08-21 15:57:42.427823   905  1355 E AudioALSAPlaybackHandlerBase: getQueuedFramesInfo(), pcm_get_htimestamp or trylock fail, ret -1, pcm_get_error 
08-21 15:57:42.433107   905  9293 I AudioALSAStreamOut: updateSourceMetadataV7(), do nothing source_metadata = 0x7736c72fb0
08-21 15:57:43.779814  1074  1074 I BufferQueueProducer: [com.android.settings/com.android.settings.Settings$SoundSettingsActivity#774](this:0xb400007310a807f8,id:-1,api:0,p:-1,c:1074) queueBuffer: fps=25.38 dur=1536.39 max=701.09 min=9.48
08-21 15:57:43.885089   992  1032 I libPowerHal: [recordCPUFreqInfo] set cluster[0] min(-1): -1 max(-1): -1 cluster[1] min(MTKPOWER_HINT_UX_MOVE_SCROLLING): -1 max(MTKPOWER_HINT_UX_MOVE_SCROLLING): -1
08-21 15:57:43.895409   992  1032 I libPowerHal: [recordCPUFreqInfo] set cluster[0] min(MTKPOWER_HINT_UX_SCROLLING): 1075000 max(MTKPOWER_HINT_UX_SCROLLING): -1 cluster[1] min(MTKPOWER_HINT_UX_SCROLLING): 1162000 max(MTKPOWER_HINT_UX_MOVE_SCROLLING): -1
08-21 15:57:44.053176  1175  2855 I AS.AudioService: setStreamVolume(stream=4, index=12, dev=AudioDeviceAttributes: role:output type:speaker addr: name: profiles:[] descriptors:[], calling=com.android.settings)
08-21 15:57:44.053881  1175  2855 I AS.SoundDoseHelper:  checkSafeMediaVolume_l mSafeMediaVolumeState = 3 streamType = 4 device = 2 index = 120 safeMediaVolumeIndex = 0
08-21 15:57:44.054365  1175  2855 I AS.AudioService: updateVolumeGroupIndex for stream 4, muted=false, device=2, index=120, group AUDIO_STREAM_ALARM Muted=false, Index=12, forceMuteState=false
08-21 15:57:44.057092  1175  2453 I AS.AudioService: setStreamVolumeIndexAS(4, 12, 2)
08-21 15:57:44.057293  1175  2453 I AudioSystem: setStreamVolumeIndex: STREAM_ALARM dev=2 idx=12
08-21 15:57:44.060364  1041  6420 I AudioPolicyManagerCustomImpl: MTK_VOLUME_DEBUG mVolumeStream 4 != activeStream 4, mVolumeIndex 7 != index 12, mVolumeDevice 0x2 != device 0x2, force 0
08-21 15:57:44.062242  1041  1304 I AudioFlinger: setParameters: filtered keyvalue volumeDevice=2;volumeIndex=12;volumeStreamType=4
08-21 15:57:44.064018  4238  4238 I VolumeDataCollector: onReceive android.media.VOLUME_CHANGED_ACTION
08-21 15:57:44.064206  4238  4238 I VolumeDataCollector: streamType 4
08-21 15:57:44.065226  4238 15868 I CacheManager:  save new data to cache volume_event
08-21 15:57:44.065454  4238 15868 I bsc     : notifyDataChange in volume_event, 1
08-21 15:57:44.066131  4238 15838 I DataServiceImplV2: StandardDataService notifyDataChange  curServiceName StandardDataService type:volume_event
08-21 15:57:44.067229  4238 15838 I Kolun_AI.SystemEventSubscribe:  onPublishData {"type":"volume_event","time":1755763064064,"data":"{\"prevStreamValue\":7,\"streamType\":4,\"streamTypeAlias\":4,\"streamValue\":12}","provider":"dc","dc_version":2030380000,"data_version":1,"user_id":0}
08-21 15:57:44.067287  4238 15838 I Kolun_AI.SystemEventSubscribe:  publisher.getMatcher() volume_event
08-21 15:57:44.067902  4238 15838 I ApiInvoke1.7.1: SubscribeManager: publishData success host DataCenter#StandardDataService matcher volume_event
08-21 15:57:44.068059  4238 15838 I ApiInvoke1.7.1: ApiRequest: do publishData to local, matcher = volume_event
08-21 15:57:44.068330  4238 15838 I ApiInvoke1.7.1: ChannelChain: addChain, path=Publish{process='com.transsion.kolun.aiservice', channelName='DataCenter', matcher='volume_event', apiName='StandardDataService'} size 1
08-21 15:57:44.068447  4238 15838 W ApiInvoke1.7.1: SubscribeBusServerImpl: onSafePublishData start ==>> publisher Publisher{channel='DataCenter', apiName='StandardDataService', label='volume_event'}
08-21 15:57:44.070195  4238 15838 W ApiInvoke1.7.1: ApiRequest: do publishData to remote volume_event
08-21 15:57:44.081950   905  1075 I AudioALSAStreamOut: updateSourceMetadataV7(), do nothing source_metadata = 0x773169bfb0
08-21 15:57:44.088103   992  1032 I libPowerHal: [recordCPUFreqInfo] set cluster[0] min(MTKPOWER_HINT_UX_SCROLLING): 1075000 max(MTKPOWER_HINT_UX_SCROLLING): -1 cluster[1] min(MTKPOWER_HINT_UX_SCROLLING): 1162000 max(MTKPOWER_HINT_UX_SCROLLING): -1
08-21 15:57:44.103245   992  1032 I libPowerHal: [recordCPUFreqInfo] set cluster[0] min(-1): -1 max(-1): -1 cluster[1] min(-1): -1 max(-1): -1
08-21 15:57:45.436812  1074  1074 I BufferQueueProducer: [com.android.settings/com.android.settings.Settings$SoundSettingsActivity#774](this:0xb400007310a807f8,id:-1,api:0,p:-1,c:1074) queueBuffer: fps=30.78 dur=1657.00 max=1077.58 min=10.07
08-21 15:57:45.509387   992  1032 I libPowerHal: [recordCPUFreqInfo] set cluster[0] min(-1): -1 max(-1): -1 cluster[1] min(MTKPOWER_HINT_UX_MOVE_SCROLLING): -1 max(MTKPOWER_HINT_UX_MOVE_SCROLLING): -1
08-21 15:57:45.523417   992  1032 I libPowerHal: [recordCPUFreqInfo] set cluster[0] min(MTKPOWER_HINT_UX_SCROLLING): 1075000 max(MTKPOWER_HINT_UX_SCROLLING): -1 cluster[1] min(MTKPOWER_HINT_UX_SCROLLING): 1162000 max(MTKPOWER_HINT_UX_MOVE_SCROLLING): -1
08-21 15:57:46.438598  1074  1074 I BufferQueueProducer: [com.android.settings/com.android.settings.Settings$SoundSettingsActivity#774](this:0xb400007310a807f8,id:-1,api:0,p:-1,c:1074) queueBuffer: fps=87.84 dur=1001.79 max=22.71 min=10.61
08-21 15:57:47.424107  1175  2855 I AS.AudioService: setStreamVolume(stream=4, index=3, dev=AudioDeviceAttributes: role:output type:speaker addr: name: profiles:[] descriptors:[], calling=com.android.settings)
08-21 15:57:47.424497  1175  2855 I AS.SoundDoseHelper:  checkSafeMediaVolume_l mSafeMediaVolumeState = 3 streamType = 4 device = 2 index = 30 safeMediaVolumeIndex = 0
08-21 15:57:47.424743  1175  2855 I AS.AudioService: updateVolumeGroupIndex for stream 4, muted=false, device=2, index=30, group AUDIO_STREAM_ALARM Muted=false, Index=3, forceMuteState=false
08-21 15:57:47.425898  1175  2453 I AS.AudioService: setStreamVolumeIndexAS(4, 3, 2)
08-21 15:57:47.426019  1175  2453 I AudioSystem: setStreamVolumeIndex: STREAM_ALARM dev=2 idx=3
08-21 15:57:47.427889  1041  6420 I AudioPolicyManagerCustomImpl: MTK_VOLUME_DEBUG mVolumeStream 4 != activeStream 4, mVolumeIndex 12 != index 3, mVolumeDevice 0x2 != device 0x2, force 0
08-21 15:57:47.428792  1041  1304 I AudioFlinger: setParameters: filtered keyvalue volumeDevice=2;volumeIndex=3;volumeStreamType=4
08-21 15:57:47.433048  4238  4238 I VolumeDataCollector: onReceive android.media.VOLUME_CHANGED_ACTION
08-21 15:57:47.433136  4238  4238 I VolumeDataCollector: streamType 4
08-21 15:57:47.433936  4238 15868 I CacheManager:  save new data to cache volume_event
08-21 15:57:47.434166  4238 15868 I bsc     : notifyDataChange in volume_event, 1
08-21 15:57:47.434692  4238 15838 I DataServiceImplV2: StandardDataService notifyDataChange  curServiceName StandardDataService type:volume_event
08-21 15:57:47.435721  4238 15838 I Kolun_AI.SystemEventSubscribe:  onPublishData {"type":"volume_event","time":1755763067433,"data":"{\"prevStreamValue\":12,\"streamType\":4,\"streamTypeAlias\":4,\"streamValue\":3}","provider":"dc","dc_version":2030380000,"data_version":1,"user_id":0}
08-21 15:57:47.435819  4238 15838 I Kolun_AI.SystemEventSubscribe:  publisher.getMatcher() volume_event
08-21 15:57:47.436087  4238 15838 I ApiInvoke1.7.1: SubscribeManager: publishData success host DataCenter#StandardDataService matcher volume_event
08-21 15:57:47.436263  4238 15838 I ApiInvoke1.7.1: ApiRequest: do publishData to local, matcher = volume_event
08-21 15:57:47.436461  4238 15838 I ApiInvoke1.7.1: ChannelChain: addChain, path=Publish{process='com.transsion.kolun.aiservice', channelName='DataCenter', matcher='volume_event', apiName='StandardDataService'} size 1
08-21 15:57:47.436582  4238 15838 W ApiInvoke1.7.1: SubscribeBusServerImpl: onSafePublishData start ==>> publisher Publisher{channel='DataCenter', apiName='StandardDataService', label='volume_event'}
08-21 15:57:47.437920  4238 15838 W ApiInvoke1.7.1: ApiRequest: do publishData to remote volume_event
08-21 15:57:47.441235  1074  1074 I BufferQueueProducer: [com.android.settings/com.android.settings.Settings$SoundSettingsActivity#774](this:0xb400007310a807f8,id:-1,api:0,p:-1,c:1074) queueBuffer: fps=88.77 dur=1002.63 max=22.11 min=10.59
08-21 15:57:47.451835   905  9293 I AudioALSAStreamOut: updateSourceMetadataV7(), do nothing source_metadata = 0x7736c72fb0
08-21 15:57:47.460266   992  1032 I libPowerHal: [recordCPUFreqInfo] set cluster[0] min(MTKPOWER_HINT_UX_SCROLLING): 1075000 max(MTKPOWER_HINT_UX_SCROLLING): -1 cluster[1] min(MTKPOWER_HINT_UX_SCROLLING): 1162000 max(MTKPOWER_HINT_UX_SCROLLING): -1
08-21 15:57:47.520563   992  1032 I libPowerHal: [recordCPUFreqInfo] set cluster[0] min(-1): -1 max(-1): -1 cluster[1] min(-1): -1 max(-1): -1
08-21 15:57:49.666640  1041 14871 I AudioFlinger: setParameters: filtered keyvalue remove_clientTid=15918
08-21 15:57:49.666783  1041 14871 I AudioFlinger: +mAudioHwDevs(primary)->setParameters(): remove_clientTid=15918
08-21 15:57:49.668047   905  9295 W AudioALSAHardware: setParameters(), still have param.size() = 1, remain param = "remove_clientTid=15918"
08-21 15:57:49.668539  1041 14871 I AudioFlinger: -mAudioHwDevs(primary)->setParameters(): remove_clientTid=15918
08-21 15:57:49.668593  1041 14871 I AudioFlinger: +mAudioHwDevs(r_submix)->setParameters(): remove_clientTid=15918
08-21 15:57:49.670082  1041 14871 I AudioFlinger: -mAudioHwDevs(r_submix)->setParameters(): remove_clientTid=15918
08-21 15:57:49.670274  1041 14871 I AudioFlinger: +mAudioHwDevs(bluetooth)->setParameters(): remove_clientTid=15918
08-21 15:57:49.672324  1041 14871 I AudioFlinger: -mAudioHwDevs(bluetooth)->setParameters(): remove_clientTid=15918
08-21 15:57:49.686048   905  9295 I AudioALSAStreamOut: updateSourceMetadataV7(), do nothing source_metadata = 0x7736a76fb0
08-21 15:57:49.699047  1041 14871 I AudioFlinger: setParameters: filtered keyvalue clientTid=15918
08-21 15:57:49.699394  1041 14871 I AudioFlinger: +mAudioHwDevs(primary)->setParameters(): clientTid=15918
08-21 15:57:49.702697   905  9293 W AudioALSAHardware: setParameters(), still have param.size() = 1, remain param = "clientTid=15918"
08-21 15:57:49.704161  1041 14871 I AudioFlinger: -mAudioHwDevs(primary)->setParameters(): clientTid=15918
08-21 15:57:49.704236  1041 14871 I AudioFlinger: +mAudioHwDevs(r_submix)->setParameters(): clientTid=15918
08-21 15:57:49.706038  1041 14871 I AudioFlinger: -mAudioHwDevs(r_submix)->setParameters(): clientTid=15918
08-21 15:57:49.706192  1041 14871 I AudioFlinger: +mAudioHwDevs(bluetooth)->setParameters(): clientTid=15918
08-21 15:57:49.709726  1041 14871 I AudioFlinger: -mAudioHwDevs(bluetooth)->setParameters(): clientTid=15918
08-21 15:57:49.736770  1175  2842 I AS.PlaybackActivityMon: dispatchPlayback size:7 to client size:4
08-21 15:57:49.738152  1175  1906 I AudioManager: dispatching onPlaybackConfigChanged()
08-21 15:57:49.739598  4238  4706 I AudioManager: dispatching onPlaybackConfigChanged()
08-21 15:57:49.739806  1175  2418 I AudioManager: dispatching onPlaybackConfigChanged()
08-21 15:57:49.739967  1175  1175 I AudioManager: dispatching onPlaybackConfigChanged()
08-21 15:57:49.740277  1175  1175 I AudioManager: dispatching onPlaybackConfigChanged()
08-21 15:57:49.740389  1175  1175 I AudioManager: dispatching onPlaybackConfigChanged()
08-21 15:57:49.740590  4587  4587 I AudioManager: dispatching onPlaybackConfigChanged()
08-21 15:57:49.742178  1041  1305 I AudioEffect: disable 0xb4000074ae76f7e0
08-21 15:57:49.744323   905  9293 I AudioALSAStreamOut: updateSourceMetadataV7(), do nothing source_metadata = 0x7736c72fb0
08-21 15:57:49.745304  1041  1305 I AudioEffect: Destructor 0xb4000074ae76f7e0
08-21 15:57:49.749095  1041  1305 I AudioFlinger_Threads: removeEffect_l(): 0xb4000077498ae7b0, effect = 0xb40000759e75b4d0, name = Alarm Volume Listener
08-21 15:57:49.754870   905  9293 I AHAL_EffectImpl: Alarm Volume ListenerV2close
08-21 15:57:49.756295  1041  1305 I AudioFlinger_Threads: removeEffectChain_l() 0xb40000748e776bf0 from thread 0xb4000077498ae7b0 for session 1617
08-21 15:57:49.757517  1041  1305 W AudioPolicyManagerCustomImpl: [MTK_APM_Route]setOutputDevices() mIoHandle 13 mId 1 device (0x2)(0x1, 0x2, 0x4, 0x8, 0x10, 0x20, 0x40, 0x400, 0x800, 0x1000, 0x4000, 0x100000, 0x4000000) delayMs 84 force 0 size 5
08-21 15:57:49.759745   905  1355 W audio_sw_mixer: sw_mixer_mix_fp_direct_write(-),   MIXER_PLAYBACK  , path T_PRIMARY=>T_PRIMARY, size_out  8192, rb     0, latency/total: 21.333/34.302 (32.385+0.004+1.913) ms
08-21 15:57:49.761517  1041  1305 D APM_AudioPolicyManager: [MTK_APM_Output]releaseOutput() 13 portId 59
08-21 15:57:49.856197   905  1355 W audio_sw_mixer: sw_mixer_mix_fp_direct_write(-),   MIXER_PLAYBACK  , path T_PRIMARY=>T_PRIMARY, size_out  8192, rb     0, latency/total: 21.333/23.990 (18.524+0.012+5.454) ms
08-21 15:57:49.898631   905  1355 W audio_sw_mixer: sw_mixer_mix_fp_direct_write(-),   MIXER_PLAYBACK  , path T_PRIMARY=>T_PRIMARY, size_out  8192, rb     0, latency/total: 21.333/23.636 (18.676+0.013+4.947) ms
08-21 15:57:49.965338   905  1355 W audio_sw_mixer: sw_mixer_mix_fp_direct_write(-),   MIXER_PLAYBACK  , path T_PRIMARY=>T_PRIMARY, size_out  8192, rb     0, latency/total: 21.333/24.425 (19.596+0.013+4.816) ms
08-21 15:57:50.096855   905  1355 W audio_sw_mixer: sw_mixer_mix_fp_direct_write(-),   MIXER_PLAYBACK  , path T_PRIMARY=>T_PRIMARY, size_out  8192, rb     0, latency/total: 21.333/24.110 (19.337+0.013+4.760) ms
08-21 15:57:50.156664   905  1355 W audio_sw_mixer: sw_mixer_mix_fp_direct_write(-),   MIXER_PLAYBACK  , path T_PRIMARY=>T_PRIMARY, size_out  8192, rb     0, latency/total: 21.333/23.398 (18.703+0.012+4.683) ms
08-21 15:57:50.224256   905  1355 W audio_sw_mixer: sw_mixer_mix_fp_direct_write(-),   MIXER_PLAYBACK  , path T_PRIMARY=>T_PRIMARY, size_out  8192, rb     0, latency/total: 21.333/25.992 (21.136+0.013+4.843) ms
08-21 15:57:50.615292   905  1355 W audio_sw_mixer: sw_mixer_mix_fp_direct_write(-),   MIXER_PLAYBACK  , path T_PRIMARY=>T_PRIMARY, size_out  8192, rb     0, latency/total: 21.333/23.343 (18.629+0.013+4.701) ms
08-21 15:57:50.651415  1041  6420 I AudioFlinger: setParameters: filtered keyvalue screen_state=on
08-21 15:57:50.651624  1041  6420 I AudioFlinger: +mAudioHwDevs(primary)->setParameters(): screen_state=on
08-21 15:57:50.654225  1041  6420 I AudioFlinger: -mAudioHwDevs(primary)->setParameters(): screen_state=on
08-21 15:57:50.654321  1041  6420 I AudioFlinger: +mAudioHwDevs(r_submix)->setParameters(): screen_state=on
08-21 15:57:50.654731  1041  6420 I AudioFlinger: -mAudioHwDevs(r_submix)->setParameters(): screen_state=on
08-21 15:57:50.654823  1041  6420 I AudioFlinger: +mAudioHwDevs(bluetooth)->setParameters(): screen_state=on
08-21 15:57:50.655147  1041  6420 I AudioFlinger: -mAudioHwDevs(bluetooth)->setParameters(): screen_state=on
08-21 15:57:51.038646   971   971 I MTK_APPList: [notifyAPPstate] multi_resumed_app_info[0] com.android.settings/com.android.settings.Settings$SoundSettingsActivity, pid:7458, activityId:120921688, fps:-1, isMultiWindow:0
08-21 15:58:06.221380 15928 15928 W libc    : Access denied finding property "ro.odm.tr_audio_hifi.feature.support"
08-21 15:58:17.796147  1175  1625 I PowerHalWrapper: amsBoostNotify pid:7458,activity:com.android.settings.Settings$SoundSettingsActivity, package:com.android.settings, mProcessCreatePackcom.transsion.airtransfer 
08-21 15:58:17.797533  1175  1625 I mtkpower_client: [PowerHal_Wrap_notifyAppState] com.android.settings/com.android.settings.Settings$SoundSettingsActivity pid=7458 activityId:120921688 state:0
08-21 15:58:17.797925   971   971 I vendor.mediatek.hardware.mtkpower_applist-service.mediatek: packName: com.android.settings actName: com.android.settings.Settings$SoundSettingsActivity pid: 7458 activityId: 120921688 uid: 1000 state: 0
08-21 15:58:17.797999   971   971 I MTK_APPList: [notifyAPPstate] com.android.settings/com.android.settings.Settings$SoundSettingsActivity, pid=7458, activityId=120921688, uid=1000, state:PAUSED, fps:-1, win:0
08-21 15:58:17.821200  1175  2979 I AS.PlaybackActivityMon: dispatchPlayback size:6 to client size:4
08-21 15:58:17.825286  1175  1175 I AudioManager: dispatching onPlaybackConfigChanged()
08-21 15:58:17.826331  4238  4706 I AudioManager: dispatching onPlaybackConfigChanged()
08-21 15:58:17.826531  1175  2418 I AudioManager: dispatching onPlaybackConfigChanged()
08-21 15:58:17.827637  1175  1906 I AudioManager: dispatching onPlaybackConfigChanged()
08-21 15:58:17.828192  4587  4587 I AudioManager: dispatching onPlaybackConfigChanged()
08-21 15:58:17.829320  1175  2979 I AS.PlaybackActivityMon: dispatchPlayback size:5 to client size:4
08-21 15:58:17.829663  1175  1906 I AudioManager: dispatching onPlaybackConfigChanged()
08-21 15:58:17.829767  1175  1175 I AudioManager: dispatching onPlaybackConfigChanged()
08-21 15:58:17.829895  1175  1175 I AudioManager: dispatching onPlaybackConfigChanged()
08-21 15:58:17.831008  4238  4706 I AudioManager: dispatching onPlaybackConfigChanged()
08-21 15:58:17.830970  1041  6420 I AudioFlinger: setParameters: filtered keyvalue screen_state=off
08-21 15:58:17.831114  1041  6420 I AudioFlinger: +mAudioHwDevs(primary)->setParameters(): screen_state=off
08-21 15:58:17.831133  1175  1175 I AudioManager: dispatching onPlaybackConfigChanged()
08-21 15:58:17.831227  1175  1175 I AudioManager: dispatching onPlaybackConfigChanged()
08-21 15:58:17.831362  1175  1175 I AudioManager: dispatching onPlaybackConfigChanged()
08-21 15:58:17.832228  4587  4587 I AudioManager: dispatching onPlaybackConfigChanged()
08-21 15:58:17.832443  1041  6420 I AudioFlinger: -mAudioHwDevs(primary)->setParameters(): screen_state=off
08-21 15:58:17.832521  1041  6420 I AudioFlinger: +mAudioHwDevs(r_submix)->setParameters(): screen_state=off
08-21 15:58:17.833832  1041  6420 I AudioFlinger: -mAudioHwDevs(r_submix)->setParameters(): screen_state=off
08-21 15:58:17.834220  1175  2418 I AudioManager: dispatching onPlaybackConfigChanged()
08-21 15:58:17.834299  1041  6420 I AudioFlinger: +mAudioHwDevs(bluetooth)->setParameters(): screen_state=off
08-21 15:58:17.834893  1041  6420 I AudioFlinger: -mAudioHwDevs(bluetooth)->setParameters(): screen_state=off
08-21 15:58:17.850458  1175  2855 I AS.PlaybackActivityMon: dispatchPlayback size:4 to client size:4
08-21 15:58:17.856964  4238  4706 I AudioManager: dispatching onPlaybackConfigChanged()
08-21 15:58:17.857644  4238  4703 I SimpleEventAdapt: onActivityEvent get com.android.settings, com.android.settings.Settings$SoundSettingsActivity,false
08-21 15:58:17.857810  1175  1906 I AudioManager: dispatching onPlaybackConfigChanged()
08-21 15:58:17.858050  4587  4587 I AudioManager: dispatching onPlaybackConfigChanged()
08-21 15:58:17.858428  1175  1175 I AudioManager: dispatching onPlaybackConfigChanged()
08-21 15:58:17.858567  1175  1175 I AudioManager: dispatching onPlaybackConfigChanged()
08-21 15:58:17.858633  1175  1175 I AudioManager: dispatching onPlaybackConfigChanged()
08-21 15:58:17.859104  1175  2418 I AudioManager: dispatching onPlaybackConfigChanged()
08-21 15:58:17.860012  4238 15838 I Kolun_AI.SystemEventSubscribe:  onPublishData {"type":"activity_event","time":1755763097858,"data":"{\"className\":\"com.android.settings.Settings$SoundSettingsActivity\",\"isResumed\":false,\"packageName\":\"com.android.settings\"}","provider":"dc","dc_version":2030380000,"data_version":1,"user_id":0}
08-21 15:58:17.862047  1175  1221 I PowerHalWrapper: amsBoostNotify pid:7458,activity:com.android.settings.Settings$SoundSettingsActivity, package:com.android.settings, mProcessCreatePackcom.transsion.airtransfer 
08-21 15:58:17.862579  1175  1221 I mtkpower_client: [PowerHal_Wrap_notifyAppState] com.android.settings/com.android.settings.Settings$SoundSettingsActivity pid=7458 activityId:120921688 state:0
08-21 15:58:17.862800   971   971 I vendor.mediatek.hardware.mtkpower_applist-service.mediatek: packName: com.android.settings actName: com.android.settings.Settings$SoundSettingsActivity pid: 7458 activityId: 120921688 uid: 1000 state: 0
08-21 15:58:17.862873   971   971 I MTK_APPList: [notifyAPPstate] com.android.settings/com.android.settings.Settings$SoundSettingsActivity, pid=7458, activityId=120921688, uid=1000, state:PAUSED, fps:-1, win:0
08-21 15:58:17.873150  4347  5285 I THubApi : isTheMainScreen classname: com.android.settings.Settings$SoundSettingsActivity  pkg:com.android.settings
08-21 15:58:17.876467  4347  5029 I ScenesManager: ScenesInfo(isInSplitScreenMode=false, screenMode=1, oldTopPackage=, oldTopClass=, oldRelPackage=, oldRelClass=, topPackage=com.android.settings, topClass=com.android.settings.Settings$SoundSettingsActivity, relPackage=com.android.settings, relClass=com.transsion.settings.homepage.SettingsHomeActivity, taskId=15, userId=0, isTwinApp=false, isActivityChange=false, isResume=true, killPackages=[], isPersonalizedFlipScreen=false, timeStamp=1755763097876)
08-21 15:58:17.896640 15954 15954 W libc    : Access denied finding property "ro.odm.tr_audio_hifi.feature.support"
08-21 15:58:17.905956  7458  7458 I DecorView: updateColorViewInt insetsType:2, targetVisibility:4, show:false, size:44, showView:false, color:0x0, dividerColor:0x0, view:null, DecorView:DecorView@f623bdd[Settings$SoundSettingsActivity]
08-21 15:58:17.906045  7458  7458 I DecorView: updateColorViewInt insetsType:1, targetVisibility:4, show:false, size:99, showView:false, color:0x0, dividerColor:0x0, view:null, DecorView:DecorView@f623bdd[Settings$SoundSettingsActivity]
08-21 15:58:18.092738  1074  1074 I SurfaceFlinger: onHandleDestroyed: name=com.android.settings/com.android.settings.Settings$SoundSettingsActivity#774, layerId=774, parentId=0
08-21 15:58:18.093083  1074  1074 I SurfaceFlinger: onHandleDestroyed: name=ecebb1 ActivityRecordInputSink com.android.settings/.Settings$SoundSettingsActivity#771, layerId=771, parentId=0
08-21 15:58:18.093151  1175  2979 I AS.AudioService: getMode, get current owner's mode
08-21 15:58:18.093251  1175  2979 I AS.AudioService: getMode, currentModeHandler is null
08-21 15:58:18.099776  1074  1074 I BufferQueueDebug: [ecebb1 ActivityRecordInputSink com.android.settings/.Settings$SoundSettingsActivity#771](this:0xb400007310a41d98,id:-1,api:0,p:-1,c:1074) onDestructor()
08-21 15:58:18.101629  1074  1074 I BufferQueueDebug: [com.android.settings/com.android.settings.Settings$SoundSettingsActivity#774](this:0xb400007310a807f8,id:-1,api:0,p:-1,c:1074) onDestructor()
08-21 15:58:18.115776  1041  6420 I AudioFlinger: setParameters: filtered keyvalue screen_state=off
08-21 15:58:18.116550  1041  6420 I AudioFlinger: +mAudioHwDevs(primary)->setParameters(): screen_state=off
08-21 15:58:18.120261  1041  6420 I AudioFlinger: -mAudioHwDevs(primary)->setParameters(): screen_state=off
08-21 15:58:18.120714  1041  6420 I AudioFlinger: +mAudioHwDevs(r_submix)->setParameters(): screen_state=off
08-21 15:58:18.121493  1041  6420 I AudioFlinger: -mAudioHwDevs(r_submix)->setParameters(): screen_state=off
08-21 15:58:18.121649  1041  6420 I AudioFlinger: +mAudioHwDevs(bluetooth)->setParameters(): screen_state=off
08-21 15:58:18.122476  1041  6420 I AudioFlinger: -mAudioHwDevs(bluetooth)->setParameters(): screen_state=off
08-21 15:58:18.179268  4347  5285 I THubApi : isTheMainScreen classname: com.android.settings.Settings$SoundSettingsActivity  pkg:com.android.settings
08-21 15:58:18.183281  7129  7129 W BindAudioSmartConnectUseCase: ACTION_SCREEN_OFF
08-21 15:58:18.183353  7129  7129 W BindAudioSmartConnectUseCase: stopBinder
08-21 15:58:18.410227  5238  5582 I AudioManager: getCommunicationDevice
08-21 15:58:18.410764  1175  1196 I AS.AudioDeviceBroker: topCommunicationRouteClient: process no permission or mCommunicationRouteClients is empty
08-21 15:58:18.410930  1175  1196 I AS.AudioDeviceBroker: requestedCommunicationDevice: null mAudioModeOwner: AudioModeInfo: mMode=MODE_NORMAL, mPid=0, mUid=0
08-21 15:58:18.805767   992  1032 I libPowerHal: [recordCPUFreqInfo] set cluster[0] min(MTKPOWER_HINT_LAUNCHER_ANIMA): 2000000 max(-1): -1 cluster[1] min(MTKPOWER_HINT_LAUNCHER_ANIMA): 2400000 max(-1): -1
08-21 15:58:18.812111   992  1032 I libPowerHal: [recordCPUFreqInfo] set cluster[0] min(-1): -1 max(-1): -1 cluster[1] min(-1): -1 max(-1): -1
08-21 15:58:22.544397  2669  2669 W TranReflectUtils: 	at android.view.Choreographer$CallbackRecord.run(Choreographer.java:1610)
08-21 15:58:22.544397  2669  2669 W TranReflectUtils: 	at android.view.Choreographer$CallbackRecord.run(Choreographer.java:1619)
08-21 15:59:03.682775  5238  5582 I AudioManager: getCommunicationDevice
08-21 15:59:03.683644  1175  4296 I AS.AudioDeviceBroker: topCommunicationRouteClient: process no permission or mCommunicationRouteClients is empty
08-21 15:59:03.683871  1175  4296 I AS.AudioDeviceBroker: requestedCommunicationDevice: null mAudioModeOwner: AudioModeInfo: mMode=MODE_NORMAL, mPid=0, mUid=0
08-21 15:59:18.180347  1175  1880 E ActivityManager: 	at com.android.server.am.PendingIntentRecord.sendInner(PendingIntentRecord.java:707)
08-21 15:59:18.180347  1175  1880 E ActivityManager: 	at com.android.server.am.PendingIntentRecord.sendWithResult(PendingIntentRecord.java:381)
08-21 16:00:03.844078  5238  5582 I AudioManager: getCommunicationDevice
08-21 16:00:03.844873  1175  4296 I AS.AudioDeviceBroker: topCommunicationRouteClient: process no permission or mCommunicationRouteClients is empty
08-21 16:00:03.845258  1175  4296 I AS.AudioDeviceBroker: requestedCommunicationDevice: null mAudioModeOwner: AudioModeInfo: mMode=MODE_NORMAL, mPid=0, mUid=0
08-21 16:00:18.640437  1175  2449 I AS.AudioService: onReceive action = android.intent.action.SCREEN_ON
08-21 16:00:18.640821  1175  2449 I TranAudioService: clearZeroSoundAppList
08-21 16:00:18.656577  1041  1041 I AudioFlinger: setParameters: filtered keyvalue screen_state=off
08-21 16:00:18.656867  1041  1041 I AudioFlinger: +mAudioHwDevs(primary)->setParameters(): screen_state=off
08-21 16:00:18.659726  1041  1041 I AudioFlinger: -mAudioHwDevs(primary)->setParameters(): screen_state=off
08-21 16:00:18.659826  1041  1041 I AudioFlinger: +mAudioHwDevs(r_submix)->setParameters(): screen_state=off
08-21 16:00:18.660380  1041  1041 I AudioFlinger: -mAudioHwDevs(r_submix)->setParameters(): screen_state=off
08-21 16:00:18.660427  1041  1041 I AudioFlinger: +mAudioHwDevs(bluetooth)->setParameters(): screen_state=off
08-21 16:00:18.660645  1041  1041 I AudioFlinger: -mAudioHwDevs(bluetooth)->setParameters(): screen_state=off
08-21 16:00:18.692796  1041  1041 I AudioFlinger: setParameters: filtered keyvalue screen_state=on
08-21 16:00:18.693046  1041  1041 I AudioFlinger: +mAudioHwDevs(primary)->setParameters(): screen_state=on
08-21 16:00:18.694304  1041  1041 I AudioFlinger: -mAudioHwDevs(primary)->setParameters(): screen_state=on
08-21 16:00:18.694350  1041  1041 I AudioFlinger: +mAudioHwDevs(r_submix)->setParameters(): screen_state=on
08-21 16:00:18.695190  1041  1041 I AudioFlinger: -mAudioHwDevs(r_submix)->setParameters(): screen_state=on
08-21 16:00:18.695262  1041  1041 I AudioFlinger: +mAudioHwDevs(bluetooth)->setParameters(): screen_state=on
08-21 16:00:18.695689  1041  1041 I AudioFlinger: -mAudioHwDevs(bluetooth)->setParameters(): screen_state=on
08-21 16:00:18.745516  4347  5285 I THubApi : isTheMainScreen classname: com.android.settings.Settings$SoundSettingsActivity  pkg:com.android.settings
08-21 16:00:18.750186  4347  5029 I ScenesManager: ScenesInfo(isInSplitScreenMode=false, screenMode=2, oldTopPackage=, oldTopClass=, oldRelPackage=, oldRelClass=, topPackage=com.android.settings, topClass=com.android.settings.Settings$SoundSettingsActivity, relPackage=com.android.settings, relClass=com.transsion.settings.homepage.SettingsHomeActivity, taskId=15, userId=0, isTwinApp=false, isActivityChange=false, isResume=true, killPackages=[], isPersonalizedFlipScreen=false, timeStamp=1755763218749)
08-21 16:00:18.751756  7129  7129 I BindAudioSmartConnectUseCase: ACTION_SCREEN_ON keyguard:true
08-21 16:00:18.831927  4238  4522 I ApiInvoke1.7.1: SubscribeBusServerImpl: parseSubscribeHostInfoList infoStr {"host":"DataCenter#StandardDataService","typeCounts":[{"type":"activity_event","subscribeCount":1},{"type":"headset_state_event","subscribeCount":1},{"type":"screen_state","subscribeCount":1},{"type":"tips_screen_app_list","subscribeCount":1},{"type":"wifi_event","subscribeCount":1},{"type":"desktop_apps","subscribeCount":4},{"type":"media_event","subscribeCount":2},{"type":"user_present","subscribeCount":1},{"type":"battery_event","subscribeCount":2},{"type":"volume_event","subscribeCount":1},{"type":"bluetooth","subscribeCount":1},{"type":"sms_event","subscribeCount":1},{"type":"app_foreground","subscribeCount":1},{"type":"location","subscribeCount":1},{"type":"notification_info_event","subscribeCount":1}]}
08-21 16:00:18.832271  4238  4522 I ApiInvoke1.7.1: SubscribeBusServerImpl: parseSubscribeHostInfoList infoStr {"host":"MiniAppOxygenBusExportChannel#miniAppUsageDataReceiverSubscribe","typeCounts":[{"type":"OnShortCutsRecordChanged","subscribeCount":1},{"type":"OnForegroundBackgroundStatusChanged","subscribeCount":1}]}
08-21 16:00:18.834392  4238  4522 I ApiInvoke1.7.1: SubscribeBusServerImpl: editSubscribeHostInfo editHostInfoByOpt pid4238 channel DataCenter#StandardDataService matcher volume_event subscribeCount 1
08-21 16:00:18.835318  4238  4522 I ApiInvoke1.7.1: SubscribeBusServerImpl: editSubscribeHostInfo editHostInfoByOpt pid4238 channel MiniAppOxygenBusExportChannel#miniAppUsageDataReceiverSubscribe matcher OnShortCutsRecordChanged subscribeCount 1
08-21 16:00:18.842388  4238  4522 I ApiInvoke1.7.1: SubscribeBusServerImpl: createNotifyRunnable, notifyPublisherChange host=DataCenter#StandardDataService typeCount SubscribeTypeCount{type='volume_event', subscribeCount=0} subscribeMap 6
08-21 16:00:18.842670  4238  4522 I ApiInvoke1.7.1: SubscribeManager: onSubscribeCountChange publisher Publisher{channel='DataCenter', apiName='StandardDataService', label='volume_event'} subscribeCount 9
08-21 16:00:18.842781  4238  4522 I StandardDataService: onSubscribeCountChange volume_event, count 9, com.transsion.kolun.aidatacenter.services.StandardDataService@dadab05
08-21 16:00:18.842827  4238  4522 I DataServiceImplV2: StandardDataService onSubscribeCountChange regType volume_event, 9
08-21 16:00:18.845074  4238  4522 I ApiInvoke1.7.1: SubscribeBusServerImpl: createNotifyRunnable, notifyPublisherChange host=MiniAppOxygenBusExportChannel#miniAppUsageDataReceiverSubscribe typeCount SubscribeTypeCount{type='OnShortCutsRecordChanged', subscribeCount=0} subscribeMap 6
08-21 16:00:19.081413  1041  1041 I AudioFlinger: setParameters: filtered keyvalue screen_state=on
08-21 16:00:19.081507  1041  1041 I AudioFlinger: +mAudioHwDevs(primary)->setParameters(): screen_state=on
08-21 16:00:19.089351  1041  1041 I AudioFlinger: -mAudioHwDevs(primary)->setParameters(): screen_state=on
08-21 16:00:19.089439  1041  1041 I AudioFlinger: +mAudioHwDevs(r_submix)->setParameters(): screen_state=on
08-21 16:00:19.091439  1041  1041 I AudioFlinger: -mAudioHwDevs(r_submix)->setParameters(): screen_state=on
08-21 16:00:19.091574  1041  1041 I AudioFlinger: +mAudioHwDevs(bluetooth)->setParameters(): screen_state=on
08-21 16:00:19.092438  1041  1041 I AudioFlinger: -mAudioHwDevs(bluetooth)->setParameters(): screen_state=on
08-21 16:00:19.117014  5238  5582 I AudioManager: getCommunicationDevice
08-21 16:00:19.117309  1175  2979 I AS.AudioDeviceBroker: topCommunicationRouteClient: process no permission or mCommunicationRouteClients is empty
08-21 16:00:19.117502  1175  2979 I AS.AudioDeviceBroker: requestedCommunicationDevice: null mAudioModeOwner: AudioModeInfo: mMode=MODE_NORMAL, mPid=0, mUid=0
08-21 16:00:19.494443 16003 16003 W libc    : Access denied finding property "ro.odm.tr_audio_hifi.feature.support"
08-21 16:00:19.903979   992  1032 I libPowerHal: [recordCPUFreqInfo] set cluster[0] min(-1): -1 max(-1): -1 cluster[1] min(MTKPOWER_HINT_IN_SYSTEMUI): 1650000 max(-1): -1
08-21 16:00:20.003232   992  1032 I libPowerHal: [recordCPUFreqInfo] set cluster[0] min(-1): -1 max(-1): -1 cluster[1] min(-1): -1 max(-1): -1
08-21 16:00:20.004741  1175  4297 I PowerHalWrapper: amsBoostNotify pid:7458,activity:com.android.settings.Settings$SoundSettingsActivity, package:com.android.settings, mProcessCreatePackcom.transsion.airtransfer 
08-21 16:00:20.005363  1175  4297 I mtkpower_client: [PowerHal_Wrap_notifyAppState] com.android.settings/com.android.settings.Settings$SoundSettingsActivity pid=7458 activityId:120921688 state:1
08-21 16:00:20.005691   971   971 I vendor.mediatek.hardware.mtkpower_applist-service.mediatek: packName: com.android.settings actName: com.android.settings.Settings$SoundSettingsActivity pid: 7458 activityId: 120921688 uid: 1000 state: 1
08-21 16:00:20.005855   992  1032 I libPowerHal: [recordCPUFreqInfo] set cluster[0] min(-1): -1 max(-1): -1 cluster[1] min(MTKPOWER_HINT_IN_SYSTEMUI): 1650000 max(-1): -1
08-21 16:00:20.005964   971   971 I MTK_APPList: [notifyAPPstate] com.android.settings/com.android.settings.Settings$SoundSettingsActivity, pid=7458, activityId=120921688, uid=1000, state:RESUMED, fps:-1, win:0
08-21 16:00:20.006085   971   971 I MTK_APPList: [notifyAPPstate] multi_resumed_app_info[0] com.android.settings/com.android.settings.Settings$SoundSettingsActivity, pid:7458, activityId:120921688, fps:-1, isMultiWindow:0
08-21 16:00:20.008541  4238  4703 I SimpleEventAdapt: onActivityEvent get com.android.settings, com.android.settings.Settings$SoundSettingsActivity,true
08-21 16:00:20.008991  4347  6225 I SmartPanelService: activityCheck pkgName: com.android.settings, className: com.android.settings.Settings$SoundSettingsActivity isResume=true isDrawn = false
08-21 16:00:20.010476  4238 15998 I Kolun_AI.SystemEventSubscribe:  onPublishData {"type":"activity_event","time":1755763220008,"data":"{\"className\":\"com.android.settings.Settings$SoundSettingsActivity\",\"isResumed\":true,\"packageName\":\"com.android.settings\"}","provider":"dc","dc_version":2030380000,"data_version":1,"user_id":0}
08-21 16:00:20.012281  1175  1227 I TranSuccCrashMgr: Post key event: type=0, event=wm_resume_activity0,0,com.android.settings/.Settings$SoundSettingsActivity, ext=null
08-21 16:00:20.013663   992  1032 I libPowerHal: [recordCPUFreqInfo] set cluster[0] min(MTKPOWER_HINT_PACK_SWITCH): 2000000 max(-1): -1 cluster[1] min(MTKPOWER_HINT_PACK_SWITCH): 2400000 max(-1): -1
08-21 16:00:20.028147  7458  7458 I DecorView: updateColorViewInt insetsType:2, targetVisibility:4, show:false, size:44, showView:false, color:0x0, dividerColor:0x0, view:null, DecorView:DecorView@f623bdd[Settings$SoundSettingsActivity]
08-21 16:00:20.028186  7458  7458 I DecorView: updateColorViewInt insetsType:1, targetVisibility:4, show:false, size:99, showView:false, color:0x0, dividerColor:0x0, view:null, DecorView:DecorView@f623bdd[Settings$SoundSettingsActivity]
08-21 16:00:20.048068   992  1032 I libPowerHal: [recordCPUFreqInfo] set cluster[0] min(MTKPOWER_HINT_PACK_SWITCH): 2000000 max(MTKPOWER_HINT_UX_SCROLLING): -1 cluster[1] min(MTKPOWER_HINT_PACK_SWITCH): 2400000 max(MTKPOWER_HINT_UX_SCROLLING): -1
08-21 16:00:20.056472  7458 16031 I RingtoneManager: getActualDefaultRingtoneUri ringtoneUri: content://media/internal/audio/media/101?title=POVA%20Cradles&canonical=1,type 1
08-21 16:00:20.068566  1074  1527 I BufferQueueDebug: [ecebb1 ActivityRecordInputSink com.android.settings/.Settings$SoundSettingsActivity#791](this:0xb400007310a86318,id:-1,api:0,p:-1,c:-1) BufferQueue core=(1074:/system/bin/surfaceflinger)
08-21 16:00:20.068648  7458 16034 I RingtoneManager: getActualDefaultRingtoneUri ringtoneUri: content://media/internal/audio/media/43?title=Gentle&canonical=1,type 2
08-21 16:00:20.073435  1175  4296 I AS.PlaybackActivityMon: dispatchPlayback size:7 to client size:4
08-21 16:00:20.073900  1175  1175 I AudioManager: dispatching onPlaybackConfigChanged()
08-21 16:00:20.074062  1175  1175 I AudioManager: dispatching onPlaybackConfigChanged()
08-21 16:00:20.074118  1175  1175 I AudioManager: dispatching onPlaybackConfigChanged()
08-21 16:00:20.074343  1175  2418 I AudioManager: dispatching onPlaybackConfigChanged()
08-21 16:00:20.075538  4238  4706 I AudioManager: dispatching onPlaybackConfigChanged()
08-21 16:00:20.076772  1175  1906 I AudioManager: dispatching onPlaybackConfigChanged()
08-21 16:00:20.077555  4587  4587 I AudioManager: dispatching onPlaybackConfigChanged()
08-21 16:00:20.085813  1175  4239 I AS.AudioService: getMode, get current owner's mode
08-21 16:00:20.085847  1175  4239 I AS.AudioService: getMode, currentModeHandler is null
08-21 16:00:20.088615  7458 16038 I RingtoneManager: getActualDefaultRingtoneUri ringtoneUri: content://media/internal/audio/media/13?title=Good%20Times&canonical=1,type 4
08-21 16:00:20.090185  1175  2780 I AS.AudioService: getMode, get current owner's mode
08-21 16:00:20.090225  1175  2780 I AS.AudioService: getMode, currentModeHandler is null
08-21 16:00:20.090436  1175  2780 I AS.AudioService: getMode, get current owner's mode
08-21 16:00:20.090469  1175  2780 I AS.AudioService: getMode, currentModeHandler is null
08-21 16:00:20.095296  7458 13888 I RingtoneManager: getActualDefaultRingtoneUri ringtoneUri: content://media/internal/audio/media/43?title=Gentle&canonical=1,type 2
08-21 16:00:20.096394  7458 13895 I RingtoneManager: getActualDefaultRingtoneUri ringtoneUri: content://media/internal/audio/media/101?title=POVA%20Cradles&canonical=1,type 1
08-21 16:00:20.096416  7458 16030 W Ringtone: Use of stream types is deprecated for operations other than volume control
08-21 16:00:20.096457  7458 16030 W Ringtone: See the documentation of setStreamType() for what to use instead with android.media.AudioAttributes to qualify your playback use case
08-21 16:00:20.096810  7458 13889 I RingtoneManager: getActualDefaultRingtoneUri ringtoneUri: content://media/internal/audio/media/101?title=POVA%20Cradles&canonical=1,type 32
08-21 16:00:20.099798  1175  4247 I AS.PlaybackActivityMon: dispatchPlayback size:8 to client size:4
08-21 16:00:20.101270  1175  1175 I AudioManager: dispatching onPlaybackConfigChanged()
08-21 16:00:20.101343  1175  1175 I AudioManager: dispatching onPlaybackConfigChanged()
08-21 16:00:20.101385  1175  1175 I AudioManager: dispatching onPlaybackConfigChanged()
08-21 16:00:20.106916  1074  1110 I BufferQueueDebug: [com.android.settings/com.android.settings.Settings$SoundSettingsActivity#792](this:0xb400007310a807f8,id:-1,api:0,p:-1,c:-1) BufferQueue core=(1074:/system/bin/surfaceflinger)
08-21 16:00:20.111421  4238  4706 I AudioManager: dispatching onPlaybackConfigChanged()
08-21 16:00:20.111879  4587  4587 I AudioManager: dispatching onPlaybackConfigChanged()
08-21 16:00:20.129099  1175  4245 I AS.AudioService: getMode, get current owner's mode
08-21 16:00:20.129160  1175  4245 I AS.AudioService: getMode, currentModeHandler is null
08-21 16:00:20.129641  1175  4245 I AS.AudioService: getMode, get current owner's mode
08-21 16:00:20.129725  1175  4245 I AS.AudioService: getMode, currentModeHandler is null
08-21 16:00:20.137918  7458 16031 W Ringtone: Use of stream types is deprecated for operations other than volume control
08-21 16:00:20.138124  7458 16031 W Ringtone: See the documentation of setStreamType() for what to use instead with android.media.AudioAttributes to qualify your playback use case
08-21 16:00:20.140644  1175  3170 I AS.PlaybackActivityMon: dispatchPlayback size:8 to client size:4
08-21 16:00:20.141526  4238  4706 I AudioManager: dispatching onPlaybackConfigChanged()
08-21 16:00:20.141553  1175  3170 I AS.PlaybackActivityMon: dispatchPlayback size:8 to client size:4
08-21 16:00:20.141733  1175  4247 I AS.AudioService: getMode, get current owner's mode
08-21 16:00:20.141765  1175  4247 I AS.AudioService: getMode, currentModeHandler is null
08-21 16:00:20.142216  1175  1175 I AudioManager: dispatching onPlaybackConfigChanged()
08-21 16:00:20.142328  1175  1175 I AudioManager: dispatching onPlaybackConfigChanged()
08-21 16:00:20.142403  1175  1175 I AudioManager: dispatching onPlaybackConfigChanged()
08-21 16:00:20.142480  1175  1175 I AudioManager: dispatching onPlaybackConfigChanged()
08-21 16:00:20.142581  1175  1175 I AudioManager: dispatching onPlaybackConfigChanged()
08-21 16:00:20.142647  1175  1175 I AudioManager: dispatching onPlaybackConfigChanged()
08-21 16:00:20.143046  4238  4706 I AudioManager: dispatching onPlaybackConfigChanged()
08-21 16:00:20.144148  1175  1906 I AudioManager: dispatching onPlaybackConfigChanged()
08-21 16:00:20.144291  4587  4587 I AudioManager: dispatching onPlaybackConfigChanged()
08-21 16:00:20.144335  1175  1906 I AudioManager: dispatching onPlaybackConfigChanged()
08-21 16:00:20.144587  4587  4587 I AudioManager: dispatching onPlaybackConfigChanged()
08-21 16:00:20.144611  1175  1906 I AudioManager: dispatching onPlaybackConfigChanged()
08-21 16:00:20.146332  1175  3132 I AS.PlaybackActivityMon: dispatchPlayback size:7 to client size:4
08-21 16:00:20.146964  1175  1175 I AudioManager: dispatching onPlaybackConfigChanged()
08-21 16:00:20.147294  1175  1175 I AudioManager: dispatching onPlaybackConfigChanged()
08-21 16:00:20.147421  4587  4587 I AudioManager: dispatching onPlaybackConfigChanged()
08-21 16:00:20.147851  1175  1175 I AudioManager: dispatching onPlaybackConfigChanged()
08-21 16:00:20.147984  4238  4706 I AudioManager: dispatching onPlaybackConfigChanged()
08-21 16:00:20.149569  7458 16031 I RingtoneManager: getActualDefaultRingtoneUri ringtoneUri: content://media/internal/audio/media/101?title=POVA%20Cradles&canonical=1,type 1
08-21 16:00:20.148319  1175  1906 I AudioManager: dispatching onPlaybackConfigChanged()
08-21 16:00:20.162679  7458 16034 W Ringtone: Use of stream types is deprecated for operations other than volume control
08-21 16:00:20.162755  7458 16034 W Ringtone: See the documentation of setStreamType() for what to use instead with android.media.AudioAttributes to qualify your playback use case
08-21 16:00:20.156671  1175  4300 I AS.PlaybackActivityMon: dispatchPlayback size:8 to client size:4
08-21 16:00:20.165487  4238  4706 I AudioManager: dispatching onPlaybackConfigChanged()
08-21 16:00:20.165592  4587  4587 I AudioManager: dispatching onPlaybackConfigChanged()
08-21 16:00:20.168586  1175  1906 I AudioManager: dispatching onPlaybackConfigChanged()
08-21 16:00:20.171000  1175  4300 I AS.PlaybackActivityMon: dispatchPlayback size:7 to client size:4
08-21 16:00:20.171307  1175  1906 I AudioManager: dispatching onPlaybackConfigChanged()
08-21 16:00:20.171771  1175  2418 I AudioManager: dispatching onPlaybackConfigChanged()
08-21 16:00:20.172003  1175  2418 I AudioManager: dispatching onPlaybackConfigChanged()
08-21 16:00:20.172160  1175  2418 I AudioManager: dispatching onPlaybackConfigChanged()
08-21 16:00:20.172261  1175  2418 I AudioManager: dispatching onPlaybackConfigChanged()
08-21 16:00:20.172297  4238  4706 I AudioManager: dispatching onPlaybackConfigChanged()
08-21 16:00:20.172342  1175  2418 I AudioManager: dispatching onPlaybackConfigChanged()
