08-22 06:41:17.415624  1074  1074 I BufferQueueDebug: [ActivityRecord{7351e58 u0 com.android.settings/.Settings$SoundSettingsActivity t15}#602](this:0xb400007310a6f698,id:-1,api:0,p:-1,c:1074) onDestructor()
08-22 06:41:17.445597  1041  3548 I AudioFlinger: setParameters: filtered keyvalue screen_state=off
08-22 06:41:17.445938  1041  3548 I AudioFlinger: +mAudioHwDevs(primary)->setParameters(): screen_state=off
08-22 06:41:17.447828  1041  3548 I AudioFlinger: -mAudioHwDevs(primary)->setParameters(): screen_state=off
08-22 06:41:17.448291  1041  3548 I AudioFlinger: +mAudioHwDevs(r_submix)->setParameters(): screen_state=off
08-22 06:41:17.449380  1041  3548 I AudioFlinger: -mAudioHwDevs(r_submix)->setParameters(): screen_state=off
08-22 06:41:17.449808  1041  3548 I AudioFlinger: +mAudioHwDevs(bluetooth)->setParameters(): screen_state=off
08-22 06:41:17.450583  1041  3548 I AudioFlinger: -mAudioHwDevs(bluetooth)->setParameters(): screen_state=off
08-22 06:41:17.477782  1041  3548 I AudioFlinger: setParameters: filtered keyvalue screen_state=on
08-22 06:41:17.478305  1041  3548 I AudioFlinger: +mAudioHwDevs(primary)->setParameters(): screen_state=on
08-22 06:41:17.480942  1041  3548 I AudioFlinger: -mAudioHwDevs(primary)->setParameters(): screen_state=on
08-22 06:41:17.480993  1041  3548 I AudioFlinger: +mAudioHwDevs(r_submix)->setParameters(): screen_state=on
08-22 06:41:17.481494  1041  3548 I AudioFlinger: -mAudioHwDevs(r_submix)->setParameters(): screen_state=on
08-22 06:41:17.481558  1041  3548 I AudioFlinger: +mAudioHwDevs(bluetooth)->setParameters(): screen_state=on
08-22 06:41:17.481877  1041  3548 I AudioFlinger: -mAudioHwDevs(bluetooth)->setParameters(): screen_state=on
08-22 06:41:17.517348  7129  7129 I BindAudioSmartConnectUseCase: ACTION_SCREEN_ON keyguard:true
08-22 06:41:17.614081  4238  4522 I ApiInvoke1.7.1: SubscribeBusServerImpl: parseSubscribeHostInfoList infoStr {"host":"DataCenter#StandardDataService","typeCounts":[{"type":"activity_event","subscribeCount":1},{"type":"headset_state_event","subscribeCount":1},{"type":"screen_state","subscribeCount":1},{"type":"tips_screen_app_list","subscribeCount":1},{"type":"wifi_event","subscribeCount":1},{"type":"desktop_apps","subscribeCount":4},{"type":"media_event","subscribeCount":2},{"type":"user_present","subscribeCount":1},{"type":"battery_event","subscribeCount":2},{"type":"volume_event","subscribeCount":1},{"type":"bluetooth","subscribeCount":1},{"type":"sms_event","subscribeCount":1},{"type":"app_foreground","subscribeCount":1},{"type":"location","subscribeCount":1},{"type":"notification_info_event","subscribeCount":1}]}
08-22 06:41:17.614499  4238  4522 I ApiInvoke1.7.1: SubscribeBusServerImpl: parseSubscribeHostInfoList infoStr {"host":"MiniAppOxygenBusExportChannel#miniAppUsageDataReceiverSubscribe","typeCounts":[{"type":"OnShortCutsRecordChanged","subscribeCount":1},{"type":"OnForegroundBackgroundStatusChanged","subscribeCount":1}]}
08-22 06:41:17.615923  4238  4522 I ApiInvoke1.7.1: SubscribeBusServerImpl: editSubscribeHostInfo editHostInfoByOpt pid4238 channel DataCenter#StandardDataService matcher volume_event subscribeCount 1
08-22 06:41:17.616824  4238  4522 I ApiInvoke1.7.1: SubscribeBusServerImpl: editSubscribeHostInfo editHostInfoByOpt pid4238 channel MiniAppOxygenBusExportChannel#miniAppUsageDataReceiverSubscribe matcher OnShortCutsRecordChanged subscribeCount 1
08-22 06:41:17.621086   992  1032 I libPowerHal: [recordCPUFreqInfo] set cluster[0] min(MTKPOWER_HINT_START_ACTIVITY_INNER): 2000000 max(-1): -1 cluster[1] min(MTKPOWER_HINT_START_ACTIVITY_INNER): 2400000 max(-1): -1
08-22 06:41:17.623983  4238  4522 I ApiInvoke1.7.1: SubscribeBusServerImpl: createNotifyRunnable, notifyPublisherChange host=DataCenter#StandardDataService typeCount SubscribeTypeCount{type='volume_event', subscribeCount=0} subscribeMap 6
08-22 06:41:17.624649  4238  4522 I ApiInvoke1.7.1: SubscribeManager: onSubscribeCountChange publisher Publisher{channel='DataCenter', apiName='StandardDataService', label='volume_event'} subscribeCount 9
08-22 06:41:17.624749  4238  4522 I StandardDataService: onSubscribeCountChange volume_event, count 9, com.transsion.kolun.aidatacenter.services.StandardDataService@dadab05
08-22 06:41:17.624807  4238  4522 I DataServiceImplV2: StandardDataService onSubscribeCountChange regType volume_event, 9
08-22 06:41:17.626201  4238  4522 I ApiInvoke1.7.1: SubscribeBusServerImpl: createNotifyRunnable, notifyPublisherChange host=MiniAppOxygenBusExportChannel#miniAppUsageDataReceiverSubscribe typeCount SubscribeTypeCount{type='OnShortCutsRecordChanged', subscribeCount=0} subscribeMap 6
08-22 06:41:17.720114  7318  7318 W libc    : Access denied finding property "ro.odm.tr_audio_hifi.feature.support"
08-22 06:41:17.758135  5238  5582 I AudioManager: getCommunicationDevice
08-22 06:41:17.758435  1175  4237 I AS.AudioDeviceBroker: topCommunicationRouteClient: process no permission or mCommunicationRouteClients is empty
08-22 06:41:17.758491  1175  4237 I AS.AudioDeviceBroker: requestedCommunicationDevice: null mAudioModeOwner: AudioModeInfo: mMode=MODE_NORMAL, mPid=0, mUid=0
08-22 06:41:17.865673  1041  3548 I AudioFlinger: setParameters: filtered keyvalue screen_state=on
08-22 06:41:17.865836  1041  3548 I AudioFlinger: +mAudioHwDevs(primary)->setParameters(): screen_state=on
08-22 06:41:17.867130  1041  3548 I AudioFlinger: -mAudioHwDevs(primary)->setParameters(): screen_state=on
08-22 06:41:17.867177  1041  3548 I AudioFlinger: +mAudioHwDevs(r_submix)->setParameters(): screen_state=on
08-22 06:41:17.867519  1041  3548 I AudioFlinger: -mAudioHwDevs(r_submix)->setParameters(): screen_state=on
08-22 06:41:17.867579  1041  3548 I AudioFlinger: +mAudioHwDevs(bluetooth)->setParameters(): screen_state=on
08-22 06:41:17.867862  1041  3548 I AudioFlinger: -mAudioHwDevs(bluetooth)->setParameters(): screen_state=on
08-22 06:41:18.248870 17518 17518 W libc    : Access denied finding property "ro.odm.tr_audio_hifi.feature.support"
08-22 06:41:18.806278   992  1032 I libPowerHal: [recordCPUFreqInfo] set cluster[0] min(MTKPOWER_HINT_PROCESS_CREATE): 2000000 max(MTKPOWER_HINT_UX_SCROLLING): -1 cluster[1] min(MTKPOWER_HINT_PROCESS_CREATE): 2400000 max(MTKPOWER_HINT_UX_SCROLLING): -1
08-22 06:41:18.856295  1074  1650 I BufferQueueDebug: [8faaddc ActivityRecordInputSink com.debug.loggerui/.MainActivity#932](this:0xb400007310a58a18,id:-1,api:0,p:-1,c:-1) BufferQueue core=(1074:/system/bin/surfaceflinger)
08-22 06:41:19.883815  1074  1650 I BufferQueueDebug: [226438d ActivityRecordInputSink com.transsion.hilauncher/com.android.launcher3.uioverrides.QuickstepLauncher#942](this:0xb400007310a91958,id:-1,api:0,p:-1,c:-1) BufferQueue core=(1074:/system/bin/surfaceflinger)
08-22 06:41:19.950481  4238  4976 I Kolun_AI.AIM_AppRecService: -----random Recommend:com.transsion.soundrecorder
08-22 06:41:19.951907  4238  4976 I Kolun_AI.AppPredictManager: getSortedAppList: true sortedAppList: [com.android.settings, com.sh.smart.caller, com.gallery20, com.transsion.camera, com.transsion.phonemaster, com.transsion.deskclock, com.transsion.calculator, com.transsion.filemanagerx, com.transsion.soundrecorder, com.transsion.healthlife, com.funbase.xradio, com.transsion.smartmessage, com.transsion.modemfeatureviewer, com.transsion.calendar, com.android.quicksearchbox, com.transsion.theme, com.transsion.gamespace.app, com.transsion.mobilecloner, com.transsion.compass, com.rlk.weathers, org.chromium.webview_shell, com.transsion.aivoiceassistant]
08-22 06:41:19.952143  4238  4976 I Kolun_AI.DCUtils: broadcast info: com.android.settings#com.sh.smart.caller#com.gallery20#com.transsion.camera#com.transsion.phonemaster#com.transsion.deskclock#com.transsion.calculator#com.transsion.filemanagerx#com.transsion.soundrecorder#com.transsion.healthlife#com.funbase.xradio#com.transsion.smartmessage#com.transsion.modemfeatureviewer#com.transsion.calendar#com.android.quicksearchbox#com.transsion.theme#com.transsion.gamespace.app#com.transsion.mobilecloner#com.transsion.compass#com.rlk.weathers#org.chromium.webview_shell#com.transsion.aivoiceassistant
08-22 06:41:19.970632  4238  4976 I Kolun_AI.AIM_AppRecService: -----random Recommend:com.transsion.soundrecorder
08-22 06:41:19.971467  4238  4976 I Kolun_AI.WidgetAppManager-kolunloader: notifyWidget:2025-08-21 23:41:19.955 {"app_array":[{"confidence":0,"package_name":"com.android.settings","tag":"model"},{"confidence":0,"package_name":"com.sh.smart.caller","tag":"model"},{"confidence":0,"package_name":"com.gallery20","tag":"model"},{"confidence":0,"package_name":"com.transsion.camera","tag":"model"},{"confidence":0,"package_name":"com.transsion.phonemaster","tag":"model"},{"confidence":0,"package_name":"com.transsion.calculator","tag":"model"},{"confidence":0,"package_name":"com.transsion.filemanagerx","tag":"model"},{"confidence":0,"package_name":"com.transsion.soundrecorder","tag":"model"}],"category":1,"time":1755816079955}
08-22 06:41:19.972641  4238  4976 I Kolun_AI.AIEngineUtils: saveAdvanceData, success true resultCode 0 type alg_app_widget data {"app_array":[{"confidence":0,"package_name":"com.android.settings","tag":"model"},{"confidence":0,"package_name":"com.sh.smart.caller","tag":"model"},{"confidence":0,"package_name":"com.gallery20","tag":"model"},{"confidence":0,"package_name":"com.transsion.camera","tag":"model"},{"confidence":0,"package_name":"com.transsion.phonemaster","tag":"model"},{"confidence":0,"package_name":"com.transsion.calculator","tag":"model"},{"confidence":0,"package_name":"com.transsion.filemanagerx","tag":"model"},{"confidence":0,"package_name":"com.transsion.soundrecorder","tag":"model"}],"category":1,"time":1755816079955}
08-22 06:41:20.660925  1041  3548 I AudioFlinger: setParameters: filtered keyvalue app_in_recents=true
08-22 06:41:20.661729  1041  3548 I AudioFlinger: +mAudioHwDevs(primary)->setParameters(): app_in_recents=true
08-22 06:41:20.662603   905  9293 W AudioALSAHardware: setParameters(), still have param.size() = 1, remain param = "app_in_recents=true"
08-22 06:41:20.662923  1041  3548 I AudioFlinger: -mAudioHwDevs(primary)->setParameters(): app_in_recents=true
08-22 06:41:20.662953  1041  3548 I AudioFlinger: +mAudioHwDevs(r_submix)->setParameters(): app_in_recents=true
08-22 06:41:20.663670  1041  3548 I AudioFlinger: -mAudioHwDevs(r_submix)->setParameters(): app_in_recents=true
08-22 06:41:20.663752  1041  3548 I AudioFlinger: +mAudioHwDevs(bluetooth)->setParameters(): app_in_recents=true
08-22 06:41:20.665052  1041  3548 I AudioFlinger: -mAudioHwDevs(bluetooth)->setParameters(): app_in_recents=true
08-22 06:41:20.688976  1074  1074 I SurfaceFlinger: onHandleDestroyed: name=8faaddc ActivityRecordInputSink com.debug.loggerui/.MainActivity#932, layerId=932, parentId=0
08-22 06:41:20.698028  1074  1074 I BufferQueueDebug: [8faaddc ActivityRecordInputSink com.debug.loggerui/.MainActivity#932](this:0xb400007310a58a18,id:-1,api:0,p:-1,c:1074) onDestructor()
08-22 06:41:21.808147   992  1032 I libPowerHal: [recordCPUFreqInfo] set cluster[0] min(MTKPOWER_HINT_PROCESS_CREATE): 2000000 max(-1): -1 cluster[1] min(MTKPOWER_HINT_PROCESS_CREATE): 2400000 max(-1): -1
08-22 06:41:22.029647   992  1032 I libPowerHal: [recordCPUFreqInfo] set cluster[0] min(MTKPOWER_HINT_PROCESS_CREATE): 2000000 max(-1): -1 cluster[1] min(MTKPOWER_HINT_PROCESS_CREATE): 2400000 max(MTKPOWER_HINT_UX_MOVE_SCROLLING): -1
08-22 06:41:22.034401   992  1032 I libPowerHal: [recordCPUFreqInfo] set cluster[0] min(MTKPOWER_HINT_PROCESS_CREATE): 2000000 max(MTKPOWER_HINT_UX_SCROLLING): -1 cluster[1] min(MTKPOWER_HINT_PROCESS_CREATE): 2400000 max(MTKPOWER_HINT_UX_MOVE_SCROLLING): -1
08-22 06:41:22.071749   992  1032 I libPowerHal: [recordCPUFreqInfo] set cluster[0] min(MTKPOWER_HINT_PROCESS_CREATE): 2000000 max(MTKPOWER_HINT_UX_SCROLLING): -1 cluster[1] min(MTKPOWER_HINT_PROCESS_CREATE): 2400000 max(MTKPOWER_HINT_UX_SCROLLING): -1
08-22 06:41:22.580135   992  1032 I libPowerHal: [recordCPUFreqInfo] set cluster[0] min(MTKPOWER_HINT_PROCESS_CREATE): 2000000 max(-1): -1 cluster[1] min(MTKPOWER_HINT_PROCESS_CREATE): 2400000 max(-1): -1
08-22 06:41:24.208992  1175  1899 I TranSecureCamExt: handleVolumeKey
08-22 06:41:24.210296  1175  1899 I AS.AudioService: getMode, get current owner's mode
08-22 06:41:24.210390  1175  1899 I AS.AudioService: getMode, currentModeHandler is null
08-22 06:41:24.363410  1175  1175 I AS.AudioService: adjustSuggestedStreamVolume() stream=-2147483648, flags=4113, caller=android, volControlStream=-1, userSelect=false
08-22 06:41:24.364685  1175  1175 I AS.AudioService: isInCommunication IsInCall = false mode = 0
08-22 06:41:24.366700  1175  1175 I AS.AudioService: getActiveStreamType: Forcing DEFAULT_VOL_STREAM_NO_PLAYBACK(3) b/c default
08-22 06:41:24.367230  1175  1175 I AS.AudioService: Volume controller suppressed adjustment
08-22 06:41:24.368775  1175  1175 I AS.AudioService: adjustStreamVolume() stream=3, dir=0, flags=4097, caller=android
08-22 06:41:24.368925  1175  1175 I AS.AudioService: adjustStreamVolume getDeviceForStream device = 2
08-22 06:41:24.369303  1175  1175 I AS.AudioService:  newIndex For ui = 130
08-22 06:41:24.369942  1175  1175 I TranAudioService: checkVibrationPermission=true checkUpdateAppOpsStatsPermission:true
08-22 06:41:24.371403  1175  4298 I AS.AudioService: forceVolumeControlStream(3)
08-22 06:41:24.374680  2669  2669 I vol.TrVolumeDialogImpl: showH r=volume_changed
08-22 06:41:24.375290  1175  4298 I AS.AudioService: Volume controller visible: true
08-22 06:41:24.413584  1074  1650 I BufferQueueDebug: [4fe6843 TrVolumeDialogImpl#952](this:0xb400007310aa5848,id:-1,api:0,p:-1,c:-1) BufferQueue core=(1074:/system/bin/surfaceflinger)
08-22 06:41:24.415632  2669  2669 I vol.Events: writeEvent show_dialog volume_changed keyguard=false
08-22 06:41:24.418291  1074  1650 I BufferQueueDebug: [TrVolumeDialogImpl#953](this:0xb400007310a612c8,id:-1,api:0,p:-1,c:-1) BufferQueue core=(1074:/system/bin/surfaceflinger)
08-22 06:41:24.421426  1175  1899 I TranSecureCamExt: handleVolumeKey
08-22 06:41:24.423552  1175  1175 I AS.AudioService: adjustSuggestedStreamVolume() stream=-2147483648, flags=4116, caller=android, volControlStream=3, userSelect=false
08-22 06:41:24.424485  1175  1175 I AS.AudioService: isInCommunication IsInCall = false mode = 0
08-22 06:41:24.426881  1175  1175 I AS.AudioService: getActiveStreamType: Forcing DEFAULT_VOL_STREAM_NO_PLAYBACK(3) b/c default
08-22 06:41:24.427681  1175  1175 I AS.AudioService: Volume controller suppressed adjustment
08-22 06:41:24.427990  1175  1175 I AS.AudioService: adjustStreamVolume() stream=3, dir=0, flags=4096, caller=android
08-22 06:41:24.428144  1175  1175 I AS.AudioService: adjustStreamVolume getDeviceForStream device = 2
08-22 06:41:24.428491  1175  1175 I AS.AudioService:  newIndex For ui = 130
08-22 06:41:24.428982  1175  1175 I TranAudioService: checkVibrationPermission=true checkUpdateAppOpsStatsPermission:true
08-22 06:41:24.842769   992  1032 I libPowerHal: [recordCPUFreqInfo] set cluster[0] min(-1): -1 max(-1): -1 cluster[1] min(-1): -1 max(-1): -1
08-22 06:41:25.109286  1175  1899 I TranSecureCamExt: handleVolumeKey
08-22 06:41:25.112698  1175  1899 I AS.AudioService: getMode, get current owner's mode
08-22 06:41:25.112953  1175  1899 I AS.AudioService: getMode, currentModeHandler is null
08-22 06:41:25.259954  1175  1175 I AS.AudioService: adjustSuggestedStreamVolume() stream=-2147483648, flags=4113, caller=android, volControlStream=3, userSelect=false
08-22 06:41:25.262023  1175  1175 I AS.AudioService: isInCommunication IsInCall = false mode = 0
08-22 06:41:25.268039  1175  1175 I AS.AudioService: getActiveStreamType: Forcing DEFAULT_VOL_STREAM_NO_PLAYBACK(3) b/c default
08-22 06:41:25.270542  1175  1175 I AS.AudioService: adjustStreamVolume() stream=3, dir=-1, flags=4113, caller=android
08-22 06:41:25.270874  1175  1175 I AS.AudioService: adjustStreamVolume getDeviceForStream device = 2
08-22 06:41:25.272814  1175  1175 I AS.AudioService: updateVolumeGroupIndex for stream 11, muted=false, device=2, index=120, group AUDIO_STREAM_ASSISTANT Muted=false, Index=12, forceMuteState=false
08-22 06:41:25.277204  1175  1175 I AS.AudioService: updateVolumeGroupIndex for stream 10, muted=false, device=2, index=122, group AUDIO_STREAM_ACCESSIBILITY Muted=false, Index=12, forceMuteState=false
08-22 06:41:25.282282  4238  4238 I VolumeDataCollector: onReceive android.media.VOLUME_CHANGED_ACTION
08-22 06:41:25.282500  4238  4238 I VolumeDataCollector: streamType 11
08-22 06:41:25.285153  1175  1175 I AS.AudioService: updateVolumeGroupIndex for stream 9, muted=false, device=2, index=120, group AUDIO_STREAM_TTS Muted=false, Index=12, forceMuteState=false
08-22 06:41:25.293089  4238  4238 I VolumeDataCollector: onReceive android.media.VOLUME_CHANGED_ACTION
08-22 06:41:25.293354  4238  4238 I VolumeDataCollector: streamType 10
08-22 06:41:25.295126  1175  1175 I AS.AudioService: updateVolumeGroupIndex for stream 3, muted=false, device=2, index=120, group AUDIO_STREAM_MUSIC Muted=false, Index=12, forceMuteState=false
08-22 06:41:25.303728  4238  4238 I VolumeDataCollector: onReceive android.media.VOLUME_CHANGED_ACTION
08-22 06:41:25.303980  4238  4238 I VolumeDataCollector: streamType 9
08-22 06:41:25.305995  1175  1175 I AS.AudioService:  newIndex For ui = 120
08-22 06:41:25.306615  1175  2453 I AS.AudioService: setStreamVolumeIndexAS(3, 12, 2)
08-22 06:41:25.306958  1175  2453 I AudioSystem: setStreamVolumeIndex: STREAM_MUSIC dev=2 idx=12
08-22 06:41:25.307945  1175  1899 I TranSecureCamExt: handleVolumeKey
08-22 06:41:25.312416  1175  2453 I AS.AudioService: setStreamVolumeIndexAS(11, 12, 2)
08-22 06:41:25.313002  1175  2453 I AudioSystem: setStreamVolumeIndex: STREAM_ASSISTANT dev=2 idx=12
08-22 06:41:25.313106  4238  4238 I VolumeDataCollector: onReceive android.media.VOLUME_CHANGED_ACTION
08-22 06:41:25.313205  4238  4238 I VolumeDataCollector: streamType 3
08-22 06:41:25.313764  4238 17543 I CacheManager:  save new data to cache volume_event
08-22 06:41:25.313861  4238 17543 I bsc     : notifyDataChange in volume_event, 1
08-22 06:41:25.314162  4238 17499 I DataServiceImplV2: StandardDataService notifyDataChange  curServiceName StandardDataService type:volume_event
08-22 06:41:25.314933  1175  2453 I AS.AudioService: setStreamVolumeIndexAS(10, 12, 2)
08-22 06:41:25.315039  1175  2453 I AudioSystem: setStreamVolumeIndex: STREAM_ACCESSIBILITY dev=2 idx=12
08-22 06:41:25.316524  1175  2453 I AS.AudioService: setStreamVolumeIndexAS(9, 12, 2)
08-22 06:41:25.316781  1175  2453 I AudioSystem: setStreamVolumeIndex: STREAM_TTS dev=2 idx=12
08-22 06:41:25.318065  1175  1175 I TranAudioService: checkVibrationPermission=true checkUpdateAppOpsStatsPermission:true
08-22 06:41:25.318920  1175  1175 I AS.AudioService: adjustSuggestedStreamVolume() stream=-2147483648, flags=4116, caller=android, volControlStream=3, userSelect=false
08-22 06:41:25.319600  1175  1175 I AS.AudioService: isInCommunication IsInCall = false mode = 0
08-22 06:41:25.320313  4238 17499 I Kolun_AI.SystemEventSubscribe:  onPublishData {"type":"volume_event","time":1755816085313,"data":"{\"prevStreamValue\":13,\"streamType\":3,\"streamTypeAlias\":3,\"streamValue\":12}","provider":"dc","dc_version":2030380000,"data_version":1,"user_id":0}
08-22 06:41:25.320358  4238 17499 I Kolun_AI.SystemEventSubscribe:  publisher.getMatcher() volume_event
08-22 06:41:25.320823  1175  2476 I AudioManager: getDevices, flags = 2
08-22 06:41:25.320927  4238 17499 I ApiInvoke1.7.1: SubscribeManager: publishData success host DataCenter#StandardDataService matcher volume_event
08-22 06:41:25.321028  4238 17499 I ApiInvoke1.7.1: ApiRequest: do publishData to local, matcher = volume_event
08-22 06:41:25.321188  4238 17499 I ApiInvoke1.7.1: ChannelChain: addChain, path=Publish{process='com.transsion.kolun.aiservice', channelName='DataCenter', matcher='volume_event', apiName='StandardDataService'} size 1
08-22 06:41:25.321386  4238 17499 W ApiInvoke1.7.1: SubscribeBusServerImpl: onSafePublishData start ==>> publisher Publisher{channel='DataCenter', apiName='StandardDataService', label='volume_event'}
08-22 06:41:25.322017  1175  1175 I AS.AudioService: getActiveStreamType: Forcing DEFAULT_VOL_STREAM_NO_PLAYBACK(3) b/c default
08-22 06:41:25.322791  1175  1175 I AS.AudioService: adjustStreamVolume() stream=3, dir=0, flags=4112, caller=android
08-22 06:41:25.322932  1175  1175 I AS.AudioService: adjustStreamVolume getDeviceForStream device = 2
08-22 06:41:25.323188  4238 17499 W ApiInvoke1.7.1: ApiRequest: do publishData to remote volume_event
08-22 06:41:25.323196  1175  1175 I AS.AudioService:  newIndex For ui = 120
08-22 06:41:25.323527  1175  1175 I TranAudioService: checkVibrationPermission=true checkUpdateAppOpsStatsPermission:true
08-22 06:41:25.328037  2669  2669 W FrameTracker: Missed App frame:JANK_APP_DEADLINE_MISSED, 281362, 25046128, CUJ=J<VOLUME_CONTROL::show>
08-22 06:41:25.328577  2669  2669 I vol.TrVolumeDialogImpl: showH r=volume_changed
08-22 06:41:25.329127  1175  2782 I AS.AudioService: Volume controller visible: true
08-22 06:41:25.331732  2669  2669 I vol.Events: writeEvent show_dialog volume_changed keyguard=false
08-22 06:41:25.353037  1041  1041 I AudioFlinger: setParameters: filtered keyvalue screen_state=on
08-22 06:41:25.353162  1041  1041 I AudioFlinger: +mAudioHwDevs(primary)->setParameters(): screen_state=on
08-22 06:41:25.355867  1041  1041 I AudioFlinger: -mAudioHwDevs(primary)->setParameters(): screen_state=on
08-22 06:41:25.355970  1041  1041 I AudioFlinger: +mAudioHwDevs(r_submix)->setParameters(): screen_state=on
08-22 06:41:25.357068  1041  1041 I AudioFlinger: -mAudioHwDevs(r_submix)->setParameters(): screen_state=on
08-22 06:41:25.357170  1041  1041 I AudioFlinger: +mAudioHwDevs(bluetooth)->setParameters(): screen_state=on
08-22 06:41:25.358418  1041  1041 I AudioFlinger: -mAudioHwDevs(bluetooth)->setParameters(): screen_state=on
08-22 06:41:25.444441  1074  1074 I BufferQueueProducer: [TrVolumeDialogImpl#953](this:0xb400007310a612c8,id:-1,api:0,p:-1,c:1074) queueBuffer: fps=20.86 dur=1006.61 max=701.75 min=9.69
08-22 06:41:25.900096  1175  1899 I TranSecureCamExt: handleVolumeKey
08-22 06:41:25.903735  1175  1899 I AS.AudioService: getMode, get current owner's mode
08-22 06:41:25.903990  1175  1899 I AS.AudioService: getMode, currentModeHandler is null
08-22 06:41:26.049422  1175  1175 I AS.AudioService: adjustSuggestedStreamVolume() stream=-2147483648, flags=4113, caller=android, volControlStream=3, userSelect=false
08-22 06:41:26.051174  1175  1175 I AS.AudioService: isInCommunication IsInCall = false mode = 0
08-22 06:41:26.057339  1175  1175 I AS.AudioService: getActiveStreamType: Forcing DEFAULT_VOL_STREAM_NO_PLAYBACK(3) b/c default
08-22 06:41:26.059667  1175  1175 I AS.AudioService: adjustStreamVolume() stream=3, dir=-1, flags=4113, caller=android
08-22 06:41:26.059993  1175  1175 I AS.AudioService: adjustStreamVolume getDeviceForStream device = 2
08-22 06:41:26.061652  1175  1175 I AS.AudioService: updateVolumeGroupIndex for stream 11, muted=false, device=2, index=110, group AUDIO_STREAM_ASSISTANT Muted=false, Index=11, forceMuteState=false
08-22 06:41:26.065753  1175  1175 I AS.AudioService: updateVolumeGroupIndex for stream 10, muted=false, device=2, index=113, group AUDIO_STREAM_ACCESSIBILITY Muted=false, Index=11, forceMuteState=false
08-22 06:41:26.069377  1175  1899 I TranSecureCamExt: handleVolumeKey
08-22 06:41:26.072458  4238  4238 I VolumeDataCollector: onReceive android.media.VOLUME_CHANGED_ACTION
08-22 06:41:26.073234  4238  4238 I VolumeDataCollector: streamType 11
08-22 06:41:26.074907  1175  1175 I AS.AudioService: updateVolumeGroupIndex for stream 9, muted=false, device=2, index=110, group AUDIO_STREAM_TTS Muted=false, Index=11, forceMuteState=false
08-22 06:41:26.077850  4238  4238 I VolumeDataCollector: onReceive android.media.VOLUME_CHANGED_ACTION
08-22 06:41:26.078031  4238  4238 I VolumeDataCollector: streamType 10
08-22 06:41:26.079868  1175  1175 I AS.AudioService: updateVolumeGroupIndex for stream 3, muted=false, device=2, index=110, group AUDIO_STREAM_MUSIC Muted=false, Index=11, forceMuteState=false
08-22 06:41:26.083381  4238  4238 I VolumeDataCollector: onReceive android.media.VOLUME_CHANGED_ACTION
08-22 06:41:26.083578  4238  4238 I VolumeDataCollector: streamType 9
08-22 06:41:26.084154  1175  1175 I AS.AudioService:  newIndex For ui = 110
08-22 06:41:26.084461  1175  2453 I AS.AudioService: setStreamVolumeIndexAS(3, 11, 2)
08-22 06:41:26.084593  1175  2453 I AudioSystem: setStreamVolumeIndex: STREAM_MUSIC dev=2 idx=11
08-22 06:41:26.088463  4238  4238 I VolumeDataCollector: onReceive android.media.VOLUME_CHANGED_ACTION
08-22 06:41:26.088585  4238  4238 I VolumeDataCollector: streamType 3
08-22 06:41:26.088636  1175  2453 I AS.AudioService: setStreamVolumeIndexAS(11, 11, 2)
08-22 06:41:26.088751  1175  2453 I AudioSystem: setStreamVolumeIndex: STREAM_ASSISTANT dev=2 idx=11
08-22 06:41:26.089268  4238 17543 I CacheManager:  save new data to cache volume_event
08-22 06:41:26.089621  4238 17543 I bsc     : notifyDataChange in volume_event, 1
08-22 06:41:26.090337  4238 17499 I DataServiceImplV2: StandardDataService notifyDataChange  curServiceName StandardDataService type:volume_event
08-22 06:41:26.092125  1175  2453 I AS.AudioService: setStreamVolumeIndexAS(10, 11, 2)
08-22 06:41:26.092467  4238 17499 I Kolun_AI.SystemEventSubscribe:  onPublishData {"type":"volume_event","time":1755816086088,"data":"{\"prevStreamValue\":12,\"streamType\":3,\"streamTypeAlias\":3,\"streamValue\":11}","provider":"dc","dc_version":2030380000,"data_version":1,"user_id":0}
08-22 06:41:26.092495  4238 17499 I Kolun_AI.SystemEventSubscribe:  publisher.getMatcher() volume_event
08-22 06:41:26.092483  1175  2453 I AudioSystem: setStreamVolumeIndex: STREAM_ACCESSIBILITY dev=2 idx=11
08-22 06:41:26.092642  4238 17499 I ApiInvoke1.7.1: SubscribeManager: publishData success host DataCenter#StandardDataService matcher volume_event
08-22 06:41:26.092677  4238 17499 I ApiInvoke1.7.1: ApiRequest: do publishData to local, matcher = volume_event
08-22 06:41:26.094868  1175  2453 I AS.AudioService: setStreamVolumeIndexAS(9, 11, 2)
08-22 06:41:26.094999  1175  2453 I AudioSystem: setStreamVolumeIndex: STREAM_TTS dev=2 idx=11
08-22 06:41:26.095801  4238 17499 I ApiInvoke1.7.1: ChannelChain: addChain, path=Publish{process='com.transsion.kolun.aiservice', channelName='DataCenter', matcher='volume_event', apiName='StandardDataService'} size 1
08-22 06:41:26.095925  4238 17499 W ApiInvoke1.7.1: SubscribeBusServerImpl: onSafePublishData start ==>> publisher Publisher{channel='DataCenter', apiName='StandardDataService', label='volume_event'}
08-22 06:41:26.096856  4238 17499 W ApiInvoke1.7.1: ApiRequest: do publishData to remote volume_event
08-22 06:41:26.097745  1175  1175 I TranAudioService: checkVibrationPermission=true checkUpdateAppOpsStatsPermission:true
08-22 06:41:26.098518  1175  1175 I AS.AudioService: adjustSuggestedStreamVolume() stream=-2147483648, flags=4116, caller=android, volControlStream=3, userSelect=false
08-22 06:41:26.099234  1175  1175 I AS.AudioService: isInCommunication IsInCall = false mode = 0
08-22 06:41:26.101240  1175  1175 I AS.AudioService: getActiveStreamType: Forcing DEFAULT_VOL_STREAM_NO_PLAYBACK(3) b/c default
08-22 06:41:26.102198  1175  1175 I AS.AudioService: adjustStreamVolume() stream=3, dir=0, flags=4112, caller=android
08-22 06:41:26.102416  1175  1175 I AS.AudioService: adjustStreamVolume getDeviceForStream device = 2
08-22 06:41:26.102763  1175  1175 I AS.AudioService:  newIndex For ui = 110
08-22 06:41:26.103170  1175  1175 I TranAudioService: checkVibrationPermission=true checkUpdateAppOpsStatsPermission:true
08-22 06:41:26.104413  1175  2476 I AudioManager: getDevices, flags = 2
08-22 06:41:26.109843  2669  2669 I vol.TrVolumeDialogImpl: showH r=volume_changed
08-22 06:41:26.110711  2669  2669 I vol.Events: writeEvent show_dialog volume_changed keyguard=false
08-22 06:41:26.110911  1175  4317 I AS.AudioService: Volume controller visible: true
08-22 06:41:26.356102  1175  1899 I TranSecureCamExt: handleVolumeKey
08-22 06:41:26.359271  1175  1899 I AS.AudioService: getMode, get current owner's mode
08-22 06:41:26.359574  1175  1899 I AS.AudioService: getMode, currentModeHandler is null
08-22 06:41:26.505789  1175  1175 I AS.AudioService: adjustSuggestedStreamVolume() stream=-2147483648, flags=4113, caller=android, volControlStream=3, userSelect=false
08-22 06:41:26.507277  1175  1175 I AS.AudioService: isInCommunication IsInCall = false mode = 0
08-22 06:41:26.511921  1175  1175 I AS.AudioService: getActiveStreamType: Forcing DEFAULT_VOL_STREAM_NO_PLAYBACK(3) b/c default
08-22 06:41:26.513860  1175  1175 I AS.AudioService: adjustStreamVolume() stream=3, dir=-1, flags=4113, caller=android
08-22 06:41:26.514188  1175  1175 I AS.AudioService: adjustStreamVolume getDeviceForStream device = 2
08-22 06:41:26.515930  1175  1175 I AS.AudioService: updateVolumeGroupIndex for stream 11, muted=false, device=2, index=100, group AUDIO_STREAM_ASSISTANT Muted=false, Index=10, forceMuteState=false
08-22 06:41:26.518618  1175  1175 I AS.AudioService: updateVolumeGroupIndex for stream 10, muted=false, device=2, index=103, group AUDIO_STREAM_ACCESSIBILITY Muted=false, Index=10, forceMuteState=false
08-22 06:41:26.522144  4238  4238 I VolumeDataCollector: onReceive android.media.VOLUME_CHANGED_ACTION
08-22 06:41:26.522333  4238  4238 I VolumeDataCollector: streamType 11
08-22 06:41:26.524415  1175  1175 I AS.AudioService: updateVolumeGroupIndex for stream 9, muted=false, device=2, index=100, group AUDIO_STREAM_TTS Muted=false, Index=10, forceMuteState=false
08-22 06:41:26.529257  4238  4238 I VolumeDataCollector: onReceive android.media.VOLUME_CHANGED_ACTION
08-22 06:41:26.529402  4238  4238 I VolumeDataCollector: streamType 10
08-22 06:41:26.529763  1175  1175 I AS.AudioService: updateVolumeGroupIndex for stream 3, muted=false, device=2, index=100, group AUDIO_STREAM_MUSIC Muted=false, Index=10, forceMuteState=false
08-22 06:41:26.531773  4238  4238 I VolumeDataCollector: onReceive android.media.VOLUME_CHANGED_ACTION
08-22 06:41:26.532097  4238  4238 I VolumeDataCollector: streamType 9
08-22 06:41:26.532311  1175  1175 I AS.AudioService:  newIndex For ui = 100
08-22 06:41:26.532628  1175  1175 I TranAudioService: checkVibrationPermission=true checkUpdateAppOpsStatsPermission:true
08-22 06:41:26.532778  1175  2453 I AS.AudioService: setStreamVolumeIndexAS(3, 10, 2)
08-22 06:41:26.532844  1175  2453 I AudioSystem: setStreamVolumeIndex: STREAM_MUSIC dev=2 idx=10
08-22 06:41:26.534363  1175  2453 I AS.AudioService: setStreamVolumeIndexAS(11, 10, 2)
08-22 06:41:26.534586  1175  2453 I AudioSystem: setStreamVolumeIndex: STREAM_ASSISTANT dev=2 idx=10
08-22 06:41:26.534894  4238  4238 I VolumeDataCollector: onReceive android.media.VOLUME_CHANGED_ACTION
08-22 06:41:26.534956  4238  4238 I VolumeDataCollector: streamType 3
08-22 06:41:26.535585  4238 17543 I CacheManager:  save new data to cache volume_event
08-22 06:41:26.535659  4238 17543 I bsc     : notifyDataChange in volume_event, 1
08-22 06:41:26.535966  1175  1899 I TranSecureCamExt: handleVolumeKey
08-22 06:41:26.536365  1175  2453 I AS.AudioService: setStreamVolumeIndexAS(10, 10, 2)
08-22 06:41:26.536408  1175  2453 I AudioSystem: setStreamVolumeIndex: STREAM_ACCESSIBILITY dev=2 idx=10
08-22 06:41:26.537120  4238 17499 I DataServiceImplV2: StandardDataService notifyDataChange  curServiceName StandardDataService type:volume_event
08-22 06:41:26.537519  1175  2453 I AS.AudioService: setStreamVolumeIndexAS(9, 10, 2)
08-22 06:41:26.537835  1175  2453 I AudioSystem: setStreamVolumeIndex: STREAM_TTS dev=2 idx=10
08-22 06:41:26.537851  4238 17499 I Kolun_AI.SystemEventSubscribe:  onPublishData {"type":"volume_event","time":1755816086535,"data":"{\"prevStreamValue\":11,\"streamType\":3,\"streamTypeAlias\":3,\"streamValue\":10}","provider":"dc","dc_version":2030380000,"data_version":1,"user_id":0}
08-22 06:41:26.537885  4238 17499 I Kolun_AI.SystemEventSubscribe:  publisher.getMatcher() volume_event
08-22 06:41:26.538122  4238 17499 I ApiInvoke1.7.1: SubscribeManager: publishData success host DataCenter#StandardDataService matcher volume_event
08-22 06:41:26.538201  4238 17499 I ApiInvoke1.7.1: ApiRequest: do publishData to local, matcher = volume_event
08-22 06:41:26.538352  4238 17499 I ApiInvoke1.7.1: ChannelChain: addChain, path=Publish{process='com.transsion.kolun.aiservice', channelName='DataCenter', matcher='volume_event', apiName='StandardDataService'} size 1
08-22 06:41:26.538434  4238 17499 W ApiInvoke1.7.1: SubscribeBusServerImpl: onSafePublishData start ==>> publisher Publisher{channel='DataCenter', apiName='StandardDataService', label='volume_event'}
08-22 06:41:26.539218  4238 17499 W ApiInvoke1.7.1: ApiRequest: do publishData to remote volume_event
08-22 06:41:26.540144  1175  1175 I AS.AudioService: adjustSuggestedStreamVolume() stream=-2147483648, flags=4116, caller=android, volControlStream=3, userSelect=false
08-22 06:41:26.540661  1175  2476 I AudioManager: getDevices, flags = 2
08-22 06:41:26.540917  1175  1175 I AS.AudioService: isInCommunication IsInCall = false mode = 0
08-22 06:41:26.542730  1175  1175 I AS.AudioService: getActiveStreamType: Forcing DEFAULT_VOL_STREAM_NO_PLAYBACK(3) b/c default
08-22 06:41:26.543917  2669  2669 I vol.TrVolumeDialogImpl: showH r=volume_changed
08-22 06:41:26.543912  1175  1175 I AS.AudioService: adjustStreamVolume() stream=3, dir=0, flags=4112, caller=android
08-22 06:41:26.544293  1175  1175 I AS.AudioService: adjustStreamVolume getDeviceForStream device = 2
08-22 06:41:26.544448  2669  2669 I vol.Events: writeEvent show_dialog volume_changed keyguard=false
08-22 06:41:26.544548  1175  1175 I AS.AudioService:  newIndex For ui = 100
08-22 06:41:26.544678  1074  1074 I BufferQueueProducer: [TrVolumeDialogImpl#953](this:0xb400007310a612c8,id:-1,api:0,p:-1,c:1074) queueBuffer: fps=15.45 dur=1100.49 max=584.11 min=15.52
08-22 06:41:26.544799  1175  1175 I TranAudioService: checkVibrationPermission=true checkUpdateAppOpsStatsPermission:true
08-22 06:41:26.545317  1175  4317 I AS.AudioService: Volume controller visible: true
08-22 06:41:30.316524  1074  1074 I BufferQueueProducer: [TrVolumeDialogImpl#953](this:0xb400007310a612c8,id:-1,api:0,p:-1,c:1074) queueBuffer: fps=2.65 dur=3771.83 max=3621.08 min=16.14
08-22 06:41:30.337145  1041  1041 I AudioFlinger: setParameters: filtered keyvalue screen_state=on
08-22 06:41:30.337210  1041  1041 I AudioFlinger: +mAudioHwDevs(primary)->setParameters(): screen_state=on
08-22 06:41:30.338112  1041  1041 I AudioFlinger: -mAudioHwDevs(primary)->setParameters(): screen_state=on
08-22 06:41:30.338159  1041  1041 I AudioFlinger: +mAudioHwDevs(r_submix)->setParameters(): screen_state=on
08-22 06:41:30.338786  1041  1041 I AudioFlinger: -mAudioHwDevs(r_submix)->setParameters(): screen_state=on
08-22 06:41:30.338834  1041  1041 I AudioFlinger: +mAudioHwDevs(bluetooth)->setParameters(): screen_state=on
08-22 06:41:30.339995  1041  1041 I AudioFlinger: -mAudioHwDevs(bluetooth)->setParameters(): screen_state=on
08-22 06:41:30.424757   992  1032 I libPowerHal: [recordCPUFreqInfo] set cluster[0] min(MTKPOWER_HINT_UX_SCROLLING): 1075000 max(MTKPOWER_HINT_UX_SCROLLING): -1 cluster[1] min(MTKPOWER_HINT_UX_SCROLLING): 1162000 max(MTKPOWER_HINT_UX_SCROLLING): -1
08-22 06:41:30.427900  1175  4293 W InputManager-JNI: Input channel object '4fe6843 TrVolumeDialogImpl (client)' was disposed without first being removed with the input manager!
08-22 06:41:30.433244  1175  4293 I AS.AudioService: Volume controller visible: false
08-22 06:41:30.433941  1175  4293 I AS.AudioService: forceVolumeControlStream(-1)
08-22 06:41:30.434419  1175  4317 I AS.AudioService: Volume controller visible: true
08-22 06:41:30.445235  1074  1074 I SurfaceFlinger: onHandleDestroyed: name=4fe6843 TrVolumeDialogImpl#952, layerId=952, parentId=0
08-22 06:41:30.445281  1074  1074 I SurfaceFlinger: onHandleDestroyed: name=TrVolumeDialogImpl#953, layerId=953, parentId=0
08-22 06:41:30.456423  1074  1074 I BufferQueueDebug: [TrVolumeDialogImpl#953](this:0xb400007310a612c8,id:-1,api:0,p:-1,c:1074) onDestructor()
08-22 06:41:30.457267  1074  1074 I BufferQueueDebug: [4fe6843 TrVolumeDialogImpl#952](this:0xb400007310aa5848,id:-1,api:0,p:-1,c:1074) onDestructor()
08-22 06:41:30.932066   992  1032 I libPowerHal: [recordCPUFreqInfo] set cluster[0] min(-1): -1 max(-1): -1 cluster[1] min(-1): -1 max(-1): -1
08-22 06:41:33.653563  1041  1041 I AudioFlinger: setParameters: filtered keyvalue screen_state=on
08-22 06:41:33.653622  1041  1041 I AudioFlinger: +mAudioHwDevs(primary)->setParameters(): screen_state=on
08-22 06:41:33.654497  1041  1041 I AudioFlinger: -mAudioHwDevs(primary)->setParameters(): screen_state=on
08-22 06:41:33.654547  1041  1041 I AudioFlinger: +mAudioHwDevs(r_submix)->setParameters(): screen_state=on
08-22 06:41:33.654876  1041  1041 I AudioFlinger: -mAudioHwDevs(r_submix)->setParameters(): screen_state=on
08-22 06:41:33.654923  1041  1041 I AudioFlinger: +mAudioHwDevs(bluetooth)->setParameters(): screen_state=on
08-22 06:41:33.655224  1041  1041 I AudioFlinger: -mAudioHwDevs(bluetooth)->setParameters(): screen_state=on
08-22 06:41:43.572948 17582 17582 W libc    : Access denied finding property "ro.odm.tr_audio_hifi.feature.support"
08-22 06:42:00.853615  1041  1041 I AudioFlinger: setParameters: filtered keyvalue screen_state=off
08-22 06:42:00.853771  1041  1041 I AudioFlinger: +mAudioHwDevs(primary)->setParameters(): screen_state=off
08-22 06:42:00.855826  1041  1041 I AudioFlinger: -mAudioHwDevs(primary)->setParameters(): screen_state=off
08-22 06:42:00.855879  1041  1041 I AudioFlinger: +mAudioHwDevs(r_submix)->setParameters(): screen_state=off
08-22 06:42:00.856610  1041  1041 I AudioFlinger: -mAudioHwDevs(r_submix)->setParameters(): screen_state=off
08-22 06:42:00.856669  1041  1041 I AudioFlinger: +mAudioHwDevs(bluetooth)->setParameters(): screen_state=off
08-22 06:42:00.857022  1041  1041 I AudioFlinger: -mAudioHwDevs(bluetooth)->setParameters(): screen_state=off
08-22 06:42:00.935014 17610 17610 W libc    : Access denied finding property "ro.odm.tr_audio_hifi.feature.support"
08-22 06:42:01.105739  1175  3170 I AS.AudioService: getMode, get current owner's mode
08-22 06:42:01.106001  1175  3170 I AS.AudioService: getMode, currentModeHandler is null
08-22 06:42:01.107934  1074  1074 I SurfaceFlinger: onHandleDestroyed: name=226438d ActivityRecordInputSink com.transsion.hilauncher/com.android.launcher3.uioverrides.QuickstepLauncher#942, layerId=942, parentId=0
08-22 06:42:01.115424  1041  1041 I AudioFlinger: setParameters: filtered keyvalue screen_state=off
08-22 06:42:01.115591  1041  1041 I AudioFlinger: +mAudioHwDevs(primary)->setParameters(): screen_state=off
08-22 06:42:01.122054  1041  1041 I AudioFlinger: -mAudioHwDevs(primary)->setParameters(): screen_state=off
08-22 06:42:01.122169  1041  1041 I AudioFlinger: +mAudioHwDevs(r_submix)->setParameters(): screen_state=off
08-22 06:42:01.122894  1041  1041 I AudioFlinger: -mAudioHwDevs(r_submix)->setParameters(): screen_state=off
08-22 06:42:01.122970  1041  1041 I AudioFlinger: +mAudioHwDevs(bluetooth)->setParameters(): screen_state=off
08-22 06:42:01.123297  1041  1041 I AudioFlinger: -mAudioHwDevs(bluetooth)->setParameters(): screen_state=off
08-22 06:42:01.124180  1074  1074 I BufferQueueDebug: [226438d ActivityRecordInputSink com.transsion.hilauncher/com.android.launcher3.uioverrides.QuickstepLauncher#942](this:0xb400007310a91958,id:-1,api:0,p:-1,c:1074) onDestructor()
08-22 06:42:01.193094  7129  7129 W BindAudioSmartConnectUseCase: ACTION_SCREEN_OFF
08-22 06:42:01.193273  7129  7129 W BindAudioSmartConnectUseCase: stopBinder
08-22 06:42:01.422291  5238  5582 I AudioManager: getCommunicationDevice
08-22 06:42:01.422782  1175  3170 I AS.AudioDeviceBroker: topCommunicationRouteClient: process no permission or mCommunicationRouteClients is empty
08-22 06:42:01.422866  1175  3170 I AS.AudioDeviceBroker: requestedCommunicationDevice: null mAudioModeOwner: AudioModeInfo: mMode=MODE_NORMAL, mPid=0, mUid=0
08-22 06:42:01.828541   992  1032 I libPowerHal: [recordCPUFreqInfo] set cluster[0] min(MTKPOWER_HINT_LAUNCHER_ANIMA): 2000000 max(-1): -1 cluster[1] min(MTKPOWER_HINT_LAUNCHER_ANIMA): 2400000 max(-1): -1
08-22 06:42:01.839035  1041  6410 I AudioFlinger: setParameters: filtered keyvalue app_in_recents=false
08-22 06:42:01.839185  1041  6410 I AudioFlinger: +mAudioHwDevs(primary)->setParameters(): app_in_recents=false
08-22 06:42:01.840513   905  9293 W AudioALSAHardware: setParameters(), still have param.size() = 1, remain param = "app_in_recents=false"
08-22 06:42:01.840941  1041  6410 I AudioFlinger: -mAudioHwDevs(primary)->setParameters(): app_in_recents=false
08-22 06:42:01.840965  1041  6410 I AudioFlinger: +mAudioHwDevs(r_submix)->setParameters(): app_in_recents=false
08-22 06:42:01.841423  1041  6410 I AudioFlinger: -mAudioHwDevs(r_submix)->setParameters(): app_in_recents=false
08-22 06:42:01.841477  1041  6410 I AudioFlinger: +mAudioHwDevs(bluetooth)->setParameters(): app_in_recents=false
08-22 06:42:01.842022  1041  6410 I AudioFlinger: -mAudioHwDevs(bluetooth)->setParameters(): app_in_recents=false
08-22 06:42:01.844615   992  1032 I libPowerHal: [recordCPUFreqInfo] set cluster[0] min(-1): -1 max(-1): -1 cluster[1] min(-1): -1 max(-1): -1
08-22 06:42:05.599962  2669  2669 W TranReflectUtils: 	at android.view.Choreographer$CallbackRecord.run(Choreographer.java:1610)
08-22 06:42:05.599962  2669  2669 W TranReflectUtils: 	at android.view.Choreographer$CallbackRecord.run(Choreographer.java:1619)
08-22 06:42:05.697385 17639 17639 W libc    : Access denied finding property "ro.odm.tr_audio_hifi.feature.support"
08-22 06:42:05.781636 17639 17639 I Ft_Feature1501MR2: Feature [ro.os_screenrecord_sr_sa_0019_009_support] initialized: true
08-22 06:42:05.793334 17639 17639 I Ft_FeatureScreenRecord: Feature [ro.os_screenrecord_apk] initialized: true
08-22 06:42:05.793416 17639 17639 I Ft_FeatureScreenRecord: openFeatureSwitches
08-22 06:42:41.950079  5238  5582 I AudioManager: getCommunicationDevice
08-22 06:42:41.950746  1175  2877 I AS.AudioDeviceBroker: topCommunicationRouteClient: process no permission or mCommunicationRouteClients is empty
08-22 06:42:41.950915  1175  2877 I AS.AudioDeviceBroker: requestedCommunicationDevice: null mAudioModeOwner: AudioModeInfo: mMode=MODE_NORMAL, mPid=0, mUid=0
08-22 06:43:01.164606  1175  1880 E ActivityManager: 	at com.android.server.am.PendingIntentRecord.sendInner(PendingIntentRecord.java:707)
08-22 06:43:01.164606  1175  1880 E ActivityManager: 	at com.android.server.am.PendingIntentRecord.sendWithResult(PendingIntentRecord.java:381)
08-22 06:43:41.983866  5238  5582 I AudioManager: getCommunicationDevice
08-22 06:43:41.984550  1175  4297 I AS.AudioDeviceBroker: topCommunicationRouteClient: process no permission or mCommunicationRouteClients is empty
08-22 06:43:41.984716  1175  4297 I AS.AudioDeviceBroker: requestedCommunicationDevice: null mAudioModeOwner: AudioModeInfo: mMode=MODE_NORMAL, mPid=0, mUid=0
08-22 06:44:42.019536  5238  5582 I AudioManager: getCommunicationDevice
08-22 06:44:42.020475  1175  2979 I AS.AudioDeviceBroker: topCommunicationRouteClient: process no permission or mCommunicationRouteClients is empty
08-22 06:44:42.021031  1175  2979 I AS.AudioDeviceBroker: requestedCommunicationDevice: null mAudioModeOwner: AudioModeInfo: mMode=MODE_NORMAL, mPid=0, mUid=0
08-22 06:45:42.060607  5238  5582 I AudioManager: getCommunicationDevice
08-22 06:45:42.061070  1175  2979 I AS.AudioDeviceBroker: topCommunicationRouteClient: process no permission or mCommunicationRouteClients is empty
08-22 06:45:42.061187  1175  2979 I AS.AudioDeviceBroker: requestedCommunicationDevice: null mAudioModeOwner: AudioModeInfo: mMode=MODE_NORMAL, mPid=0, mUid=0
08-22 06:46:42.126098  5238  5582 I AudioManager: getCommunicationDevice
08-22 06:46:42.126927  1175  2780 I AS.AudioDeviceBroker: topCommunicationRouteClient: process no permission or mCommunicationRouteClients is empty
08-22 06:46:42.127260  1175  2780 I AS.AudioDeviceBroker: requestedCommunicationDevice: null mAudioModeOwner: AudioModeInfo: mMode=MODE_NORMAL, mPid=0, mUid=0
08-22 06:47:08.883656 17707 17707 W libc    : Access denied finding property "ro.odm.tr_audio_hifi.feature.support"
08-22 06:47:42.176344  5238  5582 I AudioManager: getCommunicationDevice
08-22 06:47:42.177305  1175  2855 I AS.AudioDeviceBroker: topCommunicationRouteClient: process no permission or mCommunicationRouteClients is empty
08-22 06:47:42.177625  1175  2855 I AS.AudioDeviceBroker: requestedCommunicationDevice: null mAudioModeOwner: AudioModeInfo: mMode=MODE_NORMAL, mPid=0, mUid=0
08-22 06:48:42.240874  5238  5582 I AudioManager: getCommunicationDevice
08-22 06:48:42.241522  1175  2855 I AS.AudioDeviceBroker: topCommunicationRouteClient: process no permission or mCommunicationRouteClients is empty
08-22 06:48:42.241677  1175  2855 I AS.AudioDeviceBroker: requestedCommunicationDevice: null mAudioModeOwner: AudioModeInfo: mMode=MODE_NORMAL, mPid=0, mUid=0
08-22 06:49:42.306387  5238  5582 I AudioManager: getCommunicationDevice
08-22 06:49:42.306809  1175  2855 I AS.AudioDeviceBroker: topCommunicationRouteClient: process no permission or mCommunicationRouteClients is empty
08-22 06:49:42.306958  1175  2855 I AS.AudioDeviceBroker: requestedCommunicationDevice: null mAudioModeOwner: AudioModeInfo: mMode=MODE_NORMAL, mPid=0, mUid=0
08-22 06:50:42.384654  5238  5582 I AudioManager: getCommunicationDevice
08-22 06:50:42.385684  1175  3084 I AS.AudioDeviceBroker: topCommunicationRouteClient: process no permission or mCommunicationRouteClients is empty
08-22 06:50:42.386013  1175  3084 I AS.AudioDeviceBroker: requestedCommunicationDevice: null mAudioModeOwner: AudioModeInfo: mMode=MODE_NORMAL, mPid=0, mUid=0
08-22 06:51:42.360400  5238  5582 I AudioManager: getCommunicationDevice
08-22 06:51:42.361049  1175  3084 I AS.AudioDeviceBroker: topCommunicationRouteClient: process no permission or mCommunicationRouteClients is empty
08-22 06:51:42.361187  1175  3084 I AS.AudioDeviceBroker: requestedCommunicationDevice: null mAudioModeOwner: AudioModeInfo: mMode=MODE_NORMAL, mPid=0, mUid=0
08-22 06:52:42.431933  5238  5582 I AudioManager: getCommunicationDevice
08-22 06:52:42.432513  1175  2780 I AS.AudioDeviceBroker: topCommunicationRouteClient: process no permission or mCommunicationRouteClients is empty
08-22 06:52:42.432636  1175  2780 I AS.AudioDeviceBroker: requestedCommunicationDevice: null mAudioModeOwner: AudioModeInfo: mMode=MODE_NORMAL, mPid=0, mUid=0
08-22 06:53:42.524372  5238  5582 I AudioManager: getCommunicationDevice
08-22 06:53:42.525146  1175  2780 I AS.AudioDeviceBroker: topCommunicationRouteClient: process no permission or mCommunicationRouteClients is empty
08-22 06:53:42.525362  1175  2780 I AS.AudioDeviceBroker: requestedCommunicationDevice: null mAudioModeOwner: AudioModeInfo: mMode=MODE_NORMAL, mPid=0, mUid=0
08-22 06:54:42.535555  5238  5582 I AudioManager: getCommunicationDevice
08-22 06:54:42.536686  1175  3084 I AS.AudioDeviceBroker: topCommunicationRouteClient: process no permission or mCommunicationRouteClients is empty
08-22 06:54:42.537045  1175  3084 I AS.AudioDeviceBroker: requestedCommunicationDevice: null mAudioModeOwner: AudioModeInfo: mMode=MODE_NORMAL, mPid=0, mUid=0
08-22 06:55:42.583971  5238  5582 I AudioManager: getCommunicationDevice
08-22 06:55:42.585464  1175  4300 I AS.AudioDeviceBroker: topCommunicationRouteClient: process no permission or mCommunicationRouteClients is empty
08-22 06:55:42.586182  1175  4300 I AS.AudioDeviceBroker: requestedCommunicationDevice: null mAudioModeOwner: AudioModeInfo: mMode=MODE_NORMAL, mPid=0, mUid=0
08-22 06:56:42.757102  5238  5582 I AudioManager: getCommunicationDevice
08-22 06:56:42.757729  1175  4300 I AS.AudioDeviceBroker: topCommunicationRouteClient: process no permission or mCommunicationRouteClients is empty
08-22 06:56:42.757860  1175  4300 I AS.AudioDeviceBroker: requestedCommunicationDevice: null mAudioModeOwner: AudioModeInfo: mMode=MODE_NORMAL, mPid=0, mUid=0
08-22 06:57:42.705887  5238  5582 I AudioManager: getCommunicationDevice
08-22 06:57:42.706503  1175  2780 I AS.AudioDeviceBroker: topCommunicationRouteClient: process no permission or mCommunicationRouteClients is empty
08-22 06:57:42.706618  1175  2780 I AS.AudioDeviceBroker: requestedCommunicationDevice: null mAudioModeOwner: AudioModeInfo: mMode=MODE_NORMAL, mPid=0, mUid=0
08-22 06:57:59.460730  9401  9421 I DebugLoggerUI/DebugLoggerUIService: -->startRecording(), logTypeCluster=1, reason=adb
08-22 06:57:59.473214  1175  4300 W NotificationCloudRule: no need to handle notification for same key, notification = NotificationRecord(0x07c203f9: pkg=com.debug.loggerui user=UserHandle{0} id=365001 tag=null importance=4 key=0|com.debug.loggerui|365001|null|10145: Notification(channel=com.debug.loggerui.notification shortcut=null contentView=null vibrate=null sound=null defaults=0 flags=ONLY_ALERT_ONCE|FOREGROUND_SERVICE color=0x00000000 vis=PRIVATE))
08-22 06:58:04.967385  1175  4300 W NotificationCloudRule: no need to handle notification for same key, notification = NotificationRecord(0x0ea073ee: pkg=com.debug.loggerui user=UserHandle{0} id=365001 tag=null importance=4 key=0|com.debug.loggerui|365001|null|10145: Notification(channel=com.debug.loggerui.notification shortcut=null contentView=null vibrate=null sound=null defaults=0 flags=ONLY_ALERT_ONCE|FOREGROUND_SERVICE color=0x00000000 vis=PRIVATE))
