08-22 07:23:22.429  1027  5516 V APM_AudioPolicyManager: setStreamVolumeIndex: stream AUDIO_STREAM_MUSIC attributes={ Content type: AUDIO_CONTENT_TYPE_UNKNOWN Usage: AUDIO_USAGE_MEDIA Source: AUDIO_SOURCE_INVALID Flags: 0x0 Tags:  }
08-22 07:23:22.429  1027  5516 V APM_AudioPolicyManager: setVolumeIndexForAttributes: group 6 matching with { Content type: AUDIO_CONTENT_TYPE_UNKNOWN Usage: AUDIO_USAGE_MEDIA Source: AUDIO_SOURCE_INVALID Flags: 0x0 Tags:  } index 0
08-22 07:23:22.429  1027  5516 V APM_AudioPolicyManager: setVolumeCurveIndex device 00000002, index 0
08-22 07:23:22.430  1545  2149 I AS.AudioService: setStreamVolumeIndexAS(11, 0, 2)
08-22 07:23:22.432  1545  2149 I AudioSystem: setStreamVolumeIndex: STREAM_ASSISTANT dev=2 idx=0
08-22 07:23:22.432  1027  5516 V APM_AudioPolicyManager: setStreamVolumeIndex: stream AUDIO_STREAM_ASSISTANT attributes={ Content type: AUDIO_CONTENT_TYPE_SPEECH Usage: AUDIO_USAGE_ASSISTANT Source: AUDIO_SOURCE_INVALID Flags: 0x0 Tags:  }
08-22 07:23:22.432  1027  5516 V APM_AudioPolicyManager: setVolumeIndexForAttributes: group 20 matching with { Content type: AUDIO_CONTENT_TYPE_SPEECH Usage: AUDIO_USAGE_ASSISTANT Source: AUDIO_SOURCE_INVALID Flags: 0x0 Tags:  } index 0
08-22 07:23:22.432  1027  5516 V APM_AudioPolicyManager: setVolumeCurveIndex device 00000002, index 0
08-22 07:23:22.433  1545  2149 I AS.AudioService: setStreamVolumeIndexAS(10, 1, 2)
08-22 07:23:22.433  1545  2149 I AudioSystem: setStreamVolumeIndex: STREAM_ACCESSIBILITY dev=2 idx=1
08-22 07:23:22.433  1027  5516 V APM_AudioPolicyManager: setStreamVolumeIndex: stream AUDIO_STREAM_ACCESSIBILITY attributes={ Content type: AUDIO_CONTENT_TYPE_UNKNOWN Usage: AUDIO_USAGE_ASSISTANCE_ACCESSIBILITY Source: AUDIO_SOURCE_INVALID Flags: 0x0 Tags:  }
08-22 07:23:22.434  1027  5516 V APM_AudioPolicyManager: setVolumeIndexForAttributes: group 1 matching with { Content type: AUDIO_CONTENT_TYPE_UNKNOWN Usage: AUDIO_USAGE_ASSISTANCE_ACCESSIBILITY Source: AUDIO_SOURCE_INVALID Flags: 0x0 Tags:  } index 1
08-22 07:23:22.434  1027  5516 V APM_AudioPolicyManager: setVolumeCurveIndex device 00000002, index 1
08-22 07:23:22.434  1545  2149 I AS.AudioService: setStreamVolumeIndexAS(9, 0, 2)
08-22 07:23:22.435  1545  2149 I AudioSystem: setStreamVolumeIndex: STREAM_TTS dev=2 idx=0
08-22 07:23:22.435  1027  5516 V APM_AudioPolicyManager: setStreamVolumeIndex: stream AUDIO_STREAM_TTS attributes={ Content type: AUDIO_CONTENT_TYPE_UNKNOWN Usage: AUDIO_USAGE_UNKNOWN Source: AUDIO_SOURCE_INVALID Flags: 0x8 Tags:  }
08-22 07:23:22.435  1027  5516 V APM_AudioPolicyManager: setVolumeIndexForAttributes: group 12 matching with { Content type: AUDIO_CONTENT_TYPE_UNKNOWN Usage: AUDIO_USAGE_UNKNOWN Source: AUDIO_SOURCE_INVALID Flags: 0x8 Tags:  } index 0
08-22 07:23:22.435  1027  5516 V APM_AudioPolicyManager: setVolumeCurveIndex device 00000002, index 0
08-22 07:23:22.437  1545  1545 I TranAudioService: checkVibrationPermission=true checkUpdateAppOpsStatsPermission:true
08-22 07:23:22.440  2372  2372 I vol.TrVolumeDialogImpl: showH r=volume_changed
08-22 07:23:22.440  1545  3885 I AS.AudioService: Volume controller visible: true
08-22 07:23:22.441  2372  2372 I vol.Events: writeEvent show_dialog volume_changed keyguard=false
08-22 07:23:22.475  1545  1545 I AS.AudioService: adjustSuggestedStreamVolume() stream=-2147483648, flags=4113, caller=android, volControlStream=3, userSelect=false
08-22 07:23:22.476  1545  1545 I AS.AudioService: isInCommunication IsInCall = false mode = 0
08-22 07:23:22.478  1545  1545 I AS.AudioService: getActiveStreamType: Forcing DEFAULT_VOL_STREAM_NO_PLAYBACK(3) b/c default
08-22 07:23:22.479  1545  1545 I AS.AudioService: adjustStreamVolume() stream=3, dir=-1, flags=4113, caller=android
08-22 07:23:22.479  1545  1545 I AS.AudioService: adjustStreamVolume getDeviceForStream device = 2
08-22 07:23:22.480  1545  1545 I AS.AudioService:  newIndex For ui = 0
08-22 07:23:22.481  1545  2149 I AS.AudioService: setStreamVolumeIndexAS(3, 0, 2)
08-22 07:23:22.481  1545  2149 I AudioSystem: setStreamVolumeIndex: STREAM_MUSIC dev=2 idx=0
08-22 07:23:22.482  1027  5516 V APM_AudioPolicyManager: setStreamVolumeIndex: stream AUDIO_STREAM_MUSIC attributes={ Content type: AUDIO_CONTENT_TYPE_UNKNOWN Usage: AUDIO_USAGE_MEDIA Source: AUDIO_SOURCE_INVALID Flags: 0x0 Tags:  }
08-22 07:23:22.482  1027  5516 V APM_AudioPolicyManager: setVolumeIndexForAttributes: group 6 matching with { Content type: AUDIO_CONTENT_TYPE_UNKNOWN Usage: AUDIO_USAGE_MEDIA Source: AUDIO_SOURCE_INVALID Flags: 0x0 Tags:  } index 0
08-22 07:23:22.482  1027  5516 V APM_AudioPolicyManager: setVolumeCurveIndex device 00000002, index 0
08-22 07:23:22.484  1545  2149 I AS.AudioService: setStreamVolumeIndexAS(11, 0, 2)
08-22 07:23:22.484  1545  2149 I AudioSystem: setStreamVolumeIndex: STREAM_ASSISTANT dev=2 idx=0
08-22 07:23:22.485  1027  5516 V APM_AudioPolicyManager: setStreamVolumeIndex: stream AUDIO_STREAM_ASSISTANT attributes={ Content type: AUDIO_CONTENT_TYPE_SPEECH Usage: AUDIO_USAGE_ASSISTANT Source: AUDIO_SOURCE_INVALID Flags: 0x0 Tags:  }
08-22 07:23:22.485  1027  5516 V APM_AudioPolicyManager: setVolumeIndexForAttributes: group 20 matching with { Content type: AUDIO_CONTENT_TYPE_SPEECH Usage: AUDIO_USAGE_ASSISTANT Source: AUDIO_SOURCE_INVALID Flags: 0x0 Tags:  } index 0
08-22 07:23:22.485  1027  5516 V APM_AudioPolicyManager: setVolumeCurveIndex device 00000002, index 0
08-22 07:23:22.487  1545  2149 I AS.AudioService: setStreamVolumeIndexAS(10, 1, 2)
08-22 07:23:22.487  1545  2149 I AudioSystem: setStreamVolumeIndex: STREAM_ACCESSIBILITY dev=2 idx=1
08-22 07:23:22.487  1027  5516 V APM_AudioPolicyManager: setStreamVolumeIndex: stream AUDIO_STREAM_ACCESSIBILITY attributes={ Content type: AUDIO_CONTENT_TYPE_UNKNOWN Usage: AUDIO_USAGE_ASSISTANCE_ACCESSIBILITY Source: AUDIO_SOURCE_INVALID Flags: 0x0 Tags:  }
08-22 07:23:22.488  1027  5516 V APM_AudioPolicyManager: setVolumeIndexForAttributes: group 1 matching with { Content type: AUDIO_CONTENT_TYPE_UNKNOWN Usage: AUDIO_USAGE_ASSISTANCE_ACCESSIBILITY Source: AUDIO_SOURCE_INVALID Flags: 0x0 Tags:  } index 1
08-22 07:23:22.488  1027  5516 V APM_AudioPolicyManager: setVolumeCurveIndex device 00000002, index 1
08-22 07:23:22.489  1545  2149 I AS.AudioService: setStreamVolumeIndexAS(9, 0, 2)
08-22 07:23:22.490  1545  2149 I AudioSystem: setStreamVolumeIndex: STREAM_TTS dev=2 idx=0
08-22 07:23:22.490  1027  5516 V APM_AudioPolicyManager: setStreamVolumeIndex: stream AUDIO_STREAM_TTS attributes={ Content type: AUDIO_CONTENT_TYPE_UNKNOWN Usage: AUDIO_USAGE_UNKNOWN Source: AUDIO_SOURCE_INVALID Flags: 0x8 Tags:  }
08-22 07:23:22.490  1027  5516 V APM_AudioPolicyManager: setVolumeIndexForAttributes: group 12 matching with { Content type: AUDIO_CONTENT_TYPE_UNKNOWN Usage: AUDIO_USAGE_UNKNOWN Source: AUDIO_SOURCE_INVALID Flags: 0x8 Tags:  } index 0
08-22 07:23:22.491  1027  5516 V APM_AudioPolicyManager: setVolumeCurveIndex device 00000002, index 0
08-22 07:23:22.493  1545  1545 I TranAudioService: checkVibrationPermission=true checkUpdateAppOpsStatsPermission:true
08-22 07:23:22.498  2372  2372 I vol.TrVolumeDialogImpl: showH r=volume_changed
08-22 07:23:22.499  2372  2372 I vol.Events: writeEvent show_dialog volume_changed keyguard=false
08-22 07:23:22.500  1545  3905 I AS.AudioService: Volume controller visible: true
08-22 07:23:22.524  1545  1545 I AS.AudioService: adjustSuggestedStreamVolume() stream=-2147483648, flags=4113, caller=android, volControlStream=3, userSelect=false
08-22 07:23:22.525  1545  1545 I AS.AudioService: isInCommunication IsInCall = false mode = 0
08-22 07:23:22.529  1545  1545 I AS.AudioService: getActiveStreamType: Forcing DEFAULT_VOL_STREAM_NO_PLAYBACK(3) b/c default
08-22 07:23:22.530  1545  1545 I AS.AudioService: adjustStreamVolume() stream=3, dir=-1, flags=4113, caller=android
08-22 07:23:22.530  1545  1545 I AS.AudioService: adjustStreamVolume getDeviceForStream device = 2
08-22 07:23:22.531  1545  1545 I AS.AudioService:  newIndex For ui = 0
08-22 07:23:22.531  1545  2149 I AS.AudioService: setStreamVolumeIndexAS(3, 0, 2)
08-22 07:23:22.532  1545  2149 I AudioSystem: setStreamVolumeIndex: STREAM_MUSIC dev=2 idx=0
08-22 07:23:22.532  1027  5516 V APM_AudioPolicyManager: setStreamVolumeIndex: stream AUDIO_STREAM_MUSIC attributes={ Content type: AUDIO_CONTENT_TYPE_UNKNOWN Usage: AUDIO_USAGE_MEDIA Source: AUDIO_SOURCE_INVALID Flags: 0x0 Tags:  }
08-22 07:23:22.532  1027  5516 V APM_AudioPolicyManager: setVolumeIndexForAttributes: group 6 matching with { Content type: AUDIO_CONTENT_TYPE_UNKNOWN Usage: AUDIO_USAGE_MEDIA Source: AUDIO_SOURCE_INVALID Flags: 0x0 Tags:  } index 0
08-22 07:23:22.532  1027  5516 V APM_AudioPolicyManager: setVolumeCurveIndex device 00000002, index 0
08-22 07:23:22.535  1545  2149 I AS.AudioService: setStreamVolumeIndexAS(11, 0, 2)
08-22 07:23:22.536  1545  2149 I AudioSystem: setStreamVolumeIndex: STREAM_ASSISTANT dev=2 idx=0
08-22 07:23:22.536  1027  5516 V APM_AudioPolicyManager: setStreamVolumeIndex: stream AUDIO_STREAM_ASSISTANT attributes={ Content type: AUDIO_CONTENT_TYPE_SPEECH Usage: AUDIO_USAGE_ASSISTANT Source: AUDIO_SOURCE_INVALID Flags: 0x0 Tags:  }
08-22 07:23:22.537  1027  5516 V APM_AudioPolicyManager: setVolumeIndexForAttributes: group 20 matching with { Content type: AUDIO_CONTENT_TYPE_SPEECH Usage: AUDIO_USAGE_ASSISTANT Source: AUDIO_SOURCE_INVALID Flags: 0x0 Tags:  } index 0
08-22 07:23:22.537  1027  5516 V APM_AudioPolicyManager: setVolumeCurveIndex device 00000002, index 0
08-22 07:23:22.538  1545  2149 I AS.AudioService: setStreamVolumeIndexAS(10, 1, 2)
08-22 07:23:22.538  1545  2149 I AudioSystem: setStreamVolumeIndex: STREAM_ACCESSIBILITY dev=2 idx=1
08-22 07:23:22.539  1027  5516 V APM_AudioPolicyManager: setStreamVolumeIndex: stream AUDIO_STREAM_ACCESSIBILITY attributes={ Content type: AUDIO_CONTENT_TYPE_UNKNOWN Usage: AUDIO_USAGE_ASSISTANCE_ACCESSIBILITY Source: AUDIO_SOURCE_INVALID Flags: 0x0 Tags:  }
08-22 07:23:22.539  1027  5516 V APM_AudioPolicyManager: setVolumeIndexForAttributes: group 1 matching with { Content type: AUDIO_CONTENT_TYPE_UNKNOWN Usage: AUDIO_USAGE_ASSISTANCE_ACCESSIBILITY Source: AUDIO_SOURCE_INVALID Flags: 0x0 Tags:  } index 1
08-22 07:23:22.539  1027  5516 V APM_AudioPolicyManager: setVolumeCurveIndex device 00000002, index 1
08-22 07:23:22.540  1545  2149 I AS.AudioService: setStreamVolumeIndexAS(9, 0, 2)
08-22 07:23:22.540  1545  2149 I AudioSystem: setStreamVolumeIndex: STREAM_TTS dev=2 idx=0
08-22 07:23:22.541  1027  5516 V APM_AudioPolicyManager: setStreamVolumeIndex: stream AUDIO_STREAM_TTS attributes={ Content type: AUDIO_CONTENT_TYPE_UNKNOWN Usage: AUDIO_USAGE_UNKNOWN Source: AUDIO_SOURCE_INVALID Flags: 0x8 Tags:  }
08-22 07:23:22.541  1027  5516 V APM_AudioPolicyManager: setVolumeIndexForAttributes: group 12 matching with { Content type: AUDIO_CONTENT_TYPE_UNKNOWN Usage: AUDIO_USAGE_UNKNOWN Source: AUDIO_SOURCE_INVALID Flags: 0x8 Tags:  } index 0
08-22 07:23:22.541  1027  5516 V APM_AudioPolicyManager: setVolumeCurveIndex device 00000002, index 0
08-22 07:23:22.543  1545  1545 I TranAudioService: checkVibrationPermission=true checkUpdateAppOpsStatsPermission:true
08-22 07:23:22.546  2372  2372 I vol.TrVolumeDialogImpl: showH r=volume_changed
08-22 07:23:22.546  2372  2372 I vol.Events: writeEvent show_dialog volume_changed keyguard=false
08-22 07:23:22.546  1545  3809 I AS.AudioService: Volume controller visible: true
08-22 07:23:22.576  1545  1545 I AS.AudioService: adjustSuggestedStreamVolume() stream=-2147483648, flags=4113, caller=android, volControlStream=3, userSelect=false
08-22 07:23:22.577  1545  1545 I AS.AudioService: isInCommunication IsInCall = false mode = 0
08-22 07:23:22.583  1545  1545 I AS.AudioService: getActiveStreamType: Forcing DEFAULT_VOL_STREAM_NO_PLAYBACK(3) b/c default
08-22 07:23:22.584  1545  1545 I AS.AudioService: adjustStreamVolume() stream=3, dir=-1, flags=4113, caller=android
08-22 07:23:22.584  1545  1545 I AS.AudioService: adjustStreamVolume getDeviceForStream device = 2
08-22 07:23:22.585  1545  1545 I AS.AudioService:  newIndex For ui = 0
08-22 07:23:22.585  1545  2149 I AS.AudioService: setStreamVolumeIndexAS(3, 0, 2)
08-22 07:23:22.585  1545  2149 I AudioSystem: setStreamVolumeIndex: STREAM_MUSIC dev=2 idx=0
08-22 07:23:22.586  1027  5516 V APM_AudioPolicyManager: setStreamVolumeIndex: stream AUDIO_STREAM_MUSIC attributes={ Content type: AUDIO_CONTENT_TYPE_UNKNOWN Usage: AUDIO_USAGE_MEDIA Source: AUDIO_SOURCE_INVALID Flags: 0x0 Tags:  }
08-22 07:23:22.586  1027  5516 V APM_AudioPolicyManager: setVolumeIndexForAttributes: group 6 matching with { Content type: AUDIO_CONTENT_TYPE_UNKNOWN Usage: AUDIO_USAGE_MEDIA Source: AUDIO_SOURCE_INVALID Flags: 0x0 Tags:  } index 0
08-22 07:23:22.586  1027  5516 V APM_AudioPolicyManager: setVolumeCurveIndex device 00000002, index 0
08-22 07:23:22.588  1545  2149 I AS.AudioService: setStreamVolumeIndexAS(11, 0, 2)
08-22 07:23:22.588  1545  2149 I AudioSystem: setStreamVolumeIndex: STREAM_ASSISTANT dev=2 idx=0
08-22 07:23:22.588  1027  5516 V APM_AudioPolicyManager: setStreamVolumeIndex: stream AUDIO_STREAM_ASSISTANT attributes={ Content type: AUDIO_CONTENT_TYPE_SPEECH Usage: AUDIO_USAGE_ASSISTANT Source: AUDIO_SOURCE_INVALID Flags: 0x0 Tags:  }
08-22 07:23:22.588  1027  5516 V APM_AudioPolicyManager: setVolumeIndexForAttributes: group 20 matching with { Content type: AUDIO_CONTENT_TYPE_SPEECH Usage: AUDIO_USAGE_ASSISTANT Source: AUDIO_SOURCE_INVALID Flags: 0x0 Tags:  } index 0
08-22 07:23:22.589  1027  5516 V APM_AudioPolicyManager: setVolumeCurveIndex device 00000002, index 0
08-22 07:23:22.590  1545  2149 I AS.AudioService: setStreamVolumeIndexAS(10, 1, 2)
08-22 07:23:22.590  1545  2149 I AudioSystem: setStreamVolumeIndex: STREAM_ACCESSIBILITY dev=2 idx=1
08-22 07:23:22.590  1027  5516 V APM_AudioPolicyManager: setStreamVolumeIndex: stream AUDIO_STREAM_ACCESSIBILITY attributes={ Content type: AUDIO_CONTENT_TYPE_UNKNOWN Usage: AUDIO_USAGE_ASSISTANCE_ACCESSIBILITY Source: AUDIO_SOURCE_INVALID Flags: 0x0 Tags:  }
08-22 07:23:22.590  1027  5516 V APM_AudioPolicyManager: setVolumeIndexForAttributes: group 1 matching with { Content type: AUDIO_CONTENT_TYPE_UNKNOWN Usage: AUDIO_USAGE_ASSISTANCE_ACCESSIBILITY Source: AUDIO_SOURCE_INVALID Flags: 0x0 Tags:  } index 1
08-22 07:23:22.590  1027  5516 V APM_AudioPolicyManager: setVolumeCurveIndex device 00000002, index 1
08-22 07:23:22.592  1545  2149 I AS.AudioService: setStreamVolumeIndexAS(9, 0, 2)
08-22 07:23:22.592  1545  2149 I AudioSystem: setStreamVolumeIndex: STREAM_TTS dev=2 idx=0
08-22 07:23:22.593  1027  5516 V APM_AudioPolicyManager: setStreamVolumeIndex: stream AUDIO_STREAM_TTS attributes={ Content type: AUDIO_CONTENT_TYPE_UNKNOWN Usage: AUDIO_USAGE_UNKNOWN Source: AUDIO_SOURCE_INVALID Flags: 0x8 Tags:  }
08-22 07:23:22.593  1027  5516 V APM_AudioPolicyManager: setVolumeIndexForAttributes: group 12 matching with { Content type: AUDIO_CONTENT_TYPE_UNKNOWN Usage: AUDIO_USAGE_UNKNOWN Source: AUDIO_SOURCE_INVALID Flags: 0x8 Tags:  } index 0
08-22 07:23:22.593  1027  5516 V APM_AudioPolicyManager: setVolumeCurveIndex device 00000002, index 0
08-22 07:23:22.595  1545  1545 I TranAudioService: checkVibrationPermission=true checkUpdateAppOpsStatsPermission:true
08-22 07:23:22.599  2372  2372 I vol.TrVolumeDialogImpl: showH r=volume_changed
08-22 07:23:22.599  2372  2372 I vol.Events: writeEvent show_dialog volume_changed keyguard=false
08-22 07:23:22.601  1545  3905 I AS.AudioService: Volume controller visible: true
08-22 07:23:22.625  1545  1545 I AS.AudioService: adjustSuggestedStreamVolume() stream=-2147483648, flags=4113, caller=android, volControlStream=3, userSelect=false
08-22 07:23:22.626  1545  1545 I AS.AudioService: isInCommunication IsInCall = false mode = 0
08-22 07:23:22.629  1545  1545 I AS.AudioService: getActiveStreamType: Forcing DEFAULT_VOL_STREAM_NO_PLAYBACK(3) b/c default
08-22 07:23:22.630  1545  1545 I AS.AudioService: adjustStreamVolume() stream=3, dir=-1, flags=4113, caller=android
08-22 07:23:22.630  1545  1545 I AS.AudioService: adjustStreamVolume getDeviceForStream device = 2
08-22 07:23:22.631  1545  1545 I AS.AudioService:  newIndex For ui = 0
08-22 07:23:22.632  1545  1545 I TranAudioService: checkVibrationPermission=true checkUpdateAppOpsStatsPermission:true
08-22 07:23:22.632  1545  2149 I AS.AudioService: setStreamVolumeIndexAS(3, 0, 2)
08-22 07:23:22.633  1545  2149 I AudioSystem: setStreamVolumeIndex: STREAM_MUSIC dev=2 idx=0
08-22 07:23:22.633  1027  5516 V APM_AudioPolicyManager: setStreamVolumeIndex: stream AUDIO_STREAM_MUSIC attributes={ Content type: AUDIO_CONTENT_TYPE_UNKNOWN Usage: AUDIO_USAGE_MEDIA Source: AUDIO_SOURCE_INVALID Flags: 0x0 Tags:  }
08-22 07:23:22.633  1027  5516 V APM_AudioPolicyManager: setVolumeIndexForAttributes: group 6 matching with { Content type: AUDIO_CONTENT_TYPE_UNKNOWN Usage: AUDIO_USAGE_MEDIA Source: AUDIO_SOURCE_INVALID Flags: 0x0 Tags:  } index 0
08-22 07:23:22.633  1027  5516 V APM_AudioPolicyManager: setVolumeCurveIndex device 00000002, index 0
08-22 07:23:22.635  2372  2372 I vol.TrVolumeDialogImpl: showH r=volume_changed
08-22 07:23:22.635  1545  2149 I AS.AudioService: setStreamVolumeIndexAS(11, 0, 2)
08-22 07:23:22.635  1545  2149 I AudioSystem: setStreamVolumeIndex: STREAM_ASSISTANT dev=2 idx=0
08-22 07:23:22.636  2372  2372 I vol.Events: writeEvent show_dialog volume_changed keyguard=false
08-22 07:23:22.636  1027  5516 V APM_AudioPolicyManager: setStreamVolumeIndex: stream AUDIO_STREAM_ASSISTANT attributes={ Content type: AUDIO_CONTENT_TYPE_SPEECH Usage: AUDIO_USAGE_ASSISTANT Source: AUDIO_SOURCE_INVALID Flags: 0x0 Tags:  }
08-22 07:23:22.636  1027  5516 V APM_AudioPolicyManager: setVolumeIndexForAttributes: group 20 matching with { Content type: AUDIO_CONTENT_TYPE_SPEECH Usage: AUDIO_USAGE_ASSISTANT Source: AUDIO_SOURCE_INVALID Flags: 0x0 Tags:  } index 0
08-22 07:23:22.636  1027  5516 V APM_AudioPolicyManager: setVolumeCurveIndex device 00000002, index 0
08-22 07:23:22.637  1545  3809 I AS.AudioService: Volume controller visible: true
08-22 07:23:22.639  1545  2149 I AS.AudioService: setStreamVolumeIndexAS(10, 1, 2)
08-22 07:23:22.640  1545  2149 I AudioSystem: setStreamVolumeIndex: STREAM_ACCESSIBILITY dev=2 idx=1
08-22 07:23:22.640  1027  5516 V APM_AudioPolicyManager: setStreamVolumeIndex: stream AUDIO_STREAM_ACCESSIBILITY attributes={ Content type: AUDIO_CONTENT_TYPE_UNKNOWN Usage: AUDIO_USAGE_ASSISTANCE_ACCESSIBILITY Source: AUDIO_SOURCE_INVALID Flags: 0x0 Tags:  }
08-22 07:23:22.640  1027  5516 V APM_AudioPolicyManager: setVolumeIndexForAttributes: group 1 matching with { Content type: AUDIO_CONTENT_TYPE_UNKNOWN Usage: AUDIO_USAGE_ASSISTANCE_ACCESSIBILITY Source: AUDIO_SOURCE_INVALID Flags: 0x0 Tags:  } index 1
08-22 07:23:22.641  1027  5516 V APM_AudioPolicyManager: setVolumeCurveIndex device 00000002, index 1
08-22 07:23:22.642  1545  2149 I AS.AudioService: setStreamVolumeIndexAS(9, 0, 2)
08-22 07:23:22.642  1545  2149 I AudioSystem: setStreamVolumeIndex: STREAM_TTS dev=2 idx=0
08-22 07:23:22.642  1027  5516 V APM_AudioPolicyManager: setStreamVolumeIndex: stream AUDIO_STREAM_TTS attributes={ Content type: AUDIO_CONTENT_TYPE_UNKNOWN Usage: AUDIO_USAGE_UNKNOWN Source: AUDIO_SOURCE_INVALID Flags: 0x8 Tags:  }
08-22 07:23:22.642  1027  5516 V APM_AudioPolicyManager: setVolumeIndexForAttributes: group 12 matching with { Content type: AUDIO_CONTENT_TYPE_UNKNOWN Usage: AUDIO_USAGE_UNKNOWN Source: AUDIO_SOURCE_INVALID Flags: 0x8 Tags:  } index 0
08-22 07:23:22.642  1027  5516 V APM_AudioPolicyManager: setVolumeCurveIndex device 00000002, index 0
08-22 07:23:22.665  1545  2096 I TranSecureCamExt: handleVolumeKey
08-22 07:23:22.668  1545  1545 I AS.AudioService: adjustSuggestedStreamVolume() stream=-2147483648, flags=4116, caller=android, volControlStream=3, userSelect=false
08-22 07:23:22.669  1545  1545 I AS.AudioService: isInCommunication IsInCall = false mode = 0
08-22 07:23:22.671  1545  1545 I AS.AudioService: getActiveStreamType: Forcing DEFAULT_VOL_STREAM_NO_PLAYBACK(3) b/c default
08-22 07:23:22.672  1545  1545 I AS.AudioService: adjustStreamVolume() stream=3, dir=0, flags=4112, caller=android
08-22 07:23:22.673  1545  1545 I AS.AudioService: adjustStreamVolume getDeviceForStream device = 2
08-22 07:23:22.673  1545  1545 I AS.AudioService:  newIndex For ui = 0
08-22 07:23:22.674  1545  1545 I TranAudioService: checkVibrationPermission=true checkUpdateAppOpsStatsPermission:true
08-22 07:23:23.152  1049  1049 I BufferQueueProducer: [TrVolumeDialogImpl#1361](this:0xb400007e737f48b8,id:-1,api:0,p:-1,c:1049) queueBuffer: fps=56.44 dur=1009.86 max=39.00 min=10.38
08-22 07:23:23.645  1545  2096 I TranSecureCamExt: handleVolumeKey
08-22 07:23:23.647  1545  2096 I AS.AudioService: getMode, get current owner's mode
08-22 07:23:23.647  1545  2096 I AS.AudioService: getMode, currentModeHandler is null
08-22 07:23:23.797  1545  1545 I AS.AudioService: adjustSuggestedStreamVolume() stream=-2147483648, flags=4113, caller=android, volControlStream=3, userSelect=false
08-22 07:23:23.798  1545  1545 I AS.AudioService: isInCommunication IsInCall = false mode = 0
08-22 07:23:23.801  1545  1545 I AS.AudioService: getActiveStreamType: Forcing DEFAULT_VOL_STREAM_NO_PLAYBACK(3) b/c default
08-22 07:23:23.802  1545  1545 I AS.AudioService: adjustStreamVolume() stream=3, dir=-1, flags=4113, caller=android
08-22 07:23:23.802  1545  1545 I AS.AudioService: adjustStreamVolume getDeviceForStream device = 2
08-22 07:23:23.803  1545  1545 I AS.AudioService:  newIndex For ui = 0
08-22 07:23:23.804  1545  1545 I TranAudioService: checkVibrationPermission=true checkUpdateAppOpsStatsPermission:true
08-22 07:23:23.804  1545  2149 I AS.AudioService: setStreamVolumeIndexAS(3, 0, 2)
08-22 07:23:23.804  1545  2149 I AudioSystem: setStreamVolumeIndex: STREAM_MUSIC dev=2 idx=0
08-22 07:23:23.806  1027  5516 V APM_AudioPolicyManager: setStreamVolumeIndex: stream AUDIO_STREAM_MUSIC attributes={ Content type: AUDIO_CONTENT_TYPE_UNKNOWN Usage: AUDIO_USAGE_MEDIA Source: AUDIO_SOURCE_INVALID Flags: 0x0 Tags:  }
08-22 07:23:23.806  1027  5516 V APM_AudioPolicyManager: setVolumeIndexForAttributes: group 6 matching with { Content type: AUDIO_CONTENT_TYPE_UNKNOWN Usage: AUDIO_USAGE_MEDIA Source: AUDIO_SOURCE_INVALID Flags: 0x0 Tags:  } index 0
08-22 07:23:23.806  1027  5516 V APM_AudioPolicyManager: setVolumeCurveIndex device 00000002, index 0
08-22 07:23:23.807  2372  2372 I vol.TrVolumeDialogImpl: showH r=volume_changed
08-22 07:23:23.808  2372  2372 I vol.Events: writeEvent show_dialog volume_changed keyguard=false
08-22 07:23:23.808  1545  2149 I AS.AudioService: setStreamVolumeIndexAS(11, 0, 2)
08-22 07:23:23.809  1545  2149 I AudioSystem: setStreamVolumeIndex: STREAM_ASSISTANT dev=2 idx=0
08-22 07:23:23.809  1027  5516 V APM_AudioPolicyManager: setStreamVolumeIndex: stream AUDIO_STREAM_ASSISTANT attributes={ Content type: AUDIO_CONTENT_TYPE_SPEECH Usage: AUDIO_USAGE_ASSISTANT Source: AUDIO_SOURCE_INVALID Flags: 0x0 Tags:  }
08-22 07:23:23.809  1027  5516 V APM_AudioPolicyManager: setVolumeIndexForAttributes: group 20 matching with { Content type: AUDIO_CONTENT_TYPE_SPEECH Usage: AUDIO_USAGE_ASSISTANT Source: AUDIO_SOURCE_INVALID Flags: 0x0 Tags:  } index 0
08-22 07:23:23.810  1027  5516 V APM_AudioPolicyManager: setVolumeCurveIndex device 00000002, index 0
08-22 07:23:23.810  1545  3905 I AS.AudioService: Volume controller visible: true
08-22 07:23:23.811  1545  2149 I AS.AudioService: setStreamVolumeIndexAS(10, 1, 2)
08-22 07:23:23.812  1545  2149 I AudioSystem: setStreamVolumeIndex: STREAM_ACCESSIBILITY dev=2 idx=1
08-22 07:23:23.812  1027  5516 V APM_AudioPolicyManager: setStreamVolumeIndex: stream AUDIO_STREAM_ACCESSIBILITY attributes={ Content type: AUDIO_CONTENT_TYPE_UNKNOWN Usage: AUDIO_USAGE_ASSISTANCE_ACCESSIBILITY Source: AUDIO_SOURCE_INVALID Flags: 0x0 Tags:  }
08-22 07:23:23.812  1027  5516 V APM_AudioPolicyManager: setVolumeIndexForAttributes: group 1 matching with { Content type: AUDIO_CONTENT_TYPE_UNKNOWN Usage: AUDIO_USAGE_ASSISTANCE_ACCESSIBILITY Source: AUDIO_SOURCE_INVALID Flags: 0x0 Tags:  } index 1
08-22 07:23:23.813  1027  5516 V APM_AudioPolicyManager: setVolumeCurveIndex device 00000002, index 1
08-22 07:23:23.814  1545  2149 I AS.AudioService: setStreamVolumeIndexAS(9, 0, 2)
08-22 07:23:23.814  1545  2149 I AudioSystem: setStreamVolumeIndex: STREAM_TTS dev=2 idx=0
08-22 07:23:23.815  1027  5516 V APM_AudioPolicyManager: setStreamVolumeIndex: stream AUDIO_STREAM_TTS attributes={ Content type: AUDIO_CONTENT_TYPE_UNKNOWN Usage: AUDIO_USAGE_UNKNOWN Source: AUDIO_SOURCE_INVALID Flags: 0x8 Tags:  }
08-22 07:23:23.815  1027  5516 V APM_AudioPolicyManager: setVolumeIndexForAttributes: group 12 matching with { Content type: AUDIO_CONTENT_TYPE_UNKNOWN Usage: AUDIO_USAGE_UNKNOWN Source: AUDIO_SOURCE_INVALID Flags: 0x8 Tags:  } index 0
08-22 07:23:23.815  1027  5516 V APM_AudioPolicyManager: setVolumeCurveIndex device 00000002, index 0
08-22 07:23:23.828  1545  2096 I TranSecureCamExt: handleVolumeKey
08-22 07:23:23.832  1545  1545 I AS.AudioService: adjustSuggestedStreamVolume() stream=-2147483648, flags=4116, caller=android, volControlStream=3, userSelect=false
08-22 07:23:23.833  1545  1545 I AS.AudioService: isInCommunication IsInCall = false mode = 0
08-22 07:23:23.836  1545  1545 I AS.AudioService: getActiveStreamType: Forcing DEFAULT_VOL_STREAM_NO_PLAYBACK(3) b/c default
08-22 07:23:23.837  1545  1545 I AS.AudioService: adjustStreamVolume() stream=3, dir=0, flags=4112, caller=android
08-22 07:23:23.837  1545  1545 I AS.AudioService: adjustStreamVolume getDeviceForStream device = 2
08-22 07:23:23.838  1545  1545 I AS.AudioService:  newIndex For ui = 0
08-22 07:23:23.839  1545  1545 I TranAudioService: checkVibrationPermission=true checkUpdateAppOpsStatsPermission:true
08-22 07:23:24.104  1545  2096 I TranSecureCamExt: handleVolumeKey
08-22 07:23:24.107  1545  2096 I AS.AudioService: getMode, get current owner's mode
08-22 07:23:24.107  1545  2096 I AS.AudioService: getMode, currentModeHandler is null
08-22 07:23:24.169  1049  1049 I BufferQueueProducer: [TrVolumeDialogImpl#1361](this:0xb400007e737f48b8,id:-1,api:0,p:-1,c:1049) queueBuffer: fps=32.47 dur=1016.47 max=483.15 min=15.52
08-22 07:23:24.247  1545  2096 I TranSecureCamExt: handleVolumeKey
08-22 07:23:24.251  1545  1545 I AS.AudioService: adjustSuggestedStreamVolume() stream=-2147483648, flags=4113, caller=android, volControlStream=3, userSelect=false
08-22 07:23:24.253  1545  1545 I AS.AudioService: isInCommunication IsInCall = false mode = 0
08-22 07:23:24.257  1545  1545 I AS.AudioService: getActiveStreamType: Forcing DEFAULT_VOL_STREAM_NO_PLAYBACK(3) b/c default
08-22 07:23:24.258  1545  1545 I AS.AudioService: adjustStreamVolume() stream=3, dir=-1, flags=4113, caller=android
08-22 07:23:24.259  1545  1545 I AS.AudioService: adjustStreamVolume getDeviceForStream device = 2
08-22 07:23:24.259  1545  1545 I AS.AudioService:  newIndex For ui = 0
08-22 07:23:24.259  1545  2149 I AS.AudioService: setStreamVolumeIndexAS(3, 0, 2)
08-22 07:23:24.260  1545  2149 I AudioSystem: setStreamVolumeIndex: STREAM_MUSIC dev=2 idx=0
08-22 07:23:24.260  1027  5516 V APM_AudioPolicyManager: setStreamVolumeIndex: stream AUDIO_STREAM_MUSIC attributes={ Content type: AUDIO_CONTENT_TYPE_UNKNOWN Usage: AUDIO_USAGE_MEDIA Source: AUDIO_SOURCE_INVALID Flags: 0x0 Tags:  }
08-22 07:23:24.260  1027  5516 V APM_AudioPolicyManager: setVolumeIndexForAttributes: group 6 matching with { Content type: AUDIO_CONTENT_TYPE_UNKNOWN Usage: AUDIO_USAGE_MEDIA Source: AUDIO_SOURCE_INVALID Flags: 0x0 Tags:  } index 0
08-22 07:23:24.261  1027  5516 V APM_AudioPolicyManager: setVolumeCurveIndex device 00000002, index 0
08-22 07:23:24.263  1545  2149 I AS.AudioService: setStreamVolumeIndexAS(11, 0, 2)
08-22 07:23:24.263  1545  2149 I AudioSystem: setStreamVolumeIndex: STREAM_ASSISTANT dev=2 idx=0
08-22 07:23:24.263  1027  5516 V APM_AudioPolicyManager: setStreamVolumeIndex: stream AUDIO_STREAM_ASSISTANT attributes={ Content type: AUDIO_CONTENT_TYPE_SPEECH Usage: AUDIO_USAGE_ASSISTANT Source: AUDIO_SOURCE_INVALID Flags: 0x0 Tags:  }
08-22 07:23:24.264  1027  5516 V APM_AudioPolicyManager: setVolumeIndexForAttributes: group 20 matching with { Content type: AUDIO_CONTENT_TYPE_SPEECH Usage: AUDIO_USAGE_ASSISTANT Source: AUDIO_SOURCE_INVALID Flags: 0x0 Tags:  } index 0
08-22 07:23:24.264  1027  5516 V APM_AudioPolicyManager: setVolumeCurveIndex device 00000002, index 0
08-22 07:23:24.265  1545  2149 I AS.AudioService: setStreamVolumeIndexAS(10, 1, 2)
08-22 07:23:24.265  1545  2149 I AudioSystem: setStreamVolumeIndex: STREAM_ACCESSIBILITY dev=2 idx=1
08-22 07:23:24.266  1027  5516 V APM_AudioPolicyManager: setStreamVolumeIndex: stream AUDIO_STREAM_ACCESSIBILITY attributes={ Content type: AUDIO_CONTENT_TYPE_UNKNOWN Usage: AUDIO_USAGE_ASSISTANCE_ACCESSIBILITY Source: AUDIO_SOURCE_INVALID Flags: 0x0 Tags:  }
08-22 07:23:24.266  1027  5516 V APM_AudioPolicyManager: setVolumeIndexForAttributes: group 1 matching with { Content type: AUDIO_CONTENT_TYPE_UNKNOWN Usage: AUDIO_USAGE_ASSISTANCE_ACCESSIBILITY Source: AUDIO_SOURCE_INVALID Flags: 0x0 Tags:  } index 1
08-22 07:23:24.266  1027  5516 V APM_AudioPolicyManager: setVolumeCurveIndex device 00000002, index 1
08-22 07:23:24.267  1545  2149 I AS.AudioService: setStreamVolumeIndexAS(9, 0, 2)
08-22 07:23:24.267  1545  2149 I AudioSystem: setStreamVolumeIndex: STREAM_TTS dev=2 idx=0
08-22 07:23:24.267  1027  5516 V APM_AudioPolicyManager: setStreamVolumeIndex: stream AUDIO_STREAM_TTS attributes={ Content type: AUDIO_CONTENT_TYPE_UNKNOWN Usage: AUDIO_USAGE_UNKNOWN Source: AUDIO_SOURCE_INVALID Flags: 0x8 Tags:  }
08-22 07:23:24.268  1027  5516 V APM_AudioPolicyManager: setVolumeIndexForAttributes: group 12 matching with { Content type: AUDIO_CONTENT_TYPE_UNKNOWN Usage: AUDIO_USAGE_UNKNOWN Source: AUDIO_SOURCE_INVALID Flags: 0x8 Tags:  } index 0
08-22 07:23:24.268  1027  5516 V APM_AudioPolicyManager: setVolumeCurveIndex device 00000002, index 0
08-22 07:23:24.270  1545  1545 I TranAudioService: checkVibrationPermission=true checkUpdateAppOpsStatsPermission:true
08-22 07:23:24.271  1545  1545 I AS.AudioService: adjustSuggestedStreamVolume() stream=-2147483648, flags=4116, caller=android, volControlStream=3, userSelect=false
08-22 07:23:24.272  1545  1545 I AS.AudioService: isInCommunication IsInCall = false mode = 0
08-22 07:23:24.275  2372  2372 I vol.TrVolumeDialogImpl: showH r=volume_changed
08-22 07:23:24.275  1545  3905 I AS.AudioService: Volume controller visible: true
08-22 07:23:24.275  2372  2372 I vol.Events: writeEvent show_dialog volume_changed keyguard=false
08-22 07:23:24.275  1545  1545 I AS.AudioService: getActiveStreamType: Forcing DEFAULT_VOL_STREAM_NO_PLAYBACK(3) b/c default
08-22 07:23:24.276  1545  1545 I AS.AudioService: adjustStreamVolume() stream=3, dir=0, flags=4112, caller=android
08-22 07:23:24.276  1545  1545 I AS.AudioService: adjustStreamVolume getDeviceForStream device = 2
08-22 07:23:24.276  1545  1545 I AS.AudioService:  newIndex For ui = 0
08-22 07:23:24.276  1545  1545 I TranAudioService: checkVibrationPermission=true checkUpdateAppOpsStatsPermission:true
08-22 07:23:29.308  1049  1049 I BufferQueueProducer: [TrVolumeDialogImpl#1361](this:0xb400007e737f48b8,id:-1,api:0,p:-1,c:1049) queueBuffer: fps=9.34 dur=5139.02 max=4340.75 min=15.82
08-22 07:23:29.417  1545  3885 W InputManager-JNI: Input channel object '30e3d08 TrVolumeDialogImpl (client)' was disposed without first being removed with the input manager!
08-22 07:23:29.418  1545  3885 I WindowManager:   isAnimating=false  okToAnimate=true  win=Window{30e3d08 u0 TrVolumeDialogImpl}
08-22 07:23:29.429  1545  3885 I AS.AudioService: Volume controller visible: false
08-22 07:23:29.430  1545  3885 I AS.AudioService: forceVolumeControlStream(-1)
08-22 07:23:29.433  1545  3885 I AS.AudioService: Volume controller visible: true
08-22 07:23:29.448  1049  1049 I SurfaceFlinger: onHandleDestroyed: name=30e3d08 TrVolumeDialogImpl#1360, layerId=1360, parentId=0
08-22 07:23:29.449  1049  1049 I SurfaceFlinger: onHandleDestroyed: name=TrVolumeDialogImpl#1361, layerId=1361, parentId=0
08-22 07:23:29.466  1049  1049 I BufferQueueDebug: [TrVolumeDialogImpl#1361](this:0xb400007e737f48b8,id:-1,api:0,p:-1,c:1049) onDestructor()
08-22 07:23:29.469  1049  1049 I BufferQueueDebug: [30e3d08 TrVolumeDialogImpl#1360](this:0xb400007e7383e958,id:-1,api:0,p:-1,c:1049) onDestructor()
08-22 07:23:39.667  2372  2372 E FrameTracker: force finish cuj, time out: J<VOLUME_CONTROL::dismiss>
08-22 07:23:39.667  2372  2372 W FrameTracker: Missed SF frame:PREDICTION_ERROR, 372426, 13097077, CUJ=J<VOLUME_CONTROL::dismiss>
08-22 07:23:39.667  2372  2372 W FrameTracker: Missed SF frame:PREDICTION_ERROR, 372434, 9495564, CUJ=J<VOLUME_CONTROL::dismiss>
08-22 07:23:39.667  2372  2372 W FrameTracker: Missed SF frame:PREDICTION_ERROR, 372448, 10596589, CUJ=J<VOLUME_CONTROL::dismiss>
08-22 07:23:39.667  2372  2372 W FrameTracker: Missing SF jank callback for vsyncId: 372476, CUJ=J<VOLUME_CONTROL::dismiss>
08-22 07:23:40.782 31980 31980 W libc    : Access denied finding property "ro.odm.tr_audio_hifi.feature.support"
08-22 07:23:49.584  5073  5286 I AudioManager: getCommunicationDevice
08-22 07:23:49.585  1545  3885 I AS.AudioDeviceBroker: topCommunicationRouteClient: process no permission or mCommunicationRouteClients is empty
08-22 07:23:49.585  1545  3885 I AS.AudioDeviceBroker: requestedCommunicationDevice: null mAudioModeOwner: AudioModeInfo: mMode=MODE_NORMAL, mPid=0, mUid=0
08-22 07:23:54.798  1545  3831 W WindowManager: Changing focus from Window{77f7114 u0 com.transsion.hilauncher/com.android.launcher3.uioverrides.QuickstepLauncher} to null displayId=0 Callers=com.android.server.wm.RootWindowContainer.updateFocusedWindowLocked:528 com.android.server.wm.WindowManagerService.updateFocusedWindowLocked:6854 com.android.server.wm.ActivityRecord.commitVisibility:6577 com.android.server.wm.ActivityRecord.commitVisibility:6588
08-22 07:23:54.824  1027  5516 I AudioFlinger: setParameters: filtered keyvalue screen_state=off
08-22 07:23:54.824  1027  5516 I AudioFlinger: +mAudioHwDevs(primary)->setParameters(): screen_state=off
08-22 07:23:54.825  1027  5516 I AudioFlinger: -mAudioHwDevs(primary)->setParameters(): screen_state=off
08-22 07:23:54.825  1027  5516 I AudioFlinger: +mAudioHwDevs(bluetooth)->setParameters(): screen_state=off
08-22 07:23:54.825  1027  5516 I AudioFlinger: -mAudioHwDevs(bluetooth)->setParameters(): screen_state=off
08-22 07:23:54.825  1027  5516 I AudioFlinger: +mAudioHwDevs(usb)->setParameters(): screen_state=off
08-22 07:23:54.825  1027  5516 I AudioFlinger: -mAudioHwDevs(usb)->setParameters(): screen_state=off
08-22 07:23:54.826  1027  5516 I AudioFlinger: +mAudioHwDevs(r_submix)->setParameters(): screen_state=off
08-22 07:23:54.826  1027  5516 I AudioFlinger: -mAudioHwDevs(r_submix)->setParameters(): screen_state=off
08-22 07:23:54.914 32007 32007 W libc    : Access denied finding property "ro.odm.tr_audio_hifi.feature.support"
08-22 07:23:55.039  1049  1049 I SurfaceFlinger: onHandleDestroyed: name=3991aa6 ActivityRecordInputSink com.transsion.hilauncher/com.android.launcher3.uioverrides.QuickstepLauncher#1342, layerId=1342, parentId=0
08-22 07:23:55.039  1545  3898 I AS.AudioService: getMode, get current owner's mode
08-22 07:23:55.040  1545  3898 I AS.AudioService: getMode, currentModeHandler is null
08-22 07:23:55.048  1049  1049 I BufferQueueDebug: [3991aa6 ActivityRecordInputSink com.transsion.hilauncher/com.android.launcher3.uioverrides.QuickstepLauncher#1342](this:0xb400007e737b8be8,id:-1,api:0,p:-1,c:1049) onDestructor()
08-22 07:23:55.048  1027  5516 I AudioFlinger: setParameters: filtered keyvalue screen_state=off
08-22 07:23:55.049  1027  5516 I AudioFlinger: +mAudioHwDevs(primary)->setParameters(): screen_state=off
08-22 07:23:55.049  1027  5516 I AudioFlinger: -mAudioHwDevs(primary)->setParameters(): screen_state=off
08-22 07:23:55.049  1027  5516 I AudioFlinger: +mAudioHwDevs(bluetooth)->setParameters(): screen_state=off
08-22 07:23:55.050  1027  5516 I AudioFlinger: -mAudioHwDevs(bluetooth)->setParameters(): screen_state=off
08-22 07:23:55.050  1027  5516 I AudioFlinger: +mAudioHwDevs(usb)->setParameters(): screen_state=off
08-22 07:23:55.050  1027  5516 I AudioFlinger: -mAudioHwDevs(usb)->setParameters(): screen_state=off
08-22 07:23:55.050  1027  5516 I AudioFlinger: +mAudioHwDevs(r_submix)->setParameters(): screen_state=off
08-22 07:23:55.051  1027  5516 I AudioFlinger: -mAudioHwDevs(r_submix)->setParameters(): screen_state=off
08-22 07:23:55.142  6673  6673 W BindAudioSmartConnectUseCase: ACTION_SCREEN_OFF
08-22 07:23:55.142  6673  6673 W BindAudioSmartConnectUseCase: stopBinder
08-22 07:23:55.328  5073  5286 I AudioManager: getCommunicationDevice
08-22 07:23:55.328  1545  2426 I AS.AudioDeviceBroker: topCommunicationRouteClient: process no permission or mCommunicationRouteClients is empty
08-22 07:23:55.329  1545  2426 I AS.AudioDeviceBroker: requestedCommunicationDevice: null mAudioModeOwner: AudioModeInfo: mMode=MODE_NORMAL, mPid=0, mUid=0
08-22 07:23:55.797  1027  5516 I AudioFlinger: setParameters: filtered keyvalue app_in_recents=false
08-22 07:23:55.797  1027  5516 I AudioFlinger: +mAudioHwDevs(primary)->setParameters(): app_in_recents=false
08-22 07:23:55.799   902   902 W AudioALSAHardware: setParameters(), still have param.size() = 1, remain param = "app_in_recents=false"
08-22 07:23:55.799  1027  5516 I AudioFlinger: -mAudioHwDevs(primary)->setParameters(): app_in_recents=false
08-22 07:23:55.799  1027  5516 I AudioFlinger: +mAudioHwDevs(bluetooth)->setParameters(): app_in_recents=false
08-22 07:23:55.800  1027  5516 I AudioFlinger: -mAudioHwDevs(bluetooth)->setParameters(): app_in_recents=false
08-22 07:23:55.800  1027  5516 I AudioFlinger: +mAudioHwDevs(usb)->setParameters(): app_in_recents=false
08-22 07:23:55.801  1027  5516 I AudioFlinger: -mAudioHwDevs(usb)->setParameters(): app_in_recents=false
08-22 07:23:55.801  1027  5516 I AudioFlinger: +mAudioHwDevs(r_submix)->setParameters(): app_in_recents=false
08-22 07:23:55.802  1027  5516 I AudioFlinger: -mAudioHwDevs(r_submix)->setParameters(): app_in_recents=false
08-22 07:23:59.450  2372  2372 W TranReflectUtils: 	at android.view.Choreographer$CallbackRecord.run(Choreographer.java:1610)
08-22 07:23:59.450  2372  2372 W TranReflectUtils: 	at android.view.Choreographer$CallbackRecord.run(Choreographer.java:1619)
08-22 07:24:42.322  1545  1823 I Griffin/MemoryMonitorManager: ProcessRecord= ProcessRecord{34c31c8 31980:com.transsion.tabe/1000} pss= 9 threshold= 3072
08-22 07:24:49.567  5073  5286 I AudioManager: getCommunicationDevice
08-22 07:24:49.567  1545  2981 I AS.AudioDeviceBroker: topCommunicationRouteClient: process no permission or mCommunicationRouteClients is empty
08-22 07:24:49.567  1545  2981 I AS.AudioDeviceBroker: requestedCommunicationDevice: null mAudioModeOwner: AudioModeInfo: mMode=MODE_NORMAL, mPid=0, mUid=0
08-22 07:25:15.576  1545  2096 D os.KeyguardGestureLiceFactory: volumedown down
08-22 07:25:15.578  1545  2096 I TranSecureCamExt: handleVolumeKey
08-22 07:25:15.579  1545  2096 I TranSecureCamExt: interceptVolumeKey: 0
08-22 07:25:15.584  1545  2096 I AS.AudioService: getMode, get current owner's mode
08-22 07:25:15.584  1545  2096 I AS.AudioService: getMode, currentModeHandler is null
08-22 07:25:15.585  1545  2096 D WindowManager:  sendVolumeKeyEvent event = KeyEvent { action=ACTION_DOWN, keyCode=KEYCODE_VOLUME_DOWN, scanCode=114, metaState=0, flags=0x8, repeatCount=0, eventTime=11122817890000, downTime=11122817890000, deviceId=2, source=0x101, displayId=-1 }
08-22 07:25:15.585  1545  2096 D MediaSessionService: dispatchVolumeKeyEvent, pkg=android, opPkg=android, pid=1545, uid=1000, asSystem=false, event=KeyEvent { action=ACTION_DOWN, keyCode=KEYCODE_VOLUME_DOWN, scanCode=114, metaState=0, flags=0x8, repeatCount=0, eventTime=11122817890000, downTime=11122817890000, deviceId=2, source=0x101, displayId=-1 }, stream=-2147483648, musicOnly=true
08-22 07:25:15.587  1545  2096 D MediaSessionService: Nothing is playing on the music stream. Skipping volume event, flags=4096
08-22 07:25:15.745  1545  2096 D os.KeyguardGestureLiceFactory: volumedown up
08-22 07:25:15.746  1545  2096 I TranSecureCamExt: handleVolumeKey
08-22 07:25:15.747  1545  2096 I TranSecureCamExt: interceptVolumeKey: 1
08-22 07:25:15.747  1545  2096 D WindowManager:  sendVolumeKeyEvent event = KeyEvent { action=ACTION_UP, keyCode=KEYCODE_VOLUME_DOWN, scanCode=114, metaState=0, flags=0x8, repeatCount=0, eventTime=11122987021000, downTime=11122817890000, deviceId=2, source=0x101, displayId=-1 }
08-22 07:25:15.747  1545  2096 D MediaSessionService: dispatchVolumeKeyEvent, pkg=android, opPkg=android, pid=1545, uid=1000, asSystem=false, event=KeyEvent { action=ACTION_UP, keyCode=KEYCODE_VOLUME_DOWN, scanCode=114, metaState=0, flags=0x8, repeatCount=0, eventTime=11122987021000, downTime=11122817890000, deviceId=2, source=0x101, displayId=-1 }, stream=-2147483648, musicOnly=true
08-22 07:25:15.749  1545  2096 D MediaSessionService: Nothing is playing on the music stream. Skipping volume event, flags=4096
08-22 07:25:16.172  1545  2096 D os.KeyguardGestureLiceFactory: volumedown down
08-22 07:25:16.174  1545  2096 I TranSecureCamExt: handleVolumeKey
08-22 07:25:16.174  1545  2096 I TranSecureCamExt: interceptVolumeKey: 0
08-22 07:25:16.178  1545  2096 I AS.AudioService: getMode, get current owner's mode
08-22 07:25:16.178  1545  2096 I AS.AudioService: getMode, currentModeHandler is null
08-22 07:25:16.179  1545  2096 D WindowManager:  sendVolumeKeyEvent event = KeyEvent { action=ACTION_DOWN, keyCode=KEYCODE_VOLUME_DOWN, scanCode=114, metaState=0, flags=0x8, repeatCount=0, eventTime=11123414452000, downTime=11123414452000, deviceId=2, source=0x101, displayId=-1 }
08-22 07:25:16.179  1545  2096 D MediaSessionService: dispatchVolumeKeyEvent, pkg=android, opPkg=android, pid=1545, uid=1000, asSystem=false, event=KeyEvent { action=ACTION_DOWN, keyCode=KEYCODE_VOLUME_DOWN, scanCode=114, metaState=0, flags=0x8, repeatCount=0, eventTime=11123414452000, downTime=11123414452000, deviceId=2, source=0x101, displayId=-1 }, stream=-2147483648, musicOnly=true
08-22 07:25:16.181  1545  2096 D MediaSessionService: Nothing is playing on the music stream. Skipping volume event, flags=4096
08-22 07:25:16.619  1545  2096 D os.KeyguardGestureLiceFactory: volumedown up
08-22 07:25:16.621  1545  2096 I TranSecureCamExt: handleVolumeKey
08-22 07:25:16.621  1545  2096 I TranSecureCamExt: interceptVolumeKey: 1
08-22 07:25:16.622  1545  2096 D WindowManager:  sendVolumeKeyEvent event = KeyEvent { action=ACTION_UP, keyCode=KEYCODE_VOLUME_DOWN, scanCode=114, metaState=0, flags=0x8, repeatCount=0, eventTime=11123861840000, downTime=11123414452000, deviceId=2, source=0x101, displayId=-1 }
08-22 07:25:16.622  1545  2096 D MediaSessionService: dispatchVolumeKeyEvent, pkg=android, opPkg=android, pid=1545, uid=1000, asSystem=false, event=KeyEvent { action=ACTION_UP, keyCode=KEYCODE_VOLUME_DOWN, scanCode=114, metaState=0, flags=0x8, repeatCount=0, eventTime=11123861840000, downTime=11123414452000, deviceId=2, source=0x101, displayId=-1 }, stream=-2147483648, musicOnly=true
08-22 07:25:16.623  1545  2096 D MediaSessionService: Nothing is playing on the music stream. Skipping volume event, flags=4096
08-22 07:25:16.838  1545  2096 D os.KeyguardGestureLiceFactory: volumedown down
08-22 07:25:16.840  1545  2096 I TranSecureCamExt: handleVolumeKey
08-22 07:25:16.840  1545  2096 I TranSecureCamExt: interceptVolumeKey: 0
08-22 07:25:16.843  1545  2096 I AS.AudioService: getMode, get current owner's mode
08-22 07:25:16.843  1545  2096 I AS.AudioService: getMode, currentModeHandler is null
08-22 07:25:16.845  1545  2096 D WindowManager:  sendVolumeKeyEvent event = KeyEvent { action=ACTION_DOWN, keyCode=KEYCODE_VOLUME_DOWN, scanCode=114, metaState=0, flags=0x8, repeatCount=0, eventTime=11124080035000, downTime=11124080035000, deviceId=2, source=0x101, displayId=-1 }
08-22 07:25:16.845  1545  2096 D MediaSessionService: dispatchVolumeKeyEvent, pkg=android, opPkg=android, pid=1545, uid=1000, asSystem=false, event=KeyEvent { action=ACTION_DOWN, keyCode=KEYCODE_VOLUME_DOWN, scanCode=114, metaState=0, flags=0x8, repeatCount=0, eventTime=11124080035000, downTime=11124080035000, deviceId=2, source=0x101, displayId=-1 }, stream=-2147483648, musicOnly=true
08-22 07:25:16.846  1545  2096 D MediaSessionService: Nothing is playing on the music stream. Skipping volume event, flags=4096
08-22 07:25:17.035  1545  2096 D os.KeyguardGestureLiceFactory: volumedown up
08-22 07:25:17.036  1545  2096 I TranSecureCamExt: handleVolumeKey
08-22 07:25:17.036  1545  2096 I TranSecureCamExt: interceptVolumeKey: 1
08-22 07:25:17.037  1545  2096 D WindowManager:  sendVolumeKeyEvent event = KeyEvent { action=ACTION_UP, keyCode=KEYCODE_VOLUME_DOWN, scanCode=114, metaState=0, flags=0x8, repeatCount=0, eventTime=11124276509000, downTime=11124080035000, deviceId=2, source=0x101, displayId=-1 }
08-22 07:25:17.037  1545  2096 D MediaSessionService: dispatchVolumeKeyEvent, pkg=android, opPkg=android, pid=1545, uid=1000, asSystem=false, event=KeyEvent { action=ACTION_UP, keyCode=KEYCODE_VOLUME_DOWN, scanCode=114, metaState=0, flags=0x8, repeatCount=0, eventTime=11124276509000, downTime=11124080035000, deviceId=2, source=0x101, displayId=-1 }, stream=-2147483648, musicOnly=true
08-22 07:25:17.038  1545  2096 D MediaSessionService: Nothing is playing on the music stream. Skipping volume event, flags=4096
08-22 07:25:17.220  1545  2096 D os.KeyguardGestureLiceFactory: volumedown down
08-22 07:25:17.222  1545  2096 I TranSecureCamExt: handleVolumeKey
08-22 07:25:17.222  1545  2096 I TranSecureCamExt: interceptVolumeKey: 0
08-22 07:25:17.225  1545  2096 I AS.AudioService: getMode, get current owner's mode
08-22 07:25:17.225  1545  2096 I AS.AudioService: getMode, currentModeHandler is null
08-22 07:25:17.227  1545  2096 D WindowManager:  sendVolumeKeyEvent event = KeyEvent { action=ACTION_DOWN, keyCode=KEYCODE_VOLUME_DOWN, scanCode=114, metaState=0, flags=0x8, repeatCount=0, eventTime=11124462312000, downTime=11124462312000, deviceId=2, source=0x101, displayId=-1 }
08-22 07:25:17.227  1545  2096 D MediaSessionService: dispatchVolumeKeyEvent, pkg=android, opPkg=android, pid=1545, uid=1000, asSystem=false, event=KeyEvent { action=ACTION_DOWN, keyCode=KEYCODE_VOLUME_DOWN, scanCode=114, metaState=0, flags=0x8, repeatCount=0, eventTime=11124462312000, downTime=11124462312000, deviceId=2, source=0x101, displayId=-1 }, stream=-2147483648, musicOnly=true
08-22 07:25:17.228  1545  2096 D MediaSessionService: Nothing is playing on the music stream. Skipping volume event, flags=4096
08-22 07:25:17.381  1545  2096 D os.KeyguardGestureLiceFactory: volumedown up
08-22 07:25:17.382  1545  2096 I TranSecureCamExt: handleVolumeKey
08-22 07:25:17.383  1545  2096 I TranSecureCamExt: interceptVolumeKey: 1
08-22 07:25:17.383  1545  2096 D WindowManager:  sendVolumeKeyEvent event = KeyEvent { action=ACTION_UP, keyCode=KEYCODE_VOLUME_DOWN, scanCode=114, metaState=0, flags=0x8, repeatCount=0, eventTime=11124623119000, downTime=11124462312000, deviceId=2, source=0x101, displayId=-1 }
08-22 07:25:17.383  1545  2096 D MediaSessionService: dispatchVolumeKeyEvent, pkg=android, opPkg=android, pid=1545, uid=1000, asSystem=false, event=KeyEvent { action=ACTION_UP, keyCode=KEYCODE_VOLUME_DOWN, scanCode=114, metaState=0, flags=0x8, repeatCount=0, eventTime=11124623119000, downTime=11124462312000, deviceId=2, source=0x101, displayId=-1 }, stream=-2147483648, musicOnly=true
08-22 07:25:17.384  1545  2096 D MediaSessionService: Nothing is playing on the music stream. Skipping volume event, flags=4096
08-22 07:25:49.633  5073  5286 I AudioManager: getCommunicationDevice
08-22 07:25:49.633  1545  2758 I AS.AudioDeviceBroker: topCommunicationRouteClient: process no permission or mCommunicationRouteClients is empty
08-22 07:25:49.633  1545  2758 I AS.AudioDeviceBroker: requestedCommunicationDevice: null mAudioModeOwner: AudioModeInfo: mMode=MODE_NORMAL, mPid=0, mUid=0
08-22 07:26:49.691  5073  5286 I AudioManager: getCommunicationDevice
08-22 07:26:49.691  1545  1617 I AS.AudioDeviceBroker: topCommunicationRouteClient: process no permission or mCommunicationRouteClients is empty
08-22 07:26:49.691  1545  1617 I AS.AudioDeviceBroker: requestedCommunicationDevice: null mAudioModeOwner: AudioModeInfo: mMode=MODE_NORMAL, mPid=0, mUid=0
08-22 07:27:49.744  5073  5286 I AudioManager: getCommunicationDevice
08-22 07:27:49.745  1545  1617 I AS.AudioDeviceBroker: topCommunicationRouteClient: process no permission or mCommunicationRouteClients is empty
08-22 07:27:49.745  1545  1617 I AS.AudioDeviceBroker: requestedCommunicationDevice: null mAudioModeOwner: AudioModeInfo: mMode=MODE_NORMAL, mPid=0, mUid=0
08-22 07:27:58.680  2372  2372 I AnimPlayer.AudioPlayer: destroyThread
08-22 07:27:58.702  1545  1823 I Griffin/MemoryMonitorManager: ProcessRecord= ProcessRecord{87540ed 6803:com.android.settings/1000} pss= 91 threshold= 212
08-22 07:27:58.737  1545  1823 I Griffin/MemoryMonitorManager: ProcessRecord= ProcessRecord{4e2209c 8396:com.idea.questionnaire/u0a166} pss= 22 threshold= 3072
08-22 07:27:58.760  1545  1823 I Griffin/MemoryMonitorManager: ProcessRecord= ProcessRecord{fdb82dd 9755:com.transsion.repaircard/1000} pss= 14 threshold= 3072
08-22 07:27:58.910 32055 32055 W libc    : Access denied finding property "ro.odm.tr_audio_hifi.feature.support"
08-22 07:27:59.057 32055 32055 I Ft_Feature1501MR2: Feature [ro.os_screenrecord_sr_sa_0019_009_support] initialized: true
08-22 07:27:59.075 32055 32055 I Ft_FeatureScreenRecord: Feature [ro.os_screenrecord_apk] initialized: true
08-22 07:27:59.076 32055 32055 I Ft_FeatureScreenRecord: openFeatureSwitches
