08-22 07:23:18.877  3692  3936 W MessageQueue: 	at com.transsion.camera.adapter.CameraProxy2Impl.unloadSoundEffectSource(CameraProxy2Impl.java:1022)
08-22 07:23:18.877  1545  2493 D WindowManager: setParent old=Task{f6493fd #27 type=standard A=10176:com.transsion.camera.app.CameraActivity},new=null,this window=ActivityRecord{624af4d u0 com.transsion.camera/.app.CameraActivity t27 f}},callers=com.android.server.wm.WindowContainer.removeChild:862 com.android.server.wm.TaskFragment.removeChild:3248 com.android.server.wm.Task.removeChild:1590 com.android.server.wm.Task.removeChild:1573 com.android.server.wm.WindowContainer.removeImmediately:932 com.android.server.wm.WindowToken.removeImmediately:359
08-22 07:23:18.878  3692  3936 W MessageQueue: Handler (com.transsion.camera.utils.sound.ActionSound$ActionSoundHandler) {76344ac} sending message to a Handler on a dead thread
08-22 07:23:18.878  3692  3936 W MessageQueue: java.lang.IllegalStateException: Handler (com.transsion.camera.utils.sound.ActionSound$ActionSoundHandler) {76344ac} sending message to a Handler on a dead thread
08-22 07:23:18.878  3692  3936 W MessageQueue: 	at com.transsion.camera.utils.sound.ActionSound.unload(ActionSound.java:176)
08-22 07:23:18.878  3692  3936 W MessageQueue: 	at com.transsion.camera.adapter.CameraProxy2Impl.unloadSoundEffectSource(CameraProxy2Impl.java:1023)
08-22 07:23:18.878  3692  3936 W MessageQueue: Handler (com.transsion.camera.utils.sound.ActionSound$ActionSoundHandler) {76344ac} sending message to a Handler on a dead thread
08-22 07:23:18.878  3692  3936 W MessageQueue: java.lang.IllegalStateException: Handler (com.transsion.camera.utils.sound.ActionSound$ActionSoundHandler) {76344ac} sending message to a Handler on a dead thread
08-22 07:23:18.878  3692  3936 W MessageQueue: 	at com.transsion.camera.utils.sound.ActionSound.unload(ActionSound.java:176)
08-22 07:23:18.878  3692  3936 W MessageQueue: 	at com.transsion.camera.adapter.CameraProxy2Impl.unloadSoundEffectSource(CameraProxy2Impl.java:1024)
08-22 07:23:18.878  3692  3936 D CamAp_Proxy_0: [unloadSoundEffectSource] --
08-22 07:23:18.903  1049  1049 I SurfaceFlinger: onHandleDestroyed: name=ActivityRecord{624af4d u0 com.transsion.camera/.app.CameraActivity t27}#1296, layerId=1296, parentId=0
08-22 07:23:18.920  1049  1049 I BufferQueueDebug: [ActivityRecord{624af4d u0 com.transsion.camera/.app.CameraActivity t27}#1296](this:0xb400007e73819908,id:-1,api:0,p:-1,c:1049) onDestructor()
08-22 07:23:18.937  3692  3723 D SoundPool: native_release called
08-22 07:23:18.937  3692  3723 D SoundPool: native_release end
08-22 07:23:18.975  1441 31850 I MtkCam/JpegNode: [waitJpegEncodeReqDone] mReqNewTriggerEncodeCond wait -
08-22 07:23:19.249  3614 31758 I Kolun_AI.SceneIdentify: onMediaEvent onRuleAudioCallCheck false
08-22 07:23:19.249  3614 31758 I Kolun_AI.SystemEventSubscribe:  onPublishData {"type":"media_event","time":1755818599246,"data":"{\"audioPkg\":\"com.transsion.settings.wifi\",\"audioState\":1,\"cameraId\":\"0\",\"cameraPkg\":\"\",\"cameraState\":1,\"micState\":-1}","provider":"dc","dc_version":2030370000,"data_version":1,"user_id":0}
08-22 07:23:20.882  1545  2096 I TranSecureCamExt: handleVolumeKey
08-22 07:23:20.884  1545  2096 I AS.AudioService: getMode, get current owner's mode
08-22 07:23:20.884  1545  2096 I AS.AudioService: getMode, currentModeHandler is null
08-22 07:23:21.036  1545  1545 I AS.AudioService: adjustSuggestedStreamVolume() stream=-2147483648, flags=4113, caller=android, volControlStream=-1, userSelect=false
08-22 07:23:21.037  1545  1545 I AS.AudioService: isInCommunication IsInCall = false mode = 0
08-22 07:23:21.040  1545  1545 I AS.AudioService: getActiveStreamType: Forcing DEFAULT_VOL_STREAM_NO_PLAYBACK(3) b/c default
08-22 07:23:21.041  1545  1545 I AS.AudioService: adjustStreamVolume() stream=3, dir=-1, flags=4113, caller=android
08-22 07:23:21.041  1545  1545 I AS.AudioService: adjustStreamVolume getDeviceForStream device = 2
08-22 07:23:21.042  1545  1545 I AS.AudioService:  newIndex For ui = 0
08-22 07:23:21.042  1545  2149 I AS.AudioService: setStreamVolumeIndexAS(3, 0, 2)
08-22 07:23:21.042  1545  2149 I AudioSystem: setStreamVolumeIndex: STREAM_MUSIC dev=2 idx=0
08-22 07:23:21.042  1027  5516 V APM_AudioPolicyManager: setStreamVolumeIndex: stream AUDIO_STREAM_MUSIC attributes={ Content type: AUDIO_CONTENT_TYPE_UNKNOWN Usage: AUDIO_USAGE_MEDIA Source: AUDIO_SOURCE_INVALID Flags: 0x0 Tags:  }
08-22 07:23:21.043  1027  5516 V APM_AudioPolicyManager: setVolumeIndexForAttributes: group 6 matching with { Content type: AUDIO_CONTENT_TYPE_UNKNOWN Usage: AUDIO_USAGE_MEDIA Source: AUDIO_SOURCE_INVALID Flags: 0x0 Tags:  } index 0
08-22 07:23:21.043  1027  5516 V APM_AudioPolicyManager: setVolumeCurveIndex device 00000002, index 0
08-22 07:23:21.045  1545  3892 I AS.AudioService: forceVolumeControlStream(3)
08-22 07:23:21.046  1545  2149 I AS.AudioService: setStreamVolumeIndexAS(11, 0, 2)
08-22 07:23:21.046  1545  2149 I AudioSystem: setStreamVolumeIndex: STREAM_ASSISTANT dev=2 idx=0
08-22 07:23:21.046  1027  5516 V APM_AudioPolicyManager: setStreamVolumeIndex: stream AUDIO_STREAM_ASSISTANT attributes={ Content type: AUDIO_CONTENT_TYPE_SPEECH Usage: AUDIO_USAGE_ASSISTANT Source: AUDIO_SOURCE_INVALID Flags: 0x0 Tags:  }
08-22 07:23:21.046  1027  5516 V APM_AudioPolicyManager: setVolumeIndexForAttributes: group 20 matching with { Content type: AUDIO_CONTENT_TYPE_SPEECH Usage: AUDIO_USAGE_ASSISTANT Source: AUDIO_SOURCE_INVALID Flags: 0x0 Tags:  } index 0
08-22 07:23:21.046  1027  5516 V APM_AudioPolicyManager: setVolumeCurveIndex device 00000002, index 0
08-22 07:23:21.049  1545  2149 I AS.AudioService: setStreamVolumeIndexAS(10, 1, 2)
08-22 07:23:21.049  1545  2149 I AudioSystem: setStreamVolumeIndex: STREAM_ACCESSIBILITY dev=2 idx=1
08-22 07:23:21.049  1027  5516 V APM_AudioPolicyManager: setStreamVolumeIndex: stream AUDIO_STREAM_ACCESSIBILITY attributes={ Content type: AUDIO_CONTENT_TYPE_UNKNOWN Usage: AUDIO_USAGE_ASSISTANCE_ACCESSIBILITY Source: AUDIO_SOURCE_INVALID Flags: 0x0 Tags:  }
08-22 07:23:21.049  1027  5516 V APM_AudioPolicyManager: setVolumeIndexForAttributes: group 1 matching with { Content type: AUDIO_CONTENT_TYPE_UNKNOWN Usage: AUDIO_USAGE_ASSISTANCE_ACCESSIBILITY Source: AUDIO_SOURCE_INVALID Flags: 0x0 Tags:  } index 1
08-22 07:23:21.049  1027  5516 V APM_AudioPolicyManager: setVolumeCurveIndex device 00000002, index 1
08-22 07:23:21.051  1545  2149 I AS.AudioService: setStreamVolumeIndexAS(9, 0, 2)
08-22 07:23:21.051  1545  2149 I AudioSystem: setStreamVolumeIndex: STREAM_TTS dev=2 idx=0
08-22 07:23:21.051  1027  5516 V APM_AudioPolicyManager: setStreamVolumeIndex: stream AUDIO_STREAM_TTS attributes={ Content type: AUDIO_CONTENT_TYPE_UNKNOWN Usage: AUDIO_USAGE_UNKNOWN Source: AUDIO_SOURCE_INVALID Flags: 0x8 Tags:  }
08-22 07:23:21.051  1027  5516 V APM_AudioPolicyManager: setVolumeIndexForAttributes: group 12 matching with { Content type: AUDIO_CONTENT_TYPE_UNKNOWN Usage: AUDIO_USAGE_UNKNOWN Source: AUDIO_SOURCE_INVALID Flags: 0x8 Tags:  } index 0
08-22 07:23:21.051  1027  5516 V APM_AudioPolicyManager: setVolumeCurveIndex device 00000002, index 0
08-22 07:23:21.054  1545  1545 I TranAudioService: checkVibrationPermission=true checkUpdateAppOpsStatsPermission:true
08-22 07:23:21.059  2372  2372 I vol.TrVolumeDialogImpl: showH r=volume_changed
08-22 07:23:21.059  1545  3892 I AS.AudioService: Volume controller visible: true
08-22 07:23:21.079  1049  1081 I BufferQueueDebug: [30e3d08 TrVolumeDialogImpl#1360](this:0xb400007e7383e958,id:-1,api:0,p:-1,c:-1) BufferQueue core=(1049:/system/bin/surfaceflinger)
08-22 07:23:21.082  2372  2372 I vol.Events: writeEvent show_dialog volume_changed keyguard=false
08-22 07:23:21.084  1545  2096 I TranSecureCamExt: handleVolumeKey
08-22 07:23:21.089  1545  1545 I AS.AudioService: adjustSuggestedStreamVolume() stream=-2147483648, flags=4116, caller=android, volControlStream=3, userSelect=false
08-22 07:23:21.090  1545  1545 I AS.AudioService: isInCommunication IsInCall = false mode = 0
08-22 07:23:21.092  1049  1081 I BufferQueueDebug: [TrVolumeDialogImpl#1361](this:0xb400007e737f48b8,id:-1,api:0,p:-1,c:-1) BufferQueue core=(1049:/system/bin/surfaceflinger)
08-22 07:23:21.092  1545  1545 I AS.AudioService: getActiveStreamType: Forcing DEFAULT_VOL_STREAM_NO_PLAYBACK(3) b/c default
08-22 07:23:21.092  1545  1545 I AS.AudioService: adjustStreamVolume() stream=3, dir=0, flags=4112, caller=android
08-22 07:23:21.093  1545  1545 I AS.AudioService: adjustStreamVolume getDeviceForStream device = 2
08-22 07:23:21.093  1545  1545 I AS.AudioService:  newIndex For ui = 0
08-22 07:23:21.094  1545  1545 I TranAudioService: checkVibrationPermission=true checkUpdateAppOpsStatsPermission:true
08-22 07:23:21.115  1545  3790 W WindowManager: finishDrawingWindow: Window{30e3d08 u0 TrVolumeDialogImpl} mDrawState=DRAW_PENDING
08-22 07:23:21.119  1545  3790 I WindowManager:   isAnimating=false  okToAnimate=true  win=Window{30e3d08 u0 TrVolumeDialogImpl}
08-22 07:23:21.286  1545  2096 I TranSecureCamExt: handleVolumeKey
08-22 07:23:21.288  1545  2096 I AS.AudioService: getMode, get current owner's mode
08-22 07:23:21.288  1545  2096 I AS.AudioService: getMode, currentModeHandler is null
08-22 07:23:21.438  1545  1545 I AS.AudioService: adjustSuggestedStreamVolume() stream=-2147483648, flags=4113, caller=android, volControlStream=3, userSelect=false
08-22 07:23:21.439  1545  1545 I AS.AudioService: isInCommunication IsInCall = false mode = 0
08-22 07:23:21.441  1545  1545 I AS.AudioService: getActiveStreamType: Forcing DEFAULT_VOL_STREAM_NO_PLAYBACK(3) b/c default
08-22 07:23:21.442  1545  1545 I AS.AudioService: adjustStreamVolume() stream=3, dir=-1, flags=4113, caller=android
08-22 07:23:21.442  1545  1545 I AS.AudioService: adjustStreamVolume getDeviceForStream device = 2
08-22 07:23:21.443  1545  1545 I AS.AudioService:  newIndex For ui = 0
08-22 07:23:21.443  1545  2149 I AS.AudioService: setStreamVolumeIndexAS(3, 0, 2)
08-22 07:23:21.443  1545  2149 I AudioSystem: setStreamVolumeIndex: STREAM_MUSIC dev=2 idx=0
08-22 07:23:21.444  1027  5516 V APM_AudioPolicyManager: setStreamVolumeIndex: stream AUDIO_STREAM_MUSIC attributes={ Content type: AUDIO_CONTENT_TYPE_UNKNOWN Usage: AUDIO_USAGE_MEDIA Source: AUDIO_SOURCE_INVALID Flags: 0x0 Tags:  }
08-22 07:23:21.444  1027  5516 V APM_AudioPolicyManager: setVolumeIndexForAttributes: group 6 matching with { Content type: AUDIO_CONTENT_TYPE_UNKNOWN Usage: AUDIO_USAGE_MEDIA Source: AUDIO_SOURCE_INVALID Flags: 0x0 Tags:  } index 0
08-22 07:23:21.445  1027  5516 V APM_AudioPolicyManager: setVolumeCurveIndex device 00000002, index 0
08-22 07:23:21.447  1545  2149 I AS.AudioService: setStreamVolumeIndexAS(11, 0, 2)
08-22 07:23:21.447  1545  2149 I AudioSystem: setStreamVolumeIndex: STREAM_ASSISTANT dev=2 idx=0
08-22 07:23:21.447  1027  5516 V APM_AudioPolicyManager: setStreamVolumeIndex: stream AUDIO_STREAM_ASSISTANT attributes={ Content type: AUDIO_CONTENT_TYPE_SPEECH Usage: AUDIO_USAGE_ASSISTANT Source: AUDIO_SOURCE_INVALID Flags: 0x0 Tags:  }
08-22 07:23:21.447  1027  5516 V APM_AudioPolicyManager: setVolumeIndexForAttributes: group 20 matching with { Content type: AUDIO_CONTENT_TYPE_SPEECH Usage: AUDIO_USAGE_ASSISTANT Source: AUDIO_SOURCE_INVALID Flags: 0x0 Tags:  } index 0
08-22 07:23:21.448  1027  5516 V APM_AudioPolicyManager: setVolumeCurveIndex device 00000002, index 0
08-22 07:23:21.449  1545  2149 I AS.AudioService: setStreamVolumeIndexAS(10, 1, 2)
08-22 07:23:21.449  1545  2149 I AudioSystem: setStreamVolumeIndex: STREAM_ACCESSIBILITY dev=2 idx=1
08-22 07:23:21.449  1027  5516 V APM_AudioPolicyManager: setStreamVolumeIndex: stream AUDIO_STREAM_ACCESSIBILITY attributes={ Content type: AUDIO_CONTENT_TYPE_UNKNOWN Usage: AUDIO_USAGE_ASSISTANCE_ACCESSIBILITY Source: AUDIO_SOURCE_INVALID Flags: 0x0 Tags:  }
08-22 07:23:21.450  1027  5516 V APM_AudioPolicyManager: setVolumeIndexForAttributes: group 1 matching with { Content type: AUDIO_CONTENT_TYPE_UNKNOWN Usage: AUDIO_USAGE_ASSISTANCE_ACCESSIBILITY Source: AUDIO_SOURCE_INVALID Flags: 0x0 Tags:  } index 1
08-22 07:23:21.450  1027  5516 V APM_AudioPolicyManager: setVolumeCurveIndex device 00000002, index 1
08-22 07:23:21.451  1545  2149 I AS.AudioService: setStreamVolumeIndexAS(9, 0, 2)
08-22 07:23:21.452  1545  2149 I AudioSystem: setStreamVolumeIndex: STREAM_TTS dev=2 idx=0
08-22 07:23:21.452  1027  5516 V APM_AudioPolicyManager: setStreamVolumeIndex: stream AUDIO_STREAM_TTS attributes={ Content type: AUDIO_CONTENT_TYPE_UNKNOWN Usage: AUDIO_USAGE_UNKNOWN Source: AUDIO_SOURCE_INVALID Flags: 0x8 Tags:  }
08-22 07:23:21.452  1027  5516 V APM_AudioPolicyManager: setVolumeIndexForAttributes: group 12 matching with { Content type: AUDIO_CONTENT_TYPE_UNKNOWN Usage: AUDIO_USAGE_UNKNOWN Source: AUDIO_SOURCE_INVALID Flags: 0x8 Tags:  } index 0
08-22 07:23:21.452  1027  5516 V APM_AudioPolicyManager: setVolumeCurveIndex device 00000002, index 0
08-22 07:23:21.454  1545  1545 I TranAudioService: checkVibrationPermission=true checkUpdateAppOpsStatsPermission:true
08-22 07:23:21.458  2372  2372 I vol.TrVolumeDialogImpl: showH r=volume_changed
08-22 07:23:21.459  1545  3790 I AS.AudioService: Volume controller visible: true
08-22 07:23:21.459  2372  2372 I vol.Events: writeEvent show_dialog volume_changed keyguard=false
08-22 07:23:21.480  1545  2096 I TranSecureCamExt: handleVolumeKey
08-22 07:23:21.484  1545  1545 I AS.AudioService: adjustSuggestedStreamVolume() stream=-2147483648, flags=4116, caller=android, volControlStream=3, userSelect=false
08-22 07:23:21.485  1545  1545 I AS.AudioService: isInCommunication IsInCall = false mode = 0
08-22 07:23:21.487  1545  1545 I AS.AudioService: getActiveStreamType: Forcing DEFAULT_VOL_STREAM_NO_PLAYBACK(3) b/c default
08-22 07:23:21.488  1545  1545 I AS.AudioService: adjustStreamVolume() stream=3, dir=0, flags=4112, caller=android
08-22 07:23:21.488  1545  1545 I AS.AudioService: adjustStreamVolume getDeviceForStream device = 2
08-22 07:23:21.488  1545  1545 I AS.AudioService:  newIndex For ui = 0
08-22 07:23:21.489  1545  1545 I TranAudioService: checkVibrationPermission=true checkUpdateAppOpsStatsPermission:true
08-22 07:23:21.510  2372  2372 W FrameTracker: Missed SF frame:UNKNOWN: 80, 370079, 8798448, CUJ=J<VOLUME_CONTROL::show>
08-22 07:23:21.510  2372  2372 W FrameTracker: Missed SF frame:UNKNOWN: 80, 370093, 7494679, CUJ=J<VOLUME_CONTROL::show>
08-22 07:23:21.510  2372  2372 W FrameTracker: Missed SF frame:UNKNOWN: 80, 370107, 7032217, CUJ=J<VOLUME_CONTROL::show>
08-22 07:23:21.510  2372  2372 W FrameTracker: Missed SF frame:UNKNOWN: 80, 370121, 10327525, CUJ=J<VOLUME_CONTROL::show>
08-22 07:23:21.510  2372  2372 W FrameTracker: Missed SF frame:UNKNOWN: 80, 370142, 9079679, CUJ=J<VOLUME_CONTROL::show>
08-22 07:23:21.510  2372  2372 W FrameTracker: Missed SF frame:UNKNOWN: 80, 370170, 10565166, CUJ=J<VOLUME_CONTROL::show>
08-22 07:23:21.667  1545  2096 I TranSecureCamExt: handleVolumeKey
08-22 07:23:21.668  1545  2096 I AS.AudioService: getMode, get current owner's mode
08-22 07:23:21.668  1545  2096 I AS.AudioService: getMode, currentModeHandler is null
08-22 07:23:21.819  1545  1545 I AS.AudioService: adjustSuggestedStreamVolume() stream=-2147483648, flags=4113, caller=android, volControlStream=3, userSelect=false
08-22 07:23:21.820  1545  1545 I AS.AudioService: isInCommunication IsInCall = false mode = 0
08-22 07:23:21.822  1545  1545 I AS.AudioService: getActiveStreamType: Forcing DEFAULT_VOL_STREAM_NO_PLAYBACK(3) b/c default
08-22 07:23:21.823  1545  1545 I AS.AudioService: adjustStreamVolume() stream=3, dir=-1, flags=4113, caller=android
08-22 07:23:21.823  1545  1545 I AS.AudioService: adjustStreamVolume getDeviceForStream device = 2
08-22 07:23:21.824  1545  1545 I AS.AudioService:  newIndex For ui = 0
08-22 07:23:21.824  1545  2149 I AS.AudioService: setStreamVolumeIndexAS(3, 0, 2)
08-22 07:23:21.824  1545  2149 I AudioSystem: setStreamVolumeIndex: STREAM_MUSIC dev=2 idx=0
08-22 07:23:21.824  1027  5516 V APM_AudioPolicyManager: setStreamVolumeIndex: stream AUDIO_STREAM_MUSIC attributes={ Content type: AUDIO_CONTENT_TYPE_UNKNOWN Usage: AUDIO_USAGE_MEDIA Source: AUDIO_SOURCE_INVALID Flags: 0x0 Tags:  }
08-22 07:23:21.824  1027  5516 V APM_AudioPolicyManager: setVolumeIndexForAttributes: group 6 matching with { Content type: AUDIO_CONTENT_TYPE_UNKNOWN Usage: AUDIO_USAGE_MEDIA Source: AUDIO_SOURCE_INVALID Flags: 0x0 Tags:  } index 0
08-22 07:23:21.824  1027  5516 V APM_AudioPolicyManager: setVolumeCurveIndex device 00000002, index 0
08-22 07:23:21.826  1545  2149 I AS.AudioService: setStreamVolumeIndexAS(11, 0, 2)
08-22 07:23:21.826  1545  2149 I AudioSystem: setStreamVolumeIndex: STREAM_ASSISTANT dev=2 idx=0
08-22 07:23:21.826  1027  5516 V APM_AudioPolicyManager: setStreamVolumeIndex: stream AUDIO_STREAM_ASSISTANT attributes={ Content type: AUDIO_CONTENT_TYPE_SPEECH Usage: AUDIO_USAGE_ASSISTANT Source: AUDIO_SOURCE_INVALID Flags: 0x0 Tags:  }
08-22 07:23:21.827  1027  5516 V APM_AudioPolicyManager: setVolumeIndexForAttributes: group 20 matching with { Content type: AUDIO_CONTENT_TYPE_SPEECH Usage: AUDIO_USAGE_ASSISTANT Source: AUDIO_SOURCE_INVALID Flags: 0x0 Tags:  } index 0
08-22 07:23:21.827  1027  5516 V APM_AudioPolicyManager: setVolumeCurveIndex device 00000002, index 0
08-22 07:23:21.829  1545  2149 I AS.AudioService: setStreamVolumeIndexAS(10, 1, 2)
08-22 07:23:21.829  1545  2149 I AudioSystem: setStreamVolumeIndex: STREAM_ACCESSIBILITY dev=2 idx=1
08-22 07:23:21.829  1027  5516 V APM_AudioPolicyManager: setStreamVolumeIndex: stream AUDIO_STREAM_ACCESSIBILITY attributes={ Content type: AUDIO_CONTENT_TYPE_UNKNOWN Usage: AUDIO_USAGE_ASSISTANCE_ACCESSIBILITY Source: AUDIO_SOURCE_INVALID Flags: 0x0 Tags:  }
08-22 07:23:21.830  1027  5516 V APM_AudioPolicyManager: setVolumeIndexForAttributes: group 1 matching with { Content type: AUDIO_CONTENT_TYPE_UNKNOWN Usage: AUDIO_USAGE_ASSISTANCE_ACCESSIBILITY Source: AUDIO_SOURCE_INVALID Flags: 0x0 Tags:  } index 1
08-22 07:23:21.830  1027  5516 V APM_AudioPolicyManager: setVolumeCurveIndex device 00000002, index 1
08-22 07:23:21.831  1545  2149 I AS.AudioService: setStreamVolumeIndexAS(9, 0, 2)
08-22 07:23:21.831  1545  2149 I AudioSystem: setStreamVolumeIndex: STREAM_TTS dev=2 idx=0
08-22 07:23:21.831  1027  5516 V APM_AudioPolicyManager: setStreamVolumeIndex: stream AUDIO_STREAM_TTS attributes={ Content type: AUDIO_CONTENT_TYPE_UNKNOWN Usage: AUDIO_USAGE_UNKNOWN Source: AUDIO_SOURCE_INVALID Flags: 0x8 Tags:  }
08-22 07:23:21.832  1027  5516 V APM_AudioPolicyManager: setVolumeIndexForAttributes: group 12 matching with { Content type: AUDIO_CONTENT_TYPE_UNKNOWN Usage: AUDIO_USAGE_UNKNOWN Source: AUDIO_SOURCE_INVALID Flags: 0x8 Tags:  } index 0
08-22 07:23:21.832  1027  5516 V APM_AudioPolicyManager: setVolumeCurveIndex device 00000002, index 0
08-22 07:23:21.834  1545  1545 I TranAudioService: checkVibrationPermission=true checkUpdateAppOpsStatsPermission:true
08-22 07:23:21.836  2372  2372 I vol.TrVolumeDialogImpl: showH r=volume_changed
08-22 07:23:21.837  2372  2372 I vol.Events: writeEvent show_dialog volume_changed keyguard=false
08-22 07:23:21.838  1545  3892 I AS.AudioService: Volume controller visible: true
08-22 07:23:22.069  1545  1545 I AS.AudioService: adjustSuggestedStreamVolume() stream=-2147483648, flags=4113, caller=android, volControlStream=3, userSelect=false
08-22 07:23:22.070  1545  1545 I AS.AudioService: isInCommunication IsInCall = false mode = 0
08-22 07:23:22.073  1545  1545 I AS.AudioService: getActiveStreamType: Forcing DEFAULT_VOL_STREAM_NO_PLAYBACK(3) b/c default
08-22 07:23:22.074  1545  1545 I AS.AudioService: adjustStreamVolume() stream=3, dir=-1, flags=4113, caller=android
08-22 07:23:22.074  1545  1545 I AS.AudioService: adjustStreamVolume getDeviceForStream device = 2
08-22 07:23:22.075  1545  1545 I AS.AudioService:  newIndex For ui = 0
08-22 07:23:22.075  1545  2149 I AS.AudioService: setStreamVolumeIndexAS(3, 0, 2)
08-22 07:23:22.075  1545  2149 I AudioSystem: setStreamVolumeIndex: STREAM_MUSIC dev=2 idx=0
08-22 07:23:22.076  1027  5516 V APM_AudioPolicyManager: setStreamVolumeIndex: stream AUDIO_STREAM_MUSIC attributes={ Content type: AUDIO_CONTENT_TYPE_UNKNOWN Usage: AUDIO_USAGE_MEDIA Source: AUDIO_SOURCE_INVALID Flags: 0x0 Tags:  }
08-22 07:23:22.076  1027  5516 V APM_AudioPolicyManager: setVolumeIndexForAttributes: group 6 matching with { Content type: AUDIO_CONTENT_TYPE_UNKNOWN Usage: AUDIO_USAGE_MEDIA Source: AUDIO_SOURCE_INVALID Flags: 0x0 Tags:  } index 0
08-22 07:23:22.077  1027  5516 V APM_AudioPolicyManager: setVolumeCurveIndex device 00000002, index 0
08-22 07:23:22.078  1545  2149 I AS.AudioService: setStreamVolumeIndexAS(11, 0, 2)
08-22 07:23:22.079  1545  2149 I AudioSystem: setStreamVolumeIndex: STREAM_ASSISTANT dev=2 idx=0
08-22 07:23:22.081  1027  5516 V APM_AudioPolicyManager: setStreamVolumeIndex: stream AUDIO_STREAM_ASSISTANT attributes={ Content type: AUDIO_CONTENT_TYPE_SPEECH Usage: AUDIO_USAGE_ASSISTANT Source: AUDIO_SOURCE_INVALID Flags: 0x0 Tags:  }
08-22 07:23:22.081  1027  5516 V APM_AudioPolicyManager: setVolumeIndexForAttributes: group 20 matching with { Content type: AUDIO_CONTENT_TYPE_SPEECH Usage: AUDIO_USAGE_ASSISTANT Source: AUDIO_SOURCE_INVALID Flags: 0x0 Tags:  } index 0
08-22 07:23:22.081  1027  5516 V APM_AudioPolicyManager: setVolumeCurveIndex device 00000002, index 0
08-22 07:23:22.082  1545  2149 I AS.AudioService: setStreamVolumeIndexAS(10, 1, 2)
08-22 07:23:22.083  1545  2149 I AudioSystem: setStreamVolumeIndex: STREAM_ACCESSIBILITY dev=2 idx=1
08-22 07:23:22.083  1027  5516 V APM_AudioPolicyManager: setStreamVolumeIndex: stream AUDIO_STREAM_ACCESSIBILITY attributes={ Content type: AUDIO_CONTENT_TYPE_UNKNOWN Usage: AUDIO_USAGE_ASSISTANCE_ACCESSIBILITY Source: AUDIO_SOURCE_INVALID Flags: 0x0 Tags:  }
08-22 07:23:22.083  1027  5516 V APM_AudioPolicyManager: setVolumeIndexForAttributes: group 1 matching with { Content type: AUDIO_CONTENT_TYPE_UNKNOWN Usage: AUDIO_USAGE_ASSISTANCE_ACCESSIBILITY Source: AUDIO_SOURCE_INVALID Flags: 0x0 Tags:  } index 1
08-22 07:23:22.083  1027  5516 V APM_AudioPolicyManager: setVolumeCurveIndex device 00000002, index 1
08-22 07:23:22.084  1545  2149 I AS.AudioService: setStreamVolumeIndexAS(9, 0, 2)
08-22 07:23:22.084  1545  2149 I AudioSystem: setStreamVolumeIndex: STREAM_TTS dev=2 idx=0
08-22 07:23:22.085  1027  5516 V APM_AudioPolicyManager: setStreamVolumeIndex: stream AUDIO_STREAM_TTS attributes={ Content type: AUDIO_CONTENT_TYPE_UNKNOWN Usage: AUDIO_USAGE_UNKNOWN Source: AUDIO_SOURCE_INVALID Flags: 0x8 Tags:  }
08-22 07:23:22.085  1027  5516 V APM_AudioPolicyManager: setVolumeIndexForAttributes: group 12 matching with { Content type: AUDIO_CONTENT_TYPE_UNKNOWN Usage: AUDIO_USAGE_UNKNOWN Source: AUDIO_SOURCE_INVALID Flags: 0x8 Tags:  } index 0
08-22 07:23:22.085  1027  5516 V APM_AudioPolicyManager: setVolumeCurveIndex device 00000002, index 0
08-22 07:23:22.086  1545  1545 I TranAudioService: checkVibrationPermission=true checkUpdateAppOpsStatsPermission:true
08-22 07:23:22.088  2372  2372 I vol.TrVolumeDialogImpl: showH r=volume_changed
08-22 07:23:22.088  1545  2493 I AS.AudioService: Volume controller visible: true
08-22 07:23:22.088  2372  2372 I vol.Events: writeEvent show_dialog volume_changed keyguard=false
08-22 07:23:22.120  1545  1545 I AS.AudioService: adjustSuggestedStreamVolume() stream=-2147483648, flags=4113, caller=android, volControlStream=3, userSelect=false
08-22 07:23:22.123  1545  1545 I AS.AudioService: isInCommunication IsInCall = false mode = 0
08-22 07:23:22.126  1545  1545 I AS.AudioService: getActiveStreamType: Forcing DEFAULT_VOL_STREAM_NO_PLAYBACK(3) b/c default
08-22 07:23:22.127  1545  1545 I AS.AudioService: adjustStreamVolume() stream=3, dir=-1, flags=4113, caller=android
08-22 07:23:22.127  1545  1545 I AS.AudioService: adjustStreamVolume getDeviceForStream device = 2
08-22 07:23:22.128  1545  1545 I AS.AudioService:  newIndex For ui = 0
08-22 07:23:22.129  1545  1545 I TranAudioService: checkVibrationPermission=true checkUpdateAppOpsStatsPermission:true
08-22 07:23:22.130  1545  2149 I AS.AudioService: setStreamVolumeIndexAS(3, 0, 2)
08-22 07:23:22.130  1545  2149 I AudioSystem: setStreamVolumeIndex: STREAM_MUSIC dev=2 idx=0
08-22 07:23:22.130  1027  5516 V APM_AudioPolicyManager: setStreamVolumeIndex: stream AUDIO_STREAM_MUSIC attributes={ Content type: AUDIO_CONTENT_TYPE_UNKNOWN Usage: AUDIO_USAGE_MEDIA Source: AUDIO_SOURCE_INVALID Flags: 0x0 Tags:  }
08-22 07:23:22.130  1027  5516 V APM_AudioPolicyManager: setVolumeIndexForAttributes: group 6 matching with { Content type: AUDIO_CONTENT_TYPE_UNKNOWN Usage: AUDIO_USAGE_MEDIA Source: AUDIO_SOURCE_INVALID Flags: 0x0 Tags:  } index 0
08-22 07:23:22.130  1027  5516 V APM_AudioPolicyManager: setVolumeCurveIndex device 00000002, index 0
08-22 07:23:22.132  1545  2149 I AS.AudioService: setStreamVolumeIndexAS(11, 0, 2)
08-22 07:23:22.132  1545  2149 I AudioSystem: setStreamVolumeIndex: STREAM_ASSISTANT dev=2 idx=0
08-22 07:23:22.132  1027  5516 V APM_AudioPolicyManager: setStreamVolumeIndex: stream AUDIO_STREAM_ASSISTANT attributes={ Content type: AUDIO_CONTENT_TYPE_SPEECH Usage: AUDIO_USAGE_ASSISTANT Source: AUDIO_SOURCE_INVALID Flags: 0x0 Tags:  }
08-22 07:23:22.132  1027  5516 V APM_AudioPolicyManager: setVolumeIndexForAttributes: group 20 matching with { Content type: AUDIO_CONTENT_TYPE_SPEECH Usage: AUDIO_USAGE_ASSISTANT Source: AUDIO_SOURCE_INVALID Flags: 0x0 Tags:  } index 0
08-22 07:23:22.132  1027  5516 V APM_AudioPolicyManager: setVolumeCurveIndex device 00000002, index 0
08-22 07:23:22.134  1545  2149 I AS.AudioService: setStreamVolumeIndexAS(10, 1, 2)
08-22 07:23:22.134  1545  2149 I AudioSystem: setStreamVolumeIndex: STREAM_ACCESSIBILITY dev=2 idx=1
08-22 07:23:22.134  1027  5516 V APM_AudioPolicyManager: setStreamVolumeIndex: stream AUDIO_STREAM_ACCESSIBILITY attributes={ Content type: AUDIO_CONTENT_TYPE_UNKNOWN Usage: AUDIO_USAGE_ASSISTANCE_ACCESSIBILITY Source: AUDIO_SOURCE_INVALID Flags: 0x0 Tags:  }
08-22 07:23:22.134  1027  5516 V APM_AudioPolicyManager: setVolumeIndexForAttributes: group 1 matching with { Content type: AUDIO_CONTENT_TYPE_UNKNOWN Usage: AUDIO_USAGE_ASSISTANCE_ACCESSIBILITY Source: AUDIO_SOURCE_INVALID Flags: 0x0 Tags:  } index 1
08-22 07:23:22.134  1027  5516 V APM_AudioPolicyManager: setVolumeCurveIndex device 00000002, index 1
08-22 07:23:22.136  1545  2149 I AS.AudioService: setStreamVolumeIndexAS(9, 0, 2)
08-22 07:23:22.137  1545  2149 I AudioSystem: setStreamVolumeIndex: STREAM_TTS dev=2 idx=0
08-22 07:23:22.137  1027  5516 V APM_AudioPolicyManager: setStreamVolumeIndex: stream AUDIO_STREAM_TTS attributes={ Content type: AUDIO_CONTENT_TYPE_UNKNOWN Usage: AUDIO_USAGE_UNKNOWN Source: AUDIO_SOURCE_INVALID Flags: 0x8 Tags:  }
08-22 07:23:22.137  1027  5516 V APM_AudioPolicyManager: setVolumeIndexForAttributes: group 12 matching with { Content type: AUDIO_CONTENT_TYPE_UNKNOWN Usage: AUDIO_USAGE_UNKNOWN Source: AUDIO_SOURCE_INVALID Flags: 0x8 Tags:  } index 0
08-22 07:23:22.137  1027  5516 V APM_AudioPolicyManager: setVolumeCurveIndex device 00000002, index 0
08-22 07:23:22.142  2372  2372 I vol.TrVolumeDialogImpl: showH r=volume_changed
08-22 07:23:22.142  1049  1049 I BufferQueueProducer: [TrVolumeDialogImpl#1361](this:0xb400007e737f48b8,id:-1,api:0,p:-1,c:1049) queueBuffer: fps=36.66 dur=1009.35 max=189.26 min=16.14
08-22 07:23:22.143  2372  2372 I vol.Events: writeEvent show_dialog volume_changed keyguard=false
08-22 07:23:22.143  1545  3790 I AS.AudioService: Volume controller visible: true
08-22 07:23:22.172  1545  1545 I AS.AudioService: adjustSuggestedStreamVolume() stream=-2147483648, flags=4113, caller=android, volControlStream=3, userSelect=false
08-22 07:23:22.173  1545  1545 I AS.AudioService: isInCommunication IsInCall = false mode = 0
08-22 07:23:22.175  1545  1545 I AS.AudioService: getActiveStreamType: Forcing DEFAULT_VOL_STREAM_NO_PLAYBACK(3) b/c default
08-22 07:23:22.176  1545  1545 I AS.AudioService: adjustStreamVolume() stream=3, dir=-1, flags=4113, caller=android
08-22 07:23:22.176  1545  1545 I AS.AudioService: adjustStreamVolume getDeviceForStream device = 2
08-22 07:23:22.177  1545  1545 I AS.AudioService:  newIndex For ui = 0
08-22 07:23:22.177  1545  2149 I AS.AudioService: setStreamVolumeIndexAS(3, 0, 2)
08-22 07:23:22.177  1545  2149 I AudioSystem: setStreamVolumeIndex: STREAM_MUSIC dev=2 idx=0
08-22 07:23:22.177  1027  5516 V APM_AudioPolicyManager: setStreamVolumeIndex: stream AUDIO_STREAM_MUSIC attributes={ Content type: AUDIO_CONTENT_TYPE_UNKNOWN Usage: AUDIO_USAGE_MEDIA Source: AUDIO_SOURCE_INVALID Flags: 0x0 Tags:  }
08-22 07:23:22.177  1027  5516 V APM_AudioPolicyManager: setVolumeIndexForAttributes: group 6 matching with { Content type: AUDIO_CONTENT_TYPE_UNKNOWN Usage: AUDIO_USAGE_MEDIA Source: AUDIO_SOURCE_INVALID Flags: 0x0 Tags:  } index 0
08-22 07:23:22.177  1027  5516 V APM_AudioPolicyManager: setVolumeCurveIndex device 00000002, index 0
08-22 07:23:22.179  1545  2149 I AS.AudioService: setStreamVolumeIndexAS(11, 0, 2)
08-22 07:23:22.179  1545  2149 I AudioSystem: setStreamVolumeIndex: STREAM_ASSISTANT dev=2 idx=0
08-22 07:23:22.179  1027  5516 V APM_AudioPolicyManager: setStreamVolumeIndex: stream AUDIO_STREAM_ASSISTANT attributes={ Content type: AUDIO_CONTENT_TYPE_SPEECH Usage: AUDIO_USAGE_ASSISTANT Source: AUDIO_SOURCE_INVALID Flags: 0x0 Tags:  }
08-22 07:23:22.179  1027  5516 V APM_AudioPolicyManager: setVolumeIndexForAttributes: group 20 matching with { Content type: AUDIO_CONTENT_TYPE_SPEECH Usage: AUDIO_USAGE_ASSISTANT Source: AUDIO_SOURCE_INVALID Flags: 0x0 Tags:  } index 0
08-22 07:23:22.179  1027  5516 V APM_AudioPolicyManager: setVolumeCurveIndex device 00000002, index 0
08-22 07:23:22.181  1545  2149 I AS.AudioService: setStreamVolumeIndexAS(10, 1, 2)
08-22 07:23:22.181  1545  2149 I AudioSystem: setStreamVolumeIndex: STREAM_ACCESSIBILITY dev=2 idx=1
08-22 07:23:22.181  1027  5516 V APM_AudioPolicyManager: setStreamVolumeIndex: stream AUDIO_STREAM_ACCESSIBILITY attributes={ Content type: AUDIO_CONTENT_TYPE_UNKNOWN Usage: AUDIO_USAGE_ASSISTANCE_ACCESSIBILITY Source: AUDIO_SOURCE_INVALID Flags: 0x0 Tags:  }
08-22 07:23:22.181  1027  5516 V APM_AudioPolicyManager: setVolumeIndexForAttributes: group 1 matching with { Content type: AUDIO_CONTENT_TYPE_UNKNOWN Usage: AUDIO_USAGE_ASSISTANCE_ACCESSIBILITY Source: AUDIO_SOURCE_INVALID Flags: 0x0 Tags:  } index 1
08-22 07:23:22.181  1027  5516 V APM_AudioPolicyManager: setVolumeCurveIndex device 00000002, index 1
08-22 07:23:22.183  1545  2149 I AS.AudioService: setStreamVolumeIndexAS(9, 0, 2)
08-22 07:23:22.183  1545  2149 I AudioSystem: setStreamVolumeIndex: STREAM_TTS dev=2 idx=0
08-22 07:23:22.183  1027  5516 V APM_AudioPolicyManager: setStreamVolumeIndex: stream AUDIO_STREAM_TTS attributes={ Content type: AUDIO_CONTENT_TYPE_UNKNOWN Usage: AUDIO_USAGE_UNKNOWN Source: AUDIO_SOURCE_INVALID Flags: 0x8 Tags:  }
08-22 07:23:22.183  1027  5516 V APM_AudioPolicyManager: setVolumeIndexForAttributes: group 12 matching with { Content type: AUDIO_CONTENT_TYPE_UNKNOWN Usage: AUDIO_USAGE_UNKNOWN Source: AUDIO_SOURCE_INVALID Flags: 0x8 Tags:  } index 0
08-22 07:23:22.183  1027  5516 V APM_AudioPolicyManager: setVolumeCurveIndex device 00000002, index 0
08-22 07:23:22.185  1545  1545 I TranAudioService: checkVibrationPermission=true checkUpdateAppOpsStatsPermission:true
08-22 07:23:22.190  2372  2372 I vol.TrVolumeDialogImpl: showH r=volume_changed
08-22 07:23:22.192  2372  2372 I vol.Events: writeEvent show_dialog volume_changed keyguard=false
08-22 07:23:22.192  1545  3790 I AS.AudioService: Volume controller visible: true
08-22 07:23:22.221  1545  1545 I AS.AudioService: adjustSuggestedStreamVolume() stream=-2147483648, flags=4113, caller=android, volControlStream=3, userSelect=false
08-22 07:23:22.222  1545  1545 I AS.AudioService: isInCommunication IsInCall = false mode = 0
08-22 07:23:22.224  1545  1545 I AS.AudioService: getActiveStreamType: Forcing DEFAULT_VOL_STREAM_NO_PLAYBACK(3) b/c default
08-22 07:23:22.225  1545  1545 I AS.AudioService: adjustStreamVolume() stream=3, dir=-1, flags=4113, caller=android
08-22 07:23:22.226  1545  1545 I AS.AudioService: adjustStreamVolume getDeviceForStream device = 2
08-22 07:23:22.226  1545  1545 I AS.AudioService:  newIndex For ui = 0
08-22 07:23:22.227  1545  2149 I AS.AudioService: setStreamVolumeIndexAS(3, 0, 2)
08-22 07:23:22.227  1545  2149 I AudioSystem: setStreamVolumeIndex: STREAM_MUSIC dev=2 idx=0
08-22 07:23:22.227  1027  5516 V APM_AudioPolicyManager: setStreamVolumeIndex: stream AUDIO_STREAM_MUSIC attributes={ Content type: AUDIO_CONTENT_TYPE_UNKNOWN Usage: AUDIO_USAGE_MEDIA Source: AUDIO_SOURCE_INVALID Flags: 0x0 Tags:  }
08-22 07:23:22.227  1027  5516 V APM_AudioPolicyManager: setVolumeIndexForAttributes: group 6 matching with { Content type: AUDIO_CONTENT_TYPE_UNKNOWN Usage: AUDIO_USAGE_MEDIA Source: AUDIO_SOURCE_INVALID Flags: 0x0 Tags:  } index 0
08-22 07:23:22.228  1027  5516 V APM_AudioPolicyManager: setVolumeCurveIndex device 00000002, index 0
08-22 07:23:22.230  1545  2149 I AS.AudioService: setStreamVolumeIndexAS(11, 0, 2)
08-22 07:23:22.230  1545  2149 I AudioSystem: setStreamVolumeIndex: STREAM_ASSISTANT dev=2 idx=0
08-22 07:23:22.231  1027  5516 V APM_AudioPolicyManager: setStreamVolumeIndex: stream AUDIO_STREAM_ASSISTANT attributes={ Content type: AUDIO_CONTENT_TYPE_SPEECH Usage: AUDIO_USAGE_ASSISTANT Source: AUDIO_SOURCE_INVALID Flags: 0x0 Tags:  }
08-22 07:23:22.231  1027  5516 V APM_AudioPolicyManager: setVolumeIndexForAttributes: group 20 matching with { Content type: AUDIO_CONTENT_TYPE_SPEECH Usage: AUDIO_USAGE_ASSISTANT Source: AUDIO_SOURCE_INVALID Flags: 0x0 Tags:  } index 0
08-22 07:23:22.231  1027  5516 V APM_AudioPolicyManager: setVolumeCurveIndex device 00000002, index 0
08-22 07:23:22.233  1545  2149 I AS.AudioService: setStreamVolumeIndexAS(10, 1, 2)
08-22 07:23:22.234  1545  2149 I AudioSystem: setStreamVolumeIndex: STREAM_ACCESSIBILITY dev=2 idx=1
08-22 07:23:22.234  1027  5516 V APM_AudioPolicyManager: setStreamVolumeIndex: stream AUDIO_STREAM_ACCESSIBILITY attributes={ Content type: AUDIO_CONTENT_TYPE_UNKNOWN Usage: AUDIO_USAGE_ASSISTANCE_ACCESSIBILITY Source: AUDIO_SOURCE_INVALID Flags: 0x0 Tags:  }
08-22 07:23:22.234  1027  5516 V APM_AudioPolicyManager: setVolumeIndexForAttributes: group 1 matching with { Content type: AUDIO_CONTENT_TYPE_UNKNOWN Usage: AUDIO_USAGE_ASSISTANCE_ACCESSIBILITY Source: AUDIO_SOURCE_INVALID Flags: 0x0 Tags:  } index 1
08-22 07:23:22.234  1027  5516 V APM_AudioPolicyManager: setVolumeCurveIndex device 00000002, index 1
08-22 07:23:22.235  1545  2149 I AS.AudioService: setStreamVolumeIndexAS(9, 0, 2)
08-22 07:23:22.235  1545  2149 I AudioSystem: setStreamVolumeIndex: STREAM_TTS dev=2 idx=0
08-22 07:23:22.236  1027  5516 V APM_AudioPolicyManager: setStreamVolumeIndex: stream AUDIO_STREAM_TTS attributes={ Content type: AUDIO_CONTENT_TYPE_UNKNOWN Usage: AUDIO_USAGE_UNKNOWN Source: AUDIO_SOURCE_INVALID Flags: 0x8 Tags:  }
08-22 07:23:22.236  1027  5516 V APM_AudioPolicyManager: setVolumeIndexForAttributes: group 12 matching with { Content type: AUDIO_CONTENT_TYPE_UNKNOWN Usage: AUDIO_USAGE_UNKNOWN Source: AUDIO_SOURCE_INVALID Flags: 0x8 Tags:  } index 0
08-22 07:23:22.236  1027  5516 V APM_AudioPolicyManager: setVolumeCurveIndex device 00000002, index 0
08-22 07:23:22.240  1545  1545 I TranAudioService: checkVibrationPermission=true checkUpdateAppOpsStatsPermission:true
08-22 07:23:22.240  2372  2372 I vol.TrVolumeDialogImpl: showH r=volume_changed
08-22 07:23:22.241  1545  3790 I AS.AudioService: Volume controller visible: true
08-22 07:23:22.241  2372  2372 I vol.Events: writeEvent show_dialog volume_changed keyguard=false
08-22 07:23:22.272  1545  1545 I AS.AudioService: adjustSuggestedStreamVolume() stream=-2147483648, flags=4113, caller=android, volControlStream=3, userSelect=false
08-22 07:23:22.273  1545  1545 I AS.AudioService: isInCommunication IsInCall = false mode = 0
08-22 07:23:22.280  1545  1545 I AS.AudioService: getActiveStreamType: Forcing DEFAULT_VOL_STREAM_NO_PLAYBACK(3) b/c default
08-22 07:23:22.281  1545  1545 I AS.AudioService: adjustStreamVolume() stream=3, dir=-1, flags=4113, caller=android
08-22 07:23:22.281  1545  1545 I AS.AudioService: adjustStreamVolume getDeviceForStream device = 2
08-22 07:23:22.282  1545  1545 I AS.AudioService:  newIndex For ui = 0
08-22 07:23:22.282  1545  2149 I AS.AudioService: setStreamVolumeIndexAS(3, 0, 2)
08-22 07:23:22.283  1545  2149 I AudioSystem: setStreamVolumeIndex: STREAM_MUSIC dev=2 idx=0
08-22 07:23:22.283  1027  5516 V APM_AudioPolicyManager: setStreamVolumeIndex: stream AUDIO_STREAM_MUSIC attributes={ Content type: AUDIO_CONTENT_TYPE_UNKNOWN Usage: AUDIO_USAGE_MEDIA Source: AUDIO_SOURCE_INVALID Flags: 0x0 Tags:  }
08-22 07:23:22.283  1027  5516 V APM_AudioPolicyManager: setVolumeIndexForAttributes: group 6 matching with { Content type: AUDIO_CONTENT_TYPE_UNKNOWN Usage: AUDIO_USAGE_MEDIA Source: AUDIO_SOURCE_INVALID Flags: 0x0 Tags:  } index 0
08-22 07:23:22.284  1027  5516 V APM_AudioPolicyManager: setVolumeCurveIndex device 00000002, index 0
08-22 07:23:22.286  1545  2149 I AS.AudioService: setStreamVolumeIndexAS(11, 0, 2)
08-22 07:23:22.286  1545  2149 I AudioSystem: setStreamVolumeIndex: STREAM_ASSISTANT dev=2 idx=0
08-22 07:23:22.286  1027  5516 V APM_AudioPolicyManager: setStreamVolumeIndex: stream AUDIO_STREAM_ASSISTANT attributes={ Content type: AUDIO_CONTENT_TYPE_SPEECH Usage: AUDIO_USAGE_ASSISTANT Source: AUDIO_SOURCE_INVALID Flags: 0x0 Tags:  }
08-22 07:23:22.286  1027  5516 V APM_AudioPolicyManager: setVolumeIndexForAttributes: group 20 matching with { Content type: AUDIO_CONTENT_TYPE_SPEECH Usage: AUDIO_USAGE_ASSISTANT Source: AUDIO_SOURCE_INVALID Flags: 0x0 Tags:  } index 0
08-22 07:23:22.286  1027  5516 V APM_AudioPolicyManager: setVolumeCurveIndex device 00000002, index 0
08-22 07:23:22.287  1545  2149 I AS.AudioService: setStreamVolumeIndexAS(10, 1, 2)
08-22 07:23:22.287  1545  2149 I AudioSystem: setStreamVolumeIndex: STREAM_ACCESSIBILITY dev=2 idx=1
08-22 07:23:22.288  1027  5516 V APM_AudioPolicyManager: setStreamVolumeIndex: stream AUDIO_STREAM_ACCESSIBILITY attributes={ Content type: AUDIO_CONTENT_TYPE_UNKNOWN Usage: AUDIO_USAGE_ASSISTANCE_ACCESSIBILITY Source: AUDIO_SOURCE_INVALID Flags: 0x0 Tags:  }
08-22 07:23:22.288  1027  5516 V APM_AudioPolicyManager: setVolumeIndexForAttributes: group 1 matching with { Content type: AUDIO_CONTENT_TYPE_UNKNOWN Usage: AUDIO_USAGE_ASSISTANCE_ACCESSIBILITY Source: AUDIO_SOURCE_INVALID Flags: 0x0 Tags:  } index 1
08-22 07:23:22.288  1027  5516 V APM_AudioPolicyManager: setVolumeCurveIndex device 00000002, index 1
08-22 07:23:22.288  1545  2149 I AS.AudioService: setStreamVolumeIndexAS(9, 0, 2)
08-22 07:23:22.288  1545  2149 I AudioSystem: setStreamVolumeIndex: STREAM_TTS dev=2 idx=0
08-22 07:23:22.289  1027  5516 V APM_AudioPolicyManager: setStreamVolumeIndex: stream AUDIO_STREAM_TTS attributes={ Content type: AUDIO_CONTENT_TYPE_UNKNOWN Usage: AUDIO_USAGE_UNKNOWN Source: AUDIO_SOURCE_INVALID Flags: 0x8 Tags:  }
08-22 07:23:22.289  1027  5516 V APM_AudioPolicyManager: setVolumeIndexForAttributes: group 12 matching with { Content type: AUDIO_CONTENT_TYPE_UNKNOWN Usage: AUDIO_USAGE_UNKNOWN Source: AUDIO_SOURCE_INVALID Flags: 0x8 Tags:  } index 0
08-22 07:23:22.289  1027  5516 V APM_AudioPolicyManager: setVolumeCurveIndex device 00000002, index 0
08-22 07:23:22.291  1545  1545 I TranAudioService: checkVibrationPermission=true checkUpdateAppOpsStatsPermission:true
08-22 07:23:22.292  2372  2372 I vol.TrVolumeDialogImpl: showH r=volume_changed
08-22 07:23:22.293  2372  2372 I vol.Events: writeEvent show_dialog volume_changed keyguard=false
08-22 07:23:22.294  1545  3790 I AS.AudioService: Volume controller visible: true
08-22 07:23:22.322  1545  1545 I AS.AudioService: adjustSuggestedStreamVolume() stream=-2147483648, flags=4113, caller=android, volControlStream=3, userSelect=false
08-22 07:23:22.323  1545  1545 I AS.AudioService: isInCommunication IsInCall = false mode = 0
08-22 07:23:22.328  1545  1545 I AS.AudioService: getActiveStreamType: Forcing DEFAULT_VOL_STREAM_NO_PLAYBACK(3) b/c default
08-22 07:23:22.329  1545  1545 I AS.AudioService: adjustStreamVolume() stream=3, dir=-1, flags=4113, caller=android
08-22 07:23:22.329  1545  1545 I AS.AudioService: adjustStreamVolume getDeviceForStream device = 2
08-22 07:23:22.330  1545  1545 I AS.AudioService:  newIndex For ui = 0
08-22 07:23:22.330  1545  2149 I AS.AudioService: setStreamVolumeIndexAS(3, 0, 2)
08-22 07:23:22.330  1545  2149 I AudioSystem: setStreamVolumeIndex: STREAM_MUSIC dev=2 idx=0
08-22 07:23:22.330  1027  5516 V APM_AudioPolicyManager: setStreamVolumeIndex: stream AUDIO_STREAM_MUSIC attributes={ Content type: AUDIO_CONTENT_TYPE_UNKNOWN Usage: AUDIO_USAGE_MEDIA Source: AUDIO_SOURCE_INVALID Flags: 0x0 Tags:  }
08-22 07:23:22.330  1027  5516 V APM_AudioPolicyManager: setVolumeIndexForAttributes: group 6 matching with { Content type: AUDIO_CONTENT_TYPE_UNKNOWN Usage: AUDIO_USAGE_MEDIA Source: AUDIO_SOURCE_INVALID Flags: 0x0 Tags:  } index 0
08-22 07:23:22.330  1027  5516 V APM_AudioPolicyManager: setVolumeCurveIndex device 00000002, index 0
08-22 07:23:22.332  1545  2149 I AS.AudioService: setStreamVolumeIndexAS(11, 0, 2)
08-22 07:23:22.332  1545  2149 I AudioSystem: setStreamVolumeIndex: STREAM_ASSISTANT dev=2 idx=0
08-22 07:23:22.332  1027  5516 V APM_AudioPolicyManager: setStreamVolumeIndex: stream AUDIO_STREAM_ASSISTANT attributes={ Content type: AUDIO_CONTENT_TYPE_SPEECH Usage: AUDIO_USAGE_ASSISTANT Source: AUDIO_SOURCE_INVALID Flags: 0x0 Tags:  }
08-22 07:23:22.332  1027  5516 V APM_AudioPolicyManager: setVolumeIndexForAttributes: group 20 matching with { Content type: AUDIO_CONTENT_TYPE_SPEECH Usage: AUDIO_USAGE_ASSISTANT Source: AUDIO_SOURCE_INVALID Flags: 0x0 Tags:  } index 0
08-22 07:23:22.332  1027  5516 V APM_AudioPolicyManager: setVolumeCurveIndex device 00000002, index 0
08-22 07:23:22.334  1545  2149 I AS.AudioService: setStreamVolumeIndexAS(10, 1, 2)
08-22 07:23:22.334  1545  2149 I AudioSystem: setStreamVolumeIndex: STREAM_ACCESSIBILITY dev=2 idx=1
08-22 07:23:22.334  1027  5516 V APM_AudioPolicyManager: setStreamVolumeIndex: stream AUDIO_STREAM_ACCESSIBILITY attributes={ Content type: AUDIO_CONTENT_TYPE_UNKNOWN Usage: AUDIO_USAGE_ASSISTANCE_ACCESSIBILITY Source: AUDIO_SOURCE_INVALID Flags: 0x0 Tags:  }
08-22 07:23:22.335  1027  5516 V APM_AudioPolicyManager: setVolumeIndexForAttributes: group 1 matching with { Content type: AUDIO_CONTENT_TYPE_UNKNOWN Usage: AUDIO_USAGE_ASSISTANCE_ACCESSIBILITY Source: AUDIO_SOURCE_INVALID Flags: 0x0 Tags:  } index 1
08-22 07:23:22.335  1027  5516 V APM_AudioPolicyManager: setVolumeCurveIndex device 00000002, index 1
08-22 07:23:22.336  1545  2149 I AS.AudioService: setStreamVolumeIndexAS(9, 0, 2)
08-22 07:23:22.336  1545  2149 I AudioSystem: setStreamVolumeIndex: STREAM_TTS dev=2 idx=0
08-22 07:23:22.337  1027  5516 V APM_AudioPolicyManager: setStreamVolumeIndex: stream AUDIO_STREAM_TTS attributes={ Content type: AUDIO_CONTENT_TYPE_UNKNOWN Usage: AUDIO_USAGE_UNKNOWN Source: AUDIO_SOURCE_INVALID Flags: 0x8 Tags:  }
08-22 07:23:22.337  1027  5516 V APM_AudioPolicyManager: setVolumeIndexForAttributes: group 12 matching with { Content type: AUDIO_CONTENT_TYPE_UNKNOWN Usage: AUDIO_USAGE_UNKNOWN Source: AUDIO_SOURCE_INVALID Flags: 0x8 Tags:  } index 0
08-22 07:23:22.337  1027  5516 V APM_AudioPolicyManager: setVolumeCurveIndex device 00000002, index 0
08-22 07:23:22.340  1545  1545 I TranAudioService: checkVibrationPermission=true checkUpdateAppOpsStatsPermission:true
08-22 07:23:22.342  2372  2372 I vol.TrVolumeDialogImpl: showH r=volume_changed
08-22 07:23:22.343  1545  3892 I AS.AudioService: Volume controller visible: true
08-22 07:23:22.343  2372  2372 I vol.Events: writeEvent show_dialog volume_changed keyguard=false
08-22 07:23:22.378  1545  1545 I AS.AudioService: adjustSuggestedStreamVolume() stream=-2147483648, flags=4113, caller=android, volControlStream=3, userSelect=false
08-22 07:23:22.379  1545  1545 I AS.AudioService: isInCommunication IsInCall = false mode = 0
08-22 07:23:22.380  1545  1545 I AS.AudioService: getActiveStreamType: Forcing DEFAULT_VOL_STREAM_NO_PLAYBACK(3) b/c default
08-22 07:23:22.381  1545  1545 I AS.AudioService: adjustStreamVolume() stream=3, dir=-1, flags=4113, caller=android
08-22 07:23:22.381  1545  1545 I AS.AudioService: adjustStreamVolume getDeviceForStream device = 2
08-22 07:23:22.382  1545  1545 I AS.AudioService:  newIndex For ui = 0
08-22 07:23:22.382  1545  2149 I AS.AudioService: setStreamVolumeIndexAS(3, 0, 2)
08-22 07:23:22.382  1545  2149 I AudioSystem: setStreamVolumeIndex: STREAM_MUSIC dev=2 idx=0
08-22 07:23:22.382  1027  5516 V APM_AudioPolicyManager: setStreamVolumeIndex: stream AUDIO_STREAM_MUSIC attributes={ Content type: AUDIO_CONTENT_TYPE_UNKNOWN Usage: AUDIO_USAGE_MEDIA Source: AUDIO_SOURCE_INVALID Flags: 0x0 Tags:  }
08-22 07:23:22.383  1027  5516 V APM_AudioPolicyManager: setVolumeIndexForAttributes: group 6 matching with { Content type: AUDIO_CONTENT_TYPE_UNKNOWN Usage: AUDIO_USAGE_MEDIA Source: AUDIO_SOURCE_INVALID Flags: 0x0 Tags:  } index 0
08-22 07:23:22.383  1027  5516 V APM_AudioPolicyManager: setVolumeCurveIndex device 00000002, index 0
08-22 07:23:22.384  1545  2149 I AS.AudioService: setStreamVolumeIndexAS(11, 0, 2)
08-22 07:23:22.384  1545  2149 I AudioSystem: setStreamVolumeIndex: STREAM_ASSISTANT dev=2 idx=0
08-22 07:23:22.384  1027  5516 V APM_AudioPolicyManager: setStreamVolumeIndex: stream AUDIO_STREAM_ASSISTANT attributes={ Content type: AUDIO_CONTENT_TYPE_SPEECH Usage: AUDIO_USAGE_ASSISTANT Source: AUDIO_SOURCE_INVALID Flags: 0x0 Tags:  }
08-22 07:23:22.384  1027  5516 V APM_AudioPolicyManager: setVolumeIndexForAttributes: group 20 matching with { Content type: AUDIO_CONTENT_TYPE_SPEECH Usage: AUDIO_USAGE_ASSISTANT Source: AUDIO_SOURCE_INVALID Flags: 0x0 Tags:  } index 0
08-22 07:23:22.385  1027  5516 V APM_AudioPolicyManager: setVolumeCurveIndex device 00000002, index 0
08-22 07:23:22.387  1545  2149 I AS.AudioService: setStreamVolumeIndexAS(10, 1, 2)
08-22 07:23:22.387  1545  2149 I AudioSystem: setStreamVolumeIndex: STREAM_ACCESSIBILITY dev=2 idx=1
08-22 07:23:22.388  1027  5516 V APM_AudioPolicyManager: setStreamVolumeIndex: stream AUDIO_STREAM_ACCESSIBILITY attributes={ Content type: AUDIO_CONTENT_TYPE_UNKNOWN Usage: AUDIO_USAGE_ASSISTANCE_ACCESSIBILITY Source: AUDIO_SOURCE_INVALID Flags: 0x0 Tags:  }
08-22 07:23:22.388  1027  5516 V APM_AudioPolicyManager: setVolumeIndexForAttributes: group 1 matching with { Content type: AUDIO_CONTENT_TYPE_UNKNOWN Usage: AUDIO_USAGE_ASSISTANCE_ACCESSIBILITY Source: AUDIO_SOURCE_INVALID Flags: 0x0 Tags:  } index 1
08-22 07:23:22.388  1027  5516 V APM_AudioPolicyManager: setVolumeCurveIndex device 00000002, index 1
08-22 07:23:22.389  1545  2149 I AS.AudioService: setStreamVolumeIndexAS(9, 0, 2)
08-22 07:23:22.389  1545  2149 I AudioSystem: setStreamVolumeIndex: STREAM_TTS dev=2 idx=0
08-22 07:23:22.390  1027  5516 V APM_AudioPolicyManager: setStreamVolumeIndex: stream AUDIO_STREAM_TTS attributes={ Content type: AUDIO_CONTENT_TYPE_UNKNOWN Usage: AUDIO_USAGE_UNKNOWN Source: AUDIO_SOURCE_INVALID Flags: 0x8 Tags:  }
08-22 07:23:22.390  1027  5516 V APM_AudioPolicyManager: setVolumeIndexForAttributes: group 12 matching with { Content type: AUDIO_CONTENT_TYPE_UNKNOWN Usage: AUDIO_USAGE_UNKNOWN Source: AUDIO_SOURCE_INVALID Flags: 0x8 Tags:  } index 0
08-22 07:23:22.390  1027  5516 V APM_AudioPolicyManager: setVolumeCurveIndex device 00000002, index 0
08-22 07:23:22.396  1545  1545 I TranAudioService: checkVibrationPermission=true checkUpdateAppOpsStatsPermission:true
08-22 07:23:22.398  2372  2372 I vol.TrVolumeDialogImpl: showH r=volume_changed
08-22 07:23:22.399  2372  2372 I vol.Events: writeEvent show_dialog volume_changed keyguard=false
08-22 07:23:22.400  1545  3892 I AS.AudioService: Volume controller visible: true
08-22 07:23:22.409  1027  5516 I AudioFlinger: setParameters: filtered keyvalue screen_state=on
08-22 07:23:22.409  1027  5516 I AudioFlinger: +mAudioHwDevs(primary)->setParameters(): screen_state=on
08-22 07:23:22.414  1027  5516 I AudioFlinger: -mAudioHwDevs(primary)->setParameters(): screen_state=on
08-22 07:23:22.414  1027  5516 I AudioFlinger: +mAudioHwDevs(bluetooth)->setParameters(): screen_state=on
08-22 07:23:22.415  1027  5516 I AudioFlinger: -mAudioHwDevs(bluetooth)->setParameters(): screen_state=on
08-22 07:23:22.415  1027  5516 I AudioFlinger: +mAudioHwDevs(usb)->setParameters(): screen_state=on
08-22 07:23:22.416  1027  5516 I AudioFlinger: -mAudioHwDevs(usb)->setParameters(): screen_state=on
08-22 07:23:22.416  1027  5516 I AudioFlinger: +mAudioHwDevs(r_submix)->setParameters(): screen_state=on
08-22 07:23:22.416  1027  5516 I AudioFlinger: -mAudioHwDevs(r_submix)->setParameters(): screen_state=on
08-22 07:23:22.423  1545  1545 I AS.AudioService: adjustSuggestedStreamVolume() stream=-2147483648, flags=4113, caller=android, volControlStream=3, userSelect=false
08-22 07:23:22.425  1545  1545 I AS.AudioService: isInCommunication IsInCall = false mode = 0
08-22 07:23:22.426  1545  1545 I AS.AudioService: getActiveStreamType: Forcing DEFAULT_VOL_STREAM_NO_PLAYBACK(3) b/c default
08-22 07:23:22.427  1545  1545 I AS.AudioService: adjustStreamVolume() stream=3, dir=-1, flags=4113, caller=android
08-22 07:23:22.427  1545  1545 I AS.AudioService: adjustStreamVolume getDeviceForStream device = 2
08-22 07:23:22.428  1545  1545 I AS.AudioService:  newIndex For ui = 0
08-22 07:23:22.428  1545  2149 I AS.AudioService: setStreamVolumeIndexAS(3, 0, 2)
08-22 07:23:22.428  1545  2149 I AudioSystem: setStreamVolumeIndex: STREAM_MUSIC dev=2 idx=0
