08-22 07:04:46.219  1545 31668 I ArtService: Dexopt result: [packageName = com.transsion.soundrecorder] DexContainerFileDexoptResult{dexContainerFile=/product/operator/app/TranssionSoundRecorder/TranssionSoundRecorder.apk, primaryAbi=true, abi=arm64-v8a, actualCompilerFilter=verify, status=SKIPPED, dex2oatWallTimeMillis=0, dex2oatCpuTimeMillis=0, sizeBytes=0, sizeBeforeBytes=0, extendedStatusFlags=[]}
08-22 07:04:47.431  1545 31668 I ArtService: Adjusting the compiler filter for 'com.android.soundpicker' from 'speed-profile' to 'verify' because there is no valid profile
08-22 07:04:47.434 31426 31671 I artd    : GetBestInfo: odex next to the dex file (/system/priv-app/SoundPicker/oat/arm64/SoundPicker.odex) is kOatUpToDate with filter 'verify' executable 'false'
08-22 07:04:47.436  1545 31668 I ArtService: Dexopt result: [packageName = com.android.soundpicker] DexContainerFileDexoptResult{dexContainerFile=/system/priv-app/SoundPicker/SoundPicker.apk, primaryAbi=true, abi=arm64-v8a, actualCompilerFilter=verify, status=SKIPPED, dex2oatWallTimeMillis=0, dex2oatCpuTimeMillis=0, sizeBytes=0, sizeBeforeBytes=0, extendedStatusFlags=[]}
08-22 07:04:48.564  5073  5286 I AudioManager: getCommunicationDevice
08-22 07:04:48.565  1545  3905 I AS.AudioDeviceBroker: topCommunicationRouteClient: process no permission or mCommunicationRouteClients is empty
08-22 07:04:48.565  1545  3905 I AS.AudioDeviceBroker: requestedCommunicationDevice: null mAudioModeOwner: AudioModeInfo: mMode=MODE_NORMAL, mPid=0, mUid=0
08-22 07:04:51.077 31426 31446 I artd    : GetBestInfo: odex next to the dex file (/system_ext/app/AudioLink/oat/arm64/AudioLink.odex) is kOatContextOutOfDate with filter 'verify' executable 'false': ClassLoaderContext check failed. Context was PCL[]. The expected context is PCL[]{PCL[/system_ext/framework/androidx.window.extensions.jar*982563657]#PCL[/system_ext/framework/androidx.window.sidecar.jar*391518838]}
08-22 07:04:51.078 31426 31446 I artd    : GetBestInfo: vdex next to the dex file (/system_ext/app/AudioLink/oat/arm64/AudioLink.vdex) is kOatUpToDate with filter 'verify' executable 'false'
08-22 07:04:51.086 31426 31446 I artd    : GetBestInfo: odex in dalvik-cache (/data/dalvik-cache/arm64/system_ext@app@TranScreenRecord@TranScreenRecord.apk@classes.dex) is kOatUpToDate with filter 'verify' executable 'false'
08-22 07:04:51.209 31426 31467 I artd    : GetBestInfo: odex next to the dex file (/system/priv-app/SoundPicker/oat/arm64/SoundPicker.odex) is kOatUpToDate with filter 'verify' executable 'false'
08-22 07:04:51.350 31426 31446 I artd    : GetBestInfo: odex next to the dex file (/product/operator/app/TranssionSoundRecorder/oat/arm64/TranssionSoundRecorder.odex) is kOatContextOutOfDate with filter 'verify' executable 'false': ClassLoaderContext check failed. Context was PCL[]. The expected context is PCL[]{PCL[/system_ext/framework/androidx.window.extensions.jar*982563657]#PCL[/system_ext/framework/androidx.window.sidecar.jar*391518838]}
08-22 07:04:51.351 31426 31446 I artd    : GetBestInfo: vdex next to the dex file (/product/operator/app/TranssionSoundRecorder/oat/arm64/TranssionSoundRecorder.vdex) is kOatUpToDate with filter 'verify' executable 'false'
08-22 07:05:48.568  5073  5286 I AudioManager: getCommunicationDevice
08-22 07:05:48.569  1545  1920 I AS.AudioDeviceBroker: topCommunicationRouteClient: process no permission or mCommunicationRouteClients is empty
08-22 07:05:48.569  1545  1920 I AS.AudioDeviceBroker: requestedCommunicationDevice: null mAudioModeOwner: AudioModeInfo: mMode=MODE_NORMAL, mPid=0, mUid=0
08-22 07:06:48.629  5073  5286 I AudioManager: getCommunicationDevice
08-22 07:06:48.629  1545  3905 I AS.AudioDeviceBroker: topCommunicationRouteClient: process no permission or mCommunicationRouteClients is empty
08-22 07:06:48.629  1545  3905 I AS.AudioDeviceBroker: requestedCommunicationDevice: null mAudioModeOwner: AudioModeInfo: mMode=MODE_NORMAL, mPid=0, mUid=0
08-22 07:07:48.637  5073  5286 I AudioManager: getCommunicationDevice
08-22 07:07:48.637  1545  2758 I AS.AudioDeviceBroker: topCommunicationRouteClient: process no permission or mCommunicationRouteClients is empty
08-22 07:07:48.637  1545  2758 I AS.AudioDeviceBroker: requestedCommunicationDevice: null mAudioModeOwner: AudioModeInfo: mMode=MODE_NORMAL, mPid=0, mUid=0
08-22 07:08:48.693  5073  5286 I AudioManager: getCommunicationDevice
08-22 07:08:48.693  1545  2758 I AS.AudioDeviceBroker: topCommunicationRouteClient: process no permission or mCommunicationRouteClients is empty
08-22 07:08:48.693  1545  2758 I AS.AudioDeviceBroker: requestedCommunicationDevice: null mAudioModeOwner: AudioModeInfo: mMode=MODE_NORMAL, mPid=0, mUid=0
08-22 07:09:48.763  5073  5286 I AudioManager: getCommunicationDevice
08-22 07:09:48.763  1545  3885 I AS.AudioDeviceBroker: topCommunicationRouteClient: process no permission or mCommunicationRouteClients is empty
08-22 07:09:48.764  1545  3885 I AS.AudioDeviceBroker: requestedCommunicationDevice: null mAudioModeOwner: AudioModeInfo: mMode=MODE_NORMAL, mPid=0, mUid=0
08-22 07:10:48.820  5073  5286 I AudioManager: getCommunicationDevice
08-22 07:10:48.820  1545  3831 I AS.AudioDeviceBroker: topCommunicationRouteClient: process no permission or mCommunicationRouteClients is empty
08-22 07:10:48.820  1545  3831 I AS.AudioDeviceBroker: requestedCommunicationDevice: null mAudioModeOwner: AudioModeInfo: mMode=MODE_NORMAL, mPid=0, mUid=0
08-22 07:11:05.232  1545  1823 I Griffin/MemoryMonitorManager: ProcessRecord= ProcessRecord{87540ed 6803:com.android.settings/1000} pss= 153 threshold= 212
08-22 07:11:05.806  5073  5286 I AudioManager: getCommunicationDevice
08-22 07:11:05.807  1545  3831 I AS.AudioDeviceBroker: topCommunicationRouteClient: process no permission or mCommunicationRouteClients is empty
08-22 07:11:05.807  1545  3831 I AS.AudioDeviceBroker: requestedCommunicationDevice: null mAudioModeOwner: AudioModeInfo: mMode=MODE_NORMAL, mPid=0, mUid=0
08-22 07:11:48.870  5073  5286 I AudioManager: getCommunicationDevice
08-22 07:11:48.870  1545  2758 I AS.AudioDeviceBroker: topCommunicationRouteClient: process no permission or mCommunicationRouteClients is empty
08-22 07:11:48.871  1545  2758 I AS.AudioDeviceBroker: requestedCommunicationDevice: null mAudioModeOwner: AudioModeInfo: mMode=MODE_NORMAL, mPid=0, mUid=0
08-22 07:12:48.934  5073  5286 I AudioManager: getCommunicationDevice
08-22 07:12:48.935  1545  3885 I AS.AudioDeviceBroker: topCommunicationRouteClient: process no permission or mCommunicationRouteClients is empty
08-22 07:12:48.935  1545  3885 I AS.AudioDeviceBroker: requestedCommunicationDevice: null mAudioModeOwner: AudioModeInfo: mMode=MODE_NORMAL, mPid=0, mUid=0
08-22 07:13:48.987  5073  5286 I AudioManager: getCommunicationDevice
08-22 07:13:48.987  1545  2758 I AS.AudioDeviceBroker: topCommunicationRouteClient: process no permission or mCommunicationRouteClients is empty
08-22 07:13:48.988  1545  2758 I AS.AudioDeviceBroker: requestedCommunicationDevice: null mAudioModeOwner: AudioModeInfo: mMode=MODE_NORMAL, mPid=0, mUid=0
08-22 07:14:49.055  5073  5286 I AudioManager: getCommunicationDevice
08-22 07:14:49.056  1545  2758 I AS.AudioDeviceBroker: topCommunicationRouteClient: process no permission or mCommunicationRouteClients is empty
08-22 07:14:49.056  1545  2758 I AS.AudioDeviceBroker: requestedCommunicationDevice: null mAudioModeOwner: AudioModeInfo: mMode=MODE_NORMAL, mPid=0, mUid=0
08-22 07:15:49.117  5073  5286 I AudioManager: getCommunicationDevice
08-22 07:15:49.118  1545  3905 I AS.AudioDeviceBroker: topCommunicationRouteClient: process no permission or mCommunicationRouteClients is empty
08-22 07:15:49.118  1545  3905 I AS.AudioDeviceBroker: requestedCommunicationDevice: null mAudioModeOwner: AudioModeInfo: mMode=MODE_NORMAL, mPid=0, mUid=0
08-22 07:16:49.172  5073  5286 I AudioManager: getCommunicationDevice
08-22 07:16:49.172  1545  3905 I AS.AudioDeviceBroker: topCommunicationRouteClient: process no permission or mCommunicationRouteClients is empty
08-22 07:16:49.172  1545  3905 I AS.AudioDeviceBroker: requestedCommunicationDevice: null mAudioModeOwner: AudioModeInfo: mMode=MODE_NORMAL, mPid=0, mUid=0
08-22 07:17:49.233  5073  5286 I AudioManager: getCommunicationDevice
08-22 07:17:49.233  1545  2758 I AS.AudioDeviceBroker: topCommunicationRouteClient: process no permission or mCommunicationRouteClients is empty
08-22 07:17:49.234  1545  2758 I AS.AudioDeviceBroker: requestedCommunicationDevice: null mAudioModeOwner: AudioModeInfo: mMode=MODE_NORMAL, mPid=0, mUid=0
08-22 07:18:49.302  5073  5286 I AudioManager: getCommunicationDevice
08-22 07:18:49.302  1545  3905 I AS.AudioDeviceBroker: topCommunicationRouteClient: process no permission or mCommunicationRouteClients is empty
08-22 07:18:49.302  1545  3905 I AS.AudioDeviceBroker: requestedCommunicationDevice: null mAudioModeOwner: AudioModeInfo: mMode=MODE_NORMAL, mPid=0, mUid=0
08-22 07:19:07.817  5073  5286 I AudioManager: getCommunicationDevice
08-22 07:19:07.818  1545  3905 I AS.AudioDeviceBroker: topCommunicationRouteClient: process no permission or mCommunicationRouteClients is empty
08-22 07:19:07.818  1545  3905 I AS.AudioDeviceBroker: requestedCommunicationDevice: null mAudioModeOwner: AudioModeInfo: mMode=MODE_NORMAL, mPid=0, mUid=0
08-22 07:19:49.344  5073  5286 I AudioManager: getCommunicationDevice
08-22 07:19:49.345  1545  3905 I AS.AudioDeviceBroker: topCommunicationRouteClient: process no permission or mCommunicationRouteClients is empty
08-22 07:19:49.345  1545  3905 I AS.AudioDeviceBroker: requestedCommunicationDevice: null mAudioModeOwner: AudioModeInfo: mMode=MODE_NORMAL, mPid=0, mUid=0
08-22 07:20:49.399  5073  5286 I AudioManager: getCommunicationDevice
08-22 07:20:49.399  1545  3905 I AS.AudioDeviceBroker: topCommunicationRouteClient: process no permission or mCommunicationRouteClients is empty
08-22 07:20:49.399  1545  3905 I AS.AudioDeviceBroker: requestedCommunicationDevice: null mAudioModeOwner: AudioModeInfo: mMode=MODE_NORMAL, mPid=0, mUid=0
08-22 07:21:49.469  5073  5286 I AudioManager: getCommunicationDevice
08-22 07:21:49.469  1545  3885 I AS.AudioDeviceBroker: topCommunicationRouteClient: process no permission or mCommunicationRouteClients is empty
08-22 07:21:49.470  1545  3885 I AS.AudioDeviceBroker: requestedCommunicationDevice: null mAudioModeOwner: AudioModeInfo: mMode=MODE_NORMAL, mPid=0, mUid=0
08-22 07:22:49.528  5073  5286 I AudioManager: getCommunicationDevice
08-22 07:22:49.529  1545  3885 I AS.AudioDeviceBroker: topCommunicationRouteClient: process no permission or mCommunicationRouteClients is empty
08-22 07:22:49.529  1545  3885 I AS.AudioDeviceBroker: requestedCommunicationDevice: null mAudioModeOwner: AudioModeInfo: mMode=MODE_NORMAL, mPid=0, mUid=0
08-22 07:23:14.462  1545  2145 I AS.AudioService: onReceive action = android.intent.action.SCREEN_ON
08-22 07:23:14.462  1545  2145 I TranAudioService: clearZeroSoundAppList
08-22 07:23:14.465  1545  1823 I Griffin/MemoryMonitorManager: ProcessRecord= ProcessRecord{5565a40 12691:com.transsion.plat.appupdate.ui/u0a122} pss= 13 threshold= 3072
08-22 07:23:14.483  1027  5516 I AudioFlinger: setParameters: filtered keyvalue screen_state=on
08-22 07:23:14.483  1027  5516 I AudioFlinger: +mAudioHwDevs(primary)->setParameters(): screen_state=on
08-22 07:23:14.485  1027  5516 I AudioFlinger: -mAudioHwDevs(primary)->setParameters(): screen_state=on
08-22 07:23:14.485  1027  5516 I AudioFlinger: +mAudioHwDevs(bluetooth)->setParameters(): screen_state=on
08-22 07:23:14.490  1027  5516 I AudioFlinger: -mAudioHwDevs(bluetooth)->setParameters(): screen_state=on
08-22 07:23:14.490  1027  5516 I AudioFlinger: +mAudioHwDevs(usb)->setParameters(): screen_state=on
08-22 07:23:14.492  1027  5516 I AudioFlinger: -mAudioHwDevs(usb)->setParameters(): screen_state=on
08-22 07:23:14.493  1027  5516 I AudioFlinger: +mAudioHwDevs(r_submix)->setParameters(): screen_state=on
08-22 07:23:14.493  1027  5516 I AudioFlinger: -mAudioHwDevs(r_submix)->setParameters(): screen_state=on
08-22 07:23:14.513  1545  1823 I Griffin/MemoryMonitorManager: ProcessRecord= ProcessRecord{887c826 6711:com.transsion.plat.appupdate/u0a122} pss= 16 threshold= 3072
08-22 07:23:14.546  1545  1823 I Griffin/MemoryMonitorManager: ProcessRecord= ProcessRecord{2399635 5604:com.rlk.weathers/u0a217} pss= 23 threshold= 163
08-22 07:23:14.570  6673  6673 I BindAudioSmartConnectUseCase: ACTION_SCREEN_ON keyguard:true
08-22 07:23:14.585  1545  1823 I Griffin/MemoryMonitorManager: ProcessRecord= ProcessRecord{5396338 3942:com.transsion.magazineservice.hios/u0a163} pss= 34 threshold= 105
08-22 07:23:14.619  1545  1823 I Griffin/MemoryMonitorManager: ProcessRecord= ProcessRecord{5d277a9 12207:com.debug.loggerui/u0a147} pss= 12 threshold= 3072
08-22 07:23:14.645  1545  1823 I Griffin/MemoryMonitorManager: ProcessRecord= ProcessRecord{f582b2b 22336:com.android.printspooler/u0a75} pss= 8 threshold= 3072
08-22 07:23:14.655  3614  3993 I ApiInvoke1.6.3: SubscribeBusServerImpl: parseSubscribeHostInfoList infoStr {"host":"DataCenter#StandardDataService","typeCounts":[{"type":"activity_event","subscribeCount":1},{"type":"headset_state_event","subscribeCount":1},{"type":"screen_state","subscribeCount":1},{"type":"tips_screen_app_list","subscribeCount":1},{"type":"wifi_event","subscribeCount":1},{"type":"desktop_apps","subscribeCount":4},{"type":"media_event","subscribeCount":2},{"type":"user_present","subscribeCount":1},{"type":"battery_event","subscribeCount":2},{"type":"volume_event","subscribeCount":1},{"type":"bluetooth","subscribeCount":1},{"type":"sms_event","subscribeCount":1},{"type":"app_foreground","subscribeCount":1},{"type":"location","subscribeCount":1},{"type":"notification_info_event","subscribeCount":1}]}
08-22 07:23:14.655  3614  3993 I ApiInvoke1.6.3: SubscribeBusServerImpl: parseSubscribeHostInfoList infoStr {"host":"MiniAppOxygenBusExportChannel#miniAppUsageDataReceiverSubscribe","typeCounts":[{"type":"OnShortCutsRecordChanged","subscribeCount":1},{"type":"OnForegroundBackgroundStatusChanged","subscribeCount":1}]}
08-22 07:23:14.657  3614  3993 I ApiInvoke1.6.3: SubscribeBusServerImpl: editSubscribeHostInfo editHostInfoByOpt pid3614 channel DataCenter#StandardDataService matcher volume_event subscribeCount 1
08-22 07:23:14.657  3614  3993 I ApiInvoke1.6.3: SubscribeBusServerImpl: editSubscribeHostInfo editHostInfoByOpt pid3614 channel MiniAppOxygenBusExportChannel#miniAppUsageDataReceiverSubscribe matcher OnShortCutsRecordChanged subscribeCount 1
08-22 07:23:14.674  3614  3614 I ApiInvoke1.6.3: ApiRouterManager: api ==>>  key SmartVolumeApi entity : SmartVolumeApi=APIClassEntity{apiName='SmartVolumeApi', serviceClass='class com.transsion.kolun.plugin.smartvolume.SmartVolumeApi', packageName='com.transsion.kolun.plugin.smartvolume', constructorType=0, livingTime=0}
08-22 07:23:14.682  3614  3993 I ApiInvoke1.6.3: SubscribeBusServerImpl: createNotifyRunnable, notifyPublisherChange host=DataCenter#StandardDataService typeCount SubscribeTypeCount{type='volume_event', subscribeCount=0} subscribeMap 6
08-22 07:23:14.682  3614  3993 I ApiInvoke1.6.3: SubscribeManager: onSubscribeCountChange publisher Publisher{channel='DataCenter', apiName='StandardDataService', label='volume_event'} subscribeCount 8
08-22 07:23:14.682  3614  3993 I StandardDataService: onSubscribeCountChange volume_event, count 8, com.transsion.kolun.aidatacenter.services.StandardDataService@500e4a5
08-22 07:23:14.682  3614  3993 I DataServiceImplV2: StandardDataService onSubscribeCountChange regType volume_event, 8
08-22 07:23:14.686  3614  3993 I ApiInvoke1.6.3: SubscribeBusServerImpl: createNotifyRunnable, notifyPublisherChange host=MiniAppOxygenBusExportChannel#miniAppUsageDataReceiverSubscribe typeCount SubscribeTypeCount{type='OnShortCutsRecordChanged', subscribeCount=0} subscribeMap 6
08-22 07:23:14.765  1027  1027 I AudioFlinger: setParameters: filtered keyvalue screen_state=on
08-22 07:23:14.765  1027  1027 I AudioFlinger: +mAudioHwDevs(primary)->setParameters(): screen_state=on
08-22 07:23:14.766  1027  1027 I AudioFlinger: -mAudioHwDevs(primary)->setParameters(): screen_state=on
08-22 07:23:14.767  1027  1027 I AudioFlinger: +mAudioHwDevs(bluetooth)->setParameters(): screen_state=on
08-22 07:23:14.768  1027  1027 I AudioFlinger: -mAudioHwDevs(bluetooth)->setParameters(): screen_state=on
08-22 07:23:14.768  1027  1027 I AudioFlinger: +mAudioHwDevs(usb)->setParameters(): screen_state=on
08-22 07:23:14.768  1027  1027 I AudioFlinger: -mAudioHwDevs(usb)->setParameters(): screen_state=on
08-22 07:23:14.768  1027  1027 I AudioFlinger: +mAudioHwDevs(r_submix)->setParameters(): screen_state=on
08-22 07:23:14.769  1027  1027 I AudioFlinger: -mAudioHwDevs(r_submix)->setParameters(): screen_state=on
08-22 07:23:14.812  5073  5286 I AudioManager: getCommunicationDevice
08-22 07:23:14.812  1545  3809 I AS.AudioDeviceBroker: topCommunicationRouteClient: process no permission or mCommunicationRouteClients is empty
08-22 07:23:14.812  1545  3809 I AS.AudioDeviceBroker: requestedCommunicationDevice: null mAudioModeOwner: AudioModeInfo: mMode=MODE_NORMAL, mPid=0, mUid=0
08-22 07:23:14.820  2372 30569 E AnimPlayer.AudioPlayer: cannot find audio track
08-22 07:23:14.846  2372 31765 I CCodec  : setting up 'default' as default (vendor) store
08-22 07:23:14.854  2372 31765 I CCodec  : Created component [c2.mtk.avc.decoder]
08-22 07:23:14.874  2372 31765 I CCodecConfig: query failed after returning 17 values (BAD_INDEX)
08-22 07:23:14.878  2372 30563 I VideoTrack: mCodecType 1
08-22 07:23:14.879  2372 31764 I MediaCodec: [c2.mtk.avc.decoder] setting surface generation to 2428949
08-22 07:23:14.881  2372 31765 W Codec2Client: query -- param skipped: index = 1107298332.
08-22 07:23:14.882  2372 31765 W CCodec  : This behavior is subject to change. It is recommended that app developers double check whether the requested max input size is in reasonable range.
08-22 07:23:14.882  2372 31765 I CCodecConfig: query failed after returning 29 values (BAD_INDEX)
08-22 07:23:14.894  2372 31765 W Codec2Client: query -- param skipped: index = 1342179345.
08-22 07:23:14.894  2372 31765 W Codec2Client: query -- param skipped: index = 2415921170.
08-22 07:23:14.894  2372 31765 W Codec2Client: query -- param skipped: index = 1610614798.
08-22 07:23:14.895  2372 31765 I CCodecBufferChannel: [c2.mtk.avc.decoder#67] Created output block pool with allocatorID 18 => poolID 37 - OK
08-22 07:23:14.903  1484  1554 I VPUD    : codec id match! VDEC_H264 codec fmt (9)
08-22 07:23:14.915  1484  1554 I VCodecDrv: DrvEnablePerfService perfLockAcq hdl:2644
08-22 07:23:15.095  3614  7047 I Kolun_AI.AIM_AppRecService: -----random Recommend:com.transsion.soundrecorder
08-22 07:23:15.359 31779 31779 W libc    : Access denied finding property "ro.odm.tr_audio_hifi.feature.support"
08-22 07:23:15.785  1049  1082 I BufferQueueDebug: [d964a02 ActivityRecordInputSink com.transsion.camera/.app.CameraActivity#1335](this:0xb400007e737a4cf8,id:-1,api:0,p:-1,c:-1) BufferQueue core=(1049:/system/bin/surfaceflinger)
08-22 07:23:15.797  3692  3692 I CamAp_AppStorageManager: checkStorageVolume volume: StorageVolume: Internal shared storage, state: mounted, isPrimary: true
08-22 07:23:15.797  3692  3692 I CamAp_AppStorageManager: StorageVolume changed : internal --> internal, reason: 0
08-22 07:23:15.808  3614 31758 I Kolun_AI.SceneIdentify: onMediaEvent onRuleAudioCallCheck false
08-22 07:23:15.808  3614 31758 I Kolun_AI.SystemEventSubscribe:  onPublishData {"type":"media_event","time":1755818595803,"data":"{\"audioPkg\":\"com.transsion.settings.wifi\",\"audioState\":1,\"cameraId\":\"0\",\"cameraPkg\":\"com.transsion.camera\",\"cameraState\":0,\"micState\":-1}","provider":"dc","dc_version":2030370000,"data_version":1,"user_id":0}
08-22 07:23:15.818  1545  1920 I AudioManager: setParameter(cameraFacing=back)
08-22 07:23:15.818  1027  5516 I AudioFlinger: setParameters: filtered keyvalue cameraFacing=back
08-22 07:23:15.819  1027  5516 I AudioFlinger: +mAudioHwDevs(primary)->setParameters(): cameraFacing=back
08-22 07:23:15.820   902  3195 W AudioALSAHardware: setParameters(), still have param.size() = 1, remain param = "cameraFacing=back"
08-22 07:23:15.820  1027  5516 I AudioFlinger: -mAudioHwDevs(primary)->setParameters(): cameraFacing=back
08-22 07:23:15.820  1027  5516 I AudioFlinger: +mAudioHwDevs(bluetooth)->setParameters(): cameraFacing=back
08-22 07:23:15.821  1027  5516 I AudioFlinger: -mAudioHwDevs(bluetooth)->setParameters(): cameraFacing=back
08-22 07:23:15.821  1027  5516 I AudioFlinger: +mAudioHwDevs(usb)->setParameters(): cameraFacing=back
08-22 07:23:15.821  1027  5516 I AudioFlinger: -mAudioHwDevs(usb)->setParameters(): cameraFacing=back
08-22 07:23:15.822  1027  5516 I AudioFlinger: +mAudioHwDevs(r_submix)->setParameters(): cameraFacing=back
08-22 07:23:15.822  1027  5516 I AudioFlinger: -mAudioHwDevs(r_submix)->setParameters(): cameraFacing=back
08-22 07:23:15.873  3692  3936 I CamAp_LocationManager: recordLocation false name = key_gold_watermark_location size = 0 keys = []
08-22 07:23:15.873  3692  3936 I CamAp_LocationManager: recordLocation false name = key_location size = 0 keys = []
08-22 07:23:15.877  3692  3936 I CamAp_LocationManager: recordLocation false name = key_edit_watermark size = 0 keys = []
08-22 07:23:16.152  1441 31850 I MtkCam/JpegNode: [waitJpegEncodeReqDone] mReqNewTriggerEncodeCond wait +
08-22 07:23:16.159  3692  3936 I CamAp_Proxy_0: setRepeatingRequest mSession = android.hardware.camera2.impl.CameraCaptureSessionImpl@923a745,mSessionType = 1, mRecorderState:false , mReleased:false
08-22 07:23:16.287  1441 31843 I MtkCam/P1NodeImp: [hardwareOps_start] [Cam::0] mp3A->config +++
08-22 07:23:16.333  1441 31843 I MtkCam/P1NodeImp: [hardwareOps_start] [Cam::0] mp3A->config ---
08-22 07:23:16.339  1441 11758 I MtkCam/P1NodeImp: [hardwareOps_request] [Cam::0] mp3A->startRequestQ +++
08-22 07:23:16.355  1441 11758 I MtkCam/P1NodeImp: [hardwareOps_request] [Cam::0] mp3A->startRequestQ ---
08-22 07:23:16.510  3692  3936 I CamAp_ShutterSoundParam: onPreviewStarted
08-22 07:23:16.510  3692  3936 I CamAp_ASDMode: [QuickCapture] loadQCSound sound load:false, mIsCurModeSupportQC:false,needShutterSound:false
08-22 07:23:16.512  3692  3936 I CamAp_Proxy_0: setRepeatingRequest mSession = android.hardware.camera2.impl.CameraCaptureSessionImpl@923a745,mSessionType = 1, mRecorderState:false , mReleased:false
08-22 07:23:16.522  3692  3692 I CamAp_FullZoomUI: [show] mIsNeedShowUI:true, mAllowSetAlpha:true, mModeChangedBegin:false, mIsDVVideoModeBottomUIOn = false mVideoRecording:false
08-22 07:23:16.531  3692  3936 I CamAp_Proxy_0: setRepeatingRequest mSession = android.hardware.camera2.impl.CameraCaptureSessionImpl@923a745,mSessionType = 1, mRecorderState:false , mReleased:false
08-22 07:23:16.542  3692  3936 I CamAp_ShutterSoundParam: [configCommand] enableShutterSound: on, enableShutterOptional: null
08-22 07:23:16.542  3692  3936 I CamAp_Proxy_0: [loadSoundEffectSource] -- [SoundPoolDebug]
08-22 07:23:16.543  3692  3936 I CamAp_Proxy_0: setRepeatingRequest mSession = android.hardware.camera2.impl.CameraCaptureSessionImpl@923a745,mSessionType = 1, mRecorderState:false , mReleased:false
08-22 07:23:16.554  3692  3936 I CamAp_Proxy_0: setRepeatingRequest mSession = android.hardware.camera2.impl.CameraCaptureSessionImpl@923a745,mSessionType = 1, mRecorderState:false , mReleased:false
08-22 07:23:16.609  3692 31136 I TimerRecord: TaintDetect 0.226384
08-22 07:23:16.663  3692  3936 I CamAp_Proxy_0: setRepeatingRequest mSession = android.hardware.camera2.impl.CameraCaptureSessionImpl@923a745,mSessionType = 1, mRecorderState:false , mReleased:false
08-22 07:23:16.742  3692 31136 I TimerRecord: TaintDetect 0.035077
08-22 07:23:16.896  3692 31136 I TimerRecord: TaintDetect 4.113538
08-22 07:23:16.946  3692  3936 I CamAp_Proxy_0: setRepeatingRequest mSession = android.hardware.camera2.impl.CameraCaptureSessionImpl@923a745,mSessionType = 1, mRecorderState:false , mReleased:false
08-22 07:23:17.031  3692 31136 I TimerRecord: TaintDetect 0.051385
08-22 07:23:17.178  3692 31136 I TimerRecord: TaintDetect 4.245615
08-22 07:23:17.224  3692  3936 I CamAp_Proxy_0: setRepeatingRequest mSession = android.hardware.camera2.impl.CameraCaptureSessionImpl@923a745,mSessionType = 1, mRecorderState:false , mReleased:false
08-22 07:23:17.294  3692  3936 I CamAp_Proxy_0: setRepeatingRequest mSession = android.hardware.camera2.impl.CameraCaptureSessionImpl@923a745,mSessionType = 1, mRecorderState:false , mReleased:false
08-22 07:23:17.313  3692 31136 I TimerRecord: TaintDetect 0.055924
08-22 07:23:17.460  3692 31136 I TimerRecord: TaintDetect 6.705846
08-22 07:23:17.553  1545  2758 I ActivityTaskManager: Add pending draw ActivityRecord{94b8c01 u0 com.transsion.hilauncher/com.android.launcher3.uioverrides.QuickstepLauncher t7}
08-22 07:23:17.617  3614  5092 I Kolun_AI.AIM_AppRecService: -----random Recommend:com.transsion.soundrecorder
08-22 07:23:17.618  1049  1082 I BufferQueueDebug: [3991aa6 ActivityRecordInputSink com.transsion.hilauncher/com.android.launcher3.uioverrides.QuickstepLauncher#1342](this:0xb400007e737b8be8,id:-1,api:0,p:-1,c:-1) BufferQueue core=(1049:/system/bin/surfaceflinger)
08-22 07:23:17.618  3614  5092 I Kolun_AI.AppPredictManager: getSortedAppList: true sortedAppList: [com.android.settings, com.sh.smart.caller, com.gallery20, com.transsion.camera, com.transsion.phonemaster, com.transsion.deskclock, com.transsion.calculator, com.transsion.filemanagerx, com.transsion.soundrecorder, com.transsion.healthlife, com.funbase.xradio, com.transsion.smartmessage, com.transsion.modemfeatureviewer, com.transsion.calendar, com.android.quicksearchbox, com.transsion.theme, com.transsion.gamespace.app, com.transsion.mobilecloner, com.transsion.compass, com.rlk.weathers, org.chromium.webview_shell, com.transsion.aivoiceassistant]
08-22 07:23:17.618  3614  5092 I Kolun_AI.DCUtils: broadcast info: com.android.settings#com.sh.smart.caller#com.gallery20#com.transsion.camera#com.transsion.phonemaster#com.transsion.deskclock#com.transsion.calculator#com.transsion.filemanagerx#com.transsion.soundrecorder#com.transsion.healthlife#com.funbase.xradio#com.transsion.smartmessage#com.transsion.modemfeatureviewer#com.transsion.calendar#com.android.quicksearchbox#com.transsion.theme#com.transsion.gamespace.app#com.transsion.mobilecloner#com.transsion.compass#com.rlk.weathers#org.chromium.webview_shell#com.transsion.aivoiceassistant
08-22 07:23:17.682  3614  5092 I Kolun_AI.AIM_AppRecService: -----random Recommend:com.transsion.soundrecorder
08-22 07:23:17.692  3614  5092 I Kolun_AI.WidgetAppManager-kolunloader: notifyWidget:2025-08-22 00:23:17 {"app_array":[{"confidence":0,"package_name":"com.android.settings","tag":"model"},{"confidence":0,"package_name":"com.sh.smart.caller","tag":"model"},{"confidence":0,"package_name":"com.gallery20","tag":"model"},{"confidence":0,"package_name":"com.transsion.camera","tag":"model"},{"confidence":0,"package_name":"com.transsion.phonemaster","tag":"model"},{"confidence":0,"package_name":"com.transsion.calculator","tag":"model"},{"confidence":0,"package_name":"com.transsion.filemanagerx","tag":"model"},{"confidence":0,"package_name":"com.transsion.soundrecorder","tag":"model"}],"category":1,"time":1755818597627}
08-22 07:23:17.700  3614  5092 I Kolun_AI.AIEngineUtils: saveAdvanceData, success true resultCode 0 type alg_app_widget data {"app_array":[{"confidence":0,"package_name":"com.android.settings","tag":"model"},{"confidence":0,"package_name":"com.sh.smart.caller","tag":"model"},{"confidence":0,"package_name":"com.gallery20","tag":"model"},{"confidence":0,"package_name":"com.transsion.camera","tag":"model"},{"confidence":0,"package_name":"com.transsion.phonemaster","tag":"model"},{"confidence":0,"package_name":"com.transsion.calculator","tag":"model"},{"confidence":0,"package_name":"com.transsion.filemanagerx","tag":"model"},{"confidence":0,"package_name":"com.transsion.soundrecorder","tag":"model"}],"category":1,"time":1755818597627}
08-22 07:23:17.703  3692 31136 I TimerRecord: TaintDetect 0.042769
08-22 07:23:17.829  3692 31136 I TimerRecord: TaintDetect 8.290769
08-22 07:23:18.001  3692 31136 I TimerRecord: TaintDetect 0.034077
08-22 07:23:18.154  1441 31868 D TranCam-TranASD: [buildAsdParam] previewLV:-57, mTranASDParam.LV_threshold_NIGHT:10, LV_threshold_LOWLIGHT:30, LV_threshold_MIDDLELIGHT:900,LV_threshold_DENOISE:1000,ASDSensorId:6870, faceNumber:0, openId:0,sensorFacing:1, mTranASDParam.Widesendor:0
08-22 07:23:18.233  1441 31822 D ae_mgr  : [setAEParams()] i4SensorDev:1 i4MinFps:5000 i4MaxFps:30000 u4AeMeterMode:0 i4RotateDegree:0 i4IsoSpeedMode:0 rMeteringAreas Cnt:1 Left:0 Top:0 Right:0 Bottom:0 Weight:0 bIsAELock:0 i4ExpIndex: 0 fExpCompStep:0.100000 u4AeMode:1 i4DenoiseMode:0 u4AntiBandingMode:3 u4CamMode:5 u4ShotMode:0 u4SceneMode:0 bBlackLvlLock:0 u4ZoomXOffset:0 u4ZoomYOffset:0 u4ZoomWidth:4000 u4ZoomHeight:3000 i4ZoomRatio:100 u1HdrMode:0 MStreamHDRMode:0 AELevel=0 dummy:0 Target:0/0 i4ManualPlineIdx:0 i4CustomPlineMode:0 flicker:0/0/0/0/-8 Switch:0
08-22 07:23:18.234  1441 11762 D MtkCam/ppl_context: [sendFrameToRootNodes] r29 frameNo:29 (X) -> 0x1 success; erase record
08-22 07:23:18.279  1441 31868 D TranCam-TranASD: [buildAsdParam] previewLV:-57, mTranASDParam.LV_threshold_NIGHT:10, LV_threshold_LOWLIGHT:30, LV_threshold_MIDDLELIGHT:900,LV_threshold_DENOISE:1000,ASDSensorId:6870, faceNumber:0, openId:0,sensorFacing:1, mTranASDParam.Widesendor:0
08-22 07:23:18.296  2709  2709 D StateManager: goToState - fromState: Background, toState: Overview animated: false  com.android.launcher3.statemanager.StateManager.goToState:6 com.android.launcher3.statemanager.StateManager.goToState:2 com.android.quickstep.BaseActivityInterface$DefaultAnimationFactory.lambda$createActivityInterface$0:50 com.android.quickstep.BaseActivityInterface$DefaultAnimationFactory.a:0 com.android.quickstep.t.run:159 com.android.launcher3.anim.AnimatorPlaybackController$OnAnimationEndDispatcher.onAnimationSuccess:19 com.android.launcher3.anim.AnimationSuccessListener.onAnimationEnd:4 android.animation.Animator$AnimatorListener.onAnimationEnd:708 android.animation.Animator$AnimatorCaller$$ExternalSyntheticLambda1.call:0 android.animation.Animator.callOnList:666 android.animation.Animator.notifyListeners:609 android.animation.Animator.notifyEndListeners:634 android.animation.ValueAnimator.endAnimation:1306 android.animation.ValueAnimator.end:1214 com.android.quickstep.AbsSwipeUpHandler.endLauncherTransitionController:48 com.android.quickstep.BaseLauncherSwipeUpHandler.endLauncherTransitionController:125
08-22 07:23:18.306  1441 31822 D ae_mgr  : [setAEParams()] i4SensorDev:1 i4MinFps:5000 i4MaxFps:30000 u4AeMeterMode:0 i4RotateDegree:0 i4IsoSpeedMode:0 rMeteringAreas Cnt:1 Left:0 Top:0 Right:0 Bottom:0 Weight:0 bIsAELock:0 i4ExpIndex: 0 fExpCompStep:0.100000 u4AeMode:1 i4DenoiseMode:0 u4AntiBandingMode:3 u4CamMode:5 u4ShotMode:0 u4SceneMode:0 bBlackLvlLock:0 u4ZoomXOffset:0 u4ZoomYOffset:0 u4ZoomWidth:4000 u4ZoomHeight:3000 i4ZoomRatio:100 u1HdrMode:0 MStreamHDRMode:0 AELevel=0 dummy:0 Target:0/0 i4ManualPlineIdx:0 i4CustomPlineMode:0 flicker:0/0/0/0/-8 Switch:0
08-22 07:23:18.306  1441 11762 D MtkCam/ppl_context: [sendFrameToRootNodes] r30 frameNo:30 (X) -> 0x1 success; erase record
08-22 07:23:18.352  1545  2149 D AudioSystem: +setParameters(): app_in_recents=true
08-22 07:23:18.353  1027  5516 I AudioFlinger: setParameters: filtered keyvalue app_in_recents=true
08-22 07:23:18.353  1027  5516 I AudioFlinger: +mAudioHwDevs(primary)->setParameters(): app_in_recents=true
08-22 07:23:18.354   902  3195 D AudioALSAHardware: +setParameters(): app_in_recents=true
08-22 07:23:18.354   902  3195 W AudioALSAHardware: setParameters(), still have param.size() = 1, remain param = "app_in_recents=true"
08-22 07:23:18.354   902  3195 D AudioALSAHardware: -setParameters(): app_in_recents=true
08-22 07:23:18.354  1027  5516 I AudioFlinger: -mAudioHwDevs(primary)->setParameters(): app_in_recents=true
08-22 07:23:18.355  1027  5516 I AudioFlinger: +mAudioHwDevs(bluetooth)->setParameters(): app_in_recents=true
08-22 07:23:18.355  1027  5516 I AudioFlinger: -mAudioHwDevs(bluetooth)->setParameters(): app_in_recents=true
08-22 07:23:18.355  1027  5516 I AudioFlinger: +mAudioHwDevs(usb)->setParameters(): app_in_recents=true
08-22 07:23:18.356  1027  5516 I AudioFlinger: -mAudioHwDevs(usb)->setParameters(): app_in_recents=true
08-22 07:23:18.356  1027  5516 I AudioFlinger: +mAudioHwDevs(r_submix)->setParameters(): app_in_recents=true
08-22 07:23:18.356  1027  5516 I AudioFlinger: -mAudioHwDevs(r_submix)->setParameters(): app_in_recents=true
08-22 07:23:18.356  1027  5516 D TranFlinger: Audioflinger app_in_recents = true
08-22 07:23:18.356  1027  5516 D TranFlinger: Audioflinger app_in_recents  is 1
08-22 07:23:18.372  3692  3692 D CamAp_ModePickerUIManag: setEnable enable: true , mIsCameraSwitching: false, mPopSettingUIShow: false, mIsVideoRecording:false,mIsZoomScaling锛歠alse
08-22 07:23:18.373  3692  3692 D CamAp_ModePickerUIManag: setEnable enable: true , mIsCameraSwitching: false, mPopSettingUIShow: false, mIsVideoRecording:false,mIsZoomScaling锛歠alse
08-22 07:23:18.374  1441 31868 D TranCam-TranASD: [buildAsdParam] previewLV:-57, mTranASDParam.LV_threshold_NIGHT:10, LV_threshold_LOWLIGHT:30, LV_threshold_MIDDLELIGHT:900,LV_threshold_DENOISE:1000,ASDSensorId:6870, faceNumber:0, openId:0,sensorFacing:1, mTranASDParam.Widesendor:0
08-22 07:23:18.382  1441 31822 D ae_mgr  : [setAEParams()] i4SensorDev:1 i4MinFps:5000 i4MaxFps:30000 u4AeMeterMode:0 i4RotateDegree:0 i4IsoSpeedMode:0 rMeteringAreas Cnt:1 Left:0 Top:0 Right:0 Bottom:0 Weight:0 bIsAELock:0 i4ExpIndex: 0 fExpCompStep:0.100000 u4AeMode:1 i4DenoiseMode:0 u4AntiBandingMode:3 u4CamMode:5 u4ShotMode:0 u4SceneMode:0 bBlackLvlLock:0 u4ZoomXOffset:0 u4ZoomYOffset:0 u4ZoomWidth:4000 u4ZoomHeight:3000 i4ZoomRatio:100 u1HdrMode:0 MStreamHDRMode:0 AELevel=0 dummy:0 Target:0/0 i4ManualPlineIdx:0 i4CustomPlineMode:0 flicker:0/0/0/0/-8 Switch:0
08-22 07:23:18.383  1441 11879 D MtkCam/ppl_context: [sendFrameToRootNodes] r31 frameNo:31 (X) -> 0x1 success; erase record
08-22 07:23:18.404  3692  3692 D CamAp_FullZoomUI: [updateZoomContainerLayout] gravity:81 orientation:0 leftMargin:0 bottomMargin:0 topMargin:0 rightMargin:0 orientation:0, mVideoRecording: false
08-22 07:23:18.416  3692  3692 D CamAp_FullZoomUI: [updateZoomContainerLayout] gravity:81 orientation:0 leftMargin:0 bottomMargin:0 topMargin:0 rightMargin:0 orientation:0, mVideoRecording: false
08-22 07:23:18.424  3692  3692 D CamAp_FullZoomUI: [updateZoomContainerLayout] gravity:81 orientation:0 leftMargin:0 bottomMargin:0 topMargin:0 rightMargin:0 orientation:0, mVideoRecording: false
08-22 07:23:18.426  3692  3692 D CamAp_TopBarUIManager: [showOrHideTopBar] reason = 0, mIsVideoRecording: false   animate = true
08-22 07:23:18.431  1049  3201 I SurfaceFlinger: onHandleDestroyed: name=d964a02 ActivityRecordInputSink com.transsion.camera/.app.CameraActivity#1335, layerId=1335, parentId=0
08-22 07:23:18.437  1441 31822 D ae_mgr  : [setAEParams()] i4SensorDev:1 i4MinFps:5000 i4MaxFps:30000 u4AeMeterMode:0 i4RotateDegree:0 i4IsoSpeedMode:0 rMeteringAreas Cnt:1 Left:0 Top:0 Right:0 Bottom:0 Weight:0 bIsAELock:0 i4ExpIndex: 0 fExpCompStep:0.100000 u4AeMode:1 i4DenoiseMode:0 u4AntiBandingMode:3 u4CamMode:5 u4ShotMode:0 u4SceneMode:0 bBlackLvlLock:0 u4ZoomXOffset:0 u4ZoomYOffset:0 u4ZoomWidth:4000 u4ZoomHeight:3000 i4ZoomRatio:100 u1HdrMode:0 MStreamHDRMode:0 AELevel=0 dummy:0 Target:0/0 i4ManualPlineIdx:0 i4CustomPlineMode:0 flicker:0/0/0/0/-8 Switch:0
08-22 07:23:18.437  1441 11762 D MtkCam/ppl_context: [sendFrameToRootNodes] r32 frameNo:32 (X) -> 0x1 success; erase record
08-22 07:23:18.439  3692  3692 D CamAp_ModePickerUIManag: setEnable enable: false , mIsCameraSwitching: false, mPopSettingUIShow: false, mIsVideoRecording:false,mIsZoomScaling锛歠alse
08-22 07:23:18.447  1049  1049 I BufferQueueDebug: [d964a02 ActivityRecordInputSink com.transsion.camera/.app.CameraActivity#1335](this:0xb400007e737a4cf8,id:-1,api:0,p:-1,c:1049) onDestructor()
08-22 07:23:18.458  3692 30997 I CamAp_AsdModeRecorder: process 202 start
08-22 07:23:18.458  3692 30997 D CamAp_AsdModeRecorder: processLeaveRecorder mRecordState: STATE_INIT
08-22 07:23:18.458  3692 30997 W CamAp_AsdModeRecorder: processStartAndStopRecorder in unSupported mRecordState:STATE_INIT
08-22 07:23:18.458  3692 30997 I CamAp_AsdModeRecorder: process 202 end process time:0
08-22 07:23:18.459  3692  3692 I CamAp_LocationManager: recordLocation false name = key_gold_watermark_location size = 0 keys = []
08-22 07:23:18.460  3692  3692 I CamAp_LocationManager: recordLocation false name = key_edit_watermark size = 0 keys = []
08-22 07:23:18.461  3692  3692 I CamAp_LocationManager: recordLocation false name = key_location size = 0 keys = []
08-22 07:23:18.464  1441 31868 D TranCam-TranASD: [buildAsdParam] previewLV:-57, mTranASDParam.LV_threshold_NIGHT:10, LV_threshold_LOWLIGHT:30, LV_threshold_MIDDLELIGHT:900,LV_threshold_DENOISE:1000,ASDSensorId:6870, faceNumber:0, openId:0,sensorFacing:1, mTranASDParam.Widesendor:0
08-22 07:23:18.506  1441 11762 I MtkCam/P1NodeImp: [hardwareOps_stop] [Cam::0] mp3A->stopStt +++
08-22 07:23:18.508  1545  2068 D VibratorManagerService: Vibration for uid=10127 and with attrs=VibrationAttributes{mUsage=TOUCH, mAudioUsage= USAGE_ASSISTANCE_SONIFICATION, mCategory=UNKNOWN, mFlags=0} ended with status FINISHED
08-22 07:23:18.515  1441 11762 I MtkCam/P1NodeImp: [hardwareOps_stop] [Cam::0] mp3A->stopStt ---
08-22 07:23:18.515  1441  1441 D MtkCam/ppl_context: [sendFrameToRootNodes] r33 frameNo:33 (X) -> 0x1 success; erase record
08-22 07:23:18.524  1441 31868 D TranCam-TranASD: [buildAsdParam] previewLV:-57, mTranASDParam.LV_threshold_NIGHT:10, LV_threshold_LOWLIGHT:30, LV_threshold_MIDDLELIGHT:900,LV_threshold_DENOISE:1000,ASDSensorId:6870, faceNumber:0, openId:0,sensorFacing:1, mTranASDParam.Widesendor:0
08-22 07:23:18.531  1441 11762 D CmdQMgr : [CmdQMgr_stop] [0x0]:CmdQMgrImp3::CmdQMgr_stop + cq:0x1
08-22 07:23:18.533  1441 31854 D ifunc_cam_buf: [waitBufReady] [0x0]:BUF_CTRL_IMGO fast stop dma:BUF_CTRL_IMGO start wait:[enque record:SW_buf_cnt:0x1, SW_enq_cnt:0x0, FbcCnt:0x0],
08-22 07:23:18.534  1441 31892 D ifunc_cam_buf: [waitBufReady] [0x0]:BUF_CTRL_AFO fast stt stop dma:BUF_CTRL_AFO _pa:0x0 start wait:[enque record:0x4_0x4],
08-22 07:23:18.546  1441 11762 I MtkCam/P1NodeImp: [hardwareOps_stop] [Cam::0] mp3A->stop +++
08-22 07:23:18.546  1441 31889 D ifunc_cam_buf: [waitBufReady] [0x0]:BUF_CTRL_AAO fast stt stop dma:BUF_CTRL_AAO start wait:[enque record:0x3_0x3],
08-22 07:23:18.570  3692  3692 V CamAp_QuickActivity: isLockScreenStart action: android.media.action.STILL_IMAGE_CAMERA, source: volume_double_tap, sourceInt: 4
08-22 07:23:18.695  2372 30563 D MediaCodec: [0xb400007dac5815c0] [c2.mtk.avc.decoder] stop
08-22 07:23:18.696  2372 31764 D MediaCodec: mdomain = 1,mTrackingVideoDataPropertyEnabled=1,mTotalFrames = 94
08-22 07:23:18.696  2372 31764 D VideoTrack: onSendBigDataParameter mediacodec
08-22 07:23:18.702  2372 31764 D VideoTrack: report data mediacodec mVPPSwitchByTemp =0, mVPPSwitchByFramRate= 0
08-22 07:23:18.702  2372 31764 D VideoTrack: first_reder_time_us = 86 ,mVideoFrameRate=25, mCodecType 1,            mVideoFuntionMode 0, mVideoEncrypted 0, mPackageName com.android.systemui,            mVideoCodecName c2.mtk.avc.decoder format width = 1632, hight=1088, mPlaybackSucceed 0,            mCodecErrNum 0, mCodecAction 0, mCodecErrString default
08-22 07:23:18.702  2372 31764 D CCodec  : setparam result codec=0_0_0_0_0_0_0_0_0_0_0_94_0_0_0_86_0_29_442272_0_3737_12_com.android.systemui
08-22 07:23:18.702  2372 31764 D CCodec  : packInfo:0_0_0_0_0_0_0_0_0_0_0_94_0_0_0_86_0_29_442272_0_3737_12_com.android.systemui,76,76
08-22 07:23:18.703  2372 31764 D CCodec  : Successfully set pack parameter
08-22 07:23:18.703  2372 31764 D MediaCodec: (0xb400007dac5815c0)kWhatRelease case,recalaimd:0
08-22 07:23:18.703  2372 31764 D MediaCodec: [0xb400007dac5815c0] setState: 9
08-22 07:23:18.703  2372 31764 D CCodecBufferChannel: [c2.mtk.avc.decoder#67] MediaCodec discarded an unknown buffer
08-22 07:23:18.703  2372 31764 D CCodecBufferChannel: [c2.mtk.avc.decoder#67] MediaCodec discarded an unknown buffer
08-22 07:23:18.703  2372 31764 D CCodecBufferChannel: [c2.mtk.avc.decoder#67] MediaCodec discarded an unknown buffer
08-22 07:23:18.703  2372 31764 D CCodecBufferChannel: [c2.mtk.avc.decoder#67] MediaCodec discarded an unknown buffer
08-22 07:23:18.703  2372 31764 D CCodecBufferChannel: [c2.mtk.avc.decoder#67] MediaCodec discarded an unknown buffer
08-22 07:23:18.704  2372 31764 D CCodecBufferChannel: [c2.mtk.avc.decoder#67] MediaCodec discarded an unknown buffer
08-22 07:23:18.704  2372 31764 D CCodecBufferChannel: [c2.mtk.avc.decoder#67] MediaCodec discarded an unknown buffer
08-22 07:23:18.704  2372 31764 D CCodecBufferChannel: [c2.mtk.avc.decoder#67] MediaCodec discarded an unknown buffer
08-22 07:23:18.704  2372 31764 D CCodecBufferChannel: [c2.mtk.avc.decoder#67] MediaCodec discarded an unknown buffer
08-22 07:23:18.704  2372 31764 D CCodecBufferChannel: [c2.mtk.avc.decoder#67] MediaCodec discarded an unknown buffer
08-22 07:23:18.704  2372 31764 D CCodecBufferChannel: [c2.mtk.avc.decoder#67] MediaCodec discarded an unknown buffer
08-22 07:23:18.704  2372 31764 D CCodecBufferChannel: [c2.mtk.avc.decoder#67] MediaCodec discarded an unknown buffer
08-22 07:23:18.704  2372 31764 D CCodecBufferChannel: [c2.mtk.avc.decoder#67] MediaCodec discarded an unknown buffer
08-22 07:23:18.712  2372 31764 D MediaCodec: [0xb400007dac5815c0] [c2.mtk.avc.decoder] kWhatStopCompleted
08-22 07:23:18.716   923 31766 D VCodec  : [VCodecV4L2] Enque in wrong state: state: INIT,
08-22 07:23:18.716  2372 31764 D MediaCodec: [0xb400007dac5815c0] setState: 2
08-22 07:23:18.716  2372 31764 D MediaCodec: [0xb400007dac5815c0] [c2.mtk.avc.decoder] disconnectFromSurface: mSurface 0xb400007e2c40b6d0
08-22 07:23:18.724  2372 30563 D MediaCodec: [0xb400007dac5815c0] [c2.mtk.avc.decoder] releaseAsync
08-22 07:23:18.724  2372 31764 D MediaCodec: mdomain = 1,mTrackingVideoDataPropertyEnabled=1,mTotalFrames = 94
08-22 07:23:18.724  2372 31764 D MediaCodec: (0xb400007dac5815c0)kWhatRelease case,recalaimd:0
08-22 07:23:18.724  2372 31764 D MediaCodec: [0xb400007dac5815c0] setState: 10
08-22 07:23:18.743   923 31768 D C2MtkVdec: [0xEE1840C0] g_video_recordplay_hal_tid state =0
08-22 07:23:18.750   923 31768 D C2MtkVdec: g_video_lag_mediacodec_tid state =0
08-22 07:23:18.750   923 31768 D C2MtkVdec: currTimeRecord: check decoder = (c2.mtk.avc.decoder), record time = (11005)
08-22 07:23:18.755  1484  1554 I VCodecDrv: set display thredhold to 100ms is finished
08-22 07:23:18.763   923 31768 D C2MtkVdec: [0xEE1840C0] VCodec destroyed.
08-22 07:23:18.764   923 31768 D C2MtkVdec: currTimeRecord: check decoder = (c2.mtk.avc.decoder), record time = (0)
08-22 07:23:18.769  2372 31764 D MediaCodec: [0xb400007dac5815c0] [c2.mtk.avc.decoder] kWhatReleaseCompleted
08-22 07:23:18.769  2372 31764 D MediaCodec: [0xb400007dac5815c0] setState: 0
08-22 07:23:18.774  2372 31764 D MediaCodec: ~MediaCodec(0xb400007dac5815c0)
08-22 07:23:18.786   923  3906 D C2MtkVdec: [0xEE1840C0] g_video_recordplay_hal_tid state =0
08-22 07:23:18.792   923  3906 D C2MtkVdec: g_video_lag_mediacodec_tid state =0
08-22 07:23:18.792   923  3906 D C2MtkVdec: currTimeRecord: check decoder = (c2.mtk.avc.decoder), record time = (11006)
08-22 07:23:18.792   923  3906 D C2MtkVdec: [0xEE1840C0] VCodec destroyed.
08-22 07:23:18.792   923  3906 D C2MtkVdec: currTimeRecord: check decoder = (c2.mtk.avc.decoder), record time = (0)
08-22 07:23:18.797   923  3906 D C2MtkVdec: [0xEEE85360] VCodec destroyed.
08-22 07:23:18.798   923  3906 V C2MtkVdec: in DestroyCodec2AvcFactory
08-22 07:23:18.802   923  3906 V C2MtkVdec: in DestroyCodec2AvcFactory
08-22 07:23:18.818  3692  3692 D ActivityThread: mToDestroying.remove:ActivityRecord{28373e6 token=android.os.BinderProxy@d1bb528 {com.transsion.camera/com.transsion.camera.app.CameraActivity}}
08-22 07:23:18.829  3692  3692 I CamAp_ASDMode: [QuickCapture] releaseQCSound return, sound load:false
08-22 07:23:18.830  3692  3692 W CamAp_AsdModeRecorder: unInit
08-22 07:23:18.830  3692 30997 I CamAp_AsdModeRecorder: process 203 start
08-22 07:23:18.830  3692 30997 I CamAp_AsdModeRecorder: process 203 end process time:0
08-22 07:23:18.842  1441 11762 I MtkCam/P1NodeImp: [hardwareOps_stop] [Cam::0] mp3A->stop ---
08-22 07:23:18.844  1441 11762 I MtkCam/P1NodeImp: [hardwareOps_stop] [Cam::0] mp3A->notifyP1PwrOff +++
08-22 07:23:18.844  1441 11762 I MtkCam/P1NodeImp: [hardwareOps_stop] [Cam::0] mp3A->notifyP1PwrOff ---
08-22 07:23:18.844  1441 11762 I MtkCam/P1NodeImp: [hardwareOps_stop] [Cam::0] mp3A->destroyInstance +++
08-22 07:23:18.844  1441 11762 I MtkCam/P1NodeImp: [hardwareOps_stop] [Cam::0] mp3A->destroyInstance ---
08-22 07:23:18.845  3692 30991 I CamAp_ActionSound: [processMessage] MSG_RELEASE_SOUND START.
08-22 07:23:18.845  3692 30991 I CamAp_ActionSound: ActionSound release: com.transsion.camera.utils.sound.ActionSound@786a296, mSoundPool: android.media.SoundPool@edeeafe
08-22 07:23:18.845  3692 30991 I CamAp_ActionSound: unloadSound: Sound: com.transsion.camera:raw/camera_continuous_shutter, sampleId: 1, streamId: 0, sound state: 2
08-22 07:23:18.846  3692 30991 I CamAp_ActionSound: unloadSound: Sound: [/system/media/audio/ui/camera_click.ogg, /product/media/audio/ui/camera_click.ogg], sampleId: 2, streamId: 0, sound state: 2
08-22 07:23:18.847  3692 30991 I CamAp_ActionSound: unloadSound: Sound: [/system/media/audio/ui/VideoRecord.ogg, /product/media/audio/ui/VideoRecord.ogg], sampleId: 3, streamId: 0, sound state: 2
08-22 07:23:18.847  3692 30991 I CamAp_ActionSound: unloadSound: Sound: [/system/media/audio/ui/VideoStop.ogg, /product/media/audio/ui/VideoStop.ogg], sampleId: 4, streamId: 0, sound state: 2
08-22 07:23:18.851  3692 30991 I CamAp_ActionSound: ActionSound dump: ActionSound mSoundPool: android.media.SoundPool@edeeafe
08-22 07:23:18.851  3692 30991 I CamAp_ActionSound: Sound: com.transsion.camera:raw/camera_continuous_shutter, sampleId: 1, streamId: 0, sound state: 0
08-22 07:23:18.851  3692 30991 I CamAp_ActionSound: Sound: [/system/media/audio/ui/camera_click.ogg, /product/media/audio/ui/camera_click.ogg], sampleId: 2, streamId: 0, sound state: 0
08-22 07:23:18.851  3692 30991 I CamAp_ActionSound: Sound: [/system/media/audio/ui/VideoRecord.ogg, /product/media/audio/ui/VideoRecord.ogg], sampleId: 3, streamId: 0, sound state: 0
08-22 07:23:18.851  3692 30991 I CamAp_ActionSound: Sound: [/system/media/audio/ui/VideoStop.ogg, /product/media/audio/ui/VideoStop.ogg], sampleId: 4, streamId: 0, sound state: 0
08-22 07:23:18.851  1441 11762 D CmdQMgr : [CmdQMgr_detach] [0x0]:CmdQMgrImp3::CmdQMgr_detach+: cq:0x1
08-22 07:23:18.851  3692 30991 D SoundPool: native_release called
08-22 07:23:18.851  3692 30991 D SoundPool: native_release end
08-22 07:23:18.851  3692 30991 I CamAp_ActionSound: [processMessage] MSG_RELEASE_SOUND END, process time = 5 ms.
08-22 07:23:18.852  1545  2758 I Griffin/DeviceState: AudioPlayerItem{playerId=1567, playerState=0, lastUpdateTime=318221329, currentTime= 318221329}
08-22 07:23:18.853  1545  2758 I AS.PlaybackActivityMon: dispatchPlayback size:5 to client size:4
08-22 07:23:18.854  1545  2104 I AudioManager: dispatching onPlaybackConfigChanged()
08-22 07:23:18.854  1545  1545 I AudioManager: dispatching onPlaybackConfigChanged()
08-22 07:23:18.854  1545  1545 I AudioManager: dispatching onPlaybackConfigChanged()
08-22 07:23:18.854  1545  1545 I AudioManager: dispatching onPlaybackConfigChanged()
08-22 07:23:18.855  3614  4095 I AudioManager: dispatching onPlaybackConfigChanged()
08-22 07:23:18.856  4412  4412 I AudioManager: dispatching onPlaybackConfigChanged()
08-22 07:23:18.856  4412  4412 D AI_ELLA_: onPlaybackConfigChanged in main thread
08-22 07:23:18.863  1545  2493 D WindowManager: setParent old=ActivityRecord{624af4d u0 com.transsion.camera/.app.CameraActivity t27 f}},new=null,this window=Window{8bc2ab3 u0 com.transsion.camera/com.transsion.camera.app.CameraActivity},callers=com.android.server.wm.WindowContainer.removeChild:862 com.android.server.wm.ActivityRecord.removeChild:5346 com.android.server.wm.ActivityRecord.removeChild:480 com.android.server.wm.WindowContainer.removeImmediately:932 com.android.server.wm.WindowState.removeImmediately:2557 com.android.server.wm.WindowState.removeIfPossible:2746
08-22 07:23:18.864  1545  2493 D WindowManager: postWindowRemoveCleanupLocked: token:ActivityRecord{624af4d u0 com.transsion.camera/.app.CameraActivity t27 f}} win:Window{8bc2ab3 u0 com.transsion.camera/com.transsion.camera.app.CameraActivity} token.isEmpty:true token.mPersistOnEmpty:true
08-22 07:23:18.877  3692  3936 I CamAp_Proxy_0: [SoundPoolDebug] camera proxy release, mSoundPlayer: com.transsion.camera.utils.sound.ActionSound@786a296, mShutterSoundLoaded: true
08-22 07:23:18.877  3692  3936 D CamAp_Proxy_0: [unloadSoundEffectSource] ++
08-22 07:23:18.877  6803  8888 W         : ApkAssets: Deleting an ApkAssets object '<empty> and /system_ext/app/TranScreenRecord/TranScreenRecord.apk' with 1 weak references
08-22 07:23:18.877  3692  3936 W MessageQueue: Handler (com.transsion.camera.utils.sound.ActionSound$ActionSoundHandler) {76344ac} sending message to a Handler on a dead thread
08-22 07:23:18.877  3692  3936 W MessageQueue: java.lang.IllegalStateException: Handler (com.transsion.camera.utils.sound.ActionSound$ActionSoundHandler) {76344ac} sending message to a Handler on a dead thread
08-22 07:23:18.877  3692  3936 W MessageQueue: 	at com.transsion.camera.utils.sound.ActionSound.unload(ActionSound.java:176)
