实时日志抓取 - 2025-09-22 13:12:24
日志类型: logcat
筛选方向: Audio
保存路径: E:\赛马\pythonproject\dist\main_gui\realtime_logs\realtime_logcat_Audio_20250922_131224.txt
============================================================

日志将保存到: E:\赛马\pythonproject\dist\main_gui\realtime_logs\realtime_logcat_Audio_20250922_131224.txt
开始实时抓取logcat日志，筛选方向: Audio
==================================================
开始实时抓取logcat日志，筛选方向: Audio
==================================================
08-21 19:19:08.117  1545  1868 I ActivityManager: Waited long enough for: ServiceRecord{5cf2366 u0 com.transsion.plat.appupdate/com.android.remindmessage.service.CacheService c:com.transsion.plat.appupdate}
08-21 19:19:08.126  1545  1868 I ActivityManager: Waited long enough for: ServiceRecord{cdf56a7 u0 com.transsion.plat.appupdate/com.android.hundsup.PushService c:com.transsion.plat.appupdate}
08-21 21:09:39.248  1545  1868 I ActivityManager: Waited long enough for: ServiceRecord{49aedaf u0 com.transsion.plat.appupdate/com.android.hundsup.PushService c:com.transsion.plat.appupdate}
08-21 21:09:39.253  1545  1868 I ActivityManager: Waited long enough for: ServiceRecord{ebcb5bc u0 com.transsion.plat.appupdate/com.android.remindmessage.service.CacheService c:com.transsion.plat.appupdate}
08-21 22:00:01.190  1545  2149 I AS.AudioService: updateAssistantUIdLocked=com.transsion.aivoiceassistant
08-21 23:24:12.876  1545  1868 I ActivityManager: Waited long enough for: ServiceRecord{6a7fa25 u0 com.transsion.plat.appupdate/com.android.hundsup.PushService c:com.transsion.plat.appupdate}
08-21 23:24:12.888  1545  1868 I ActivityManager: Waited long enough for: ServiceRecord{f8313a1 u0 com.transsion.plat.appupdate/com.android.remindmessage.service.CacheService c:com.transsion.plat.appupdate}
08-22 01:33:38.951  1545  1868 I ActivityManager: Waited long enough for: ServiceRecord{66c1f02 u0 com.transsion.plat.appupdate/com.android.hundsup.PushService c:com.transsion.plat.appupdate}
08-22 01:33:38.956  1545  1868 I ActivityManager: Waited long enough for: ServiceRecord{4200250 u0 com.transsion.plat.appupdate/com.android.remindmessage.service.CacheService c:com.transsion.plat.appupdate}
08-22 03:04:34.257  1545  2098 I WatchlistLoggingHandler: Start aggregating watchlist records.
08-22 03:04:34.260  1545  2098 I WatchlistLoggingHandler: Milliseconds spent on tryAggregateRecords(): 3
08-22 03:24:24.816  1545  1868 I ActivityManager: Waited long enough for: ServiceRecord{ec92a20 u0 com.transsion.plat.appupdate/com.android.hundsup.PushService c:com.transsion.plat.appupdate}
08-22 03:24:24.824  1545  1868 I ActivityManager: Waited long enough for: ServiceRecord{592a095 u0 com.transsion.plat.appupdate/com.android.remindmessage.service.CacheService c:com.transsion.plat.appupdate}
08-22 05:33:38.215  1545  1868 I ActivityManager: Waited long enough for: ServiceRecord{ede51c9 u0 com.transsion.plat.appupdate/com.android.hundsup.PushService c:com.transsion.plat.appupdate}
08-22 05:33:38.227  1545  1868 I ActivityManager: Waited long enough for: ServiceRecord{9e3f80b u0 com.transsion.plat.appupdate/com.android.remindmessage.service.CacheService c:com.transsion.plat.appupdate}
08-22 06:04:30.189  1545  1704 I UsbPortManager: USB port changed: port=UsbPort{id=port0, supportedModes=dual, audio_acc, supportedContaminantProtectionModes=1, supportsEnableContaminantPresenceProtection=false, supportsEnableContaminantPresenceDetection=false, supportsComplianceWarnings=false, status=UsbPortStatus{connected=true, currentMode=ufp, currentPowerRole=sink, currentDataRole=device, supportedRoleCombinations=[source:host, sink:device], contaminantDetectionStatus=2, contaminantProtectionStatus=0, usbDataStatus=unknown, isPowerTransferLimited=false, powerBrickConnectionStatus=unknown, complianceWarnings=[], plugState=0, displayPortAltModeInfo=null}, canChangeMode=true, canChangePowerRole=false, canChangeDataRole=false, connectedAtMillis=313492665, lastConnectDurationMillis=0
08-22 06:04:30.901  1545  1823 I Griffin/DeviceState: AudioPlayerItem{playerId=1479, playerState=0, lastUpdateTime=313493377, currentTime= 313493377}
08-22 06:04:30.976  1545  1823 I Griffin/DeviceState: AudioPlayerItem{playerId=1487, playerState=2, lastUpdateTime=313493452, currentTime= 313493452}
08-22 06:04:31.141  1545  1909 I Usf/appStateManager: handleUpdateAudioFocusState uid: 1000    packageName: add
08-22 06:04:31.254  1545  2981 I ActivityTaskManager: needHookReparentToDefaultDisplay: sourceRecord = null,r = ActivityRecord{5f8b804 u0 com.android.settings/com.transsion.settings.usbdialog.UsbMTPChooserActivity t-1}, tda = DefaultTaskDisplayArea@140036768
08-22 06:04:31.293  1545  2981 I ActivityTaskManager: Add pending draw ActivityRecord{5f8b804 u0 com.android.settings/com.transsion.settings.usbdialog.UsbMTPChooserActivity t26}
08-22 06:04:31.956  1545  3780 I Griffin/DeviceState: AudioPlayerItem{playerId=1495, playerState=2, lastUpdateTime=313494433, currentTime= 313494433}
08-22 06:04:32.059  1545  1909 I Usf/appStateManager: handleUpdateAudioFocusState uid: 10142    packageName: add
08-22 06:04:32.879  1545  1909 I Usf/appStateManager: handleUpdateAudioFocusState uid: 10142    packageName: remove
08-22 06:04:33.418  1545  3895 W ActivityTaskManager: Add starting :ActivityRecord{dc818a6 u0 com.android.settings/.Settings$SoundSettingsActivity t18} startingData=SnapshotStartingData{cfd49f0 waitForSyncTransactionCommit=false removeAfterTransaction= 0}
08-22 06:04:33.461  1545  2759 I WindowManager: Relayout Window{d6182bb u0 com.android.settings/com.android.settings.Settings$SoundSettingsActivity}: oldVis=8 newVis=0 focusMayChange = true requestedWidth = 1080 requestedHeight = 2436 outFrames = ClientWindowFrames{frame=[0,0][1080,2436] display=[0,0][1080,2436] parentFrame=[0,0][0,0]} outSurfaceControl = Surface(name=com.android.settings/com.android.settings.Settings$SoundSettingsActivity)/@0x6974f76
08-22 06:04:33.481  1545  2759 W WindowManager: finishDrawingWindow: Window{d6182bb u0 com.android.settings/com.android.settings.Settings$SoundSettingsActivity} mDrawState=DRAW_PENDING
08-22 06:04:33.487  1545  1708 I WindowManager: this = Window{685151c u0 SnapshotStartingWindow for taskId=18}, later than mainWin: Window{d6182bb u0 com.android.settings/com.android.settings.Settings$SoundSettingsActivity}
08-22 06:04:33.489  1545  3780 I WindowManager: this = Window{685151c u0 SnapshotStartingWindow for taskId=18}, later than mainWin: Window{d6182bb u0 com.android.settings/com.android.settings.Settings$SoundSettingsActivity}
08-22 06:04:33.492  1545  1708 I WindowManager: this = Window{685151c u0 SnapshotStartingWindow for taskId=18}, later than mainWin: Window{d6182bb u0 com.android.settings/com.android.settings.Settings$SoundSettingsActivity}
08-22 06:04:33.497  1545  1708 I WindowManager: this = Window{685151c u0 SnapshotStartingWindow for taskId=18}, later than mainWin: Window{d6182bb u0 com.android.settings/com.android.settings.Settings$SoundSettingsActivity}
08-22 06:04:33.505  1545  2759 I WindowManager: this = Window{685151c u0 SnapshotStartingWindow for taskId=18}, later than mainWin: Window{d6182bb u0 com.android.settings/com.android.settings.Settings$SoundSettingsActivity}
08-22 06:04:33.516  1545  1708 I WindowManager: this = Window{685151c u0 SnapshotStartingWindow for taskId=18}, later than mainWin: Window{d6182bb u0 com.android.settings/com.android.settings.Settings$SoundSettingsActivity}
08-22 06:04:33.519  1545  1708 I WindowManager: this = Window{685151c u0 SnapshotStartingWindow for taskId=18}, later than mainWin: Window{d6182bb u0 com.android.settings/com.android.settings.Settings$SoundSettingsActivity}
08-22 06:04:33.533  1545  1708 I WindowManager: this = Window{685151c u0 SnapshotStartingWindow for taskId=18}, later than mainWin: Window{d6182bb u0 com.android.settings/com.android.settings.Settings$SoundSettingsActivity}
08-22 06:04:33.540  1545  1708 I WindowManager: this = Window{685151c u0 SnapshotStartingWindow for taskId=18}, later than mainWin: Window{d6182bb u0 com.android.settings/com.android.settings.Settings$SoundSettingsActivity}
08-22 06:04:33.555  1545  1707 I WindowManager: this = Window{685151c u0 SnapshotStartingWindow for taskId=18}, later than mainWin: Window{d6182bb u0 com.android.settings/com.android.settings.Settings$SoundSettingsActivity}
08-22 06:04:33.567  1545  1708 I WindowManager: this = Window{685151c u0 SnapshotStartingWindow for taskId=18}, later than mainWin: Window{d6182bb u0 com.android.settings/com.android.settings.Settings$SoundSettingsActivity}
08-22 06:04:33.571  1545  1708 I WindowManager: this = Window{685151c u0 SnapshotStartingWindow for taskId=18}, later than mainWin: Window{d6182bb u0 com.android.settings/com.android.settings.Settings$SoundSettingsActivity}
08-22 06:04:33.573  1545  1708 I WindowManager: this = Window{685151c u0 SnapshotStartingWindow for taskId=18}, later than mainWin: Window{d6182bb u0 com.android.settings/com.android.settings.Settings$SoundSettingsActivity}
08-22 06:04:33.590  1545  1708 I WindowManager: this = Window{685151c u0 SnapshotStartingWindow for taskId=18}, later than mainWin: Window{d6182bb u0 com.android.settings/com.android.settings.Settings$SoundSettingsActivity}
08-22 06:04:33.607  1545  1708 I WindowManager: this = Window{685151c u0 SnapshotStartingWindow for taskId=18}, later than mainWin: Window{d6182bb u0 com.android.settings/com.android.settings.Settings$SoundSettingsActivity}
08-22 06:04:33.635  1545  3790 I WindowManager: this = Window{685151c u0 SnapshotStartingWindow for taskId=18}, later than mainWin: Window{d6182bb u0 com.android.settings/com.android.settings.Settings$SoundSettingsActivity}
08-22 06:04:33.654  1545  3905 I WindowManager: this = Window{685151c u0 SnapshotStartingWindow for taskId=18}, later than mainWin: Window{d6182bb u0 com.android.settings/com.android.settings.Settings$SoundSettingsActivity}
08-22 06:04:33.662  1545  1708 I WindowManager: this = Window{685151c u0 SnapshotStartingWindow for taskId=18}, later than mainWin: Window{d6182bb u0 com.android.settings/com.android.settings.Settings$SoundSettingsActivity}
08-22 06:04:33.674  1545  3807 I WindowManager: this = Window{685151c u0 SnapshotStartingWindow for taskId=18}, later than mainWin: Window{d6182bb u0 com.android.settings/com.android.settings.Settings$SoundSettingsActivity}
08-22 06:04:33.838  1545  1909 I Usf/appStateManager: handleUpdateAudioFocusState uid: 1000    packageName: remove
08-22 06:04:42.457  1545  2981 W ActivityTaskManager: Duplicate finish request for r=ActivityRecord{5f8b804 u0 com.android.settings/com.transsion.settings.usbdialog.UsbMTPChooserActivity t26 f}}
08-22 06:04:42.462  1545  3896 W WindowManager: Changing focus from Window{8d8bacd u0 com.android.settings/com.transsion.settings.usbdialog.UsbMTPChooserActivity} to Window{d6182bb u0 com.android.settings/com.android.settings.Settings$SoundSettingsActivity} displayId=0 Callers=com.android.server.wm.RootWindowContainer.updateFocusedWindowLocked:528 com.android.server.wm.WindowManagerService.updateFocusedWindowLocked:6854 com.android.server.wm.ActivityTaskManagerService.setLastResumedActivityUncheckLocked:5680 com.android.server.wm.ActivityTaskSupervisor.updateTopResumedActivityIfNeeded:2511
08-22 06:04:42.654  1545  2426 I Griffin/DeviceState: AudioPlayerItem{playerId=1503, playerState=0, lastUpdateTime=313505131, currentTime= 313505131}
08-22 06:04:42.689  1545  3831 I Griffin/DeviceState: AudioPlayerItem{playerId=1511, playerState=0, lastUpdateTime=313505166, currentTime= 313505166}
08-22 06:04:42.729  1545  2759 I Griffin/DeviceState: AudioPlayerItem{playerId=1519, playerState=0, lastUpdateTime=313505206, currentTime= 313505206}
08-22 06:04:42.750  1545  3831 I Griffin/DeviceState: AudioPlayerItem{playerId=1527, playerState=0, lastUpdateTime=313505227, currentTime= 313505227}
08-22 06:04:42.752  1545  2022 W CoreBackPreview: Finished transition didn't include the targets open: [ActivityRecord{20819ed u0 com.android.settings/.Settings t18}] close: ActivityRecord{dc818a6 u0 com.android.settings/.Settings$SoundSettingsActivity t18}
08-22 06:04:42.801  1545  3892 I Griffin/DeviceState: AudioPlayerItem{playerId=1551, playerState=0, lastUpdateTime=313505277, currentTime= 313505277}
08-22 06:04:42.806  1545  1615 I Griffin/DeviceState: AudioPlayerItem{playerId=1543, playerState=0, lastUpdateTime=313505282, currentTime= 313505282}
08-22 06:04:42.808  1545  3885 I Griffin/DeviceState: AudioPlayerItem{playerId=1535, playerState=0, lastUpdateTime=313505285, currentTime= 313505285}
08-22 06:04:42.812  1545  3892 W WindowManager: Changing focus from Window{d6182bb u0 com.android.settings/com.android.settings.Settings$SoundSettingsActivity} to null displayId=0 Callers=com.android.server.wm.RootWindowContainer.updateFocusedWindowLocked:528 com.android.server.wm.WindowManagerService.updateFocusedWindowLocked:6854 com.android.server.wm.ActivityTaskManagerService.setLastResumedActivityUncheckLocked:5680 com.android.server.wm.ActivityTaskSupervisor.updateTopResumedActivityIfNeeded:2511
08-22 06:04:42.825  1545  3790 I Griffin/DeviceState: AudioPlayerItem{playerId=1559, playerState=0, lastUpdateTime=313505301, currentTime= 313505301}
08-22 06:04:43.250  1545  2022 I WindowManager:   isAnimating=false  okToAnimate=true  win=Window{d6182bb u0 com.android.settings/com.android.settings.Settings$SoundSettingsActivity}
08-22 06:04:44.761  1545  2022 I ActivityTaskManager: Add pending draw ActivityRecord{94b8c01 u0 com.transsion.hilauncher/com.android.launcher3.uioverrides.QuickstepLauncher t7}
08-22 06:04:47.338  1545  3905 W WindowManager: finishDrawingWindow: Window{5a47413 u0 TrVolumeDialogImpl} mDrawState=DRAW_PENDING
08-22 06:04:47.339  1545  1708 I WindowManager:   isAnimating=false  okToAnimate=true  win=Window{5a47413 u0 TrVolumeDialogImpl}
08-22 06:04:59.737  1545  1920 I WindowManager:   isAnimating=false  okToAnimate=true  win=Window{5a47413 u0 TrVolumeDialogImpl}
08-22 06:05:25.131  1545  3807 W WindowManager: Changing focus from Window{77f7114 u0 com.transsion.hilauncher/com.android.launcher3.uioverrides.QuickstepLauncher} to null displayId=0 Callers=com.android.server.wm.RootWindowContainer.updateFocusedWindowLocked:528 com.android.server.wm.WindowManagerService.updateFocusedWindowLocked:6854 com.android.server.wm.ActivityRecord.commitVisibility:6577 com.android.server.wm.ActivityRecord.commitVisibility:6588
08-22 06:07:16.060  1545  2589 W WindowManager: finishDrawingWindow: Window{32167c1 u0 TrVolumeDialogImpl} mDrawState=DRAW_PENDING
08-22 06:07:16.062  1545  1708 I WindowManager:   isAnimating=false  okToAnimate=true  win=Window{32167c1 u0 TrVolumeDialogImpl}
08-22 06:07:26.269  1545  3831 I WindowManager:   isAnimating=false  okToAnimate=true  win=Window{32167c1 u0 TrVolumeDialogImpl}
08-22 06:07:51.797  1545  3809 W WindowManager: Changing focus from Window{77f7114 u0 com.transsion.hilauncher/com.android.launcher3.uioverrides.QuickstepLauncher} to null displayId=0 Callers=com.android.server.wm.RootWindowContainer.updateFocusedWindowLocked:528 com.android.server.wm.WindowManagerService.updateFocusedWindowLocked:6854 com.android.server.wm.ActivityRecord.commitVisibility:6577 com.android.server.wm.ActivityRecord.commitVisibility:6588
08-22 06:13:45.612  5073  5286 I AudioManager: getCommunicationDevice
08-22 06:13:45.612  1545  3780 I AS.AudioDeviceBroker: topCommunicationRouteClient: process no permission or mCommunicationRouteClients is empty
08-22 06:13:45.613  1545  3780 I AS.AudioDeviceBroker: requestedCommunicationDevice: null mAudioModeOwner: AudioModeInfo: mMode=MODE_NORMAL, mPid=0, mUid=0
08-22 06:14:45.672  5073  5286 I AudioManager: getCommunicationDevice
08-22 06:14:45.673  1545  3780 I AS.AudioDeviceBroker: topCommunicationRouteClient: process no permission or mCommunicationRouteClients is empty
08-22 06:14:45.673  1545  3780 I AS.AudioDeviceBroker: requestedCommunicationDevice: null mAudioModeOwner: AudioModeInfo: mMode=MODE_NORMAL, mPid=0, mUid=0
08-22 06:15:45.744  5073  5286 I AudioManager: getCommunicationDevice
08-22 06:15:45.745  1545  3780 I AS.AudioDeviceBroker: topCommunicationRouteClient: process no permission or mCommunicationRouteClients is empty
08-22 06:15:45.745  1545  3780 I AS.AudioDeviceBroker: requestedCommunicationDevice: null mAudioModeOwner: AudioModeInfo: mMode=MODE_NORMAL, mPid=0, mUid=0
08-22 06:16:45.797  5073  5286 I AudioManager: getCommunicationDevice
08-22 06:16:45.797  1545  2758 I AS.AudioDeviceBroker: topCommunicationRouteClient: process no permission or mCommunicationRouteClients is empty
08-22 06:16:45.797  1545  2758 I AS.AudioDeviceBroker: requestedCommunicationDevice: null mAudioModeOwner: AudioModeInfo: mMode=MODE_NORMAL, mPid=0, mUid=0
08-22 06:17:45.870  5073  5286 I AudioManager: getCommunicationDevice
08-22 06:17:45.870  1545  2758 I AS.AudioDeviceBroker: topCommunicationRouteClient: process no permission or mCommunicationRouteClients is empty
08-22 06:17:45.870  1545  2758 I AS.AudioDeviceBroker: requestedCommunicationDevice: null mAudioModeOwner: AudioModeInfo: mMode=MODE_NORMAL, mPid=0, mUid=0
08-22 06:18:45.929  5073  5286 I AudioManager: getCommunicationDevice
08-22 06:18:45.929  1545  2493 I AS.AudioDeviceBroker: topCommunicationRouteClient: process no permission or mCommunicationRouteClients is empty
08-22 06:18:45.929  1545  2493 I AS.AudioDeviceBroker: requestedCommunicationDevice: null mAudioModeOwner: AudioModeInfo: mMode=MODE_NORMAL, mPid=0, mUid=0
08-22 06:19:13.813  5073  5286 I AudioManager: getCommunicationDevice
08-22 06:19:13.814  1545  2493 I AS.AudioDeviceBroker: topCommunicationRouteClient: process no permission or mCommunicationRouteClients is empty
08-22 06:19:13.814  1545  2493 I AS.AudioDeviceBroker: requestedCommunicationDevice: null mAudioModeOwner: AudioModeInfo: mMode=MODE_NORMAL, mPid=0, mUid=0
08-22 06:19:45.960  5073  5286 I AudioManager: getCommunicationDevice
08-22 06:19:45.961  1545  2758 I AS.AudioDeviceBroker: topCommunicationRouteClient: process no permission or mCommunicationRouteClients is empty
08-22 06:19:45.961  1545  2758 I AS.AudioDeviceBroker: requestedCommunicationDevice: null mAudioModeOwner: AudioModeInfo: mMode=MODE_NORMAL, mPid=0, mUid=0
08-22 06:20:40.493  2607  8734 W TelephonyPermissions: reportAccessDeniedToReadIdentifiers:com.transsion.screenrecorder:getImeiForSlot:-1
08-22 06:20:46.014  5073  5286 I AudioManager: getCommunicationDevice
08-22 06:20:46.015  1545  2493 I AS.AudioDeviceBroker: topCommunicationRouteClient: process no permission or mCommunicationRouteClients is empty
08-22 06:20:46.015  1545  2493 I AS.AudioDeviceBroker: requestedCommunicationDevice: null mAudioModeOwner: AudioModeInfo: mMode=MODE_NORMAL, mPid=0, mUid=0
08-22 06:21:46.076  5073  5286 I AudioManager: getCommunicationDevice
08-22 06:21:46.076  1545  2493 I AS.AudioDeviceBroker: topCommunicationRouteClient: process no permission or mCommunicationRouteClients is empty
08-22 06:21:46.077  1545  2493 I AS.AudioDeviceBroker: requestedCommunicationDevice: null mAudioModeOwner: AudioModeInfo: mMode=MODE_NORMAL, mPid=0, mUid=0
08-22 06:22:46.137  5073  5286 I AudioManager: getCommunicationDevice
08-22 06:22:46.137  1545  2493 I AS.AudioDeviceBroker: topCommunicationRouteClient: process no permission or mCommunicationRouteClients is empty
08-22 06:22:46.137  1545  2493 I AS.AudioDeviceBroker: requestedCommunicationDevice: null mAudioModeOwner: AudioModeInfo: mMode=MODE_NORMAL, mPid=0, mUid=0
08-22 06:23:46.198  5073  5286 I AudioManager: getCommunicationDevice
08-22 06:23:46.198  1545  2493 I AS.AudioDeviceBroker: topCommunicationRouteClient: process no permission or mCommunicationRouteClients is empty
08-22 06:23:46.198  1545  2493 I AS.AudioDeviceBroker: requestedCommunicationDevice: null mAudioModeOwner: AudioModeInfo: mMode=MODE_NORMAL, mPid=0, mUid=0
08-22 06:24:23.728  1545  2096 I TranSecureCamExt: handleVolumeKey
08-22 06:24:23.728  1545  2096 I TranSecureCamExt: interceptVolumeKey: 0
08-22 06:24:23.731  1545  2096 I AS.AudioService: getMode, get current owner's mode
08-22 06:24:23.731  1545  2096 I AS.AudioService: getMode, currentModeHandler is null
08-22 06:24:23.906  1545  2096 I TranSecureCamExt: handleVolumeKey
08-22 06:24:23.907  1545  2096 I TranSecureCamExt: interceptVolumeKey: 1
08-22 06:24:24.158  1545  2096 I TranSecureCamExt: handleVolumeKey
08-22 06:24:24.159  1545  2096 I TranSecureCamExt: interceptVolumeKey: 0
08-22 06:24:24.161  1545  2096 I AS.AudioService: getMode, get current owner's mode
08-22 06:24:24.162  1545  2096 I AS.AudioService: getMode, currentModeHandler is null
08-22 06:24:24.359  1545  2096 I TranSecureCamExt: handleVolumeKey
08-22 06:24:24.359  1545  2096 I TranSecureCamExt: interceptVolumeKey: 1
08-22 06:24:24.492  1545  2096 I TranSecureCamExt: handleVolumeKey
08-22 06:24:24.492  1545  2096 I TranSecureCamExt: interceptVolumeKey: 0
08-22 06:24:24.495  1545  2096 I AS.AudioService: getMode, get current owner's mode
08-22 06:24:24.495  1545  2096 I AS.AudioService: getMode, currentModeHandler is null
08-22 06:24:24.646  1545  2096 I TranSecureCamExt: handleVolumeKey
08-22 06:24:24.646  1545  2096 I TranSecureCamExt: interceptVolumeKey: 1
08-22 06:24:24.725  1545  2096 I TranSecureCamExt: handleVolumeKey
08-22 06:24:24.725  1545  2096 I TranSecureCamExt: interceptVolumeKey: 0
08-22 06:24:24.726  1545  2096 I AS.AudioService: getMode, get current owner's mode
08-22 06:24:24.727  1545  2096 I AS.AudioService: getMode, currentModeHandler is null
08-22 06:24:24.729  1545  2096 I TranSecureCamExt: Volume button double tap gesture detected, launching camera. Interval: 234ms
08-22 06:24:24.757  1545  2096 I ActivityTaskManager: needHookReparentToDefaultDisplay: sourceRecord = null,r = ActivityRecord{babcc66 u0 com.transsion.camera/.app.CameraActivity t-1}, tda = null
08-22 06:24:24.767  1049  4087 I BufferQueueDebug: [ActivityRecord{babcc66 u0 com.transsion.camera/.app.CameraActivity t27}#1289](this:0xb400007e7379c448,id:-1,api:0,p:-1,c:-1) BufferQueue core=(1049:/system/bin/surfaceflinger)
08-22 06:24:24.796  1545  2096 I ActivityTaskManager: Add pending draw ActivityRecord{babcc66 u0 com.transsion.camera/.app.CameraActivity t27}
08-22 06:24:24.834  3692  3692 I CamAp_ActionSound: new ActionSound: com.transsion.camera.utils.sound.ActionSound@f98cc95, mSoundPool: null
08-22 06:24:24.846  3614 30946 I Kolun_AI.SceneIdentify: onMediaEvent onRuleAudioCallCheck false
08-22 06:24:24.846  3614 30946 I Kolun_AI.SystemEventSubscribe:  onPublishData {"type":"media_event","time":1755815064844,"data":"{\"audioPkg\":\"com.transsion.settings.wifi\",\"audioState\":1,\"cameraId\":\"0\",\"cameraPkg\":\"com.transsion.camera\",\"cameraState\":0,\"micState\":-1}","provider":"dc","dc_version":2030370000,"data_version":1,"user_id":0}
08-22 06:24:24.865  1545  2758 I AudioManager: setParameter(cameraFacing=back)
08-22 06:24:24.866  1027  1093 I AudioFlinger: setParameters: filtered keyvalue cameraFacing=back
08-22 06:24:24.866  1027  1093 I AudioFlinger: +mAudioHwDevs(primary)->setParameters(): cameraFacing=back
08-22 06:24:24.867   902   902 W AudioALSAHardware: setParameters(), still have param.size() = 1, remain param = "cameraFacing=back"
08-22 06:24:24.867  1027  1093 I AudioFlinger: -mAudioHwDevs(primary)->setParameters(): cameraFacing=back
08-22 06:24:24.867  1027  1093 I AudioFlinger: +mAudioHwDevs(bluetooth)->setParameters(): cameraFacing=back
08-22 06:24:24.868  1027  1093 I AudioFlinger: -mAudioHwDevs(bluetooth)->setParameters(): cameraFacing=back
08-22 06:24:24.868  1027  1093 I AudioFlinger: +mAudioHwDevs(usb)->setParameters(): cameraFacing=back
08-22 06:24:24.869  1027  1093 I AudioFlinger: -mAudioHwDevs(usb)->setParameters(): cameraFacing=back
08-22 06:24:24.869  1027  1093 I AudioFlinger: +mAudioHwDevs(r_submix)->setParameters(): cameraFacing=back
08-22 06:24:24.870  1027  1093 I AudioFlinger: -mAudioHwDevs(r_submix)->setParameters(): cameraFacing=back
08-22 06:24:24.893  3692  3936 I CamAp_LocationManager: recordLocation false name = key_gold_watermark_location size = 0 keys = []
08-22 06:24:24.894  3692  3936 I CamAp_LocationManager: recordLocation false name = key_location size = 0 keys = []
08-22 06:24:24.898  3692  3936 I CamAp_LocationManager: recordLocation false name = key_edit_watermark size = 0 keys = []
08-22 06:24:24.908  1545  2096 I TranSecureCamExt: handleVolumeKey
08-22 06:24:24.909  1545  2096 I TranSecureCamExt: interceptVolumeKey: 1
08-22 06:24:24.963  1545  1823 I Griffin/MemoryMonitorManager: ProcessRecord= ProcessRecord{87540ed 6803:com.android.settings/1000} pss= 126 threshold= 212
08-22 06:24:24.989  1545  1823 I Griffin/MemoryMonitorManager: ProcessRecord= ProcessRecord{4e2209c 8396:com.idea.questionnaire/u0a166} pss= 24 threshold= 3072
08-22 06:24:25.004  1545  2096 I TranSecureCamExt: handleVolumeKey
08-22 06:24:25.004  1545  2096 I TranSecureCamExt: interceptVolumeKey: 0
08-22 06:24:25.005  1545  2096 I AS.AudioService: getMode, get current owner's mode
08-22 06:24:25.005  1545  2096 I AS.AudioService: getMode, currentModeHandler is null
08-22 06:24:25.006  1545  2096 I TranSecureCamExt: Volume button double tap gesture detected, launching camera. Interval: 279ms
08-22 06:24:25.020  1545  2096 I ActivityTaskManager: needHookReparentToDefaultDisplay: sourceRecord = null,r = ActivityRecord{624af4d u0 com.transsion.camera/.app.CameraActivity t-1}, tda = DefaultTaskDisplayArea@140036768
08-22 06:24:25.021  1545  1823 I Griffin/MemoryMonitorManager: ProcessRecord= ProcessRecord{9778acd 7822:com.transsion.healthlife/u0a212} pss= 94 threshold= 3072
08-22 06:24:25.029  1049  3201 I BufferQueueDebug: [ActivityRecord{624af4d u0 com.transsion.camera/.app.CameraActivity t27}#1296](this:0xb400007e73819908,id:-1,api:0,p:-1,c:-1) BufferQueue core=(1049:/system/bin/surfaceflinger)
08-22 06:24:25.047  1545  1823 I Griffin/MemoryMonitorManager: ProcessRecord= ProcessRecord{5565a40 12691:com.transsion.plat.appupdate.ui/u0a122} pss= 12 threshold= 3072
08-22 06:24:25.053  1545  2096 I ActivityTaskManager: Add pending draw ActivityRecord{624af4d u0 com.transsion.camera/.app.CameraActivity t27}
08-22 06:24:25.070  1545  1823 I Griffin/MemoryMonitorManager: ProcessRecord= ProcessRecord{887c826 6711:com.transsion.plat.appupdate/u0a122} pss= 17 threshold= 3072
08-22 06:24:25.092  1545  2145 I AS.AudioService: onReceive action = android.intent.action.SCREEN_ON
08-22 06:24:25.092  1545  2145 I TranAudioService: clearZeroSoundAppList
08-22 06:24:25.097  1545  1823 I Griffin/MemoryMonitorManager: ProcessRecord= ProcessRecord{5d277a9 12207:com.debug.loggerui/u0a147} pss= 11 threshold= 3072
08-22 06:24:25.107  3692  3692 I CamAp_ASDMode: [QuickCapture] releaseQCSound return, sound load:false
08-22 06:24:25.108  3692  3692 W CamAp_AsdModeRecorder: unInit
08-22 06:24:25.110  3692 30963 I CamAp_AsdModeRecorder: process 203 start
08-22 06:24:25.110  3692 30963 I CamAp_AsdModeRecorder: process 203 end process time:0
08-22 06:24:25.114  3692 30951 W CamAp_ActionSound: unload fail, maybe sound is not loaded: 0
08-22 06:24:25.128  3692 30951 I CamAp_ActionSound: [processMessage] MSG_RELEASE_SOUND START.
08-22 06:24:25.128  3692 30951 I CamAp_ActionSound: ActionSound release: com.transsion.camera.utils.sound.ActionSound@f98cc95, mSoundPool: null
08-22 06:24:25.128  3692 30951 I CamAp_ActionSound: ActionSound dump: ActionSound mSoundPool: null
08-22 06:24:25.128  3692 30951 I CamAp_ActionSound: [processMessage] MSG_RELEASE_SOUND END, process time = 0 ms.
08-22 06:24:25.149  1545  1823 I Griffin/MemoryMonitorManager: ProcessRecord= ProcessRecord{f582b2b 22336:com.android.printspooler/u0a75} pss= 8 threshold= 3072
08-22 06:24:25.157  6673  6673 I BindAudioSmartConnectUseCase: ACTION_SCREEN_ON keyguard:true
08-22 06:24:25.202  1545  1823 I Griffin/MemoryMonitorManager: ProcessRecord= ProcessRecord{be166c2 5521:com.transsion.settings.wifi/1000} pss= 18 threshold= 3072
08-22 06:24:25.203  1545  2096 I TranSecureCamExt: handleVolumeKey
08-22 06:24:25.204  3692  3692 I CamAp_ActionSound: new ActionSound: com.transsion.camera.utils.sound.ActionSound@786a296, mSoundPool: null
08-22 06:24:25.223  1545  1545 I AS.AudioService: adjustSuggestedStreamVolume() stream=-2147483648, flags=4116, caller=android, volControlStream=-1, userSelect=false
08-22 06:24:25.225  1545  1545 I AS.AudioService: isInCommunication IsInCall = false mode = 0
08-22 06:24:25.230  1545  1545 I AS.AudioService: getActiveStreamType: Forcing DEFAULT_VOL_STREAM_NO_PLAYBACK(3) b/c default
08-22 06:24:25.232  1545  1545 I AS.AudioService: adjustStreamVolume() stream=3, dir=0, flags=4112, caller=android
08-22 06:24:25.232  1545  1545 I AS.AudioService: adjustStreamVolume getDeviceForStream device = 2
08-22 06:24:25.232  1545  1545 I AS.AudioService:  newIndex For ui = 0
08-22 06:24:25.233  1545  1545 I TranAudioService: checkVibrationPermission=true checkUpdateAppOpsStatsPermission:true
08-22 06:24:25.281  3614  3993 I ApiInvoke1.6.3: SubscribeBusServerImpl: parseSubscribeHostInfoList infoStr {"host":"DataCenter#StandardDataService","typeCounts":[{"type":"activity_event","subscribeCount":1},{"type":"headset_state_event","subscribeCount":1},{"type":"screen_state","subscribeCount":1},{"type":"tips_screen_app_list","subscribeCount":1},{"type":"wifi_event","subscribeCount":1},{"type":"desktop_apps","subscribeCount":4},{"type":"media_event","subscribeCount":2},{"type":"user_present","subscribeCount":1},{"type":"battery_event","subscribeCount":2},{"type":"volume_event","subscribeCount":1},{"type":"bluetooth","subscribeCount":1},{"type":"sms_event","subscribeCount":1},{"type":"app_foreground","subscribeCount":1},{"type":"location","subscribeCount":1},{"type":"notification_info_event","subscribeCount":1}]}
08-22 06:24:25.281  3614  3993 I ApiInvoke1.6.3: SubscribeBusServerImpl: parseSubscribeHostInfoList infoStr {"host":"MiniAppOxygenBusExportChannel#miniAppUsageDataReceiverSubscribe","typeCounts":[{"type":"OnShortCutsRecordChanged","subscribeCount":1},{"type":"OnForegroundBackgroundStatusChanged","subscribeCount":1}]}
08-22 06:24:25.284  3614  3993 I ApiInvoke1.6.3: SubscribeBusServerImpl: editSubscribeHostInfo editHostInfoByOpt pid3614 channel DataCenter#StandardDataService matcher volume_event subscribeCount 1
08-22 06:24:25.285  3614  3993 I ApiInvoke1.6.3: SubscribeBusServerImpl: editSubscribeHostInfo editHostInfoByOpt pid3614 channel MiniAppOxygenBusExportChannel#miniAppUsageDataReceiverSubscribe matcher OnShortCutsRecordChanged subscribeCount 1
08-22 06:24:25.290  3614  3993 I ApiInvoke1.6.3: SubscribeBusServerImpl: createNotifyRunnable, notifyPublisherChange host=DataCenter#StandardDataService typeCount SubscribeTypeCount{type='volume_event', subscribeCount=0} subscribeMap 6
08-22 06:24:25.291  3614  3993 I ApiInvoke1.6.3: SubscribeManager: onSubscribeCountChange publisher Publisher{channel='DataCenter', apiName='StandardDataService', label='volume_event'} subscribeCount 8
08-22 06:24:25.291  1545  2096 I TranSecureCamExt: handleVolumeKey
08-22 06:24:25.291  3614  3993 I StandardDataService: onSubscribeCountChange volume_event, count 8, com.transsion.kolun.aidatacenter.services.StandardDataService@500e4a5
08-22 06:24:25.291  3614  3993 I DataServiceImplV2: StandardDataService onSubscribeCountChange regType volume_event, 8
08-22 06:24:25.294  1545  2096 I AS.AudioService: getMode, get current owner's mode
08-22 06:24:25.294  1545  2096 I AS.AudioService: getMode, currentModeHandler is null
08-22 06:24:25.296  3614  3993 I ApiInvoke1.6.3: SubscribeBusServerImpl: createNotifyRunnable, notifyPublisherChange host=MiniAppOxygenBusExportChannel#miniAppUsageDataReceiverSubscribe typeCount SubscribeTypeCount{type='OnShortCutsRecordChanged', subscribeCount=0} subscribeMap 6
08-22 06:24:25.312  3692  3936 I CamAp_Proxy_0: [SoundPoolDebug] camera proxy release, mSoundPlayer: null, mShutterSoundLoaded: false
08-22 06:24:25.322  1441 31016 I MtkCam/JpegNode: [waitJpegEncodeReqDone] mReqNewTriggerEncodeCond wait +
08-22 06:24:25.360  3614  3614 I ApiInvoke1.6.3: ApiRouterManager: api ==>>  key SmartVolumeApi entity : SmartVolumeApi=APIClassEntity{apiName='SmartVolumeApi', serviceClass='class com.transsion.kolun.plugin.smartvolume.SmartVolumeApi', packageName='com.transsion.kolun.plugin.smartvolume', constructorType=0, livingTime=0}
08-22 06:24:25.368  3692  3692 I CamAp_AppStorageManager: checkStorageVolume volume: StorageVolume: Internal shared storage, state: mounted, isPrimary: true
08-22 06:24:25.368  3692  3692 I CamAp_AppStorageManager: onStorageSetting changed to internal, mIsResumed: true, mExternalStorageVolume null
08-22 06:24:25.368  3692  3692 I CamAp_AppStorageManager: StorageVolume changed : null --> internal, reason: 0
08-22 06:24:25.377  1027  1093 I AudioFlinger: setParameters: filtered keyvalue screen_state=on
08-22 06:24:25.377  1027  1093 I AudioFlinger: +mAudioHwDevs(primary)->setParameters(): screen_state=on
08-22 06:24:25.378  1027  1093 I AudioFlinger: -mAudioHwDevs(primary)->setParameters(): screen_state=on
08-22 06:24:25.378  1027  1093 I AudioFlinger: +mAudioHwDevs(bluetooth)->setParameters(): screen_state=on
08-22 06:24:25.379  1027  1093 I AudioFlinger: -mAudioHwDevs(bluetooth)->setParameters(): screen_state=on
08-22 06:24:25.380  1027  1093 I AudioFlinger: +mAudioHwDevs(usb)->setParameters(): screen_state=on
08-22 06:24:25.410  3692  3692 I CamAp_AppStorageManager: StorageVolume changed : internal --> internal, reason: 0
08-22 06:24:25.411  1027  1093 I AudioFlinger: -mAudioHwDevs(usb)->setParameters(): screen_state=on
08-22 06:24:25.411  1027  1093 I AudioFlinger: +mAudioHwDevs(r_submix)->setParameters(): screen_state=on
08-22 06:24:25.411  1027  1093 I AudioFlinger: -mAudioHwDevs(r_submix)->setParameters(): screen_state=on
08-22 06:24:25.416  3692  3935 W CamAp_InternalStorageOp: file is not exist: /storage/emulated/0/DCIM/Camera/.videorecorder
08-22 06:24:25.440  1545  2095 W InputDispatcher: Waiting because no window has focus but ActivityRecord{624af4d u0 com.transsion.camera/.app.CameraActivity t27} may eventually add a window when it finishes starting up. Will wait for 5000ms
08-22 06:24:25.448  1049  1082 I BufferQueueDebug: [d964a02 ActivityRecordInputSink com.transsion.camera/.app.CameraActivity#1307](this:0xb400007e73816b78,id:-1,api:0,p:-1,c:-1) BufferQueue core=(1049:/system/bin/surfaceflinger)
08-22 06:24:25.468  1027  1027 I AudioFlinger: setParameters: filtered keyvalue screen_state=on
08-22 06:24:25.468  1027  1027 I AudioFlinger: +mAudioHwDevs(primary)->setParameters(): screen_state=on
08-22 06:24:25.471  1027  1027 I AudioFlinger: -mAudioHwDevs(primary)->setParameters(): screen_state=on
08-22 06:24:25.471  1027  1027 I AudioFlinger: +mAudioHwDevs(bluetooth)->setParameters(): screen_state=on
08-22 06:24:25.471  1027  1027 I AudioFlinger: -mAudioHwDevs(bluetooth)->setParameters(): screen_state=on
08-22 06:24:25.471  1027  1027 I AudioFlinger: +mAudioHwDevs(usb)->setParameters(): screen_state=on
08-22 06:24:25.482  1441 31009 I MtkCam/P1NodeImp: [hardwareOps_start] [Cam::0] mp3A->config +++
08-22 06:24:25.486  1027  1027 I AudioFlinger: -mAudioHwDevs(usb)->setParameters(): screen_state=on
08-22 06:24:25.486  1027  1027 I AudioFlinger: +mAudioHwDevs(r_submix)->setParameters(): screen_state=on
08-22 06:24:25.486  1027  1027 I AudioFlinger: -mAudioHwDevs(r_submix)->setParameters(): screen_state=on
08-22 06:24:25.490  1545  2096 I TranSecureCamExt: handleVolumeKey
08-22 06:24:25.507  1049  1082 I SurfaceFlinger: onHandleDestroyed: name=ActivityRecord{babcc66 u0 com.transsion.camera/.app.CameraActivity t27}#1289, layerId=1289, parentId=0
08-22 06:24:25.529  1049  1049 I BufferQueueDebug: [ActivityRecord{babcc66 u0 com.transsion.camera/.app.CameraActivity t27}#1289](this:0xb400007e7379c448,id:-1,api:0,p:-1,c:1049) onDestructor()
08-22 06:24:25.529  1545  2758 I ActivityTaskManager: Activity requesting to dismiss Keyguard: ActivityRecord{624af4d u0 com.transsion.camera/.app.CameraActivity t27}
08-22 06:24:25.558  1441 31009 I MtkCam/P1NodeImp: [hardwareOps_start] [Cam::0] mp3A->config ---
08-22 06:24:25.570  1441 11879 I MtkCam/P1NodeImp: [hardwareOps_ready] [Cam::0] mp3A->start +++
08-22 06:24:25.577  5073  5286 I AudioManager: getCommunicationDevice
08-22 06:24:25.581  1545  3893 I AS.AudioDeviceBroker: topCommunicationRouteClient: process no permission or mCommunicationRouteClients is empty
08-22 06:24:25.581  1545  3893 I AS.AudioDeviceBroker: requestedCommunicationDevice: null mAudioModeOwner: AudioModeInfo: mMode=MODE_NORMAL, mPid=0, mUid=0
08-22 06:24:25.590  1441 11879 I MtkCam/P1NodeImp: [hardwareOps_ready] [Cam::0] mp3A->start ---
08-22 06:24:25.593  1027  1027 I AudioFlinger: setParameters: filtered keyvalue screen_state=on
08-22 06:24:25.593  1027  1027 I AudioFlinger: +mAudioHwDevs(primary)->setParameters(): screen_state=on
08-22 06:24:25.594  1027  1027 I AudioFlinger: -mAudioHwDevs(primary)->setParameters(): screen_state=on
08-22 06:24:25.594  1027  1027 I AudioFlinger: +mAudioHwDevs(bluetooth)->setParameters(): screen_state=on
08-22 06:24:25.595  1027  1027 I AudioFlinger: -mAudioHwDevs(bluetooth)->setParameters(): screen_state=on
08-22 06:24:25.595  1027  1027 I AudioFlinger: +mAudioHwDevs(usb)->setParameters(): screen_state=on
08-22 06:24:25.596  1027  1027 I AudioFlinger: -mAudioHwDevs(usb)->setParameters(): screen_state=on
08-22 06:24:25.596  1027  1027 I AudioFlinger: +mAudioHwDevs(r_submix)->setParameters(): screen_state=on
08-22 06:24:25.596  1027  1027 I AudioFlinger: -mAudioHwDevs(r_submix)->setParameters(): screen_state=on
08-22 06:24:25.663  1027  1027 I AudioFlinger: setParameters: filtered keyvalue screen_state=on
08-22 06:24:25.663  1027  1027 I AudioFlinger: +mAudioHwDevs(primary)->setParameters(): screen_state=on
08-22 06:24:25.665  1027  1027 I AudioFlinger: -mAudioHwDevs(primary)->setParameters(): screen_state=on
08-22 06:24:25.665  1027  1027 I AudioFlinger: +mAudioHwDevs(bluetooth)->setParameters(): screen_state=on
08-22 06:24:25.666  1027  1027 I AudioFlinger: -mAudioHwDevs(bluetooth)->setParameters(): screen_state=on
08-22 06:24:25.666  1027  1027 I AudioFlinger: +mAudioHwDevs(usb)->setParameters(): screen_state=on
08-22 06:24:25.668  1027  1027 I AudioFlinger: -mAudioHwDevs(usb)->setParameters(): screen_state=on
08-22 06:24:25.668  1027  1027 I AudioFlinger: +mAudioHwDevs(r_submix)->setParameters(): screen_state=on
08-22 06:24:25.669  1027  1027 I AudioFlinger: -mAudioHwDevs(r_submix)->setParameters(): screen_state=on
08-22 06:24:25.678  1441 11879 I MtkCam/P1NodeImp: [hardwareOps_stop] [Cam::0] mp3A->stopStt +++
08-22 06:24:25.707  1441 11879 I MtkCam/P1NodeImp: [hardwareOps_stop] [Cam::0] mp3A->stopStt ---
08-22 06:24:25.761  3614  7045 I Kolun_AI.AIM_AppRecService: -----random Recommend:com.transsion.soundrecorder
08-22 06:24:25.765  1441 11879 I MtkCam/P1NodeImp: [hardwareOps_stop] [Cam::0] mp3A->stop +++
08-22 06:24:25.999 31082 31082 W libc    : Access denied finding property "ro.odm.tr_audio_hifi.feature.support"
08-22 06:24:26.030  1441 11879 I MtkCam/P1NodeImp: [hardwareOps_stop] [Cam::0] mp3A->stop ---
08-22 06:24:26.031  1441 11879 I MtkCam/P1NodeImp: [hardwareOps_stop] [Cam::0] mp3A->notifyP1PwrOff +++
08-22 06:24:26.031  1441 11879 I MtkCam/P1NodeImp: [hardwareOps_stop] [Cam::0] mp3A->notifyP1PwrOff ---
08-22 06:24:26.031  1441 11879 I MtkCam/P1NodeImp: [hardwareOps_stop] [Cam::0] mp3A->destroyInstance +++
08-22 06:24:26.031  1441 11879 I MtkCam/P1NodeImp: [hardwareOps_stop] [Cam::0] mp3A->destroyInstance ---
08-22 06:24:26.090  1441 31016 I MtkCam/JpegNode: [waitJpegEncodeReqDone] mReqNewTriggerEncodeCond wait -
08-22 06:24:26.336  3614 30946 I Kolun_AI.SceneIdentify: onMediaEvent onRuleAudioCallCheck false
08-22 06:24:26.336  3614 30946 I Kolun_AI.SystemEventSubscribe:  onPublishData {"type":"media_event","time":1755815066332,"data":"{\"audioPkg\":\"com.transsion.settings.wifi\",\"audioState\":1,\"cameraId\":\"0\",\"cameraPkg\":\"\",\"cameraState\":1,\"micState\":-1}","provider":"dc","dc_version":2030370000,"data_version":1,"user_id":0}
08-22 06:24:26.351  3614 30946 I Kolun_AI.SceneIdentify: onMediaEvent onRuleAudioCallCheck false
08-22 06:24:26.351  3614 30946 I Kolun_AI.SystemEventSubscribe:  onPublishData {"type":"media_event","time":1755815066349,"data":"{\"audioPkg\":\"com.transsion.settings.wifi\",\"audioState\":1,\"cameraId\":\"0\",\"cameraPkg\":\"com.transsion.camera\",\"cameraState\":0,\"micState\":-1}","provider":"dc","dc_version":2030370000,"data_version":1,"user_id":0}
08-22 06:24:26.361  1545  2758 I AudioManager: setParameter(cameraFacing=back)
08-22 06:24:26.361  1027  1027 I AudioFlinger: setParameters: filtered keyvalue cameraFacing=back
08-22 06:24:26.361  1027  1027 I AudioFlinger: +mAudioHwDevs(primary)->setParameters(): cameraFacing=back
08-22 06:24:26.362   902   902 W AudioALSAHardware: setParameters(), still have param.size() = 1, remain param = "cameraFacing=back"
08-22 06:24:26.362  1027  1027 I AudioFlinger: -mAudioHwDevs(primary)->setParameters(): cameraFacing=back
08-22 06:24:26.362  1027  1027 I AudioFlinger: +mAudioHwDevs(bluetooth)->setParameters(): cameraFacing=back
08-22 06:24:26.363  1027  1027 I AudioFlinger: -mAudioHwDevs(bluetooth)->setParameters(): cameraFacing=back
08-22 06:24:26.363  1027  1027 I AudioFlinger: +mAudioHwDevs(usb)->setParameters(): cameraFacing=back
08-22 06:24:26.363  1027  1027 I AudioFlinger: -mAudioHwDevs(usb)->setParameters(): cameraFacing=back
08-22 06:24:26.363  1027  1027 I AudioFlinger: +mAudioHwDevs(r_submix)->setParameters(): cameraFacing=back
08-22 06:24:26.364  1027  1027 I AudioFlinger: -mAudioHwDevs(r_submix)->setParameters(): cameraFacing=back
08-22 06:24:26.380  3692  3936 I CamAp_LocationManager: recordLocation false name = key_gold_watermark_location size = 0 keys = []
08-22 06:24:26.380  3692  3936 I CamAp_LocationManager: recordLocation false name = key_location size = 0 keys = []
08-22 06:24:26.383  3692  3936 I CamAp_LocationManager: recordLocation false name = key_edit_watermark size = 0 keys = []
08-22 06:24:26.697  1441 31157 I MtkCam/JpegNode: [waitJpegEncodeReqDone] mReqNewTriggerEncodeCond wait +
08-22 06:24:26.711  3692  3936 I CamAp_Proxy_0: setRepeatingRequest mSession = android.hardware.camera2.impl.CameraCaptureSessionImpl@b679e47,mSessionType = 1, mRecorderState:false , mReleased:false
08-22 06:24:26.821  1441 31151 I MtkCam/P1NodeImp: [hardwareOps_start] [Cam::0] mp3A->config +++
08-22 06:24:26.865  1441 31151 I MtkCam/P1NodeImp: [hardwareOps_start] [Cam::0] mp3A->config ---
08-22 06:24:26.870  1441 11879 I MtkCam/P1NodeImp: [hardwareOps_request] [Cam::0] mp3A->startRequestQ +++
08-22 06:24:26.886  1441 11879 I MtkCam/P1NodeImp: [hardwareOps_request] [Cam::0] mp3A->startRequestQ ---
08-22 06:24:27.031  3692  3692 I CamAp_FullZoomUI: [show] mIsNeedShowUI:false, mAllowSetAlpha:true, mModeChangedBegin:false, mIsDVVideoModeBottomUIOn = false mVideoRecording:false
08-22 06:24:27.031  3692  3936 I CamAp_ShutterSoundParam: onPreviewStarted
08-22 06:24:27.032  3692  3936 I CamAp_ASDMode: [QuickCapture] loadQCSound sound load:false, mIsCurModeSupportQC:false,needShutterSound:false
08-22 06:24:27.040  3692 30991 I CamAp_ActionSound: loadSound: Sound: com.transsion.camera:raw/camera_continuous_shutter, sampleId: 1, streamId: 0, sound state: 1
08-22 06:24:27.043  3692  3936 I CamAp_Proxy_0: setRepeatingRequest mSession = android.hardware.camera2.impl.CameraCaptureSessionImpl@b679e47,mSessionType = 1, mRecorderState:false , mReleased:false
08-22 06:24:27.046  1545  3893 I AS.AudioService: getMode, get current owner's mode
08-22 06:24:27.046  1545  3893 I AS.AudioService: getMode, currentModeHandler is null
08-22 06:24:27.067  3692  3936 I CamAp_Proxy_0: setRepeatingRequest mSession = android.hardware.camera2.impl.CameraCaptureSessionImpl@b679e47,mSessionType = 1, mRecorderState:false , mReleased:false
08-22 06:24:27.091  3692  3936 I CamAp_ShutterSoundParam: [configCommand] enableShutterSound: on, enableShutterOptional: null
08-22 06:24:27.091  3692  3936 I CamAp_Proxy_0: [loadSoundEffectSource] -- [SoundPoolDebug]
08-22 06:24:27.091  3692  3936 I CamAp_Proxy_0: setRepeatingRequest mSession = android.hardware.camera2.impl.CameraCaptureSessionImpl@b679e47,mSessionType = 1, mRecorderState:false , mReleased:false
08-22 06:24:27.095  3692 30991 I CamAp_ActionSound: loadSound: Sound: [/system/media/audio/ui/camera_click.ogg, /product/media/audio/ui/camera_click.ogg], sampleId: 2, streamId: 0, sound state: 1
08-22 06:24:27.096  3692 30991 I CamAp_ActionSound: loadSound: Sound: [/system/media/audio/ui/VideoRecord.ogg, /product/media/audio/ui/VideoRecord.ogg], sampleId: 3, streamId: 0, sound state: 1
08-22 06:24:27.096  3692 30991 I CamAp_ActionSound: loadSound: Sound: [/system/media/audio/ui/VideoStop.ogg, /product/media/audio/ui/VideoStop.ogg], sampleId: 4, streamId: 0, sound state: 1
08-22 06:24:27.101  3692 31208 I CCodec  : setting up 'default' as default (vendor) store
08-22 06:24:27.105  3692 31208 I CCodec  : Created component [c2.android.vorbis.decoder]
08-22 06:24:27.109  3692 31208 I CCodecConfig: query failed after returning 8 values (BAD_INDEX)
08-22 06:24:27.127  3692 31208 W Codec2Client: query -- param skipped: index = 1107298332.
08-22 06:24:27.129  3692 31208 I CCodecConfig: query failed after returning 8 values (BAD_INDEX)
08-22 06:24:27.132  3692 31208 W Codec2Client: query -- param skipped: index = 1342179345.
08-22 06:24:27.132  3692 31208 W Codec2Client: query -- param skipped: index = 2415921170.
08-22 06:24:27.137  1027  1027 I AudioFlinger: setParameters: filtered keyvalue screen_state=off
08-22 06:24:27.137  1027  1027 I AudioFlinger: +mAudioHwDevs(primary)->setParameters(): screen_state=off
08-22 06:24:27.138  1027  1027 I AudioFlinger: -mAudioHwDevs(primary)->setParameters(): screen_state=off
08-22 06:24:27.138  1027  1027 I AudioFlinger: +mAudioHwDevs(bluetooth)->setParameters(): screen_state=off
08-22 06:24:27.139  1027  1027 I AudioFlinger: -mAudioHwDevs(bluetooth)->setParameters(): screen_state=off
08-22 06:24:27.139  1027  1027 I AudioFlinger: +mAudioHwDevs(usb)->setParameters(): screen_state=off
08-22 06:24:27.140  1027  1027 I AudioFlinger: -mAudioHwDevs(usb)->setParameters(): screen_state=off
08-22 06:24:27.140  1027  1027 I AudioFlinger: +mAudioHwDevs(r_submix)->setParameters(): screen_state=off
08-22 06:24:27.140  1027  1027 I AudioFlinger: -mAudioHwDevs(r_submix)->setParameters(): screen_state=off
08-22 06:24:27.141  3692 31208 I CCodecBufferChannel: [c2.android.vorbis.decoder#487] Created output block pool with allocatorID 16 => poolID 148 - OK
08-22 06:24:27.141  1535  2019 E Codec2-ComponentInterface: We have a failed config
08-22 06:24:27.175  3692  3936 I CamAp_Proxy_0: setRepeatingRequest mSession = android.hardware.camera2.impl.CameraCaptureSessionImpl@b679e47,mSessionType = 1, mRecorderState:false , mReleased:false
08-22 06:24:27.229  3692 31221 I CCodec  : setting up 'default' as default (vendor) store
08-22 06:24:27.251  3692 30997 I CamAp_AsdModeRecorder: process 202 start
08-22 06:24:27.251  3692 30997 W CamAp_AsdModeRecorder: processStartAndStopRecorder in unSupported mRecordState:STATE_INIT
08-22 06:24:27.251  3692 30997 I CamAp_AsdModeRecorder: process 202 end process time:0
08-22 06:24:27.251  3692 31221 I CCodec  : Created component [c2.android.vorbis.decoder]
08-22 06:24:27.252  3692  3692 I CamAp_LocationManager: recordLocation false name = key_gold_watermark_location size = 0 keys = []
08-22 06:24:27.252  3692  3692 I CamAp_LocationManager: recordLocation false name = key_edit_watermark size = 0 keys = []
08-22 06:24:27.253  3692  3692 I CamAp_LocationManager: recordLocation false name = key_location size = 0 keys = []
08-22 06:24:27.261  3692 31221 I CCodecConfig: query failed after returning 8 values (BAD_INDEX)
08-22 06:24:27.274  3692 31221 W Codec2Client: query -- param skipped: index = 1107298332.
08-22 06:24:27.274  3692 31221 I CCodecConfig: query failed after returning 8 values (BAD_INDEX)
08-22 06:24:27.276  3692 31221 W Codec2Client: query -- param skipped: index = 1342179345.
08-22 06:24:27.277  3692 31221 W Codec2Client: query -- param skipped: index = 2415921170.
08-22 06:24:27.280  1545  3831 W WindowManager: Changing focus from Window{8bc2ab3 u0 com.transsion.camera/com.transsion.camera.app.CameraActivity} to null displayId=0 Callers=com.android.server.wm.RootWindowContainer.updateFocusedWindowLocked:528 com.android.server.wm.WindowManagerService.updateFocusedWindowLocked:6854 com.android.server.wm.ActivityRecord.commitVisibility:6577 com.android.server.wm.ActivityRecord.commitVisibility:6588
08-22 06:24:27.280  3692 31221 I CCodecBufferChannel: [c2.android.vorbis.decoder#270] Created output block pool with allocatorID 16 => poolID 150 - OK
08-22 06:24:27.280  1535  5335 E Codec2-ComponentInterface: We have a failed config
08-22 06:24:27.286  1441 11879 I MtkCam/P1NodeImp: [hardwareOps_stop] [Cam::0] mp3A->stopStt +++
08-22 06:24:27.293  3692  3692 I CamAp_FullZoomUI: [show] mIsNeedShowUI:false, mAllowSetAlpha:true, mModeChangedBegin:false, mIsDVVideoModeBottomUIOn = false mVideoRecording:false
08-22 06:24:27.294  3692  3692 I CamAp_FullZoomUI: mIsCameraSwitching:false  , mVideoRecording :false
08-22 06:24:27.294  3692  3692 I CamAp_FullZoomUI: [show] mIsNeedShowUI:false, mAllowSetAlpha:true, mModeChangedBegin:false, mIsDVVideoModeBottomUIOn = false mVideoRecording:false
08-22 06:24:27.294  3692  3692 I CamAp_FullZoomUI: mIsCameraSwitching:false  , mVideoRecording :false
08-22 06:24:27.298  1441 11879 I MtkCam/P1NodeImp: [hardwareOps_stop] [Cam::0] mp3A->stopStt ---
08-22 06:24:27.316  3692  3692 D CamAp_AbstractHintUI: [updateCommonHintRotateOrientation], orientation:-1 , mScreenFormType:0, mIsVideoRecording: false, mRecordingOrientation: -1
08-22 06:24:27.326  3692 31208 D CCodecBufferChannel: [c2.android.vorbis.decoder#487] input EOS
