08-18 16:03:47.086326   902  3026 D AudioALSAHardware: +setParameters(): screen_state=on
08-18 16:03:47.086550   902  3026 D AudioALSAStreamOut: +setScreenState(), flag 2, mode 1
08-18 16:03:47.086614   902  3026 D AudioALSAPlaybackHandlerNormal: setScreenState(), flag = 0x2, mode = 1, sample_rate(source/target) = 48000/48000, buffer_size(source/target) = 8192/16384, device_support_hifi = 0
08-18 16:03:47.086654   902  3026 D AudioALSAPlaybackHandlerNormal: setScreenState(), flag = 2, rate = 1024, mInterrupt = 0.021333, mode = 1, sample_rate(target) = 48000, buffer_size = 8192, channel = 2, format = 4, reduceInterruptSize = 1024
08-18 16:03:47.088657   902  3026 D AudioALSAStreamOut: +setScreenState(), flag 8, mode 1
08-18 16:03:47.088734   902  3026 D AudioALSAStreamOut: +setScreenState(), flag 4, mode 1
08-18 16:03:47.088771   902  3026 D AudioALSAStreamOut: +setScreenState(), flag 32768, mode 1
08-18 16:03:47.088802   902  3026 D AudioALSAStreamOut: +setScreenState(), flag 65536, mode 1
08-18 16:03:47.088873   902  3026 D AudioALSAHardware: -setParameters(): screen_state=on
08-18 16:03:47.089388   902  7008 I AudioALSAStreamOut: Ge write(), buffer = 0xb4000072e0473430, bytes = 8192, flags 2
08-18 16:03:47.089423  1027  5516 I AudioFlinger: -mAudioHwDevs(primary)->setParameters(): screen_state=on
08-18 16:03:47.089527  1027  5516 I AudioFlinger: +mAudioHwDevs(bluetooth)->setParameters(): screen_state=on
08-18 16:03:47.089626   902  7008 I AudioALSAPlaybackHandlerBase: Ge preWriteOperation(), buffer 0xb4000072e0473430, bytes 8192, mIsNeedUpdateLib 0
08-18 16:03:47.089745   902  7008 I AudioALSAPlaybackHandlerBase: Ge doDcRemoval(), inBytes: 8192, pOutBytes: 8192 ppOutBuffer = 0xb40000739c7b1000
08-18 16:03:47.090131  1027  5516 I AudioFlinger: -mAudioHwDevs(bluetooth)->setParameters(): screen_state=on
08-18 16:03:47.090249  1027  5516 I AudioFlinger: +mAudioHwDevs(usb)->setParameters(): screen_state=on
08-18 16:03:47.090608  1027  5516 I AudioFlinger: -mAudioHwDevs(usb)->setParameters(): screen_state=on
08-18 16:03:47.090652  1027  5516 I AudioFlinger: +mAudioHwDevs(r_submix)->setParameters(): screen_state=on
08-18 16:03:47.090981  1027  5516 I AudioFlinger: -mAudioHwDevs(r_submix)->setParameters(): screen_state=on
08-18 16:03:47.092540   902  7008 D AudioALSAPlaybackHandlerBase: checkThresTime flag 0x2 latency warning, totolTime 0.023805/0.032000, AF 0.021049/0.017067, HAL 0.002604/0.010667, kernel 0.000152/0.025600
08-18 16:03:47.093423   902  7008 I AudioALSAPlaybackHandlerBase: Ge -getHardwareBufferInfo, frameInfo_get = 774, mStreamAttributeTarget.buffer_size = 16384, buffer_per_time = 2048, halQueuedFrame = 0
08-18 16:03:47.100844   902  7008 I AudioALSAPlaybackHandlerBase: Ge -getHardwareBufferInfo, frameInfo_get = 1128, mStreamAttributeTarget.buffer_size = 16384, buffer_per_time = 2048, halQueuedFrame = 0
08-18 16:03:47.106285   902  7008 I AudioALSAStreamOut: Ge write(), buffer = 0xb4000072e0473430, bytes = 8192, flags 2
08-18 16:03:47.106500   902  7008 I AudioALSAPlaybackHandlerBase: Ge preWriteOperation(), buffer 0xb4000072e0473430, bytes 8192, mIsNeedUpdateLib 0
08-18 16:03:47.106562   902  7008 I AudioALSAPlaybackHandlerBase: Ge doDcRemoval(), inBytes: 8192, pOutBytes: 8192 ppOutBuffer = 0xb40000739c7b1000
08-18 16:03:47.108162   902  7008 I AudioALSAPlaybackHandlerBase: Ge -getHardwareBufferInfo, frameInfo_get = 456, mStreamAttributeTarget.buffer_size = 16384, buffer_per_time = 2048, halQueuedFrame = 0
08-18 16:03:47.108710   902  3026 D AudioALSAStreamOut: standby(), flag 2
08-18 16:03:47.108869   902  3026 D AudioALSAStreamOut: standbyStreamOut(), halRequest 0, mDestroy 0, flag 2
08-18 16:03:47.108958   902  3026 D AudioALSAStreamOut: close(), flags 2
08-18 16:03:47.109007   902  3026 I AudioALSAStreamOut: Ge closeWavDump()
08-18 16:03:47.109068   902  3026 D AudioALSAPlaybackHandlerNormal: +close(), flag = 2, mDevice = 0x2
08-18 16:03:47.109115   902  3026 D AudioALSAHardwareResourceManager: +stopOutputDevice(), mOutputDevices = 0x2, mStartOutputDevicesCount = 1
08-18 16:03:47.109178   902  3026 D AudioALSAHardwareResourceManager: CloseSpeakerPath(), defined MTK_GENERIC_HAL
08-18 16:03:47.109224   902  3026 I AudioALSADeviceConfigManager: Ge GetDeviceDescriptorbyname
08-18 16:03:47.109267   902  3026 I AudioALSADeviceConfigManager: Ge GetDeviceDescriptorbyname() exist devicename = ext_speaker_output
08-18 16:03:47.109308   902  3026 D AudioALSADeviceConfigManager: ApplyDeviceTurnoffSequenceByName(), DeviceName = ext_speaker_output descriptor->DeviceStatusCounter = 1, Ctlsize=2
08-18 16:03:47.109345   902  3026 I AudioALSADeviceConfigManager: Ge ApplyDeviceTurnoffSequenceByName(), cltname = Ext_Speaker_Amp Switch cltvalue = 0
08-18 16:03:47.109403   902  3026 I AudioALSADeviceConfigManager: Ge setMixerCtl(), cltName = Ext_Speaker_Amp Switch, cltValue = 0, cltType = 0
08-18 16:03:47.109442   902  3026 I AudioALSADeviceConfigManager: Ge setMixerCtlValue(), charCltName = Ext_Speaker_Amp Switch, charCtlValue = 0
08-18 16:03:47.136421   902  3026 I AudioALSADeviceConfigManager: Ge GetDeviceDescriptorbyname
08-18 16:03:47.136626   902  3026 I AudioALSADeviceConfigManager: Ge GetDeviceDescriptorbyname() exist devicename = dual_speaker_output
08-18 16:03:47.136687   902  3026 D AudioALSADeviceConfigManager: ApplyDeviceTurnoffSequenceByName(), DeviceName = dual_speaker_output descriptor->DeviceStatusCounter = 1, Ctlsize=4
08-18 16:03:47.136743   902  3026 I AudioALSADeviceConfigManager: Ge ApplyDeviceTurnoffSequenceByName(), cltname = LOL Mux cltvalue = Open
08-18 16:03:47.136826   902  3026 I AudioALSADeviceConfigManager: Ge setMixerCtl(), cltName = LOL Mux, cltValue = Open, cltType = 2
08-18 16:03:47.137639   902  3026 I AudioALSADeviceConfigManager: Ge ApplyDeviceTurnoffSequenceByName(), cltname = RCV Mux cltvalue = Open
08-18 16:03:47.137746   902  3026 I AudioALSADeviceConfigManager: Ge setMixerCtl(), cltName = RCV Mux, cltValue = Open, cltType = 2
08-18 16:03:47.149209   902  3026 D AudioALSAHardwareResourceManager: notifyOutputDeviceStatusChange(), device = 2, status = 1, sampleRate = 0, mOpenSpeakerPathCount = 0
08-18 16:03:47.149347   902  3026 D AudioALSAStreamManager: speakerStatusChangeCb(), status = 1, sampleRate = 0
08-18 16:03:47.149397   902  3026 D AudioALSAVoiceWakeUpController: updateSpeakerPlaybackStatus(), isSpeakerPlaying = 0
08-18 16:03:47.149430   902  3026 I AudioALSAUltrasoundOutOfCallController: Ge outputDevicesChangeCb(), device=2, status = 1
08-18 16:03:47.149471   902  3026 I AudioALSAHardwareResourceManager: Ge disableTurnOnSequence(), sequence: 
08-18 16:03:47.149493   902  3026 I AudioALSAHardwareResourceManager: Ge disableTurnOnSequence(), sequence: 
08-18 16:03:47.149530   902  3026 D AudioALSAPlaybackHandlerBase: +closePcmDriver(), mPcm = 0xb40000725046c490
08-18 16:03:47.169833   902  3026 D AudioALSAPlaybackHandlerBase: -closePcmDriver(), mPcm = 0x0
08-18 16:03:47.169931   902  3026 I AudioALSAHardwareResourceManager: Ge disableTurnOnSequence(), sequence: PLAYBACK1_TO_ADDA_DL
08-18 16:03:47.169960   902  3026 I AudioALSADeviceConfigManager: Ge GetDeviceDescriptorbyname
08-18 16:03:47.170001   902  3026 I AudioALSADeviceConfigManager: Ge GetDeviceDescriptorbyname() exist devicename = PLAYBACK1_TO_ADDA_DL
08-18 16:03:47.170022   902  3026 D AudioALSADeviceConfigManager: ApplyDeviceTurnoffSequenceByName(), DeviceName = PLAYBACK1_TO_ADDA_DL descriptor->DeviceStatusCounter = 1, Ctlsize=4
08-18 16:03:47.170044   902  3026 I AudioALSADeviceConfigManager: Ge ApplyDeviceTurnoffSequenceByName(), cltname = ADDA_DL_CH1 DL1_CH1 cltvalue = 0
08-18 16:03:47.170082   902  3026 I AudioALSADeviceConfigManager: Ge setMixerCtl(), cltName = ADDA_DL_CH1 DL1_CH1, cltValue = 0, cltType = 0
08-18 16:03:47.170103   902  3026 I AudioALSADeviceConfigManager: Ge setMixerCtlValue(), charCltName = ADDA_DL_CH1 DL1_CH1, charCtlValue = 0
08-18 16:03:47.170442   902  3026 I AudioALSADeviceConfigManager: Ge ApplyDeviceTurnoffSequenceByName(), cltname = ADDA_DL_CH2 DL1_CH2 cltvalue = 0
08-18 16:03:47.170479   902  3026 I AudioALSADeviceConfigManager: Ge setMixerCtl(), cltName = ADDA_DL_CH2 DL1_CH2, cltValue = 0, cltType = 0
08-18 16:03:47.170503   902  3026 I AudioALSADeviceConfigManager: Ge setMixerCtlValue(), charCltName = ADDA_DL_CH2 DL1_CH2, charCtlValue = 0
08-18 16:03:47.170664   902  3026 I AudioALSAHardwareResourceManager: Ge disableTurnOnSequence(), sequence: 
08-18 16:03:47.170759   902  3026 I AudioALSAPlaybackHandlerNormal: Ge SetLowJitterMode() bEanble = 0 SampleRate = 48000
08-18 16:03:47.170788   902  3026 D AudioALSAPlaybackHandlerBase: DestroyAurisysLibManager()
08-18 16:03:47.170863   902  3026 D FSM     : fsm_audio_destroy_handler(), p_handler = 0xb4000070e1ed0e90, scenario = 2
08-18 16:03:47.170900   902  3026 D aurisys_lib_handler: aurisys_arsi_destroy_handler(), lib_name fsm_audio, 0xb4000072b046b010, arsi_destroy_handler, arsi_handler = 0xb4000070e1ed0e90, retval = 0
08-18 16:03:47.172214   902  3026 I AudioUtility: Ge 0xe3227faf4c8ec4db g_DestroyMtkAudioLoud 0x70e4e63144
08-18 16:03:47.172357   902  3026 D AudioALSAPlaybackHandlerBase: closeWavDump()
08-18 16:03:47.172423   902  3026 I AudioALSAPlaybackHandlerBase: Ge pcmDumpClose()
08-18 16:03:47.172444   902  3026 I AudioALSAPlaybackHandlerBase: Ge pcmDumpClose()
08-18 16:03:47.172463   902  3026 I AudioALSAPlaybackHandlerBase: Ge pcmDumpClose()
08-18 16:03:47.172489   902  3026 I AudioALSAHardwareResourceManager: Ge EnableAudBufClk(), bEanble = 0, mAudBufClkCount 0
08-18 16:03:47.172521   902  3026 D AudioALSAPlaybackHandlerNormal: -close()
08-18 16:03:47.172552   902  3026 I AudioALSAStreamManager: Ge +destroyPlaybackHandler(), mode = 0, pPlaybackHandler = 0xb400007110471a00
08-18 16:03:47.172591   902  3026 I AudioALSAPlaybackHandlerBase: Ge ~AudioALSAPlaybackHandlerBase()
08-18 16:03:48.157749  4412  5016 D AI_ELLA_: onPlaybackConfigChanged deal savePlayPg in work thread
08-18 16:03:49.143616 12036 12036 W libc    : Access denied finding property "ro.odm.tr_audio_hifi.feature.support"
08-18 16:03:50.755778  1545  2096 D os.KeyguardGestureLiceFactory: volumedown down
08-18 16:03:50.759238  1545  2096 I TranSecureCamExt: handleVolumeKey
08-18 16:03:50.764198  1545  2096 I AS.AudioService: getMode, get current owner's mode
08-18 16:03:50.764471  1545  2096 I AS.AudioService: getMode, currentModeHandler is null
08-18 16:03:50.769441  1545  2095 D ScreenshotService: onInterceptKeyBeforeQueueing intercept KeyEvent { action=ACTION_DOWN, keyCode=KEYCODE_VOLUME_DOWN, scanCode=114, metaState=0, flags=0x8, repeatCount=0, eventTime=2239227706000, downTime=2239227706000, deviceId=2, source=0x101, displayId=-1 } delay 134
08-18 16:03:50.909411  1545  2096 D os.KeyguardGestureLiceFactory: volumedown up
08-18 16:03:50.912376  1545  2096 I TranSecureCamExt: handleVolumeKey
08-18 16:03:50.913707  6803  6803 D PhoneWindow: onKeyDown keyCode = 25 KeyEvent = KeyEvent { action=ACTION_DOWN, keyCode=KEYCODE_VOLUME_DOWN, scanCode=114, metaState=0, flags=0x8, repeatCount=0, eventTime=2239227706000, downTime=2239227706000, deviceId=2, source=0x101, displayId=-1 }
08-18 16:03:50.914838  1545  3780 D MediaSessionService: dispatchVolumeKeyEvent, pkg=com.android.settings, opPkg=com.android.settings, pid=6803, uid=1000, asSystem=true, event=KeyEvent { action=ACTION_DOWN, keyCode=KEYCODE_VOLUME_DOWN, scanCode=114, metaState=0, flags=0x8, repeatCount=0, eventTime=2239227706000, downTime=2239227706000, deviceId=2, source=0x101, displayId=-1 }, stream=-2147483648, musicOnly=false
08-18 16:03:50.915791  1545  1545 I AS.AudioService: adjustSuggestedStreamVolume() stream=-2147483648, flags=4113, caller=android, volControlStream=-1, userSelect=false
08-18 16:03:50.918253  1545  1545 I AS.AudioService: isInCommunication IsInCall = false mode = 0
08-18 16:03:50.919605  1545  3780 D MediaSessionService: dispatchVolumeKeyEvent, pkg=com.android.settings, opPkg=com.android.settings, pid=6803, uid=1000, asSystem=true, event=KeyEvent { action=ACTION_UP, keyCode=KEYCODE_VOLUME_DOWN, scanCode=114, metaState=0, flags=0x8, repeatCount=0, eventTime=2239381969000, downTime=2239227706000, deviceId=2, source=0x101, displayId=-1 }, stream=-2147483648, musicOnly=false
08-18 16:03:50.923975  1545  1545 I AS.AudioService: getActiveStreamType: Forcing DEFAULT_VOL_STREAM_NO_PLAYBACK(3) b/c default
08-18 16:03:50.926071  1545  1545 D os.AudioModeChangeLice: isTheftAlertRinging! isTheftAlertRinging = false
08-18 16:03:50.926734  1545  1545 I AS.AudioService: adjustStreamVolume() stream=3, dir=-1, flags=4113, caller=android
08-18 16:03:50.927083  1545  1545 I AS.AudioService: adjustStreamVolume getDeviceForStream device = 2
08-18 16:03:50.928961  1545  1545 I AS.AudioService: updateVolumeGroupIndex for stream 11, muted=false, device=2, index=90, group AUDIO_STREAM_ASSISTANT Muted=false, Index=9, forceMuteState=false
08-18 16:03:50.934484  1545  1545 I AS.AudioService: updateVolumeGroupIndex for stream 10, muted=false, device=2, index=94, group AUDIO_STREAM_ACCESSIBILITY Muted=false, Index=9, forceMuteState=false
08-18 16:03:50.945382  3614  3614 I VolumeDataCollector: onReceive android.media.VOLUME_CHANGED_ACTION
08-18 16:03:50.945678  3614  3614 I VolumeDataCollector: streamType 11
08-18 16:03:50.949231  1545  1545 I AS.AudioService: updateVolumeGroupIndex for stream 9, muted=false, device=2, index=90, group AUDIO_STREAM_TTS Muted=false, Index=9, forceMuteState=false
08-18 16:03:50.960194  3614  3614 I VolumeDataCollector: onReceive android.media.VOLUME_CHANGED_ACTION
08-18 16:03:50.960465  3614  3614 I VolumeDataCollector: streamType 10
08-18 16:03:50.963614  1545  1545 I AS.AudioService: updateVolumeGroupIndex for stream 3, muted=false, device=2, index=90, group AUDIO_STREAM_MUSIC Muted=false, Index=9, forceMuteState=false
08-18 16:03:50.975472  3614  3614 I VolumeDataCollector: onReceive android.media.VOLUME_CHANGED_ACTION
08-18 16:03:50.975772  3614  3614 I VolumeDataCollector: streamType 9
08-18 16:03:50.978304  1545  1545 I AS.AudioService:  newIndex For ui = 90
08-18 16:03:50.979711  1545  2149 I AS.AudioService: setStreamVolumeIndexAS(3, 9, 2)
08-18 16:03:50.980334  1545  2149 I AudioSystem: setStreamVolumeIndex: STREAM_MUSIC dev=2 idx=9
08-18 16:03:50.981356  1027  5516 D AudioPolicyInterfaceImpl: setStreamVolumeIndex(), stream 3, index 9, device 0x2
08-18 16:03:50.981690  1027  5516 V APM_AudioPolicyManager: setStreamVolumeIndex: stream AUDIO_STREAM_MUSIC attributes={ Content type: AUDIO_CONTENT_TYPE_UNKNOWN Usage: AUDIO_USAGE_MEDIA Source: AUDIO_SOURCE_INVALID Flags: 0x0 Tags:  }
08-18 16:03:50.981842  1027  5516 V APM_AudioPolicyManager: setVolumeIndexForAttributes: group 6 matching with { Content type: AUDIO_CONTENT_TYPE_UNKNOWN Usage: AUDIO_USAGE_MEDIA Source: AUDIO_SOURCE_INVALID Flags: 0x0 Tags:  } index 9
08-18 16:03:50.981954  1027  5516 V APM_AudioPolicyManager: setVolumeCurveIndex device 00000002, index 9
08-18 16:03:50.985716  1545  2768 I AS.AudioService: forceVolumeControlStream(3)
08-18 16:03:50.986335  6803 10598 D AudioVolumeGroupChangeHandler: handle msg(): listerners size=4
08-18 16:03:50.987142  1545  2149 I AS.AudioService: setStreamVolumeIndexAS(11, 9, 2)
08-18 16:03:50.987194  3614  3614 I VolumeDataCollector: onReceive android.media.VOLUME_CHANGED_ACTION
08-18 16:03:50.987366  3614  3614 I VolumeDataCollector: streamType 3
08-18 16:03:50.987639  1545  2149 I AudioSystem: setStreamVolumeIndex: STREAM_ASSISTANT dev=2 idx=9
08-18 16:03:50.988449  1027  5516 D AudioPolicyInterfaceImpl: setStreamVolumeIndex(), stream 11, index 9, device 0x2
08-18 16:03:50.988612  3614 11381 I CacheManager:  save new data to cache volume_event
08-18 16:03:50.988739  1027  5516 V APM_AudioPolicyManager: setStreamVolumeIndex: stream AUDIO_STREAM_ASSISTANT attributes={ Content type: AUDIO_CONTENT_TYPE_SPEECH Usage: AUDIO_USAGE_ASSISTANT Source: AUDIO_SOURCE_INVALID Flags: 0x0 Tags:  }
08-18 16:03:50.988885  1027  5516 V APM_AudioPolicyManager: setVolumeIndexForAttributes: group 20 matching with { Content type: AUDIO_CONTENT_TYPE_SPEECH Usage: AUDIO_USAGE_ASSISTANT Source: AUDIO_SOURCE_INVALID Flags: 0x0 Tags:  } index 9
08-18 16:03:50.988991  1027  5516 V APM_AudioPolicyManager: setVolumeCurveIndex device 00000002, index 9
08-18 16:03:50.989140  3614 11381 I bsc     : notifyDataChange in volume_event, 1
08-18 16:03:50.989873  3614  3824 D Kolun_AI.AliveManager: receive DcEvent : volume_event
08-18 16:03:50.990122  3614 11382 I DataServiceImplV2: StandardDataService notifyDataChange  curServiceName StandardDataService type:volume_event
08-18 16:03:50.991521  1545  2149 I AS.AudioService: setStreamVolumeIndexAS(10, 9, 2)
08-18 16:03:50.991554  3614 11382 I Kolun_AI.SystemEventSubscribe:  onPublishData {"type":"volume_event","time":1755504230987,"data":"{\"prevStreamValue\":10,\"streamType\":3,\"streamTypeAlias\":3,\"streamValue\":9}","provider":"dc","dc_version":2030370000,"data_version":1,"user_id":0}
08-18 16:03:50.991625  3614 11382 I Kolun_AI.SystemEventSubscribe:  publisher.getMatcher() volume_event
08-18 16:03:50.991753  1545  2149 I AudioSystem: setStreamVolumeIndex: STREAM_ACCESSIBILITY dev=2 idx=9
08-18 16:03:50.992000  3614 11382 D Kolun_AI.SystemEventSubscribe: com.transsion.kolun.aidatacenter.exported.data.VolumeData@c21d453
08-18 16:03:50.992117  6803 10598 D AudioVolumeGroupChangeHandler: handle msg(): listerners size=4
08-18 16:03:50.992193  3614 11382 I ApiInvoke1.6.3: SubscribeManager: publishData success host DataCenter#StandardDataService matcher volume_event
08-18 16:03:50.992235  1027  5516 D AudioPolicyInterfaceImpl: setStreamVolumeIndex(), stream 10, index 9, device 0x2
08-18 16:03:50.992304  3614 11382 I ApiInvoke1.6.3: ApiRequest: do publishData to local, matcher = volume_event
08-18 16:03:50.992545  1027  5516 V APM_AudioPolicyManager: setStreamVolumeIndex: stream AUDIO_STREAM_ACCESSIBILITY attributes={ Content type: AUDIO_CONTENT_TYPE_UNKNOWN Usage: AUDIO_USAGE_ASSISTANCE_ACCESSIBILITY Source: AUDIO_SOURCE_INVALID Flags: 0x0 Tags:  }
08-18 16:03:50.992612  3614 11382 I ApiInvoke1.6.3: ChannelChain: addChain, path=Publish{process='com.transsion.kolun.aiservice', channelName='DataCenter', matcher='volume_event', apiName='StandardDataService'} size 1
08-18 16:03:50.992669  1027  5516 V APM_AudioPolicyManager: setVolumeIndexForAttributes: group 1 matching with { Content type: AUDIO_CONTENT_TYPE_UNKNOWN Usage: AUDIO_USAGE_ASSISTANCE_ACCESSIBILITY Source: AUDIO_SOURCE_INVALID Flags: 0x0 Tags:  } index 9
08-18 16:03:50.992796  3614 11382 W ApiInvoke1.6.3: SubscribeBusServerImpl: onSafePublishData start ==>> publisher Publisher{channel='DataCenter', apiName='StandardDataService', label='volume_event'}
08-18 16:03:50.993319  1027  5516 V APM_AudioPolicyManager: setVolumeCurveIndex device 00000002, index 9
08-18 16:03:50.995648  3614 11382 W ApiInvoke1.6.3: ApiRequest: do publishData to remote volume_event
08-18 16:03:50.996130  1545  2149 I AS.AudioService: setStreamVolumeIndexAS(9, 9, 2)
08-18 16:03:50.996411  6803 10598 D AudioVolumeGroupChangeHandler: handle msg(): listerners size=4
08-18 16:03:50.996564  1545  2149 I AudioSystem: setStreamVolumeIndex: STREAM_TTS dev=2 idx=9
08-18 16:03:50.997069  1027  5516 D AudioPolicyInterfaceImpl: setStreamVolumeIndex(), stream 9, index 9, device 0x2
08-18 16:03:50.997389  1027  5516 V APM_AudioPolicyManager: setStreamVolumeIndex: stream AUDIO_STREAM_TTS attributes={ Content type: AUDIO_CONTENT_TYPE_UNKNOWN Usage: AUDIO_USAGE_UNKNOWN Source: AUDIO_SOURCE_INVALID Flags: 0x8 Tags:  }
08-18 16:03:50.997557  1027  5516 V APM_AudioPolicyManager: setVolumeIndexForAttributes: group 12 matching with { Content type: AUDIO_CONTENT_TYPE_UNKNOWN Usage: AUDIO_USAGE_UNKNOWN Source: AUDIO_SOURCE_INVALID Flags: 0x8 Tags:  } index 9
08-18 16:03:50.998008  1027  5516 V APM_AudioPolicyManager: setVolumeCurveIndex device 00000002, index 9
08-18 16:03:51.001088  6803 10598 D AudioVolumeGroupChangeHandler: handle msg(): listerners size=4
08-18 16:03:51.001302  1545  1545 I TranAudioService: checkVibrationPermission=true checkUpdateAppOpsStatsPermission:true
08-18 16:03:51.001791  1545  1545 I AS.AudioService: adjustSuggestedStreamVolume() stream=-2147483648, flags=4116, caller=android, volControlStream=3, userSelect=false
08-18 16:03:51.002041  3590  4078 D os.activity: onAudioVolumeChange streamType: 3, volume: 9, device: 2, packageName: null
08-18 16:03:51.003557  1545  1545 I AS.AudioService: isInCommunication IsInCall = false mode = 0
08-18 16:03:51.008258  1545  1545 I AS.AudioService: getActiveStreamType: Forcing DEFAULT_VOL_STREAM_NO_PLAYBACK(3) b/c default
08-18 16:03:51.010038  1545  1545 D os.AudioModeChangeLice: isTheftAlertRinging! isTheftAlertRinging = false
08-18 16:03:51.010628  1545  1545 I AS.AudioService: adjustStreamVolume() stream=3, dir=0, flags=4112, caller=android
08-18 16:03:51.010869  2372  2372 D VolumeSliderView: inGracePeriod =false, level=10, vlevel=9
08-18 16:03:51.011061  1545  1545 I AS.AudioService: adjustStreamVolume getDeviceForStream device = 2
08-18 16:03:51.011511  1545  1545 I AS.AudioService:  newIndex For ui = 90
08-18 16:03:51.012211  6803  6803 D SeekBarVolumizer: getVolume: 100    type3
08-18 16:03:51.012204  1545  1545 I TranAudioService: checkVibrationPermission=true checkUpdateAppOpsStatsPermission:true
08-18 16:03:51.012791  6803  6803 D SeekBarVolumizer: mStreamType 3Volume:  90
08-18 16:03:51.013239  1545  1545 D TranLedControllerPova: mCurrentVolume=9
08-18 16:03:51.013237  3590  4078 D os.activity: onAudioVolumeChange streamType: 3, volume: 9, device: 2, packageName: null
08-18 16:03:51.013683  2372  2372 I vol.TrVolumeDialogImpl: showH r=volume_changed
08-18 16:03:51.016352  1545  2976 I AS.AudioService: setStreamVolume(stream=3, index=9, dev=AudioDeviceAttributes: role:output type:speaker addr: name: profiles:[] descriptors:[], calling=com.android.settings)
08-18 16:03:51.016737  1545  2976 I AS.SoundDoseHelper:  checkSafeMediaVolume_l mSafeMediaVolumeState = 3 streamType = 3 device = 2 index = 90 safeMediaVolumeIndex = 0
08-18 16:03:51.018229  1545  2172 I AudioManager: getDevices, flags = 2
08-18 16:03:51.019631  6803  6803 D SeekBarVolumizer: setVolume: level9    type3
08-18 16:03:51.020043  6803  6803 D SeekBarVolumizer: leve != mAudioManager.getStreamVolume(mStreamType)90
08-18 16:03:51.020885  1545  2978 I AS.AudioService: Volume controller visible: true
08-18 16:03:51.023618  6803  6803 D SeekBarVolumizer: getVolume: 90    type3
08-18 16:03:51.024440  6803  6803 D SeekBarVolumizer: mStreamType 3Volume:  90
08-18 16:03:51.025051  3590  4078 D os.activity: onAudioVolumeChange streamType: 3, volume: 9, device: 2, packageName: null
08-18 16:03:51.025086  6803  6803 D SeekBarVolumizer: mCurrentVolume90
08-18 16:03:51.031271  2372  2372 D VRI[TrVolumeDialogImpl]: hardware acceleration = true, forceHwAccelerated = false
08-18 16:03:51.044696  1049  2079 I BufferQueueDebug: [9aaafb3 TrVolumeDialogImpl#1104](this:0xb400007e737c9d48,id:-1,api:0,p:-1,c:-1) BufferQueue core=(1049:/system/bin/surfaceflinger)
08-18 16:03:51.049744  2372  2372 I vol.Events: writeEvent show_dialog volume_changed keyguard=false
08-18 16:03:51.054909  1049  2079 I BufferQueueDebug: [TrVolumeDialogImpl#1105](this:0xb400007e737f48b8,id:-1,api:0,p:-1,c:-1) BufferQueue core=(1049:/system/bin/surfaceflinger)
08-18 16:03:51.056918  1049  1049 I BufferQueueProducer: [com.android.settings/com.android.settings.Settings$SoundSettingsActivity#1095](this:0xb400007e7382d7f8,id:-1,api:0,p:-1,c:1049) queueBuffer: fps=4.62 dur=7363.98 max=6959.61 min=10.78
08-18 16:03:51.064458  2372  2372 D BLASTBufferQueue: [VRI[TrVolumeDialogImpl]#63](f:0,a:0) constructor()
08-18 16:03:51.064589  2372  2372 D BLASTBufferQueue: [VRI[TrVolumeDialogImpl]#63](f:0,a:0) update width=921 height=2002 format=-2 mTransformHint=0
08-18 16:03:51.067595  2372  2522 D BufferQueueProducer: [VRI[TrVolumeDialogImpl]#63(BLAST Consumer)63](id:9440000005b,api:1,p:2372,c:2372) connect: api=1 producerControlledByApp=true
08-18 16:03:51.077631  2372  2522 D BLASTBufferQueue: [VRI[TrVolumeDialogImpl]#63](f:0,a:1) acquireNextBufferLocked size=921x2002 mFrameNumber=1 applyTransaction=true mTimestamp=2239550944670(auto) mPendingTransactions.size=0 graphicBufferId=10187662428428 transform=0
08-18 16:03:51.079315  2372  2372 D SysUI(250718)_TrJankMonitorUtils: updateJunkMonitorScene: true, reason: VOLUME_CONTROL
08-18 16:03:51.226634  2372  2372 D SysUI(250718)_TrJankMonitorUtils: updateJunkMonitorScene: false, reason: VOLUME_CONTROL SceneSize 1
08-18 16:03:51.600695  1545  2096 D os.KeyguardGestureLiceFactory: volumedown down
08-18 16:03:51.603709  1545  2096 I TranSecureCamExt: handleVolumeKey
08-18 16:03:51.606849  1545  2096 I AS.AudioService: getMode, get current owner's mode
08-18 16:03:51.607087  1545  2096 I AS.AudioService: getMode, currentModeHandler is null
08-18 16:03:51.610711  1545  2095 D ScreenshotService: onInterceptKeyBeforeQueueing intercept KeyEvent { action=ACTION_DOWN, keyCode=KEYCODE_VOLUME_DOWN, scanCode=114, metaState=0, flags=0x8, repeatCount=0, eventTime=2240073020000, downTime=2240073020000, deviceId=2, source=0x101, displayId=-1 } delay 139
08-18 16:03:51.752997  6803  6803 D PhoneWindow: onKeyDown keyCode = 25 KeyEvent = KeyEvent { action=ACTION_DOWN, keyCode=KEYCODE_VOLUME_DOWN, scanCode=114, metaState=0, flags=0x8, repeatCount=0, eventTime=2240073020000, downTime=2240073020000, deviceId=2, source=0x101, displayId=-1 }
08-18 16:03:51.753675  1545  2976 D MediaSessionService: dispatchVolumeKeyEvent, pkg=com.android.settings, opPkg=com.android.settings, pid=6803, uid=1000, asSystem=true, event=KeyEvent { action=ACTION_DOWN, keyCode=KEYCODE_VOLUME_DOWN, scanCode=114, metaState=0, flags=0x8, repeatCount=0, eventTime=2240073020000, downTime=2240073020000, deviceId=2, source=0x101, displayId=-1 }, stream=-2147483648, musicOnly=false
08-18 16:03:51.754670  1545  1545 I AS.AudioService: adjustSuggestedStreamVolume() stream=-2147483648, flags=4113, caller=android, volControlStream=3, userSelect=false
08-18 16:03:51.755596  1545  1545 I AS.AudioService: isInCommunication IsInCall = false mode = 0
08-18 16:03:51.758897  1545  1545 I AS.AudioService: getActiveStreamType: Forcing DEFAULT_VOL_STREAM_NO_PLAYBACK(3) b/c default
08-18 16:03:51.760356  1545  1545 D os.AudioModeChangeLice: isTheftAlertRinging! isTheftAlertRinging = false
08-18 16:03:51.760484  1545  1545 I AS.AudioService: adjustStreamVolume() stream=3, dir=-1, flags=4113, caller=android
08-18 16:03:51.760624  1545  1545 I AS.AudioService: adjustStreamVolume getDeviceForStream device = 2
08-18 16:03:51.761397  1545  1545 I AS.AudioService: updateVolumeGroupIndex for stream 11, muted=false, device=2, index=80, group AUDIO_STREAM_ASSISTANT Muted=false, Index=8, forceMuteState=false
08-18 16:03:51.764609  1545  1545 I AS.AudioService: updateVolumeGroupIndex for stream 10, muted=false, device=2, index=85, group AUDIO_STREAM_ACCESSIBILITY Muted=false, Index=9, forceMuteState=false
08-18 16:03:51.765611  1545  1545 I AS.AudioService: updateVolumeGroupIndex for stream 9, muted=false, device=2, index=80, group AUDIO_STREAM_TTS Muted=false, Index=8, forceMuteState=false
08-18 16:03:51.765878  1545  2096 D os.KeyguardGestureLiceFactory: volumedown up
08-18 16:03:51.767372  1545  2096 I TranSecureCamExt: handleVolumeKey
08-18 16:03:51.770765  1545  2976 D MediaSessionService: dispatchVolumeKeyEvent, pkg=com.android.settings, opPkg=com.android.settings, pid=6803, uid=1000, asSystem=true, event=KeyEvent { action=ACTION_UP, keyCode=KEYCODE_VOLUME_DOWN, scanCode=114, metaState=0, flags=0x8, repeatCount=0, eventTime=2240238907000, downTime=2240073020000, deviceId=2, source=0x101, displayId=-1 }, stream=-2147483648, musicOnly=false
08-18 16:03:51.776724  3614  3614 I VolumeDataCollector: onReceive android.media.VOLUME_CHANGED_ACTION
08-18 16:03:51.776839  3614  3614 I VolumeDataCollector: streamType 11
08-18 16:03:51.777910  1545  1545 I AS.AudioService: updateVolumeGroupIndex for stream 3, muted=false, device=2, index=80, group AUDIO_STREAM_MUSIC Muted=false, Index=8, forceMuteState=false
08-18 16:03:51.780646  1545  2149 I AS.AudioService: setStreamVolumeIndexAS(3, 8, 2)
08-18 16:03:51.780735  1545  2149 I AudioSystem: setStreamVolumeIndex: STREAM_MUSIC dev=2 idx=8
08-18 16:03:51.781541  1027  5516 D AudioPolicyInterfaceImpl: setStreamVolumeIndex(), stream 3, index 8, device 0x2
08-18 16:03:51.782367  1027  5516 V APM_AudioPolicyManager: setStreamVolumeIndex: stream AUDIO_STREAM_MUSIC attributes={ Content type: AUDIO_CONTENT_TYPE_UNKNOWN Usage: AUDIO_USAGE_MEDIA Source: AUDIO_SOURCE_INVALID Flags: 0x0 Tags:  }
08-18 16:03:51.782779  1027  5516 V APM_AudioPolicyManager: setVolumeIndexForAttributes: group 6 matching with { Content type: AUDIO_CONTENT_TYPE_UNKNOWN Usage: AUDIO_USAGE_MEDIA Source: AUDIO_SOURCE_INVALID Flags: 0x0 Tags:  } index 8
08-18 16:03:51.783091  1027  5516 V APM_AudioPolicyManager: setVolumeCurveIndex device 00000002, index 8
08-18 16:03:51.786036  1545  2149 I AS.AudioService: setStreamVolumeIndexAS(11, 8, 2)
08-18 16:03:51.786309  6803 10598 D AudioVolumeGroupChangeHandler: handle msg(): listerners size=4
08-18 16:03:51.786825  1545  2149 I AudioSystem: setStreamVolumeIndex: STREAM_ASSISTANT dev=2 idx=8
08-18 16:03:51.787387  1027  5516 D AudioPolicyInterfaceImpl: setStreamVolumeIndex(), stream 11, index 8, device 0x2
08-18 16:03:51.787573  1027  5516 V APM_AudioPolicyManager: setStreamVolumeIndex: stream AUDIO_STREAM_ASSISTANT attributes={ Content type: AUDIO_CONTENT_TYPE_SPEECH Usage: AUDIO_USAGE_ASSISTANT Source: AUDIO_SOURCE_INVALID Flags: 0x0 Tags:  }
08-18 16:03:51.787657  1027  5516 V APM_AudioPolicyManager: setVolumeIndexForAttributes: group 20 matching with { Content type: AUDIO_CONTENT_TYPE_SPEECH Usage: AUDIO_USAGE_ASSISTANT Source: AUDIO_SOURCE_INVALID Flags: 0x0 Tags:  } index 8
08-18 16:03:51.787864  1027  5516 V APM_AudioPolicyManager: setVolumeCurveIndex device 00000002, index 8
08-18 16:03:51.789623  1545  2149 I AS.AudioService: setStreamVolumeIndexAS(10, 9, 2)
08-18 16:03:51.790009  1545  2149 I AudioSystem: setStreamVolumeIndex: STREAM_ACCESSIBILITY dev=2 idx=9
08-18 16:03:51.790492  1027  5516 D AudioPolicyInterfaceImpl: setStreamVolumeIndex(), stream 10, index 9, device 0x2
08-18 16:03:51.790586  6803 10598 D AudioVolumeGroupChangeHandler: handle msg(): listerners size=4
08-18 16:03:51.790638  1027  5516 V APM_AudioPolicyManager: setStreamVolumeIndex: stream AUDIO_STREAM_ACCESSIBILITY attributes={ Content type: AUDIO_CONTENT_TYPE_UNKNOWN Usage: AUDIO_USAGE_ASSISTANCE_ACCESSIBILITY Source: AUDIO_SOURCE_INVALID Flags: 0x0 Tags:  }
08-18 16:03:51.790698  1027  5516 V APM_AudioPolicyManager: setVolumeIndexForAttributes: group 1 matching with { Content type: AUDIO_CONTENT_TYPE_UNKNOWN Usage: AUDIO_USAGE_ASSISTANCE_ACCESSIBILITY Source: AUDIO_SOURCE_INVALID Flags: 0x0 Tags:  } index 9
08-18 16:03:51.790782  1027  5516 V APM_AudioPolicyManager: setVolumeCurveIndex device 00000002, index 9
08-18 16:03:51.791103  3614  3614 I VolumeDataCollector: onReceive android.media.VOLUME_CHANGED_ACTION
08-18 16:03:51.791232  3614  3614 I VolumeDataCollector: streamType 9
08-18 16:03:51.791824  3614  3614 I VolumeDataCollector: onReceive android.media.VOLUME_CHANGED_ACTION
08-18 16:03:51.791955  3614  3614 I VolumeDataCollector: streamType 3
08-18 16:03:51.792446  1545  2149 I AS.AudioService: setStreamVolumeIndexAS(9, 8, 2)
08-18 16:03:51.792717  1545  2149 I AudioSystem: setStreamVolumeIndex: STREAM_TTS dev=2 idx=8
08-18 16:03:51.792747  3614 11381 I CacheManager:  save new data to cache volume_event
08-18 16:03:51.792928  6803 10598 D AudioVolumeGroupChangeHandler: handle msg(): listerners size=4
08-18 16:03:51.792996  3614 11381 I bsc     : notifyDataChange in volume_event, 1
08-18 16:03:51.793210  1027  5516 D AudioPolicyInterfaceImpl: setStreamVolumeIndex(), stream 9, index 8, device 0x2
08-18 16:03:51.793337  1027  5516 V APM_AudioPolicyManager: setStreamVolumeIndex: stream AUDIO_STREAM_TTS attributes={ Content type: AUDIO_CONTENT_TYPE_UNKNOWN Usage: AUDIO_USAGE_UNKNOWN Source: AUDIO_SOURCE_INVALID Flags: 0x8 Tags:  }
08-18 16:03:51.793424  1027  5516 V APM_AudioPolicyManager: setVolumeIndexForAttributes: group 12 matching with { Content type: AUDIO_CONTENT_TYPE_UNKNOWN Usage: AUDIO_USAGE_UNKNOWN Source: AUDIO_SOURCE_INVALID Flags: 0x8 Tags:  } index 8
08-18 16:03:51.793501  1027  5516 V APM_AudioPolicyManager: setVolumeCurveIndex device 00000002, index 8
08-18 16:03:51.793537  3614  3824 D Kolun_AI.AliveManager: receive DcEvent : volume_event
08-18 16:03:51.793587  3614 11382 I DataServiceImplV2: StandardDataService notifyDataChange  curServiceName StandardDataService type:volume_event
08-18 16:03:51.794379  2372  2372 D VolumeSliderView: inGracePeriod =false, level=9, vlevel=8
08-18 16:03:51.794784  3614 11382 I Kolun_AI.SystemEventSubscribe:  onPublishData {"type":"volume_event","time":1755504231792,"data":"{\"prevStreamValue\":9,\"streamType\":3,\"streamTypeAlias\":3,\"streamValue\":8}","provider":"dc","dc_version":2030370000,"data_version":1,"user_id":0}
08-18 16:03:51.794842  3614 11382 I Kolun_AI.SystemEventSubscribe:  publisher.getMatcher() volume_event
08-18 16:03:51.795081  3614 11382 D Kolun_AI.SystemEventSubscribe: com.transsion.kolun.aidatacenter.exported.data.VolumeData@ea486bc
08-18 16:03:51.795155  1545  1545 I AS.AudioService:  newIndex For ui = 80
08-18 16:03:51.795213  3614 11382 I ApiInvoke1.6.3: SubscribeManager: publishData success host DataCenter#StandardDataService matcher volume_event
08-18 16:03:51.795270  3614 11382 I ApiInvoke1.6.3: ApiRequest: do publishData to local, matcher = volume_event
08-18 16:03:51.795409  3614 11382 I ApiInvoke1.6.3: ChannelChain: addChain, path=Publish{process='com.transsion.kolun.aiservice', channelName='DataCenter', matcher='volume_event', apiName='StandardDataService'} size 1
08-18 16:03:51.795425  6803 10598 D AudioVolumeGroupChangeHandler: handle msg(): listerners size=4
08-18 16:03:51.795503  3614 11382 W ApiInvoke1.6.3: SubscribeBusServerImpl: onSafePublishData start ==>> publisher Publisher{channel='DataCenter', apiName='StandardDataService', label='volume_event'}
08-18 16:03:51.796438  1545  1545 I TranAudioService: checkVibrationPermission=true checkUpdateAppOpsStatsPermission:true
08-18 16:03:51.797517  3590  4078 D os.activity: onAudioVolumeChange streamType: 3, volume: 8, device: 2, packageName: null
08-18 16:03:51.797581  1545  1545 I AS.AudioService: adjustSuggestedStreamVolume() stream=-2147483648, flags=4116, caller=android, volControlStream=3, userSelect=false
08-18 16:03:51.798470  3614 11382 W ApiInvoke1.6.3: ApiRequest: do publishData to remote volume_event
08-18 16:03:51.798949  1545  1545 I AS.AudioService: isInCommunication IsInCall = false mode = 0
08-18 16:03:51.803348  1545  1545 I AS.AudioService: getActiveStreamType: Forcing DEFAULT_VOL_STREAM_NO_PLAYBACK(3) b/c default
08-18 16:03:51.804505  1545  1545 D os.AudioModeChangeLice: isTheftAlertRinging! isTheftAlertRinging = false
08-18 16:03:51.804886  1545  1545 I AS.AudioService: adjustStreamVolume() stream=3, dir=0, flags=4112, caller=android
08-18 16:03:51.805426  1545  1545 I AS.AudioService: adjustStreamVolume getDeviceForStream device = 2
08-18 16:03:51.806079  1545  1545 I AS.AudioService:  newIndex For ui = 80
08-18 16:03:51.807631  6803  6803 D SeekBarVolumizer: getVolume: 90    type3
08-18 16:03:51.808105  6803  6803 D SeekBarVolumizer: mStreamType 3Volume:  80
08-18 16:03:51.808418  1545  1545 I TranAudioService: checkVibrationPermission=true checkUpdateAppOpsStatsPermission:true
08-18 16:03:51.808835  3590  4078 D os.activity: onAudioVolumeChange streamType: 3, volume: 8, device: 2, packageName: null
08-18 16:03:51.809653  2372  2372 I vol.TrVolumeDialogImpl: showH r=volume_changed
08-18 16:03:51.809786  1545  1545 D TranLedControllerPova: mCurrentVolume=8
08-18 16:03:51.810306  2372  2372 I vol.Events: writeEvent show_dialog volume_changed keyguard=false
08-18 16:03:51.810702  1545  3790 I AS.AudioService: Volume controller visible: true
08-18 16:03:51.812422  1545  3790 I AS.AudioService: setStreamVolume(stream=3, index=8, dev=AudioDeviceAttributes: role:output type:speaker addr: name: profiles:[] descriptors:[], calling=com.android.settings)
08-18 16:03:51.812715  1545  3790 I AS.SoundDoseHelper:  checkSafeMediaVolume_l mSafeMediaVolumeState = 3 streamType = 3 device = 2 index = 80 safeMediaVolumeIndex = 0
08-18 16:03:51.813070  1545  2172 I AudioManager: getDevices, flags = 2
08-18 16:03:51.813731  3590  4078 D os.activity: onAudioVolumeChange streamType: 3, volume: 8, device: 2, packageName: null
08-18 16:03:51.814231  6803  6803 D SeekBarVolumizer: setVolume: level8    type3
08-18 16:03:51.814665  6803  6803 D SeekBarVolumizer: leve != mAudioManager.getStreamVolume(mStreamType)80
08-18 16:03:51.816430  6803  6803 D SeekBarVolumizer: getVolume: 80    type3
08-18 16:03:51.816805  6803  6803 D SeekBarVolumizer: mStreamType 3Volume:  80
08-18 16:03:51.817125  6803  6803 D SeekBarVolumizer: mCurrentVolume80
08-18 16:03:51.941191  1545  2096 D os.KeyguardGestureLiceFactory: volumedown down
08-18 16:03:51.944103  1545  2096 I TranSecureCamExt: handleVolumeKey
08-18 16:03:51.947014  1545  2096 I AS.AudioService: getMode, get current owner's mode
08-18 16:03:51.947193  1545  2096 I AS.AudioService: getMode, currentModeHandler is null
08-18 16:03:51.949615  1545  2095 D ScreenshotService: onInterceptKeyBeforeQueueing intercept KeyEvent { action=ACTION_DOWN, keyCode=KEYCODE_VOLUME_DOWN, scanCode=114, metaState=0, flags=0x8, repeatCount=0, eventTime=2240413818000, downTime=2240413818000, deviceId=2, source=0x101, displayId=-1 } delay 140
08-18 16:03:52.093001  6803  6803 D PhoneWindow: onKeyDown keyCode = 25 KeyEvent = KeyEvent { action=ACTION_DOWN, keyCode=KEYCODE_VOLUME_DOWN, scanCode=114, metaState=0, flags=0x8, repeatCount=0, eventTime=2240413818000, downTime=2240413818000, deviceId=2, source=0x101, displayId=-1 }
08-18 16:03:52.093372  1545  2978 D MediaSessionService: dispatchVolumeKeyEvent, pkg=com.android.settings, opPkg=com.android.settings, pid=6803, uid=1000, asSystem=true, event=KeyEvent { action=ACTION_DOWN, keyCode=KEYCODE_VOLUME_DOWN, scanCode=114, metaState=0, flags=0x8, repeatCount=0, eventTime=2240413818000, downTime=2240413818000, deviceId=2, source=0x101, displayId=-1 }, stream=-2147483648, musicOnly=false
08-18 16:03:52.094025  1545  1545 I AS.AudioService: adjustSuggestedStreamVolume() stream=-2147483648, flags=4113, caller=android, volControlStream=3, userSelect=false
08-18 16:03:52.095885  1545  1545 I AS.AudioService: isInCommunication IsInCall = false mode = 0
08-18 16:03:52.096528  1545  2096 D os.KeyguardGestureLiceFactory: volumedown up
08-18 16:03:52.098006  1545  2096 I TranSecureCamExt: handleVolumeKey
08-18 16:03:52.098945  1545  1545 I AS.AudioService: getActiveStreamType: Forcing DEFAULT_VOL_STREAM_NO_PLAYBACK(3) b/c default
08-18 16:03:52.100394  1545  1545 D os.AudioModeChangeLice: isTheftAlertRinging! isTheftAlertRinging = false
08-18 16:03:52.100762  1545  1545 I AS.AudioService: adjustStreamVolume() stream=3, dir=-1, flags=4113, caller=android
08-18 16:03:52.101126  1545  1545 I AS.AudioService: adjustStreamVolume getDeviceForStream device = 2
08-18 16:03:52.101464  1545  2978 D MediaSessionService: dispatchVolumeKeyEvent, pkg=com.android.settings, opPkg=com.android.settings, pid=6803, uid=1000, asSystem=true, event=KeyEvent { action=ACTION_UP, keyCode=KEYCODE_VOLUME_DOWN, scanCode=114, metaState=0, flags=0x8, repeatCount=0, eventTime=2240569452000, downTime=2240413818000, deviceId=2, source=0x101, displayId=-1 }, stream=-2147483648, musicOnly=false
08-18 16:03:52.102704  1545  1545 I AS.AudioService: updateVolumeGroupIndex for stream 11, muted=false, device=2, index=70, group AUDIO_STREAM_ASSISTANT Muted=false, Index=7, forceMuteState=false
08-18 16:03:52.106817  1545  1545 I AS.AudioService: updateVolumeGroupIndex for stream 10, muted=false, device=2, index=75, group AUDIO_STREAM_ACCESSIBILITY Muted=false, Index=8, forceMuteState=false
08-18 16:03:52.113215  3614  3614 I VolumeDataCollector: onReceive android.media.VOLUME_CHANGED_ACTION
08-18 16:03:52.113638  3614  3614 I VolumeDataCollector: streamType 11
08-18 16:03:52.121663  1545  1545 I AS.AudioService: updateVolumeGroupIndex for stream 9, muted=false, device=2, index=70, group AUDIO_STREAM_TTS Muted=false, Index=7, forceMuteState=false
08-18 16:03:52.122581  3614  3614 I VolumeDataCollector: onReceive android.media.VOLUME_CHANGED_ACTION
08-18 16:03:52.122686  3614  3614 I VolumeDataCollector: streamType 10
08-18 16:03:52.123293  1545  1545 I AS.AudioService: updateVolumeGroupIndex for stream 3, muted=false, device=2, index=70, group AUDIO_STREAM_MUSIC Muted=false, Index=7, forceMuteState=false
08-18 16:03:52.130900  3614  3614 I VolumeDataCollector: onReceive android.media.VOLUME_CHANGED_ACTION
08-18 16:03:52.131018  3614  3614 I VolumeDataCollector: streamType 9
08-18 16:03:52.131199  1545  1545 I AS.AudioService:  newIndex For ui = 70
08-18 16:03:52.131281  1545  2149 I AS.AudioService: setStreamVolumeIndexAS(3, 7, 2)
08-18 16:03:52.131342  1545  2149 I AudioSystem: setStreamVolumeIndex: STREAM_MUSIC dev=2 idx=7
08-18 16:03:52.131629  1027  5516 D AudioPolicyInterfaceImpl: setStreamVolumeIndex(), stream 3, index 7, device 0x2
08-18 16:03:52.131751  1027  5516 V APM_AudioPolicyManager: setStreamVolumeIndex: stream AUDIO_STREAM_MUSIC attributes={ Content type: AUDIO_CONTENT_TYPE_UNKNOWN Usage: AUDIO_USAGE_MEDIA Source: AUDIO_SOURCE_INVALID Flags: 0x0 Tags:  }
08-18 16:03:52.131822  1027  5516 V APM_AudioPolicyManager: setVolumeIndexForAttributes: group 6 matching with { Content type: AUDIO_CONTENT_TYPE_UNKNOWN Usage: AUDIO_USAGE_MEDIA Source: AUDIO_SOURCE_INVALID Flags: 0x0 Tags:  } index 7
08-18 16:03:52.131866  1027  5516 V APM_AudioPolicyManager: setVolumeCurveIndex device 00000002, index 7
08-18 16:03:52.132994  6803 10598 D AudioVolumeGroupChangeHandler: handle msg(): listerners size=4
08-18 16:03:52.133367  1545  2149 I AS.AudioService: setStreamVolumeIndexAS(11, 7, 2)
08-18 16:03:52.133582  1545  2149 I AudioSystem: setStreamVolumeIndex: STREAM_ASSISTANT dev=2 idx=7
08-18 16:03:52.133900  1027  5516 D AudioPolicyInterfaceImpl: setStreamVolumeIndex(), stream 11, index 7, device 0x2
08-18 16:03:52.134023  1027  5516 V APM_AudioPolicyManager: setStreamVolumeIndex: stream AUDIO_STREAM_ASSISTANT attributes={ Content type: AUDIO_CONTENT_TYPE_SPEECH Usage: AUDIO_USAGE_ASSISTANT Source: AUDIO_SOURCE_INVALID Flags: 0x0 Tags:  }
08-18 16:03:52.134107  1027  5516 V APM_AudioPolicyManager: setVolumeIndexForAttributes: group 20 matching with { Content type: AUDIO_CONTENT_TYPE_SPEECH Usage: AUDIO_USAGE_ASSISTANT Source: AUDIO_SOURCE_INVALID Flags: 0x0 Tags:  } index 7
08-18 16:03:52.134149  1027  5516 V APM_AudioPolicyManager: setVolumeCurveIndex device 00000002, index 7
08-18 16:03:52.135357  3614  3614 I VolumeDataCollector: onReceive android.media.VOLUME_CHANGED_ACTION
08-18 16:03:52.135462  3614  3614 I VolumeDataCollector: streamType 3
08-18 16:03:52.136007  3614 11381 I CacheManager:  save new data to cache volume_event
08-18 16:03:52.136166  3614 11381 I bsc     : notifyDataChange in volume_event, 1
08-18 16:03:52.136533  3614  3824 D Kolun_AI.AliveManager: receive DcEvent : volume_event
08-18 16:03:52.136593  3614 11382 I DataServiceImplV2: StandardDataService notifyDataChange  curServiceName StandardDataService type:volume_event
08-18 16:03:52.136650  6803 10598 D AudioVolumeGroupChangeHandler: handle msg(): listerners size=4
08-18 16:03:52.137293  3614 11382 I Kolun_AI.SystemEventSubscribe:  onPublishData {"type":"volume_event","time":1755504232135,"data":"{\"prevStreamValue\":8,\"streamType\":3,\"streamTypeAlias\":3,\"streamValue\":7}","provider":"dc","dc_version":2030370000,"data_version":1,"user_id":0}
08-18 16:03:52.137323  3614 11382 I Kolun_AI.SystemEventSubscribe:  publisher.getMatcher() volume_event
08-18 16:03:52.137488  3614 11382 D Kolun_AI.SystemEventSubscribe: com.transsion.kolun.aidatacenter.exported.data.VolumeData@7800d66
08-18 16:03:52.137567  3614 11382 I ApiInvoke1.6.3: SubscribeManager: publishData success host DataCenter#StandardDataService matcher volume_event
08-18 16:03:52.137604  3614 11382 I ApiInvoke1.6.3: ApiRequest: do publishData to local, matcher = volume_event
08-18 16:03:52.137709  3614 11382 I ApiInvoke1.6.3: ChannelChain: addChain, path=Publish{process='com.transsion.kolun.aiservice', channelName='DataCenter', matcher='volume_event', apiName='StandardDataService'} size 1
08-18 16:03:52.137801  3614 11382 W ApiInvoke1.6.3: SubscribeBusServerImpl: onSafePublishData start ==>> publisher Publisher{channel='DataCenter', apiName='StandardDataService', label='volume_event'}
08-18 16:03:52.138128  1545  2149 I AS.AudioService: setStreamVolumeIndexAS(10, 8, 2)
08-18 16:03:52.138323  1545  2149 I AudioSystem: setStreamVolumeIndex: STREAM_ACCESSIBILITY dev=2 idx=8
08-18 16:03:52.138597  1027  5516 D AudioPolicyInterfaceImpl: setStreamVolumeIndex(), stream 10, index 8, device 0x2
08-18 16:03:52.138690  1027  5516 V APM_AudioPolicyManager: setStreamVolumeIndex: stream AUDIO_STREAM_ACCESSIBILITY attributes={ Content type: AUDIO_CONTENT_TYPE_UNKNOWN Usage: AUDIO_USAGE_ASSISTANCE_ACCESSIBILITY Source: AUDIO_SOURCE_INVALID Flags: 0x0 Tags:  }
08-18 16:03:52.138724  3614 11382 W ApiInvoke1.6.3: ApiRequest: do publishData to remote volume_event
08-18 16:03:52.138734  1027  5516 V APM_AudioPolicyManager: setVolumeIndexForAttributes: group 1 matching with { Content type: AUDIO_CONTENT_TYPE_UNKNOWN Usage: AUDIO_USAGE_ASSISTANCE_ACCESSIBILITY Source: AUDIO_SOURCE_INVALID Flags: 0x0 Tags:  } index 8
08-18 16:03:52.138771  1027  5516 V APM_AudioPolicyManager: setVolumeCurveIndex device 00000002, index 8
08-18 16:03:52.140034  6803 10598 D AudioVolumeGroupChangeHandler: handle msg(): listerners size=4
08-18 16:03:52.140050  1545  2149 I AS.AudioService: setStreamVolumeIndexAS(9, 7, 2)
08-18 16:03:52.140118  1545  2149 I AudioSystem: setStreamVolumeIndex: STREAM_TTS dev=2 idx=7
08-18 16:03:52.140318  1027  5516 D AudioPolicyInterfaceImpl: setStreamVolumeIndex(), stream 9, index 7, device 0x2
08-18 16:03:52.140521  1027  5516 V APM_AudioPolicyManager: setStreamVolumeIndex: stream AUDIO_STREAM_TTS attributes={ Content type: AUDIO_CONTENT_TYPE_UNKNOWN Usage: AUDIO_USAGE_UNKNOWN Source: AUDIO_SOURCE_INVALID Flags: 0x8 Tags:  }
08-18 16:03:52.140621  1027  5516 V APM_AudioPolicyManager: setVolumeIndexForAttributes: group 12 matching with { Content type: AUDIO_CONTENT_TYPE_UNKNOWN Usage: AUDIO_USAGE_UNKNOWN Source: AUDIO_SOURCE_INVALID Flags: 0x8 Tags:  } index 7
08-18 16:03:52.140674  1027  5516 V APM_AudioPolicyManager: setVolumeCurveIndex device 00000002, index 7
08-18 16:03:52.143958  1049  1049 I BufferQueueProducer: [TrVolumeDialogImpl#1105](this:0xb400007e737f48b8,id:-1,api:0,p:-1,c:1049) queueBuffer: fps=19.09 dur=1047.43 max=547.77 min=15.87
08-18 16:03:52.145852  6803 10598 D AudioVolumeGroupChangeHandler: handle msg(): listerners size=4
08-18 16:03:52.146229  1545  1545 I TranAudioService: checkVibrationPermission=true checkUpdateAppOpsStatsPermission:true
08-18 16:03:52.146419  1545  1545 I AS.AudioService: adjustSuggestedStreamVolume() stream=-2147483648, flags=4116, caller=android, volControlStream=3, userSelect=false
08-18 16:03:52.147206  1545  1545 I AS.AudioService: isInCommunication IsInCall = false mode = 0
08-18 16:03:52.147849  3590  4078 D os.activity: onAudioVolumeChange streamType: 3, volume: 7, device: 2, packageName: null
08-18 16:03:52.148675  1545  1545 I AS.AudioService: getActiveStreamType: Forcing DEFAULT_VOL_STREAM_NO_PLAYBACK(3) b/c default
08-18 16:03:52.149270  1545  1545 D os.AudioModeChangeLice: isTheftAlertRinging! isTheftAlertRinging = false
08-18 16:03:52.149431  1545  1545 I AS.AudioService: adjustStreamVolume() stream=3, dir=0, flags=4112, caller=android
08-18 16:03:52.149603  1545  1545 I AS.AudioService: adjustStreamVolume getDeviceForStream device = 2
08-18 16:03:52.149916  1545  1545 I AS.AudioService:  newIndex For ui = 70
08-18 16:03:52.150361  1545  1545 I TranAudioService: checkVibrationPermission=true checkUpdateAppOpsStatsPermission:true
08-18 16:03:52.151071  1545  1545 D TranLedControllerPova: mCurrentVolume=7
08-18 16:03:52.151240  3590  4078 D os.activity: onAudioVolumeChange streamType: 3, volume: 7, device: 2, packageName: null
08-18 16:03:52.151899  6803  6803 D SeekBarVolumizer: getVolume: 80    type3
08-18 16:03:52.152346  6803  6803 D SeekBarVolumizer: mStreamType 3Volume:  70
08-18 16:03:52.153885  1545  2172 I AudioManager: getDevices, flags = 2
08-18 16:03:52.154058  1545  2378 I AS.AudioService: setStreamVolume(stream=3, index=7, dev=AudioDeviceAttributes: role:output type:speaker addr: name: profiles:[] descriptors:[], calling=com.android.settings)
08-18 16:03:52.154389  1545  2378 I AS.SoundDoseHelper:  checkSafeMediaVolume_l mSafeMediaVolumeState = 3 streamType = 3 device = 2 index = 70 safeMediaVolumeIndex = 0
08-18 16:03:52.155989  6803  6803 D SeekBarVolumizer: setVolume: level7    type3
08-18 16:03:52.156380  6803  6803 D SeekBarVolumizer: leve != mAudioManager.getStreamVolume(mStreamType)70
08-18 16:03:52.156503  3590  4078 D os.activity: onAudioVolumeChange streamType: 3, volume: 7, device: 2, packageName: null
08-18 16:03:52.158846  6803  6803 D SeekBarVolumizer: getVolume: 70    type3
08-18 16:03:52.159326  6803  6803 D SeekBarVolumizer: mStreamType 3Volume:  70
08-18 16:03:52.159494  2372  2372 I vol.TrVolumeDialogImpl: showH r=volume_changed
08-18 16:03:52.159926  6803  6803 D SeekBarVolumizer: mCurrentVolume70
08-18 16:03:52.160016  2372  2372 I vol.Events: writeEvent show_dialog volume_changed keyguard=false
08-18 16:03:52.160472  2372  2372 D VolumeSliderView: inGracePeriod =false, level=8, vlevel=7
