08-18 16:03:36.550226   902  7008 I AudioALSAPlaybackHandlerBase: Ge -getHardwareBufferInfo, frameInfo_get = 48, mStreamAttributeTarget.buffer_size = 16384, buffer_per_time = 2048, halQueuedFrame = 0
08-18 16:03:36.552915   902  7008 I AudioALSAStreamOut: Ge write(), buffer = 0xb4000072e0473430, bytes = 8192, flags 2
08-18 16:03:36.553007   902  7008 I AudioALSAPlaybackHandlerBase: Ge preWriteOperation(), buffer 0xb4000072e0473430, bytes 8192, mIsNeedUpdateLib 0
08-18 16:03:36.553044   902  7008 I AudioALSAPlaybackHandlerBase: Ge doDcRemoval(), inBytes: 8192, pOutBytes: 8192 ppOutBuffer = 0xb40000739c7b1000
08-18 16:03:36.572155   902  7008 I AudioALSAPlaybackHandlerBase: Ge -getHardwareBufferInfo, frameInfo_get = 76, mStreamAttributeTarget.buffer_size = 16384, buffer_per_time = 2048, halQueuedFrame = 0
08-18 16:03:36.575643   902  7008 I AudioALSAStreamOut: Ge write(), buffer = 0xb4000072e0473430, bytes = 8192, flags 2
08-18 16:03:36.575784   902  7008 I AudioALSAPlaybackHandlerBase: Ge preWriteOperation(), buffer 0xb4000072e0473430, bytes 8192, mIsNeedUpdateLib 0
08-18 16:03:36.575835   902  7008 I AudioALSAPlaybackHandlerBase: Ge doDcRemoval(), inBytes: 8192, pOutBytes: 8192 ppOutBuffer = 0xb40000739c7b1000
08-18 16:03:36.593307   902  7008 I AudioALSAPlaybackHandlerBase: Ge -getHardwareBufferInfo, frameInfo_get = 68, mStreamAttributeTarget.buffer_size = 16384, buffer_per_time = 2048, halQueuedFrame = 0
08-18 16:03:36.596642   902  7008 I AudioALSAStreamOut: Ge write(), buffer = 0xb4000072e0473430, bytes = 8192, flags 2
08-18 16:03:36.596761   902  7008 I AudioALSAPlaybackHandlerBase: Ge preWriteOperation(), buffer 0xb4000072e0473430, bytes 8192, mIsNeedUpdateLib 0
08-18 16:03:36.596805   902  7008 I AudioALSAPlaybackHandlerBase: Ge doDcRemoval(), inBytes: 8192, pOutBytes: 8192 ppOutBuffer = 0xb40000739c7b1000
08-18 16:03:36.614718   902  7008 I AudioALSAPlaybackHandlerBase: Ge -getHardwareBufferInfo, frameInfo_get = 72, mStreamAttributeTarget.buffer_size = 16384, buffer_per_time = 2048, halQueuedFrame = 0
08-18 16:03:36.617838   902  7008 I AudioALSAStreamOut: Ge write(), buffer = 0xb4000072e0473430, bytes = 8192, flags 2
08-18 16:03:36.617960   902  7008 I AudioALSAPlaybackHandlerBase: Ge preWriteOperation(), buffer 0xb4000072e0473430, bytes 8192, mIsNeedUpdateLib 0
08-18 16:03:36.618003   902  7008 I AudioALSAPlaybackHandlerBase: Ge doDcRemoval(), inBytes: 8192, pOutBytes: 8192 ppOutBuffer = 0xb40000739c7b1000
08-18 16:03:36.635737   902  7008 I AudioALSAPlaybackHandlerBase: Ge -getHardwareBufferInfo, frameInfo_get = 58, mStreamAttributeTarget.buffer_size = 16384, buffer_per_time = 2048, halQueuedFrame = 0
08-18 16:03:36.638245   902  7008 I AudioALSAStreamOut: Ge write(), buffer = 0xb4000072e0473430, bytes = 8192, flags 2
08-18 16:03:36.638315   902  7008 I AudioALSAPlaybackHandlerBase: Ge preWriteOperation(), buffer 0xb4000072e0473430, bytes 8192, mIsNeedUpdateLib 0
08-18 16:03:36.638344   902  7008 I AudioALSAPlaybackHandlerBase: Ge doDcRemoval(), inBytes: 8192, pOutBytes: 8192 ppOutBuffer = 0xb40000739c7b1000
08-18 16:03:36.657304   902  7008 I AudioALSAPlaybackHandlerBase: Ge -getHardwareBufferInfo, frameInfo_get = 68, mStreamAttributeTarget.buffer_size = 16384, buffer_per_time = 2048, halQueuedFrame = 0
08-18 16:03:36.659502   902  7008 I AudioALSAStreamOut: Ge write(), buffer = 0xb4000072e0473430, bytes = 8192, flags 2
08-18 16:03:36.659589   902  7008 I AudioALSAPlaybackHandlerBase: Ge preWriteOperation(), buffer 0xb4000072e0473430, bytes 8192, mIsNeedUpdateLib 0
08-18 16:03:36.659626   902  7008 I AudioALSAPlaybackHandlerBase: Ge doDcRemoval(), inBytes: 8192, pOutBytes: 8192 ppOutBuffer = 0xb40000739c7b1000
08-18 16:03:36.678506   902  7008 I AudioALSAPlaybackHandlerBase: Ge -getHardwareBufferInfo, frameInfo_get = 62, mStreamAttributeTarget.buffer_size = 16384, buffer_per_time = 2048, halQueuedFrame = 0
08-18 16:03:36.681693   902  7008 I AudioALSAStreamOut: Ge write(), buffer = 0xb4000072e0473430, bytes = 8192, flags 2
08-18 16:03:36.681848   902  7008 I AudioALSAPlaybackHandlerBase: Ge preWriteOperation(), buffer 0xb4000072e0473430, bytes 8192, mIsNeedUpdateLib 0
08-18 16:03:36.681897   902  7008 I AudioALSAPlaybackHandlerBase: Ge doDcRemoval(), inBytes: 8192, pOutBytes: 8192 ppOutBuffer = 0xb40000739c7b1000
08-18 16:03:36.700088   902  7008 I AudioALSAPlaybackHandlerBase: Ge -getHardwareBufferInfo, frameInfo_get = 74, mStreamAttributeTarget.buffer_size = 16384, buffer_per_time = 2048, halQueuedFrame = 0
08-18 16:03:36.703299   902  7008 I AudioALSAStreamOut: Ge write(), buffer = 0xb4000072e0473430, bytes = 8192, flags 2
08-18 16:03:36.703451   902  7008 I AudioALSAPlaybackHandlerBase: Ge preWriteOperation(), buffer 0xb4000072e0473430, bytes 8192, mIsNeedUpdateLib 0
08-18 16:03:36.703503   902  7008 I AudioALSAPlaybackHandlerBase: Ge doDcRemoval(), inBytes: 8192, pOutBytes: 8192 ppOutBuffer = 0xb40000739c7b1000
08-18 16:03:36.721142   902  7008 I AudioALSAPlaybackHandlerBase: Ge -getHardwareBufferInfo, frameInfo_get = 60, mStreamAttributeTarget.buffer_size = 16384, buffer_per_time = 2048, halQueuedFrame = 0
08-18 16:03:36.724748   902  7008 I AudioALSAStreamOut: Ge write(), buffer = 0xb4000072e0473430, bytes = 8192, flags 2
08-18 16:03:36.724902   902  7008 I AudioALSAPlaybackHandlerBase: Ge preWriteOperation(), buffer 0xb4000072e0473430, bytes 8192, mIsNeedUpdateLib 0
08-18 16:03:36.724951   902  7008 I AudioALSAPlaybackHandlerBase: Ge doDcRemoval(), inBytes: 8192, pOutBytes: 8192 ppOutBuffer = 0xb40000739c7b1000
08-18 16:03:36.742692   902  7008 I AudioALSAPlaybackHandlerBase: Ge -getHardwareBufferInfo, frameInfo_get = 70, mStreamAttributeTarget.buffer_size = 16384, buffer_per_time = 2048, halQueuedFrame = 0
08-18 16:03:36.745858   902  7008 I AudioALSAStreamOut: Ge write(), buffer = 0xb4000072e0473430, bytes = 8192, flags 2
08-18 16:03:36.745994   902  7008 I AudioALSAPlaybackHandlerBase: Ge preWriteOperation(), buffer 0xb4000072e0473430, bytes 8192, mIsNeedUpdateLib 0
08-18 16:03:36.746041   902  7008 I AudioALSAPlaybackHandlerBase: Ge doDcRemoval(), inBytes: 8192, pOutBytes: 8192 ppOutBuffer = 0xb40000739c7b1000
08-18 16:03:36.764069   902  7008 I AudioALSAPlaybackHandlerBase: Ge -getHardwareBufferInfo, frameInfo_get = 72, mStreamAttributeTarget.buffer_size = 16384, buffer_per_time = 2048, halQueuedFrame = 0
08-18 16:03:36.767585   963  1015 I libPowerHal: [perfNotifyAppState] pack:com.android.settings, act:com.android.settings.Settings$SoundSettingsActivity, state:5, pid:6803, uid:1000, fps:-1
08-18 16:03:36.767727   902  7008 I AudioALSAStreamOut: Ge write(), buffer = 0xb4000072e0473430, bytes = 8192, flags 2
08-18 16:03:36.767833   902  7008 I AudioALSAPlaybackHandlerBase: Ge preWriteOperation(), buffer 0xb4000072e0473430, bytes 8192, mIsNeedUpdateLib 0
08-18 16:03:36.767876   902  7008 I AudioALSAPlaybackHandlerBase: Ge doDcRemoval(), inBytes: 8192, pOutBytes: 8192 ppOutBuffer = 0xb40000739c7b1000
08-18 16:03:36.785376   902  7008 I AudioALSAPlaybackHandlerBase: Ge -getHardwareBufferInfo, frameInfo_get = 72, mStreamAttributeTarget.buffer_size = 16384, buffer_per_time = 2048, halQueuedFrame = 0
08-18 16:03:36.788597   902  7008 I AudioALSAStreamOut: Ge write(), buffer = 0xb4000072e0473430, bytes = 8192, flags 2
08-18 16:03:36.788720   902  7008 I AudioALSAPlaybackHandlerBase: Ge preWriteOperation(), buffer 0xb4000072e0473430, bytes 8192, mIsNeedUpdateLib 0
08-18 16:03:36.788765   902  7008 I AudioALSAPlaybackHandlerBase: Ge doDcRemoval(), inBytes: 8192, pOutBytes: 8192 ppOutBuffer = 0xb40000739c7b1000
08-18 16:03:36.806481   902  7008 I AudioALSAPlaybackHandlerBase: Ge -getHardwareBufferInfo, frameInfo_get = 60, mStreamAttributeTarget.buffer_size = 16384, buffer_per_time = 2048, halQueuedFrame = 0
08-18 16:03:36.810241   902  7008 I AudioALSAStreamOut: Ge write(), buffer = 0xb4000072e0473430, bytes = 8192, flags 2
08-18 16:03:36.810382   902  7008 I AudioALSAPlaybackHandlerBase: Ge preWriteOperation(), buffer 0xb4000072e0473430, bytes 8192, mIsNeedUpdateLib 0
08-18 16:03:36.810425   902  7008 I AudioALSAPlaybackHandlerBase: Ge doDcRemoval(), inBytes: 8192, pOutBytes: 8192 ppOutBuffer = 0xb40000739c7b1000
08-18 16:03:36.827580   902  7008 I AudioALSAPlaybackHandlerBase: Ge -getHardwareBufferInfo, frameInfo_get = 50, mStreamAttributeTarget.buffer_size = 16384, buffer_per_time = 2048, halQueuedFrame = 0
08-18 16:03:36.830688   902  7008 I AudioALSAStreamOut: Ge write(), buffer = 0xb4000072e0473430, bytes = 8192, flags 2
08-18 16:03:36.830775   902  7008 I AudioALSAPlaybackHandlerBase: Ge preWriteOperation(), buffer 0xb4000072e0473430, bytes 8192, mIsNeedUpdateLib 0
08-18 16:03:36.830810   902  7008 I AudioALSAPlaybackHandlerBase: Ge doDcRemoval(), inBytes: 8192, pOutBytes: 8192 ppOutBuffer = 0xb40000739c7b1000
08-18 16:03:36.849026   902  7008 I AudioALSAPlaybackHandlerBase: Ge -getHardwareBufferInfo, frameInfo_get = 54, mStreamAttributeTarget.buffer_size = 16384, buffer_per_time = 2048, halQueuedFrame = 0
08-18 16:03:36.851897   902  7008 I AudioALSAStreamOut: Ge write(), buffer = 0xb4000072e0473430, bytes = 8192, flags 2
08-18 16:03:36.852016   902  7008 I AudioALSAPlaybackHandlerBase: Ge preWriteOperation(), buffer 0xb4000072e0473430, bytes 8192, mIsNeedUpdateLib 0
08-18 16:03:36.852061   902  7008 I AudioALSAPlaybackHandlerBase: Ge doDcRemoval(), inBytes: 8192, pOutBytes: 8192 ppOutBuffer = 0xb40000739c7b1000
08-18 16:03:36.870522   902  7008 I AudioALSAPlaybackHandlerBase: Ge -getHardwareBufferInfo, frameInfo_get = 62, mStreamAttributeTarget.buffer_size = 16384, buffer_per_time = 2048, halQueuedFrame = 0
08-18 16:03:36.873658   902  7008 I AudioALSAStreamOut: Ge write(), buffer = 0xb4000072e0473430, bytes = 8192, flags 2
08-18 16:03:36.873788   902  7008 I AudioALSAPlaybackHandlerBase: Ge preWriteOperation(), buffer 0xb4000072e0473430, bytes 8192, mIsNeedUpdateLib 0
08-18 16:03:36.873835   902  7008 I AudioALSAPlaybackHandlerBase: Ge doDcRemoval(), inBytes: 8192, pOutBytes: 8192 ppOutBuffer = 0xb40000739c7b1000
08-18 16:03:36.892000   902  7008 I AudioALSAPlaybackHandlerBase: Ge -getHardwareBufferInfo, frameInfo_get = 70, mStreamAttributeTarget.buffer_size = 16384, buffer_per_time = 2048, halQueuedFrame = 0
08-18 16:03:36.895619   902  7008 I AudioALSAStreamOut: Ge write(), buffer = 0xb4000072e0473430, bytes = 8192, flags 2
08-18 16:03:36.895762   902  7008 I AudioALSAPlaybackHandlerBase: Ge preWriteOperation(), buffer 0xb4000072e0473430, bytes 8192, mIsNeedUpdateLib 0
08-18 16:03:36.895813   902  7008 I AudioALSAPlaybackHandlerBase: Ge doDcRemoval(), inBytes: 8192, pOutBytes: 8192 ppOutBuffer = 0xb40000739c7b1000
08-18 16:03:36.913371   902  7008 I AudioALSAPlaybackHandlerBase: Ge -getHardwareBufferInfo, frameInfo_get = 72, mStreamAttributeTarget.buffer_size = 16384, buffer_per_time = 2048, halQueuedFrame = 0
08-18 16:03:36.916612   902  7008 I AudioALSAStreamOut: Ge write(), buffer = 0xb4000072e0473430, bytes = 8192, flags 2
08-18 16:03:36.916726   902  7008 I AudioALSAPlaybackHandlerBase: Ge preWriteOperation(), buffer 0xb4000072e0473430, bytes 8192, mIsNeedUpdateLib 0
08-18 16:03:36.916769   902  7008 I AudioALSAPlaybackHandlerBase: Ge doDcRemoval(), inBytes: 8192, pOutBytes: 8192 ppOutBuffer = 0xb40000739c7b1000
08-18 16:03:36.934799   902  7008 I AudioALSAPlaybackHandlerBase: Ge -getHardwareBufferInfo, frameInfo_get = 76, mStreamAttributeTarget.buffer_size = 16384, buffer_per_time = 2048, halQueuedFrame = 0
08-18 16:03:36.938362   902  7008 I AudioALSAStreamOut: Ge write(), buffer = 0xb4000072e0473430, bytes = 8192, flags 2
08-18 16:03:36.938494   902  7008 I AudioALSAPlaybackHandlerBase: Ge preWriteOperation(), buffer 0xb4000072e0473430, bytes 8192, mIsNeedUpdateLib 0
08-18 16:03:36.938539   902  7008 I AudioALSAPlaybackHandlerBase: Ge doDcRemoval(), inBytes: 8192, pOutBytes: 8192 ppOutBuffer = 0xb40000739c7b1000
08-18 16:03:36.955444   902  7008 I AudioALSAPlaybackHandlerBase: Ge -getHardwareBufferInfo, frameInfo_get = 42, mStreamAttributeTarget.buffer_size = 16384, buffer_per_time = 2048, halQueuedFrame = 0
08-18 16:03:36.957951   902  7008 I AudioALSAStreamOut: Ge write(), buffer = 0xb4000072e0473430, bytes = 8192, flags 2
08-18 16:03:36.958078   902  7008 I AudioALSAPlaybackHandlerBase: Ge preWriteOperation(), buffer 0xb4000072e0473430, bytes 8192, mIsNeedUpdateLib 0
08-18 16:03:36.958126   902  7008 I AudioALSAPlaybackHandlerBase: Ge doDcRemoval(), inBytes: 8192, pOutBytes: 8192 ppOutBuffer = 0xb40000739c7b1000
08-18 16:03:36.977357   902  7008 I AudioALSAPlaybackHandlerBase: Ge -getHardwareBufferInfo, frameInfo_get = 70, mStreamAttributeTarget.buffer_size = 16384, buffer_per_time = 2048, halQueuedFrame = 0
08-18 16:03:36.981007   902  7008 I AudioALSAStreamOut: Ge write(), buffer = 0xb4000072e0473430, bytes = 8192, flags 2
08-18 16:03:36.981175   902  7008 I AudioALSAPlaybackHandlerBase: Ge preWriteOperation(), buffer 0xb4000072e0473430, bytes 8192, mIsNeedUpdateLib 0
08-18 16:03:36.981231   902  7008 I AudioALSAPlaybackHandlerBase: Ge doDcRemoval(), inBytes: 8192, pOutBytes: 8192 ppOutBuffer = 0xb40000739c7b1000
08-18 16:03:36.998668   902  7008 I AudioALSAPlaybackHandlerBase: Ge -getHardwareBufferInfo, frameInfo_get = 70, mStreamAttributeTarget.buffer_size = 16384, buffer_per_time = 2048, halQueuedFrame = 0
08-18 16:03:37.001458   902  7008 I AudioALSAStreamOut: Ge write(), buffer = 0xb4000072e0473430, bytes = 8192, flags 2
08-18 16:03:37.001584   902  7008 I AudioALSAPlaybackHandlerBase: Ge preWriteOperation(), buffer 0xb4000072e0473430, bytes 8192, mIsNeedUpdateLib 0
08-18 16:03:37.001629   902  7008 I AudioALSAPlaybackHandlerBase: Ge doDcRemoval(), inBytes: 8192, pOutBytes: 8192 ppOutBuffer = 0xb40000739c7b1000
08-18 16:03:37.019833   902  7008 I AudioALSAPlaybackHandlerBase: Ge -getHardwareBufferInfo, frameInfo_get = 62, mStreamAttributeTarget.buffer_size = 16384, buffer_per_time = 2048, halQueuedFrame = 0
08-18 16:03:37.023035   902  7008 I AudioALSAStreamOut: Ge write(), buffer = 0xb4000072e0473430, bytes = 8192, flags 2
08-18 16:03:37.023167   902  7008 I AudioALSAPlaybackHandlerBase: Ge preWriteOperation(), buffer 0xb4000072e0473430, bytes 8192, mIsNeedUpdateLib 0
08-18 16:03:37.023213   902  7008 I AudioALSAPlaybackHandlerBase: Ge doDcRemoval(), inBytes: 8192, pOutBytes: 8192 ppOutBuffer = 0xb40000739c7b1000
08-18 16:03:37.041377   902  7008 I AudioALSAPlaybackHandlerBase: Ge -getHardwareBufferInfo, frameInfo_get = 72, mStreamAttributeTarget.buffer_size = 16384, buffer_per_time = 2048, halQueuedFrame = 0
08-18 16:03:37.044473   902  7008 I AudioALSAStreamOut: Ge write(), buffer = 0xb4000072e0473430, bytes = 8192, flags 2
08-18 16:03:37.044611   902  7008 I AudioALSAPlaybackHandlerBase: Ge preWriteOperation(), buffer 0xb4000072e0473430, bytes 8192, mIsNeedUpdateLib 0
08-18 16:03:37.044657   902  7008 I AudioALSAPlaybackHandlerBase: Ge doDcRemoval(), inBytes: 8192, pOutBytes: 8192 ppOutBuffer = 0xb40000739c7b1000
08-18 16:03:37.062707   902  7008 I AudioALSAPlaybackHandlerBase: Ge -getHardwareBufferInfo, frameInfo_get = 72, mStreamAttributeTarget.buffer_size = 16384, buffer_per_time = 2048, halQueuedFrame = 0
08-18 16:03:37.065913   902  7008 I AudioALSAStreamOut: Ge write(), buffer = 0xb4000072e0473430, bytes = 8192, flags 2
08-18 16:03:37.066065   902  7008 I AudioALSAPlaybackHandlerBase: Ge preWriteOperation(), buffer 0xb4000072e0473430, bytes 8192, mIsNeedUpdateLib 0
08-18 16:03:37.066119   902  7008 I AudioALSAPlaybackHandlerBase: Ge doDcRemoval(), inBytes: 8192, pOutBytes: 8192 ppOutBuffer = 0xb40000739c7b1000
08-18 16:03:37.084115   902  7008 I AudioALSAPlaybackHandlerBase: Ge -getHardwareBufferInfo, frameInfo_get = 74, mStreamAttributeTarget.buffer_size = 16384, buffer_per_time = 2048, halQueuedFrame = 0
08-18 16:03:37.087370   902  7008 I AudioALSAStreamOut: Ge write(), buffer = 0xb4000072e0473430, bytes = 8192, flags 2
08-18 16:03:37.087513   902  7008 I AudioALSAPlaybackHandlerBase: Ge preWriteOperation(), buffer 0xb4000072e0473430, bytes 8192, mIsNeedUpdateLib 0
08-18 16:03:37.087561   902  7008 I AudioALSAPlaybackHandlerBase: Ge doDcRemoval(), inBytes: 8192, pOutBytes: 8192 ppOutBuffer = 0xb40000739c7b1000
08-18 16:03:37.104893   902  7008 I AudioALSAPlaybackHandlerBase: Ge -getHardwareBufferInfo, frameInfo_get = 48, mStreamAttributeTarget.buffer_size = 16384, buffer_per_time = 2048, halQueuedFrame = 0
08-18 16:03:37.108036   902  7008 I AudioALSAStreamOut: Ge write(), buffer = 0xb4000072e0473430, bytes = 8192, flags 2
08-18 16:03:37.108127   902  7008 I AudioALSAPlaybackHandlerBase: Ge preWriteOperation(), buffer 0xb4000072e0473430, bytes 8192, mIsNeedUpdateLib 0
08-18 16:03:37.108165   902  7008 I AudioALSAPlaybackHandlerBase: Ge doDcRemoval(), inBytes: 8192, pOutBytes: 8192 ppOutBuffer = 0xb40000739c7b1000
08-18 16:03:37.126355   902  7008 I AudioALSAPlaybackHandlerBase: Ge -getHardwareBufferInfo, frameInfo_get = 54, mStreamAttributeTarget.buffer_size = 16384, buffer_per_time = 2048, halQueuedFrame = 0
08-18 16:03:37.129305   902  7008 I AudioALSAStreamOut: Ge write(), buffer = 0xb4000072e0473430, bytes = 8192, flags 2
08-18 16:03:37.129431   902  7008 I AudioALSAPlaybackHandlerBase: Ge preWriteOperation(), buffer 0xb4000072e0473430, bytes 8192, mIsNeedUpdateLib 0
08-18 16:03:37.129475   902  7008 I AudioALSAPlaybackHandlerBase: Ge doDcRemoval(), inBytes: 8192, pOutBytes: 8192 ppOutBuffer = 0xb40000739c7b1000
08-18 16:03:37.147658   902  7008 I AudioALSAPlaybackHandlerBase: Ge -getHardwareBufferInfo, frameInfo_get = 54, mStreamAttributeTarget.buffer_size = 16384, buffer_per_time = 2048, halQueuedFrame = 0
08-18 16:03:37.150083   902  7008 I AudioALSAStreamOut: Ge write(), buffer = 0xb4000072e0473430, bytes = 8192, flags 2
08-18 16:03:37.150199   902  7008 I AudioALSAPlaybackHandlerBase: Ge preWriteOperation(), buffer 0xb4000072e0473430, bytes 8192, mIsNeedUpdateLib 0
08-18 16:03:37.150239   902  7008 I AudioALSAPlaybackHandlerBase: Ge doDcRemoval(), inBytes: 8192, pOutBytes: 8192 ppOutBuffer = 0xb40000739c7b1000
08-18 16:03:37.168797   902  7008 I AudioALSAPlaybackHandlerBase: Ge -getHardwareBufferInfo, frameInfo_get = 44, mStreamAttributeTarget.buffer_size = 16384, buffer_per_time = 2048, halQueuedFrame = 0
08-18 16:03:37.171018   902  7008 I AudioALSAStreamOut: Ge write(), buffer = 0xb4000072e0473430, bytes = 8192, flags 2
08-18 16:03:37.171088   902  7008 I AudioALSAPlaybackHandlerBase: Ge preWriteOperation(), buffer 0xb4000072e0473430, bytes 8192, mIsNeedUpdateLib 0
08-18 16:03:37.171117   902  7008 I AudioALSAPlaybackHandlerBase: Ge doDcRemoval(), inBytes: 8192, pOutBytes: 8192 ppOutBuffer = 0xb40000739c7b1000
08-18 16:03:37.190241   902  7008 I AudioALSAPlaybackHandlerBase: Ge -getHardwareBufferInfo, frameInfo_get = 50, mStreamAttributeTarget.buffer_size = 16384, buffer_per_time = 2048, halQueuedFrame = 0
08-18 16:03:37.192544   902  7008 I AudioALSAStreamOut: Ge write(), buffer = 0xb4000072e0473430, bytes = 8192, flags 2
08-18 16:03:37.192613   902  7008 I AudioALSAPlaybackHandlerBase: Ge preWriteOperation(), buffer 0xb4000072e0473430, bytes 8192, mIsNeedUpdateLib 0
08-18 16:03:37.192641   902  7008 I AudioALSAPlaybackHandlerBase: Ge doDcRemoval(), inBytes: 8192, pOutBytes: 8192 ppOutBuffer = 0xb40000739c7b1000
08-18 16:03:37.196895  4412  5016 D AI_ELLA_: onPlaybackConfigChanged deal savePlayPg in work thread
08-18 16:03:37.199604  4412  5016 D AI_ELLA_AudioPlayObserver: getPlayPgByConfigs:  play pgName = com.android.settings
08-18 16:03:37.211529   902  7008 I AudioALSAPlaybackHandlerBase: Ge -getHardwareBufferInfo, frameInfo_get = 48, mStreamAttributeTarget.buffer_size = 16384, buffer_per_time = 2048, halQueuedFrame = 0
08-18 16:03:37.213796   902  7008 I AudioALSAStreamOut: Ge write(), buffer = 0xb4000072e0473430, bytes = 8192, flags 2
08-18 16:03:37.213864   902  7008 I AudioALSAPlaybackHandlerBase: Ge preWriteOperation(), buffer 0xb4000072e0473430, bytes 8192, mIsNeedUpdateLib 0
08-18 16:03:37.213894   902  7008 I AudioALSAPlaybackHandlerBase: Ge doDcRemoval(), inBytes: 8192, pOutBytes: 8192 ppOutBuffer = 0xb40000739c7b1000
08-18 16:03:37.232775   902  7008 I AudioALSAPlaybackHandlerBase: Ge -getHardwareBufferInfo, frameInfo_get = 42, mStreamAttributeTarget.buffer_size = 16384, buffer_per_time = 2048, halQueuedFrame = 0
08-18 16:03:37.235043   902  7008 I AudioALSAStreamOut: Ge write(), buffer = 0xb4000072e0473430, bytes = 8192, flags 2
08-18 16:03:37.235110   902  7008 I AudioALSAPlaybackHandlerBase: Ge preWriteOperation(), buffer 0xb4000072e0473430, bytes 8192, mIsNeedUpdateLib 0
08-18 16:03:37.235137   902  7008 I AudioALSAPlaybackHandlerBase: Ge doDcRemoval(), inBytes: 8192, pOutBytes: 8192 ppOutBuffer = 0xb40000739c7b1000
08-18 16:03:37.254045   902  7008 I AudioALSAPlaybackHandlerBase: Ge -getHardwareBufferInfo, frameInfo_get = 40, mStreamAttributeTarget.buffer_size = 16384, buffer_per_time = 2048, halQueuedFrame = 0
08-18 16:03:37.256210   902  7008 I AudioALSAStreamOut: Ge write(), buffer = 0xb4000072e0473430, bytes = 8192, flags 2
08-18 16:03:37.256279   902  7008 I AudioALSAPlaybackHandlerBase: Ge preWriteOperation(), buffer 0xb4000072e0473430, bytes 8192, mIsNeedUpdateLib 0
08-18 16:03:37.256306   902  7008 I AudioALSAPlaybackHandlerBase: Ge doDcRemoval(), inBytes: 8192, pOutBytes: 8192 ppOutBuffer = 0xb40000739c7b1000
08-18 16:03:37.275538   902  7008 I AudioALSAPlaybackHandlerBase: Ge -getHardwareBufferInfo, frameInfo_get = 48, mStreamAttributeTarget.buffer_size = 16384, buffer_per_time = 2048, halQueuedFrame = 0
08-18 16:03:37.277783   902  7008 I AudioALSAStreamOut: Ge write(), buffer = 0xb4000072e0473430, bytes = 8192, flags 2
08-18 16:03:37.277851   902  7008 I AudioALSAPlaybackHandlerBase: Ge preWriteOperation(), buffer 0xb4000072e0473430, bytes 8192, mIsNeedUpdateLib 0
08-18 16:03:37.277878   902  7008 I AudioALSAPlaybackHandlerBase: Ge doDcRemoval(), inBytes: 8192, pOutBytes: 8192 ppOutBuffer = 0xb40000739c7b1000
08-18 16:03:37.296792   902  7008 I AudioALSAPlaybackHandlerBase: Ge -getHardwareBufferInfo, frameInfo_get = 44, mStreamAttributeTarget.buffer_size = 16384, buffer_per_time = 2048, halQueuedFrame = 0
08-18 16:03:37.298936   902  7008 I AudioALSAStreamOut: Ge write(), buffer = 0xb4000072e0473430, bytes = 8192, flags 2
08-18 16:03:37.299004   902  7008 I AudioALSAPlaybackHandlerBase: Ge preWriteOperation(), buffer 0xb4000072e0473430, bytes 8192, mIsNeedUpdateLib 0
08-18 16:03:37.299032   902  7008 I AudioALSAPlaybackHandlerBase: Ge doDcRemoval(), inBytes: 8192, pOutBytes: 8192 ppOutBuffer = 0xb40000739c7b1000
08-18 16:03:37.318032   902  7008 I AudioALSAPlaybackHandlerBase: Ge -getHardwareBufferInfo, frameInfo_get = 40, mStreamAttributeTarget.buffer_size = 16384, buffer_per_time = 2048, halQueuedFrame = 0
08-18 16:03:37.320143   902  7008 I AudioALSAStreamOut: Ge write(), buffer = 0xb4000072e0473430, bytes = 8192, flags 2
08-18 16:03:37.320210   902  7008 I AudioALSAPlaybackHandlerBase: Ge preWriteOperation(), buffer 0xb4000072e0473430, bytes 8192, mIsNeedUpdateLib 0
08-18 16:03:37.320237   902  7008 I AudioALSAPlaybackHandlerBase: Ge doDcRemoval(), inBytes: 8192, pOutBytes: 8192 ppOutBuffer = 0xb40000739c7b1000
08-18 16:03:37.321540  1411  1556 D AudioSink: setIsReset, 1
08-18 16:03:37.322650  1411 12001 D NuPlayer: performDecoderFlush audio=2, video=2
08-18 16:03:37.322675  1411 12001 D NuPlayer: [audio] flushDecoder needShutdown=1
08-18 16:03:37.322787  1411 12004 D NuPlayerRenderer: flushing audio
08-18 16:03:37.322822  1411 12004 D AudioTrack: pause(67): 0xf08853d0, prior state:STATE_ACTIVE
08-18 16:03:37.323309  1411 12004 D AudioSystem: +setParameters(): remove_clientTid=12004 
08-18 16:03:37.323509  1027  1093 I AudioFlinger: setParameters: filtered keyvalue remove_clientTid=12004
08-18 16:03:37.323552  1027  1093 I AudioFlinger: +mAudioHwDevs(primary)->setParameters(): remove_clientTid=12004
08-18 16:03:37.323833   902   902 D AudioALSAHardware: +setParameters(): remove_clientTid=12004
08-18 16:03:37.323922   902   902 W AudioALSAHardware: setParameters(), still have param.size() = 1, remain param = "remove_clientTid=12004"
08-18 16:03:37.323934   902   902 D AudioALSAHardware: -setParameters(): remove_clientTid=12004
08-18 16:03:37.324033  1027  1093 I AudioFlinger: -mAudioHwDevs(primary)->setParameters(): remove_clientTid=12004
08-18 16:03:37.324066  1027  1093 I AudioFlinger: +mAudioHwDevs(bluetooth)->setParameters(): remove_clientTid=12004
08-18 16:03:37.324491  1027  1093 I AudioFlinger: -mAudioHwDevs(bluetooth)->setParameters(): remove_clientTid=12004
08-18 16:03:37.324522  1027  1093 I AudioFlinger: +mAudioHwDevs(usb)->setParameters(): remove_clientTid=12004
08-18 16:03:37.324795  1027  1093 I AudioFlinger: -mAudioHwDevs(usb)->setParameters(): remove_clientTid=12004
08-18 16:03:37.324829  1027  1093 I AudioFlinger: +mAudioHwDevs(r_submix)->setParameters(): remove_clientTid=12004
08-18 16:03:37.324976  1027  1093 I AudioFlinger: -mAudioHwDevs(r_submix)->setParameters(): remove_clientTid=12004
08-18 16:03:37.325177  1411 12004 D AudioTrackShared: this(0xf09821d0), mCblk(0xf56d0000), front(92198), mIsOut 1, interrupt() FUTEX_WAKE
08-18 16:03:37.339698   902  7008 I AudioALSAPlaybackHandlerBase: Ge -getHardwareBufferInfo, frameInfo_get = 54, mStreamAttributeTarget.buffer_size = 16384, buffer_per_time = 2048, halQueuedFrame = 0
08-18 16:03:37.340247   902   902 V DlbVolumeListener: effectCommand
08-18 16:03:37.340267   902   902 V DlbVolumeListener: Command EFFECT_CMD_SET_VOLUME: left 0, right 0
08-18 16:03:37.340284   902   902 D DlbVolumeListener: effectCommand: Ignore volume 0 coming from pausing playback
08-18 16:03:37.340797   902  7006 I AudioALSAStreamOut: Ge updateSourceMetadataV7() 
08-18 16:03:37.343020   902  7008 I AudioALSAStreamOut: Ge write(), buffer = 0xb4000072e0473430, bytes = 8192, flags 2
08-18 16:03:37.343092   902  7008 I AudioALSAPlaybackHandlerBase: Ge preWriteOperation(), buffer 0xb4000072e0473430, bytes 8192, mIsNeedUpdateLib 0
08-18 16:03:37.343119   902  7008 I AudioALSAPlaybackHandlerBase: Ge doDcRemoval(), inBytes: 8192, pOutBytes: 8192 ppOutBuffer = 0xb40000739c7b1000
08-18 16:03:37.345876  1411 12004 D AudioTrack: pauseAndWait: success state:8, position:93139 after 20 ms (prior state:6  prior position:92198)
08-18 16:03:37.345917  1411 12004 D AudioTrack: flush(67): 0xf08853d0, prior state:STATE_PAUSED
08-18 16:03:37.346141  1411 12004 D AudioTrack: stop(67): 0xf08853d0, prior state:STATE_FLUSHED
08-18 16:03:37.346221  1411 12004 D AudioTrack: setVolume(67): 0xf08853d0, left = 1.000000, right = 1.000000
08-18 16:03:37.346257  1411 12004 D AudioTrack: start(67): 0xf08853d0, prior state:STATE_FLUSHED
08-18 16:03:37.346556  1411 12004 D AudioSystem: +setParameters(): clientTid=12004 
08-18 16:03:37.346717  1027  1093 I AudioFlinger: setParameters: filtered keyvalue clientTid=12004
08-18 16:03:37.346757  1027  1093 I AudioFlinger: +mAudioHwDevs(primary)->setParameters(): clientTid=12004
08-18 16:03:37.346990   902   902 D AudioALSAHardware: +setParameters(): clientTid=12004
08-18 16:03:37.347088   902   902 W AudioALSAHardware: setParameters(), still have param.size() = 1, remain param = "clientTid=12004"
08-18 16:03:37.347101   902   902 D AudioALSAHardware: -setParameters(): clientTid=12004
08-18 16:03:37.347183  1027  1093 I AudioFlinger: -mAudioHwDevs(primary)->setParameters(): clientTid=12004
08-18 16:03:37.347220  1027  1093 I AudioFlinger: +mAudioHwDevs(bluetooth)->setParameters(): clientTid=12004
08-18 16:03:37.347449  1027  1093 I AudioFlinger: -mAudioHwDevs(bluetooth)->setParameters(): clientTid=12004
08-18 16:03:37.347477  1027  1093 I AudioFlinger: +mAudioHwDevs(usb)->setParameters(): clientTid=12004
08-18 16:03:37.347685  1027  1093 I AudioFlinger: -mAudioHwDevs(usb)->setParameters(): clientTid=12004
08-18 16:03:37.347712  1027  1093 I AudioFlinger: +mAudioHwDevs(r_submix)->setParameters(): clientTid=12004
08-18 16:03:37.347940  1027  1093 I AudioFlinger: -mAudioHwDevs(r_submix)->setParameters(): clientTid=12004
08-18 16:03:37.348655  1344  1353 D uas-service: thread(pid=12004) ux_exact_audiomixer is uxtag 0x100480 ref 0x3
08-18 16:03:37.350508  1027  1093 D TranFlinger: tr_audio_stability_state = 0
08-18 16:03:37.350936  1411 12001 D NuPlayer: renderer audio flush completed.
08-18 16:03:37.351176  1411 12007 D MediaCodec: [0xeecc8990] setState: 7
08-18 16:03:37.351654  1411 12007 D CCodecBuffers: [c2.android.vorbis.decoder#263:1D-Output.Impl[N]] Client returned a buffer it does not own according to our record: 0
08-18 16:03:37.351705  1411 12007 D CCodecBuffers: [c2.android.vorbis.decoder#263:1D-Output.Impl[N]] Client returned a buffer it does not own according to our record: 1
08-18 16:03:37.351731  1411 12007 D CCodecBuffers: [c2.android.vorbis.decoder#263:1D-Output.Impl[N]] Client returned a buffer it does not own according to our record: 2
08-18 16:03:37.351762  1411 12007 D MediaCodec: [0xeecc8990] setState: 8
08-18 16:03:37.351952  1411 12001 D NuPlayer: decoder audio flush completed
08-18 16:03:37.351985  1411 12001 D NuPlayer: initiating audio decoder shutdown
08-18 16:03:37.352053  1411 12006 D MediaCodec: [0xeecc8990] [c2.android.vorbis.decoder] release
08-18 16:03:37.352130  1411 12007 D MediaCodec: mdomain = 2,mTrackingVideoDataPropertyEnabled=1,mTotalFrames = 0
08-18 16:03:37.352158  1411 12007 D MediaCodec: (0xeecc8990)kWhatRelease case,recalaimd:0
08-18 16:03:37.352171  1411 12007 D MediaCodec: [0xeecc8990] setState: 10
08-18 16:03:37.354046  1411 12007 D MediaCodec: [0xeecc8990] [c2.android.vorbis.decoder] kWhatReleaseCompleted
08-18 16:03:37.354078  1411 12007 D MediaCodec: [0xeecc8990] setState: 0
08-18 16:03:37.354395  1411 12006 D MediaCodec: ~MediaCodec(0xeecc8990)
08-18 16:03:37.354794  1411 12001 D NuPlayer: audio shutdown completed
08-18 16:03:37.357529  1411  1556 D AudioSink: setIsReset, 1
08-18 16:03:37.359265  1411  1556 D AudioSink: setIsReset, 1
08-18 16:03:37.359303  1411  1556 D AudioTrack: ~AudioTrack(67): 0xf08853d0
08-18 16:03:37.359418  1411  1556 D AudioTrack: ~AudioTrack(67): 0xf08853d0, calling stop()
08-18 16:03:37.359435  1411  1556 D AudioTrack: stop(67): 0xf08853d0, prior state:STATE_ACTIVE
08-18 16:03:37.359447  1411  1556 D AudioTrack: stop(67): called with 0 frames delivered
08-18 16:03:37.360721  1545  2834 I AS.PlaybackActivityMon: dispatchPlayback size:8 to client size:4
08-18 16:03:37.360805   902  7008 I AudioALSAPlaybackHandlerBase: Ge -getHardwareBufferInfo, frameInfo_get = 44, mStreamAttributeTarget.buffer_size = 16384, buffer_per_time = 2048, halQueuedFrame = 0
08-18 16:03:37.360894  1027  1093 D TranFlinger: tr_audio_stability_state = 0
08-18 16:03:37.361312   902   902 D AudioALSAStreamOut: +setParameters(): flag 2, MixerThreadSleep=
08-18 16:03:37.361347  1411  1556 D AudioTrack: stop(67): 0xf08853d0 stop done
08-18 16:03:37.361418  1411  1556 D AudioTrack: stopAndJoinCallbacks(67) done
08-18 16:03:37.361419   902   902 W AudioALSAStreamOut: setParameters(), still have param.size() = 1, remain param = "MixerThreadSleep="
08-18 16:03:37.361441   902   902 I AudioALSAStreamOut: Ge -setParameters(): MixerThreadSleep= 
08-18 16:03:37.361467  3614  4095 I AudioManager: dispatching onPlaybackConfigChanged()
08-18 16:03:37.361578  1545  2104 I AudioManager: dispatching onPlaybackConfigChanged()
08-18 16:03:37.361749   902  7008 I AudioALSAPlaybackHandlerBase: Ge -getHardwareBufferInfo, frameInfo_get = 90, mStreamAttributeTarget.buffer_size = 16384, buffer_per_time = 2048, halQueuedFrame = 0
08-18 16:03:37.361928   902  7008 I AudioALSAStreamOut: Ge latency(), flags 0x2, latency 42
08-18 16:03:37.361991  4412  4412 I AudioManager: dispatching onPlaybackConfigChanged()
08-18 16:03:37.362093  4412  4412 D AI_ELLA_: onPlaybackConfigChanged in main thread
08-18 16:03:37.362283  1545  1545 I AudioManager: dispatching onPlaybackConfigChanged()
08-18 16:03:37.362357  1545  1545 I AudioManager: dispatching onPlaybackConfigChanged()
08-18 16:03:37.362392  1545  1545 I AudioManager: dispatching onPlaybackConfigChanged()
08-18 16:03:37.363813  1027  1693 D AudioFlinger_Threads: 0xb400007ad2fa47b0:threadLoop_write write muted data to hw, mixerStatus 0 start, mId 13, mBytesWritten 819200
08-18 16:03:37.364012   902  7008 I AudioALSAStreamOut: Ge write(), buffer = 0xb4000072e0473430, bytes = 8192, flags 2
08-18 16:03:37.364070   902  7008 I AudioALSAPlaybackHandlerBase: Ge preWriteOperation(), buffer 0xb4000072e0473430, bytes 8192, mIsNeedUpdateLib 0
08-18 16:03:37.364094   902  7008 I AudioALSAPlaybackHandlerBase: Ge doDcRemoval(), inBytes: 8192, pOutBytes: 8192 ppOutBuffer = 0xb40000739c7b1000
08-18 16:03:37.382006   902  7008 I AudioALSAPlaybackHandlerBase: Ge -getHardwareBufferInfo, frameInfo_get = 38, mStreamAttributeTarget.buffer_size = 16384, buffer_per_time = 2048, halQueuedFrame = 0
08-18 16:03:37.382267   902  7008 I AudioALSAStreamOut: Ge latency(), flags 0x2, latency 42
08-18 16:03:37.383002   902   902 D AudioALSAStreamOut: +setParameters(): flag 2, MixerThreadSleep=
08-18 16:03:37.383107   902   902 W AudioALSAStreamOut: setParameters(), still have param.size() = 1, remain param = "MixerThreadSleep="
08-18 16:03:37.383134   902   902 I AudioALSAStreamOut: Ge -setParameters(): MixerThreadSleep= 
08-18 16:03:37.383411   902  7008 I AudioALSAPlaybackHandlerBase: Ge -getHardwareBufferInfo, frameInfo_get = 106, mStreamAttributeTarget.buffer_size = 16384, buffer_per_time = 2048, halQueuedFrame = 0
08-18 16:03:37.383666   902  7008 I AudioALSAStreamOut: Ge latency(), flags 0x2, latency 42
08-18 16:03:37.385493   902  7008 I AudioALSAStreamOut: Ge write(), buffer = 0xb4000072e0473430, bytes = 8192, flags 2
08-18 16:03:37.385564   902  7008 I AudioALSAPlaybackHandlerBase: Ge preWriteOperation(), buffer 0xb4000072e0473430, bytes 8192, mIsNeedUpdateLib 0
08-18 16:03:37.385593   902  7008 I AudioALSAPlaybackHandlerBase: Ge doDcRemoval(), inBytes: 8192, pOutBytes: 8192 ppOutBuffer = 0xb40000739c7b1000
08-18 16:03:37.403988   902  7008 I AudioALSAPlaybackHandlerBase: Ge -getHardwareBufferInfo, frameInfo_get = 68, mStreamAttributeTarget.buffer_size = 16384, buffer_per_time = 2048, halQueuedFrame = 0
08-18 16:03:37.404471   902  7008 I AudioALSAStreamOut: Ge latency(), flags 0x2, latency 42
08-18 16:03:37.404621  1027  1693 D AudioTrackShared: this(0xb400007a197446d0), mCblk(0x7ad29ad000), front(104409), mIsOut 1, setStreamEndDone() FUTEX_WAKE
08-18 16:03:37.404747  1027  1693 D AudioFlinger_Threads: removeTracks_l(92): removing track on session 1161
08-18 16:03:37.404809  1027  1693 V AudioPolicyInterfaceImpl: stopOutputSamplerate(), portId = 67, samplerate = 44100
08-18 16:03:37.404850  1027  1693 V AudioPolicyService: AudioCommandThread() adding stopOutputSamplerateCommand portId 67 samplerate 44100
08-18 16:03:37.406034  1027  1403 V AudioPolicyService: AudioCommandThread() processing STOP_OUTPUT_SAMPLERATE portId 67
08-18 16:03:37.406035  1027  1693 V AudioPolicyInterfaceImpl: releaseOutput()
08-18 16:03:37.406072  1027  1403 V AudioPolicyInterfaceImpl: doStopOutputSamplerate, portId = 67, samplerate = 44100
08-18 16:03:37.406085  1027  1693 V AudioPolicyService: AudioCommandThread() adding release output portId 67
08-18 16:03:37.406105  1027  1403 I AudioEffect: disable 0xb400007939759d50
08-18 16:03:37.407313  1027  1693 D TranFlinger_Threads: tr_audio_playback_time_state = 0
08-18 16:03:37.407370  1027  1693 D TranFlinger_Threads: checkPlaybackEndInfo(), Id 92, streamType 4, playbackDevice 2, packageName com.android.settings, times 2
08-18 16:03:37.409942  1027  1693 D AudioFlinger_Threads: removeTracks_l(92): stopping track on chain 0xb400007829751230 for session Id: 1161, count : 0.
08-18 16:03:37.410022  1027  1693 D AudioFlinger_Threads: removeTracks_l() mActiveEffectChainIdVector.size() = 2, before mActiveEffectChainIdVector.erase(1161).
08-18 16:03:37.410050  1027  1693 D AudioFlinger_Threads: removeTracks_l() mActiveSRCTrackIdVector.size() = 1, before mActiveSRCTrackIdVector.erase(92).
08-18 16:03:37.410119  1027  1693 D AudioFlinger_Threads: removeTracks_l() mActiveEffectChainIdVector.size() = 1, before mActiveEffectChainIdVector.erase(0).
08-18 16:03:37.410718   902   902 I AudioALSAStreamOut: Ge updateSourceMetadataV7() 
08-18 16:03:37.411318  1027  1403 I AudioEffect: Destructor 0xb400007939759d50
08-18 16:03:37.411386  1027  1403 I AudioFlinger_Threads: removeEffect_l(): 0xb400007ad2fa47b0, effect = 0xb4000078197487f0, name = Alarm Listener
08-18 16:03:37.411847   902   902 V DlbVolumeListener: effectCommand
08-18 16:03:37.411859   902   902 V DlbVolumeListener: effectCommand :: Command EFFECT_CMD_DISABLE
08-18 16:03:37.412190   902  7006 V DlbVolumeListener: release(handle=0xb40000712048fb40)
08-18 16:03:37.412527  1027  1403 I AudioFlinger_Threads: removeEffectChain_l() 0xb400007829751230 from thread 0xb400007ad2fa47b0 for session 1161
08-18 16:03:37.412823   902  3027 D AudioALSAStreamOut: +setParameters(): flag 2, NoAudioTrack=1
08-18 16:03:37.412906   902  3027 W AudioALSAStreamOut: setParameters(), still have param.size() = 1, remain param = "NoAudioTrack=1"
08-18 16:03:37.412928   902  3027 I AudioALSAStreamOut: Ge -setParameters(): NoAudioTrack=1 
08-18 16:03:37.413186   902  7008 I AudioALSAPlaybackHandlerBase: Ge -getHardwareBufferInfo, frameInfo_get = 510, mStreamAttributeTarget.buffer_size = 16384, buffer_per_time = 2048, halQueuedFrame = 0
08-18 16:03:37.413286  1027  1693 D MtkAudioLoud: +close()
08-18 16:03:37.413319  1027  1693 D MtkAudioLoud: -close()
08-18 16:03:37.413791  1027  1403 D AudioPolicyManagerCustomImpl: hifiAudio_stopOutputSamplerate() -output = 13, porId = 67, samplerate = 44100  HifiState = 1,  stream 4, session 1161
08-18 16:03:37.413841  1027  1403 V APM_AudioPolicyManager: stopOutput portId 67
08-18 16:03:37.413861  1027  1403 V APM_AudioPolicyManager: stopOutput() output 13, stream 4, session 1161
08-18 16:03:37.413884  1027  1403 V APM_AudioPolicyManager: setBeaconMute(1) mBeaconMuteRefCount=0 mBeaconPlayingRefCount=0
08-18 16:03:37.414008  1027  1403 V APM_AudioPolicyManager: getNewOutputDevices selected devices AUDIO_DEVICE_NONE
08-18 16:03:37.414086  1027  1403 W AudioPolicyManagerCustomImpl: [MTK_APM_Route]setOutputDevices() mIoHandle 13 mId 1 device (0x2)(0x1, 0x2, 0x4, 0x8, 0x10, 0x20, 0x40, 0x800, 0x1000, 0x4000, 0x100000, 0x4000000) delayMs 84 force 0 size 5
08-18 16:03:37.414882   902  7008 I AudioALSAStreamOut: Ge write(), buffer = 0xb4000072e0473430, bytes = 8192, flags 2
08-18 16:03:37.414946   902  7008 I AudioALSAPlaybackHandlerBase: Ge preWriteOperation(), buffer 0xb4000072e0473430, bytes 8192, mIsNeedUpdateLib 0
08-18 16:03:37.414981   902  7008 I AudioALSAPlaybackHandlerBase: Ge doDcRemoval(), inBytes: 8192, pOutBytes: 8192 ppOutBuffer = 0xb40000739c7b1000
08-18 16:03:37.414984  1027  1403 V APM_AudioPolicyManager: setOutputDevices caller gainTable_routeAndApplyVolumeFromStopSource[[portId:1][io:13, primary output]] setting same device AUDIO_DEVICE_NONE or null device, force=0, patch handle=29
08-18 16:03:37.415241  1027  1403 V AudioPolicyInterfaceImpl: doStopOutputSamplerate(): client portId 67, active 0, ActiveClientRefCount 0
08-18 16:03:37.415268  1027  1403 V AudioPolicyService: AudioCommandThread() processing release output portId 67
08-18 16:03:37.415280  1027  1403 V AudioPolicyInterfaceImpl: doReleaseOutput from tid 1403
08-18 16:03:37.415294  1027  1403 V APM_AudioPolicyManager: releaseOutput portId 67
08-18 16:03:37.415305  1027  1403 D APM_AudioPolicyManager: [MTK_APM_Output]releaseOutput() 13 portId 67
08-18 16:03:37.424987   902  7008 I AudioALSAPlaybackHandlerBase: Ge -getHardwareBufferInfo, frameInfo_get = 52, mStreamAttributeTarget.buffer_size = 16384, buffer_per_time = 2048, halQueuedFrame = 0
08-18 16:03:37.434005   902  7008 I AudioALSAPlaybackHandlerBase: Ge -getHardwareBufferInfo, frameInfo_get = 486, mStreamAttributeTarget.buffer_size = 16384, buffer_per_time = 2048, halQueuedFrame = 0
08-18 16:03:37.436298   902  7008 I AudioALSAStreamOut: Ge write(), buffer = 0xb4000072e0473430, bytes = 8192, flags 2
08-18 16:03:37.436451   902  7008 I AudioALSAPlaybackHandlerBase: Ge preWriteOperation(), buffer 0xb4000072e0473430, bytes 8192, mIsNeedUpdateLib 0
08-18 16:03:37.436502   902  7008 I AudioALSAPlaybackHandlerBase: Ge doDcRemoval(), inBytes: 8192, pOutBytes: 8192 ppOutBuffer = 0xb40000739c7b1000
08-18 16:03:37.446578   902  7008 I AudioALSAPlaybackHandlerBase: Ge -getHardwareBufferInfo, frameInfo_get = 64, mStreamAttributeTarget.buffer_size = 16384, buffer_per_time = 2048, halQueuedFrame = 0
08-18 16:03:37.455209   902  7008 I AudioALSAPlaybackHandlerBase: Ge -getHardwareBufferInfo, frameInfo_get = 480, mStreamAttributeTarget.buffer_size = 16384, buffer_per_time = 2048, halQueuedFrame = 0
08-18 16:03:37.457067   902  7008 I AudioALSAStreamOut: Ge write(), buffer = 0xb4000072e0473430, bytes = 8192, flags 2
08-18 16:03:37.457178   902  7008 I AudioALSAPlaybackHandlerBase: Ge preWriteOperation(), buffer 0xb4000072e0473430, bytes 8192, mIsNeedUpdateLib 0
08-18 16:03:37.457220   902  7008 I AudioALSAPlaybackHandlerBase: Ge doDcRemoval(), inBytes: 8192, pOutBytes: 8192 ppOutBuffer = 0xb40000739c7b1000
08-18 16:03:37.467986   902  7008 I AudioALSAPlaybackHandlerBase: Ge -getHardwareBufferInfo, frameInfo_get = 68, mStreamAttributeTarget.buffer_size = 16384, buffer_per_time = 2048, halQueuedFrame = 0
08-18 16:03:37.476391   902  7008 I AudioALSAPlaybackHandlerBase: Ge -getHardwareBufferInfo, frameInfo_get = 472, mStreamAttributeTarget.buffer_size = 16384, buffer_per_time = 2048, halQueuedFrame = 0
08-18 16:03:37.478340   902  7008 I AudioALSAStreamOut: Ge write(), buffer = 0xb4000072e0473430, bytes = 8192, flags 2
08-18 16:03:37.478485   902  7008 I AudioALSAPlaybackHandlerBase: Ge preWriteOperation(), buffer 0xb4000072e0473430, bytes 8192, mIsNeedUpdateLib 0
08-18 16:03:37.478534   902  7008 I AudioALSAPlaybackHandlerBase: Ge doDcRemoval(), inBytes: 8192, pOutBytes: 8192 ppOutBuffer = 0xb40000739c7b1000
08-18 16:03:37.489010   902  7008 I AudioALSAPlaybackHandlerBase: Ge -getHardwareBufferInfo, frameInfo_get = 54, mStreamAttributeTarget.buffer_size = 16384, buffer_per_time = 2048, halQueuedFrame = 0
08-18 16:03:37.497673   902  7008 I AudioALSAPlaybackHandlerBase: Ge -getHardwareBufferInfo, frameInfo_get = 470, mStreamAttributeTarget.buffer_size = 16384, buffer_per_time = 2048, halQueuedFrame = 0
08-18 16:03:37.499860   902  7008 I AudioALSAStreamOut: Ge write(), buffer = 0xb4000072e0473430, bytes = 8192, flags 2
08-18 16:03:37.499985   902  7008 I AudioALSAPlaybackHandlerBase: Ge preWriteOperation(), buffer 0xb4000072e0473430, bytes 8192, mIsNeedUpdateLib 0
08-18 16:03:37.500029   902  7008 I AudioALSAPlaybackHandlerBase: Ge doDcRemoval(), inBytes: 8192, pOutBytes: 8192 ppOutBuffer = 0xb40000739c7b1000
08-18 16:03:37.510668   902  7008 I AudioALSAPlaybackHandlerBase: Ge -getHardwareBufferInfo, frameInfo_get = 70, mStreamAttributeTarget.buffer_size = 16384, buffer_per_time = 2048, halQueuedFrame = 0
08-18 16:03:37.518778   902  7008 I AudioALSAPlaybackHandlerBase: Ge -getHardwareBufferInfo, frameInfo_get = 458, mStreamAttributeTarget.buffer_size = 16384, buffer_per_time = 2048, halQueuedFrame = 0
08-18 16:03:37.520732   902  7008 I AudioALSAStreamOut: Ge write(), buffer = 0xb4000072e0473430, bytes = 8192, flags 2
08-18 16:03:37.520855   902  7008 I AudioALSAPlaybackHandlerBase: Ge preWriteOperation(), buffer 0xb4000072e0473430, bytes 8192, mIsNeedUpdateLib 0
08-18 16:03:37.520901   902  7008 I AudioALSAPlaybackHandlerBase: Ge doDcRemoval(), inBytes: 8192, pOutBytes: 8192 ppOutBuffer = 0xb40000739c7b1000
08-18 16:03:37.531874   902  7008 I AudioALSAPlaybackHandlerBase: Ge -getHardwareBufferInfo, frameInfo_get = 64, mStreamAttributeTarget.buffer_size = 16384, buffer_per_time = 2048, halQueuedFrame = 0
08-18 16:03:37.539983   902  7008 I AudioALSAPlaybackHandlerBase: Ge -getHardwareBufferInfo, frameInfo_get = 452, mStreamAttributeTarget.buffer_size = 16384, buffer_per_time = 2048, halQueuedFrame = 0
08-18 16:03:37.541881   902  7008 I AudioALSAStreamOut: Ge write(), buffer = 0xb4000072e0473430, bytes = 8192, flags 2
08-18 16:03:37.542028   902  7008 I AudioALSAPlaybackHandlerBase: Ge preWriteOperation(), buffer 0xb4000072e0473430, bytes 8192, mIsNeedUpdateLib 0
08-18 16:03:37.542075   902  7008 I AudioALSAPlaybackHandlerBase: Ge doDcRemoval(), inBytes: 8192, pOutBytes: 8192 ppOutBuffer = 0xb40000739c7b1000
08-18 16:03:37.553347   902  7008 I AudioALSAPlaybackHandlerBase: Ge -getHardwareBufferInfo, frameInfo_get = 70, mStreamAttributeTarget.buffer_size = 16384, buffer_per_time = 2048, halQueuedFrame = 0
08-18 16:03:37.561146   902  7008 I AudioALSAPlaybackHandlerBase: Ge -getHardwareBufferInfo, frameInfo_get = 444, mStreamAttributeTarget.buffer_size = 16384, buffer_per_time = 2048, halQueuedFrame = 0
08-18 16:03:37.563006   902  7008 I AudioALSAStreamOut: Ge write(), buffer = 0xb4000072e0473430, bytes = 8192, flags 2
08-18 16:03:37.563147   902  7008 I AudioALSAPlaybackHandlerBase: Ge preWriteOperation(), buffer 0xb4000072e0473430, bytes 8192, mIsNeedUpdateLib 0
08-18 16:03:37.563197   902  7008 I AudioALSAPlaybackHandlerBase: Ge doDcRemoval(), inBytes: 8192, pOutBytes: 8192 ppOutBuffer = 0xb40000739c7b1000
08-18 16:03:37.574233   902  7008 I AudioALSAPlaybackHandlerBase: Ge -getHardwareBufferInfo, frameInfo_get = 48, mStreamAttributeTarget.buffer_size = 16384, buffer_per_time = 2048, halQueuedFrame = 0
08-18 16:03:37.582670   902  7008 I AudioALSAPlaybackHandlerBase: Ge -getHardwareBufferInfo, frameInfo_get = 454, mStreamAttributeTarget.buffer_size = 16384, buffer_per_time = 2048, halQueuedFrame = 0
08-18 16:03:37.584582   902  7008 I AudioALSAStreamOut: Ge write(), buffer = 0xb4000072e0473430, bytes = 8192, flags 2
08-18 16:03:37.584705   902  7008 I AudioALSAPlaybackHandlerBase: Ge preWriteOperation(), buffer 0xb4000072e0473430, bytes 8192, mIsNeedUpdateLib 0
08-18 16:03:37.584750   902  7008 I AudioALSAPlaybackHandlerBase: Ge doDcRemoval(), inBytes: 8192, pOutBytes: 8192 ppOutBuffer = 0xb40000739c7b1000
08-18 16:03:37.595909   902  7008 I AudioALSAPlaybackHandlerBase: Ge -getHardwareBufferInfo, frameInfo_get = 64, mStreamAttributeTarget.buffer_size = 16384, buffer_per_time = 2048, halQueuedFrame = 0
08-18 16:03:37.603861   902  7008 I AudioALSAPlaybackHandlerBase: Ge -getHardwareBufferInfo, frameInfo_get = 446, mStreamAttributeTarget.buffer_size = 16384, buffer_per_time = 2048, halQueuedFrame = 0
08-18 16:03:37.605637   902  7008 I AudioALSAStreamOut: Ge write(), buffer = 0xb4000072e0473430, bytes = 8192, flags 2
08-18 16:03:37.605763   902  7008 I AudioALSAPlaybackHandlerBase: Ge preWriteOperation(), buffer 0xb4000072e0473430, bytes 8192, mIsNeedUpdateLib 0
08-18 16:03:37.605809   902  7008 I AudioALSAPlaybackHandlerBase: Ge doDcRemoval(), inBytes: 8192, pOutBytes: 8192 ppOutBuffer = 0xb40000739c7b1000
08-18 16:03:37.617366   902  7008 I AudioALSAPlaybackHandlerBase: Ge -getHardwareBufferInfo, frameInfo_get = 70, mStreamAttributeTarget.buffer_size = 16384, buffer_per_time = 2048, halQueuedFrame = 0
08-18 16:03:37.625061   902  7008 I AudioALSAPlaybackHandlerBase: Ge -getHardwareBufferInfo, frameInfo_get = 440, mStreamAttributeTarget.buffer_size = 16384, buffer_per_time = 2048, halQueuedFrame = 0
08-18 16:03:37.627341   902  7008 I AudioALSAStreamOut: Ge write(), buffer = 0xb4000072e0473430, bytes = 8192, flags 2
08-18 16:03:37.627483   902  7008 I AudioALSAPlaybackHandlerBase: Ge preWriteOperation(), buffer 0xb4000072e0473430, bytes 8192, mIsNeedUpdateLib 0
08-18 16:03:37.627533   902  7008 I AudioALSAPlaybackHandlerBase: Ge doDcRemoval(), inBytes: 8192, pOutBytes: 8192 ppOutBuffer = 0xb40000739c7b1000
08-18 16:03:37.638678   902  7008 I AudioALSAPlaybackHandlerBase: Ge -getHardwareBufferInfo, frameInfo_get = 70, mStreamAttributeTarget.buffer_size = 16384, buffer_per_time = 2048, halQueuedFrame = 0
08-18 16:03:37.646303   902  7008 I AudioALSAPlaybackHandlerBase: Ge -getHardwareBufferInfo, frameInfo_get = 436, mStreamAttributeTarget.buffer_size = 16384, buffer_per_time = 2048, halQueuedFrame = 0
08-18 16:03:37.648410   902  7008 I AudioALSAStreamOut: Ge write(), buffer = 0xb4000072e0473430, bytes = 8192, flags 2
08-18 16:03:37.648558   902  7008 I AudioALSAPlaybackHandlerBase: Ge preWriteOperation(), buffer 0xb4000072e0473430, bytes 8192, mIsNeedUpdateLib 0
08-18 16:03:37.648608   902  7008 I AudioALSAPlaybackHandlerBase: Ge doDcRemoval(), inBytes: 8192, pOutBytes: 8192 ppOutBuffer = 0xb40000739c7b1000
08-18 16:03:37.659930   902  7008 I AudioALSAPlaybackHandlerBase: Ge -getHardwareBufferInfo, frameInfo_get = 66, mStreamAttributeTarget.buffer_size = 16384, buffer_per_time = 2048, halQueuedFrame = 0
08-18 16:03:37.667424   902  7008 I AudioALSAPlaybackHandlerBase: Ge -getHardwareBufferInfo, frameInfo_get = 426, mStreamAttributeTarget.buffer_size = 16384, buffer_per_time = 2048, halQueuedFrame = 0
08-18 16:03:37.669317   902  7008 I AudioALSAStreamOut: Ge write(), buffer = 0xb4000072e0473430, bytes = 8192, flags 2
08-18 16:03:37.669444   902  7008 I AudioALSAPlaybackHandlerBase: Ge preWriteOperation(), buffer 0xb4000072e0473430, bytes 8192, mIsNeedUpdateLib 0
08-18 16:03:37.669489   902  7008 I AudioALSAPlaybackHandlerBase: Ge doDcRemoval(), inBytes: 8192, pOutBytes: 8192 ppOutBuffer = 0xb40000739c7b1000
08-18 16:03:37.681133   902  7008 I AudioALSAPlaybackHandlerBase: Ge -getHardwareBufferInfo, frameInfo_get = 60, mStreamAttributeTarget.buffer_size = 16384, buffer_per_time = 2048, halQueuedFrame = 0
08-18 16:03:37.688628   902  7008 I AudioALSAPlaybackHandlerBase: Ge -getHardwareBufferInfo, frameInfo_get = 420, mStreamAttributeTarget.buffer_size = 16384, buffer_per_time = 2048, halQueuedFrame = 0
08-18 16:03:37.690622   902  7008 I AudioALSAStreamOut: Ge write(), buffer = 0xb4000072e0473430, bytes = 8192, flags 2
