08-18 16:03:52.160840  1545  2378 I AS.AudioService: Volume controller visible: true
08-18 16:03:52.195315  1049  1049 I BufferQueueProducer: [com.android.settings/com.android.settings.Settings$SoundSettingsActivity#1095](this:0xb400007e7382d7f8,id:-1,api:0,p:-1,c:1049) queueBuffer: fps=1.76 dur=1138.41 max=789.01 min=349.40
08-18 16:03:52.249026  1545  2096 D os.KeyguardGestureLiceFactory: volumedown down
08-18 16:03:52.251950  1545  2096 I TranSecureCamExt: handleVolumeKey
08-18 16:03:52.254251  1545  2096 I AS.AudioService: getMode, get current owner's mode
08-18 16:03:52.254430  1545  2096 I AS.AudioService: getMode, currentModeHandler is null
08-18 16:03:52.257083  1545  2095 D ScreenshotService: onInterceptKeyBeforeQueueing intercept KeyEvent { action=ACTION_DOWN, keyCode=KEYCODE_VOLUME_DOWN, scanCode=114, metaState=0, flags=0x8, repeatCount=0, eventTime=2240721707000, downTime=2240721707000, deviceId=2, source=0x101, displayId=-1 } delay 141
08-18 16:03:52.355059  1545  2096 D os.KeyguardGestureLiceFactory: volumedown up
08-18 16:03:52.355688  1545  2096 I TranSecureCamExt: handleVolumeKey
08-18 16:03:52.359752  6803  6803 D PhoneWindow: onKeyDown keyCode = 25 KeyEvent = KeyEvent { action=ACTION_DOWN, keyCode=KEYCODE_VOLUME_DOWN, scanCode=114, metaState=0, flags=0x8, repeatCount=0, eventTime=2240721707000, downTime=2240721707000, deviceId=2, source=0x101, displayId=-1 }
08-18 16:03:52.360063  1545  2976 D MediaSessionService: dispatchVolumeKeyEvent, pkg=com.android.settings, opPkg=com.android.settings, pid=6803, uid=1000, asSystem=true, event=KeyEvent { action=ACTION_DOWN, keyCode=KEYCODE_VOLUME_DOWN, scanCode=114, metaState=0, flags=0x8, repeatCount=0, eventTime=2240721707000, downTime=2240721707000, deviceId=2, source=0x101, displayId=-1 }, stream=-2147483648, musicOnly=false
08-18 16:03:52.360370  1545  1545 I AS.AudioService: adjustSuggestedStreamVolume() stream=-2147483648, flags=4113, caller=android, volControlStream=3, userSelect=false
08-18 16:03:52.361295  1545  1545 I AS.AudioService: isInCommunication IsInCall = false mode = 0
08-18 16:03:52.362809  1545  1545 I AS.AudioService: getActiveStreamType: Forcing DEFAULT_VOL_STREAM_NO_PLAYBACK(3) b/c default
08-18 16:03:52.363425  1545  1545 D os.AudioModeChangeLice: isTheftAlertRinging! isTheftAlertRinging = false
08-18 16:03:52.363599  1545  1545 I AS.AudioService: adjustStreamVolume() stream=3, dir=-1, flags=4113, caller=android
08-18 16:03:52.363754  1545  1545 I AS.AudioService: adjustStreamVolume getDeviceForStream device = 2
08-18 16:03:52.364397  1545  2976 D MediaSessionService: dispatchVolumeKeyEvent, pkg=com.android.settings, opPkg=com.android.settings, pid=6803, uid=1000, asSystem=true, event=KeyEvent { action=ACTION_UP, keyCode=KEYCODE_VOLUME_DOWN, scanCode=114, metaState=0, flags=0x8, repeatCount=0, eventTime=2240828521000, downTime=2240721707000, deviceId=2, source=0x101, displayId=-1 }, stream=-2147483648, musicOnly=false
08-18 16:03:52.364484  1545  1545 I AS.AudioService: updateVolumeGroupIndex for stream 11, muted=false, device=2, index=60, group AUDIO_STREAM_ASSISTANT Muted=false, Index=6, forceMuteState=false
08-18 16:03:52.366087  1545  1545 I AS.AudioService: updateVolumeGroupIndex for stream 10, muted=false, device=2, index=66, group AUDIO_STREAM_ACCESSIBILITY Muted=false, Index=7, forceMuteState=false
08-18 16:03:52.372063  3614  3614 I VolumeDataCollector: onReceive android.media.VOLUME_CHANGED_ACTION
08-18 16:03:52.372174  3614  3614 I VolumeDataCollector: streamType 11
08-18 16:03:52.373813  1545  1545 I AS.AudioService: updateVolumeGroupIndex for stream 9, muted=false, device=2, index=60, group AUDIO_STREAM_TTS Muted=false, Index=6, forceMuteState=false
08-18 16:03:52.380614  3614  3614 I VolumeDataCollector: onReceive android.media.VOLUME_CHANGED_ACTION
08-18 16:03:52.380726  3614  3614 I VolumeDataCollector: streamType 10
08-18 16:03:52.381883  1545  1545 I AS.AudioService: updateVolumeGroupIndex for stream 3, muted=false, device=2, index=60, group AUDIO_STREAM_MUSIC Muted=false, Index=6, forceMuteState=false
08-18 16:03:52.385847  3614  3614 I VolumeDataCollector: onReceive android.media.VOLUME_CHANGED_ACTION
08-18 16:03:52.386043  3614  3614 I VolumeDataCollector: streamType 9
08-18 16:03:52.387760  1545  1545 I AS.AudioService:  newIndex For ui = 60
08-18 16:03:52.388262  1545  2149 I AS.AudioService: setStreamVolumeIndexAS(3, 6, 2)
08-18 16:03:52.388655  1545  2149 I AudioSystem: setStreamVolumeIndex: STREAM_MUSIC dev=2 idx=6
08-18 16:03:52.389833  1027  5516 D AudioPolicyInterfaceImpl: setStreamVolumeIndex(), stream 3, index 6, device 0x2
08-18 16:03:52.390128  1027  5516 V APM_AudioPolicyManager: setStreamVolumeIndex: stream AUDIO_STREAM_MUSIC attributes={ Content type: AUDIO_CONTENT_TYPE_UNKNOWN Usage: AUDIO_USAGE_MEDIA Source: AUDIO_SOURCE_INVALID Flags: 0x0 Tags:  }
08-18 16:03:52.390335  1027  5516 V APM_AudioPolicyManager: setVolumeIndexForAttributes: group 6 matching with { Content type: AUDIO_CONTENT_TYPE_UNKNOWN Usage: AUDIO_USAGE_MEDIA Source: AUDIO_SOURCE_INVALID Flags: 0x0 Tags:  } index 6
08-18 16:03:52.390374  1027  5516 V APM_AudioPolicyManager: setVolumeCurveIndex device 00000002, index 6
08-18 16:03:52.392217  1545  2149 I AS.AudioService: setStreamVolumeIndexAS(11, 6, 2)
08-18 16:03:52.392294  1545  2149 I AudioSystem: setStreamVolumeIndex: STREAM_ASSISTANT dev=2 idx=6
08-18 16:03:52.392438  6803 10598 D AudioVolumeGroupChangeHandler: handle msg(): listerners size=4
08-18 16:03:52.392819  1027  5516 D AudioPolicyInterfaceImpl: setStreamVolumeIndex(), stream 11, index 6, device 0x2
08-18 16:03:52.392901  1027  5516 V APM_AudioPolicyManager: setStreamVolumeIndex: stream AUDIO_STREAM_ASSISTANT attributes={ Content type: AUDIO_CONTENT_TYPE_SPEECH Usage: AUDIO_USAGE_ASSISTANT Source: AUDIO_SOURCE_INVALID Flags: 0x0 Tags:  }
08-18 16:03:52.392943  1027  5516 V APM_AudioPolicyManager: setVolumeIndexForAttributes: group 20 matching with { Content type: AUDIO_CONTENT_TYPE_SPEECH Usage: AUDIO_USAGE_ASSISTANT Source: AUDIO_SOURCE_INVALID Flags: 0x0 Tags:  } index 6
08-18 16:03:52.392974  1027  5516 V APM_AudioPolicyManager: setVolumeCurveIndex device 00000002, index 6
08-18 16:03:52.393920  1545  2149 I AS.AudioService: setStreamVolumeIndexAS(10, 7, 2)
08-18 16:03:52.394281  6803 10598 D AudioVolumeGroupChangeHandler: handle msg(): listerners size=4
08-18 16:03:52.394466  1545  2149 I AudioSystem: setStreamVolumeIndex: STREAM_ACCESSIBILITY dev=2 idx=7
08-18 16:03:52.394923  1027  5516 D AudioPolicyInterfaceImpl: setStreamVolumeIndex(), stream 10, index 7, device 0x2
08-18 16:03:52.395051  1027  5516 V APM_AudioPolicyManager: setStreamVolumeIndex: stream AUDIO_STREAM_ACCESSIBILITY attributes={ Content type: AUDIO_CONTENT_TYPE_UNKNOWN Usage: AUDIO_USAGE_ASSISTANCE_ACCESSIBILITY Source: AUDIO_SOURCE_INVALID Flags: 0x0 Tags:  }
08-18 16:03:52.395131  1027  5516 V APM_AudioPolicyManager: setVolumeIndexForAttributes: group 1 matching with { Content type: AUDIO_CONTENT_TYPE_UNKNOWN Usage: AUDIO_USAGE_ASSISTANCE_ACCESSIBILITY Source: AUDIO_SOURCE_INVALID Flags: 0x0 Tags:  } index 7
08-18 16:03:52.395194  1027  5516 V APM_AudioPolicyManager: setVolumeCurveIndex device 00000002, index 7
08-18 16:03:52.396078  3614  3614 I VolumeDataCollector: onReceive android.media.VOLUME_CHANGED_ACTION
08-18 16:03:52.396137  3614  3614 I VolumeDataCollector: streamType 3
08-18 16:03:52.396780  3614 11381 I CacheManager:  save new data to cache volume_event
08-18 16:03:52.397052  3614 11381 I bsc     : notifyDataChange in volume_event, 1
08-18 16:03:52.397119  1545  2149 I AS.AudioService: setStreamVolumeIndexAS(9, 6, 2)
08-18 16:03:52.397231  1545  2149 I AudioSystem: setStreamVolumeIndex: STREAM_TTS dev=2 idx=6
08-18 16:03:52.397534  1027  5516 D AudioPolicyInterfaceImpl: setStreamVolumeIndex(), stream 9, index 6, device 0x2
08-18 16:03:52.397585  1027  5516 V APM_AudioPolicyManager: setStreamVolumeIndex: stream AUDIO_STREAM_TTS attributes={ Content type: AUDIO_CONTENT_TYPE_UNKNOWN Usage: AUDIO_USAGE_UNKNOWN Source: AUDIO_SOURCE_INVALID Flags: 0x8 Tags:  }
08-18 16:03:52.397610  1027  5516 V APM_AudioPolicyManager: setVolumeIndexForAttributes: group 12 matching with { Content type: AUDIO_CONTENT_TYPE_UNKNOWN Usage: AUDIO_USAGE_UNKNOWN Source: AUDIO_SOURCE_INVALID Flags: 0x8 Tags:  } index 6
08-18 16:03:52.397631  1027  5516 V APM_AudioPolicyManager: setVolumeCurveIndex device 00000002, index 6
08-18 16:03:52.397636  3614  3824 D Kolun_AI.AliveManager: receive DcEvent : volume_event
08-18 16:03:52.397714  3614 11382 I DataServiceImplV2: StandardDataService notifyDataChange  curServiceName StandardDataService type:volume_event
08-18 16:03:52.398381  6803 10598 D AudioVolumeGroupChangeHandler: handle msg(): listerners size=4
08-18 16:03:52.398725  1545  1545 I TranAudioService: checkVibrationPermission=true checkUpdateAppOpsStatsPermission:true
08-18 16:03:52.398907  6803 10598 D AudioVolumeGroupChangeHandler: handle msg(): listerners size=4
08-18 16:03:52.398964  1545  1545 I AS.AudioService: adjustSuggestedStreamVolume() stream=-2147483648, flags=4116, caller=android, volControlStream=3, userSelect=false
08-18 16:03:52.399025  3590  4078 D os.activity: onAudioVolumeChange streamType: 3, volume: 6, device: 2, packageName: null
08-18 16:03:52.399245  3614 11382 I Kolun_AI.SystemEventSubscribe:  onPublishData {"type":"volume_event","time":1755504232396,"data":"{\"prevStreamValue\":7,\"streamType\":3,\"streamTypeAlias\":3,\"streamValue\":6}","provider":"dc","dc_version":2030370000,"data_version":1,"user_id":0}
08-18 16:03:52.399294  3614 11382 I Kolun_AI.SystemEventSubscribe:  publisher.getMatcher() volume_event
08-18 16:03:52.399532  3614 11382 D Kolun_AI.SystemEventSubscribe: com.transsion.kolun.aidatacenter.exported.data.VolumeData@7e1cec0
08-18 16:03:52.399694  3614 11382 I ApiInvoke1.6.3: SubscribeManager: publishData success host DataCenter#StandardDataService matcher volume_event
08-18 16:03:52.399778  3614 11382 I ApiInvoke1.6.3: ApiRequest: do publishData to local, matcher = volume_event
08-18 16:03:52.399854  1545  1545 I AS.AudioService: isInCommunication IsInCall = false mode = 0
08-18 16:03:52.400128  3614 11382 I ApiInvoke1.6.3: ChannelChain: addChain, path=Publish{process='com.transsion.kolun.aiservice', channelName='DataCenter', matcher='volume_event', apiName='StandardDataService'} size 1
08-18 16:03:52.400249  3614 11382 W ApiInvoke1.6.3: SubscribeBusServerImpl: onSafePublishData start ==>> publisher Publisher{channel='DataCenter', apiName='StandardDataService', label='volume_event'}
08-18 16:03:52.401917  3614 11382 W ApiInvoke1.6.3: ApiRequest: do publishData to remote volume_event
08-18 16:03:52.402662  1545  1545 I AS.AudioService: getActiveStreamType: Forcing DEFAULT_VOL_STREAM_NO_PLAYBACK(3) b/c default
08-18 16:03:52.403241  6803  6803 D SeekBarVolumizer: getVolume: 70    type3
08-18 16:03:52.403422  1545  1545 D os.AudioModeChangeLice: isTheftAlertRinging! isTheftAlertRinging = false
08-18 16:03:52.403451  6803  6803 D SeekBarVolumizer: mStreamType 3Volume:  60
08-18 16:03:52.403661  1545  1545 I AS.AudioService: adjustStreamVolume() stream=3, dir=0, flags=4112, caller=android
08-18 16:03:52.403890  1545  1545 I AS.AudioService: adjustStreamVolume getDeviceForStream device = 2
08-18 16:03:52.404307  1545  1545 I AS.AudioService:  newIndex For ui = 60
08-18 16:03:52.404511  1545  2976 I AS.AudioService: setStreamVolume(stream=3, index=6, dev=AudioDeviceAttributes: role:output type:speaker addr: name: profiles:[] descriptors:[], calling=com.android.settings)
08-18 16:03:52.404761  1545  2976 I AS.SoundDoseHelper:  checkSafeMediaVolume_l mSafeMediaVolumeState = 3 streamType = 3 device = 2 index = 60 safeMediaVolumeIndex = 0
08-18 16:03:52.404788  1545  1545 I TranAudioService: checkVibrationPermission=true checkUpdateAppOpsStatsPermission:true
08-18 16:03:52.405438  1545  1545 D TranLedControllerPova: mCurrentVolume=6
08-18 16:03:52.405673  3590  4078 D os.activity: onAudioVolumeChange streamType: 3, volume: 6, device: 2, packageName: null
08-18 16:03:52.406251  6803  6803 D SeekBarVolumizer: setVolume: level6    type3
08-18 16:03:52.406522  1545  2172 I AudioManager: getDevices, flags = 2
08-18 16:03:52.406826  6803  6803 D SeekBarVolumizer: leve != mAudioManager.getStreamVolume(mStreamType)60
08-18 16:03:52.406941  3590  4078 D os.activity: onAudioVolumeChange streamType: 3, volume: 6, device: 2, packageName: null
08-18 16:03:52.409906  2372  2372 I vol.TrVolumeDialogImpl: showH r=volume_changed
08-18 16:03:52.410066  6803  6803 D SeekBarVolumizer: getVolume: 60    type3
08-18 16:03:52.410417  2372  2372 I vol.Events: writeEvent show_dialog volume_changed keyguard=false
08-18 16:03:52.410553  6803  6803 D SeekBarVolumizer: mStreamType 3Volume:  60
08-18 16:03:52.410783  2372  2372 D VolumeSliderView: inGracePeriod =false, level=7, vlevel=6
08-18 16:03:52.410895  1545  2978 I AS.AudioService: Volume controller visible: true
08-18 16:03:52.410982  6803  6803 D SeekBarVolumizer: mCurrentVolume60
08-18 16:03:57.444977  1049  1049 I BufferQueueProducer: [TrVolumeDialogImpl#1105](this:0xb400007e737f48b8,id:-1,api:0,p:-1,c:1049) queueBuffer: fps=4.15 dur=5300.97 max=4883.81 min=16.05
08-18 16:03:57.560661  1545  2768 W InputManager-JNI: Input channel object '9aaafb3 TrVolumeDialogImpl (client)' was disposed without first being removed with the input manager!
08-18 16:03:57.573083  1545  2768 I AS.AudioService: Volume controller visible: false
08-18 16:03:57.574764  1545  2978 I AS.AudioService: forceVolumeControlStream(-1)
08-18 16:03:57.576602  1545  2978 I AS.AudioService: Volume controller visible: true
08-18 16:03:57.591219  1049  1049 I SurfaceFlinger: onHandleDestroyed: name=9aaafb3 TrVolumeDialogImpl#1104, layerId=1104, parentId=0
08-18 16:03:57.591367  1049  1049 I SurfaceFlinger: onHandleDestroyed: name=TrVolumeDialogImpl#1105, layerId=1105, parentId=0
08-18 16:03:57.608416  1049  1049 I BufferQueueDebug: [9aaafb3 TrVolumeDialogImpl#1104](this:0xb400007e737c9d48,id:-1,api:0,p:-1,c:1049) onDestructor()
08-18 16:03:57.609313  1049  1049 I BufferQueueDebug: [TrVolumeDialogImpl#1105](this:0xb400007e737f48b8,id:-1,api:0,p:-1,c:1049) onDestructor()
08-18 16:04:21.044043  5073  5286 I AudioManager: getCommunicationDevice
08-18 16:04:21.044769  1545  2978 I AS.AudioDeviceBroker: topCommunicationRouteClient: process no permission or mCommunicationRouteClients is empty
08-18 16:04:21.044988  1545  2978 I AS.AudioDeviceBroker: requestedCommunicationDevice: null mAudioModeOwner: AudioModeInfo: mMode=MODE_NORMAL, mPid=0, mUid=0
08-18 16:04:22.910752  1545  1906 I PowerHalWrapper: amsBoostNotify pid:6803,activity:com.android.settings.Settings$SoundSettingsActivity, package:com.android.settings, mProcessCreatePackcom.android.settings 
08-18 16:04:22.913125  1545  1906 I mtkpower_client: [PowerHal_Wrap_notifyAppState] com.android.settings/com.android.settings.Settings$SoundSettingsActivity pid=6803 activityId:231217318 state:0
08-18 16:04:22.913663  1545  1906 I mtkpower_client: [Legacy][PowerHal_Wrap_notifyAppState] com.android.settings/com.android.settings.Settings$SoundSettingsActivity pid=6803 state:231217318
08-18 16:04:22.914091   963  1015 I libPowerHal: [perfNotifyAppState] pack:com.android.settings, act:com.android.settings.Settings$SoundSettingsActivity, state:0, pid:6803, uid:1000, fps:-1
08-18 16:04:22.942284  1027  5516 I AudioFlinger: setParameters: filtered keyvalue screen_state=off
08-18 16:04:22.943338  1027  5516 I AudioFlinger: +mAudioHwDevs(primary)->setParameters(): screen_state=off
08-18 16:04:22.944545  1027  5516 I AudioFlinger: -mAudioHwDevs(primary)->setParameters(): screen_state=off
08-18 16:04:22.944605  1027  5516 I AudioFlinger: +mAudioHwDevs(bluetooth)->setParameters(): screen_state=off
08-18 16:04:22.945158  1027  5516 I AudioFlinger: -mAudioHwDevs(bluetooth)->setParameters(): screen_state=off
08-18 16:04:22.945220  1027  5516 I AudioFlinger: +mAudioHwDevs(usb)->setParameters(): screen_state=off
08-18 16:04:22.945612  1027  5516 I AudioFlinger: -mAudioHwDevs(usb)->setParameters(): screen_state=off
08-18 16:04:22.945772  1027  5516 I AudioFlinger: +mAudioHwDevs(r_submix)->setParameters(): screen_state=off
08-18 16:04:22.946245  1027  5516 I AudioFlinger: -mAudioHwDevs(r_submix)->setParameters(): screen_state=off
08-18 16:04:22.955428  1545  3893 I AS.PlaybackActivityMon: dispatchPlayback size:7 to client size:4
08-18 16:04:22.955879  1545  2104 I AudioManager: dispatching onPlaybackConfigChanged()
08-18 16:04:22.956371  1545  1545 I AudioManager: dispatching onPlaybackConfigChanged()
08-18 16:04:22.956371  3614  4095 I AudioManager: dispatching onPlaybackConfigChanged()
08-18 16:04:22.956442  4412  4412 I AudioManager: dispatching onPlaybackConfigChanged()
08-18 16:04:22.956455  1545  1545 I AudioManager: dispatching onPlaybackConfigChanged()
08-18 16:04:22.956512  1545  1545 I AudioManager: dispatching onPlaybackConfigChanged()
08-18 16:04:22.962998  1545  2978 I AS.PlaybackActivityMon: dispatchPlayback size:6 to client size:4
08-18 16:04:22.963340  1545  2104 I AudioManager: dispatching onPlaybackConfigChanged()
08-18 16:04:22.963459  1545  1545 I AudioManager: dispatching onPlaybackConfigChanged()
08-18 16:04:22.963741  3614  4095 I AudioManager: dispatching onPlaybackConfigChanged()
08-18 16:04:22.964500  4412  4412 I AudioManager: dispatching onPlaybackConfigChanged()
08-18 16:04:22.964740  1545  1545 I AudioManager: dispatching onPlaybackConfigChanged()
08-18 16:04:22.964806  1545  2978 I AS.PlaybackActivityMon: dispatchPlayback size:5 to client size:4
08-18 16:04:22.964852  1545  1545 I AudioManager: dispatching onPlaybackConfigChanged()
08-18 16:04:22.965082  1545  2104 I AudioManager: dispatching onPlaybackConfigChanged()
08-18 16:04:22.965405  3614  4095 I AudioManager: dispatching onPlaybackConfigChanged()
08-18 16:04:22.965414  1545  1545 I AudioManager: dispatching onPlaybackConfigChanged()
08-18 16:04:22.965516  1545  1545 I AudioManager: dispatching onPlaybackConfigChanged()
08-18 16:04:22.965654  1545  1545 I AudioManager: dispatching onPlaybackConfigChanged()
08-18 16:04:22.965660  4412  4412 I AudioManager: dispatching onPlaybackConfigChanged()
08-18 16:04:22.975775  3614  4089 I SimpleEventAdapt: onActivityEvent get com.android.settings, com.android.settings.Settings$SoundSettingsActivity,false
08-18 16:04:22.977844  3614 11382 I Kolun_AI.SystemEventSubscribe:  onPublishData {"type":"activity_event","time":1755504262976,"data":"{\"className\":\"com.android.settings.Settings$SoundSettingsActivity\",\"isResumed\":false,\"packageName\":\"com.android.settings\"}","provider":"dc","dc_version":2030370000,"data_version":1,"user_id":0}
08-18 16:04:22.982404  1545  1707 I PowerHalWrapper: amsBoostNotify pid:6803,activity:com.android.settings.Settings$SoundSettingsActivity, package:com.android.settings, mProcessCreatePackcom.android.settings 
08-18 16:04:22.982956  1545  1707 I mtkpower_client: [PowerHal_Wrap_notifyAppState] com.android.settings/com.android.settings.Settings$SoundSettingsActivity pid=6803 activityId:231217318 state:0
08-18 16:04:22.983139  1545  1707 I mtkpower_client: [Legacy][PowerHal_Wrap_notifyAppState] com.android.settings/com.android.settings.Settings$SoundSettingsActivity pid=6803 state:231217318
08-18 16:04:22.983542   963  1015 I libPowerHal: [perfNotifyAppState] pack:com.android.settings, act:com.android.settings.Settings$SoundSettingsActivity, state:0, pid:6803, uid:1000, fps:-1
08-18 16:04:22.992226  3974  4820 I THubApi : isTheMainScreen classname: com.android.settings.Settings$SoundSettingsActivity  pkg:com.android.settings
08-18 16:04:22.996474  3974  4651 I ScenesManager: ScenesInfo(isInSplitScreenMode=false, screenMode=1, oldTopPackage=, oldTopClass=, oldRelPackage=, oldRelClass=, topPackage=com.android.settings, topClass=com.android.settings.Settings$SoundSettingsActivity, relPackage=com.android.settings, relClass=com.transsion.settings.homepage.SettingsHomeActivity, taskId=18, userId=0, isTwinApp=false, isActivityChange=false, isResume=true, killPackages=[], isPersonalizedFlipScreen=false, timeStamp=1755504262994)
08-18 16:04:23.019211 12063 12063 W libc    : Access denied finding property "ro.odm.tr_audio_hifi.feature.support"
08-18 16:04:23.027952  6803  6803 I DecorView: updateColorViewInt insetsType:2, targetVisibility:4, show:false, size:44, showView:false, color:0x0, dividerColor:0x0, view:null, DecorView:DecorView@ae5d133[Settings$SoundSettingsActivity]
08-18 16:04:23.028059  6803  6803 I DecorView: updateColorViewInt insetsType:1, targetVisibility:4, show:false, size:99, showView:false, color:0x0, dividerColor:0x0, view:null, DecorView:DecorView@ae5d133[Settings$SoundSettingsActivity]
08-18 16:04:23.184174  1049  1049 I SurfaceFlinger: onHandleDestroyed: name=com.android.settings/com.android.settings.Settings$SoundSettingsActivity#1095, layerId=1095, parentId=0
08-18 16:04:23.184747  1049  1049 I SurfaceFlinger: onHandleDestroyed: name=c1942e7 ActivityRecordInputSink com.android.settings/.Settings$SoundSettingsActivity#1099, layerId=1099, parentId=0
08-18 16:04:23.187234  1545  3790 I AS.AudioService: getMode, get current owner's mode
08-18 16:04:23.187566  1545  3790 I AS.AudioService: getMode, currentModeHandler is null
08-18 16:04:23.199163  1049  1049 I BufferQueueDebug: [c1942e7 ActivityRecordInputSink com.android.settings/.Settings$SoundSettingsActivity#1099](this:0xb400007e73811058,id:-1,api:0,p:-1,c:1049) onDestructor()
08-18 16:04:23.199738  1049  1049 I BufferQueueDebug: [com.android.settings/com.android.settings.Settings$SoundSettingsActivity#1095](this:0xb400007e7382d7f8,id:-1,api:0,p:-1,c:1049) onDestructor()
08-18 16:04:23.199836  1027  5516 I AudioFlinger: setParameters: filtered keyvalue screen_state=off
08-18 16:04:23.200018  1027  5516 I AudioFlinger: +mAudioHwDevs(primary)->setParameters(): screen_state=off
08-18 16:04:23.201071  1027  5516 I AudioFlinger: -mAudioHwDevs(primary)->setParameters(): screen_state=off
08-18 16:04:23.201140  1027  5516 I AudioFlinger: +mAudioHwDevs(bluetooth)->setParameters(): screen_state=off
08-18 16:04:23.201878  1027  5516 I AudioFlinger: -mAudioHwDevs(bluetooth)->setParameters(): screen_state=off
08-18 16:04:23.203138  1027  5516 I AudioFlinger: +mAudioHwDevs(usb)->setParameters(): screen_state=off
08-18 16:04:23.204068  1027  5516 I AudioFlinger: -mAudioHwDevs(usb)->setParameters(): screen_state=off
08-18 16:04:23.204171  1027  5516 I AudioFlinger: +mAudioHwDevs(r_submix)->setParameters(): screen_state=off
08-18 16:04:23.205550  1027  5516 I AudioFlinger: -mAudioHwDevs(r_submix)->setParameters(): screen_state=off
08-18 16:04:23.266745  3974  4820 I THubApi : isTheMainScreen classname: com.android.settings.Settings$SoundSettingsActivity  pkg:com.android.settings
08-18 16:04:23.282685  6673  6673 W BindAudioSmartConnectUseCase: ACTION_SCREEN_OFF
08-18 16:04:23.282846  6673  6673 W BindAudioSmartConnectUseCase: stopBinder
08-18 16:04:23.490425  5073  5286 I AudioManager: getCommunicationDevice
08-18 16:04:23.490937  1545  3893 I AS.AudioDeviceBroker: topCommunicationRouteClient: process no permission or mCommunicationRouteClients is empty
08-18 16:04:23.491040  1545  3893 I AS.AudioDeviceBroker: requestedCommunicationDevice: null mAudioModeOwner: AudioModeInfo: mMode=MODE_NORMAL, mPid=0, mUid=0
08-18 16:04:23.970081  1027  1093 I AudioFlinger: setParameters: filtered keyvalue screen_state=off
08-18 16:04:23.970328  1027  1093 I AudioFlinger: +mAudioHwDevs(primary)->setParameters(): screen_state=off
08-18 16:04:23.971625  1027  1093 I AudioFlinger: -mAudioHwDevs(primary)->setParameters(): screen_state=off
08-18 16:04:23.971741  1027  1093 I AudioFlinger: +mAudioHwDevs(bluetooth)->setParameters(): screen_state=off
08-18 16:04:23.972356  1027  1093 I AudioFlinger: -mAudioHwDevs(bluetooth)->setParameters(): screen_state=off
08-18 16:04:23.972452  1027  1093 I AudioFlinger: +mAudioHwDevs(usb)->setParameters(): screen_state=off
08-18 16:04:23.972865  1027  1093 I AudioFlinger: -mAudioHwDevs(usb)->setParameters(): screen_state=off
08-18 16:04:23.972961  1027  1093 I AudioFlinger: +mAudioHwDevs(r_submix)->setParameters(): screen_state=off
08-18 16:04:23.974683  1027  1093 I AudioFlinger: -mAudioHwDevs(r_submix)->setParameters(): screen_state=off
08-18 16:04:24.011156  1027  1093 I AudioFlinger: setParameters: filtered keyvalue screen_state=off
08-18 16:04:24.011356  1027  1093 I AudioFlinger: +mAudioHwDevs(primary)->setParameters(): screen_state=off
08-18 16:04:24.014346  1027  1093 I AudioFlinger: -mAudioHwDevs(primary)->setParameters(): screen_state=off
08-18 16:04:24.014514  1027  1093 I AudioFlinger: +mAudioHwDevs(bluetooth)->setParameters(): screen_state=off
08-18 16:04:24.015387  1027  1093 I AudioFlinger: -mAudioHwDevs(bluetooth)->setParameters(): screen_state=off
08-18 16:04:24.015541  1027  1093 I AudioFlinger: +mAudioHwDevs(usb)->setParameters(): screen_state=off
08-18 16:04:24.016169  1027  1093 I AudioFlinger: -mAudioHwDevs(usb)->setParameters(): screen_state=off
08-18 16:04:24.016329  1027  1093 I AudioFlinger: +mAudioHwDevs(r_submix)->setParameters(): screen_state=off
08-18 16:04:24.017014  1027  1093 I AudioFlinger: -mAudioHwDevs(r_submix)->setParameters(): screen_state=off
08-18 16:04:27.587052  2372  2372 W TranReflectUtils: 	at android.view.Choreographer$CallbackRecord.run(Choreographer.java:1610)
08-18 16:04:27.587052  2372  2372 W TranReflectUtils: 	at android.view.Choreographer$CallbackRecord.run(Choreographer.java:1619)
08-18 16:04:52.902040  1545  2096 I TranSecureCamExt: handleVolumeKey
08-18 16:04:52.902497  1545  2096 I TranSecureCamExt: interceptVolumeKey: 0
08-18 16:04:52.905967  1545  2096 I AS.AudioService: getMode, get current owner's mode
08-18 16:04:52.906366  1545  2096 I AS.AudioService: getMode, currentModeHandler is null
08-18 16:04:53.074620  1545  2096 I TranSecureCamExt: handleVolumeKey
08-18 16:04:53.075019  1545  2096 I TranSecureCamExt: interceptVolumeKey: 1
08-18 16:04:56.653253  1545  2096 I TranSecureCamExt: handleVolumeKey
08-18 16:04:56.653725  1545  2096 I TranSecureCamExt: interceptVolumeKey: 0
08-18 16:04:56.657028  1545  2096 I AS.AudioService: getMode, get current owner's mode
08-18 16:04:56.657261  1545  2096 I AS.AudioService: getMode, currentModeHandler is null
08-18 16:04:56.812462  1545  2096 I TranSecureCamExt: handleVolumeKey
08-18 16:04:56.812858  1545  2096 I TranSecureCamExt: interceptVolumeKey: 1
08-18 16:04:56.976813  1545  2096 I TranSecureCamExt: handleVolumeKey
08-18 16:04:56.977189  1545  2096 I TranSecureCamExt: interceptVolumeKey: 0
08-18 16:04:56.980504  1545  2096 I AS.AudioService: getMode, get current owner's mode
08-18 16:04:56.980742  1545  2096 I AS.AudioService: getMode, currentModeHandler is null
08-18 16:04:57.102827  1545  2096 I TranSecureCamExt: handleVolumeKey
08-18 16:04:57.103221  1545  2096 I TranSecureCamExt: interceptVolumeKey: 1
08-18 16:04:57.293721  1545  2096 I TranSecureCamExt: handleVolumeKey
08-18 16:04:57.294102  1545  2096 I TranSecureCamExt: interceptVolumeKey: 0
08-18 16:04:57.297421  1545  2096 I AS.AudioService: getMode, get current owner's mode
08-18 16:04:57.297663  1545  2096 I AS.AudioService: getMode, currentModeHandler is null
08-18 16:04:57.461797  1545  2096 I TranSecureCamExt: handleVolumeKey
08-18 16:04:57.462354  1545  2096 I TranSecureCamExt: interceptVolumeKey: 1
08-18 16:05:21.066011  5073  5286 I AudioManager: getCommunicationDevice
08-18 16:05:21.066730  1545  2978 I AS.AudioDeviceBroker: topCommunicationRouteClient: process no permission or mCommunicationRouteClients is empty
08-18 16:05:21.066892  1545  2978 I AS.AudioDeviceBroker: requestedCommunicationDevice: null mAudioModeOwner: AudioModeInfo: mMode=MODE_NORMAL, mPid=0, mUid=0
08-18 16:06:21.128271  5073  5286 I AudioManager: getCommunicationDevice
08-18 16:06:21.128676  1545  3885 I AS.AudioDeviceBroker: topCommunicationRouteClient: process no permission or mCommunicationRouteClients is empty
08-18 16:06:21.128793  1545  3885 I AS.AudioDeviceBroker: requestedCommunicationDevice: null mAudioModeOwner: AudioModeInfo: mMode=MODE_NORMAL, mPid=0, mUid=0
08-18 16:07:21.187833  5073  5286 I AudioManager: getCommunicationDevice
08-18 16:07:21.188591  1545  3892 I AS.AudioDeviceBroker: topCommunicationRouteClient: process no permission or mCommunicationRouteClients is empty
08-18 16:07:21.188758  1545  3892 I AS.AudioDeviceBroker: requestedCommunicationDevice: null mAudioModeOwner: AudioModeInfo: mMode=MODE_NORMAL, mPid=0, mUid=0
08-18 16:08:21.245621  5073  5286 I AudioManager: getCommunicationDevice
08-18 16:08:21.245974  1545  2978 I AS.AudioDeviceBroker: topCommunicationRouteClient: process no permission or mCommunicationRouteClients is empty
08-18 16:08:21.246085  1545  2978 I AS.AudioDeviceBroker: requestedCommunicationDevice: null mAudioModeOwner: AudioModeInfo: mMode=MODE_NORMAL, mPid=0, mUid=0
08-18 16:09:12.438833  6803  8888 W         : ApkAssets: Deleting an ApkAssets object '<empty> and /system_ext/app/TranScreenRecord/TranScreenRecord.apk' with 1 weak references
08-18 16:09:12.815114  5073  5286 I AudioManager: getCommunicationDevice
08-18 16:09:12.815442  1545  2022 I AS.AudioDeviceBroker: topCommunicationRouteClient: process no permission or mCommunicationRouteClients is empty
08-18 16:09:12.815575  1545  2022 I AS.AudioDeviceBroker: requestedCommunicationDevice: null mAudioModeOwner: AudioModeInfo: mMode=MODE_NORMAL, mPid=0, mUid=0
08-18 16:10:21.325988  5073  5286 I AudioManager: getCommunicationDevice
08-18 16:10:21.326416  1545  2768 I AS.AudioDeviceBroker: topCommunicationRouteClient: process no permission or mCommunicationRouteClients is empty
08-18 16:10:21.326528  1545  2768 I AS.AudioDeviceBroker: requestedCommunicationDevice: null mAudioModeOwner: AudioModeInfo: mMode=MODE_NORMAL, mPid=0, mUid=0
08-18 16:11:21.322658  5073  5286 I AudioManager: getCommunicationDevice
08-18 16:11:21.322992  1545  2768 I AS.AudioDeviceBroker: topCommunicationRouteClient: process no permission or mCommunicationRouteClients is empty
08-18 16:11:21.323093  1545  2768 I AS.AudioDeviceBroker: requestedCommunicationDevice: null mAudioModeOwner: AudioModeInfo: mMode=MODE_NORMAL, mPid=0, mUid=0
08-18 16:12:21.384252  5073  5286 I AudioManager: getCommunicationDevice
08-18 16:12:21.384659  1545  2768 I AS.AudioDeviceBroker: topCommunicationRouteClient: process no permission or mCommunicationRouteClients is empty
08-18 16:12:21.384780  1545  2768 I AS.AudioDeviceBroker: requestedCommunicationDevice: null mAudioModeOwner: AudioModeInfo: mMode=MODE_NORMAL, mPid=0, mUid=0
08-18 16:13:21.441375  5073  5286 I AudioManager: getCommunicationDevice
08-18 16:13:21.441838  1545  2768 I AS.AudioDeviceBroker: topCommunicationRouteClient: process no permission or mCommunicationRouteClients is empty
08-18 16:13:21.441962  1545  2768 I AS.AudioDeviceBroker: requestedCommunicationDevice: null mAudioModeOwner: AudioModeInfo: mMode=MODE_NORMAL, mPid=0, mUid=0
08-18 16:14:21.502616  5073  5286 I AudioManager: getCommunicationDevice
08-18 16:14:21.502967  1545  3884 I AS.AudioDeviceBroker: topCommunicationRouteClient: process no permission or mCommunicationRouteClients is empty
08-18 16:14:21.503075  1545  3884 I AS.AudioDeviceBroker: requestedCommunicationDevice: null mAudioModeOwner: AudioModeInfo: mMode=MODE_NORMAL, mPid=0, mUid=0
08-18 16:14:41.825746  5073  5286 I AudioManager: getCommunicationDevice
08-18 16:14:41.826116  1545  3780 I AS.AudioDeviceBroker: topCommunicationRouteClient: process no permission or mCommunicationRouteClients is empty
08-18 16:14:41.826329  1545  3780 I AS.AudioDeviceBroker: requestedCommunicationDevice: null mAudioModeOwner: AudioModeInfo: mMode=MODE_NORMAL, mPid=0, mUid=0
08-18 16:15:21.543664  5073  5286 I AudioManager: getCommunicationDevice
08-18 16:15:21.544032  1545  3780 I AS.AudioDeviceBroker: topCommunicationRouteClient: process no permission or mCommunicationRouteClients is empty
08-18 16:15:21.544198  1545  3780 I AS.AudioDeviceBroker: requestedCommunicationDevice: null mAudioModeOwner: AudioModeInfo: mMode=MODE_NORMAL, mPid=0, mUid=0
08-18 16:16:21.603057  5073  5286 I AudioManager: getCommunicationDevice
08-18 16:16:21.603527  1545  3780 I AS.AudioDeviceBroker: topCommunicationRouteClient: process no permission or mCommunicationRouteClients is empty
08-18 16:16:21.603662  1545  3780 I AS.AudioDeviceBroker: requestedCommunicationDevice: null mAudioModeOwner: AudioModeInfo: mMode=MODE_NORMAL, mPid=0, mUid=0
08-18 16:16:53.804966  5073  5286 I AudioManager: getCommunicationDevice
08-18 16:16:53.805287  1545  3780 I AS.AudioDeviceBroker: topCommunicationRouteClient: process no permission or mCommunicationRouteClients is empty
08-18 16:16:53.805424  1545  3780 I AS.AudioDeviceBroker: requestedCommunicationDevice: null mAudioModeOwner: AudioModeInfo: mMode=MODE_NORMAL, mPid=0, mUid=0
08-18 16:18:21.691891  5073  5286 I AudioManager: getCommunicationDevice
08-18 16:18:21.692408  1545  3884 I AS.AudioDeviceBroker: topCommunicationRouteClient: process no permission or mCommunicationRouteClients is empty
08-18 16:18:21.692556  1545  3884 I AS.AudioDeviceBroker: requestedCommunicationDevice: null mAudioModeOwner: AudioModeInfo: mMode=MODE_NORMAL, mPid=0, mUid=0
08-18 16:19:21.738557  5073  5286 I AudioManager: getCommunicationDevice
08-18 16:19:21.739086  1545  3780 I AS.AudioDeviceBroker: topCommunicationRouteClient: process no permission or mCommunicationRouteClients is empty
08-18 16:19:21.739221  1545  3780 I AS.AudioDeviceBroker: requestedCommunicationDevice: null mAudioModeOwner: AudioModeInfo: mMode=MODE_NORMAL, mPid=0, mUid=0
08-18 16:20:01.620330  1545  2145 I AS.AudioService: onReceive action = android.intent.action.SCREEN_ON
08-18 16:20:01.620444  1545  2145 I TranAudioService: clearZeroSoundAppList
08-18 16:20:01.637853  1027  1094 I AudioFlinger: setParameters: filtered keyvalue screen_state=off
08-18 16:20:01.641665  1027  1094 I AudioFlinger: +mAudioHwDevs(primary)->setParameters(): screen_state=off
08-18 16:20:01.643712  1027  1094 I AudioFlinger: -mAudioHwDevs(primary)->setParameters(): screen_state=off
08-18 16:20:01.643882  1027  1094 I AudioFlinger: +mAudioHwDevs(bluetooth)->setParameters(): screen_state=off
08-18 16:20:01.644746  1027  1094 I AudioFlinger: -mAudioHwDevs(bluetooth)->setParameters(): screen_state=off
08-18 16:20:01.645128  1027  1094 I AudioFlinger: +mAudioHwDevs(usb)->setParameters(): screen_state=off
08-18 16:20:01.648933  1027  1094 I AudioFlinger: -mAudioHwDevs(usb)->setParameters(): screen_state=off
08-18 16:20:01.649485  1027  1094 I AudioFlinger: +mAudioHwDevs(r_submix)->setParameters(): screen_state=off
08-18 16:20:01.650711  1027  1094 I AudioFlinger: -mAudioHwDevs(r_submix)->setParameters(): screen_state=off
08-18 16:20:01.709089  1027  1094 I AudioFlinger: setParameters: filtered keyvalue screen_state=on
08-18 16:20:01.709290  1027  1094 I AudioFlinger: +mAudioHwDevs(primary)->setParameters(): screen_state=on
08-18 16:20:01.714041  1027  1094 I AudioFlinger: -mAudioHwDevs(primary)->setParameters(): screen_state=on
08-18 16:20:01.714228  1027  1094 I AudioFlinger: +mAudioHwDevs(bluetooth)->setParameters(): screen_state=on
08-18 16:20:01.715528  1027  1094 I AudioFlinger: -mAudioHwDevs(bluetooth)->setParameters(): screen_state=on
08-18 16:20:01.715739  1027  1094 I AudioFlinger: +mAudioHwDevs(usb)->setParameters(): screen_state=on
08-18 16:20:01.717247  1027  1094 I AudioFlinger: -mAudioHwDevs(usb)->setParameters(): screen_state=on
08-18 16:20:01.717316  1027  1094 I AudioFlinger: +mAudioHwDevs(r_submix)->setParameters(): screen_state=on
08-18 16:20:01.717856  1027  1094 I AudioFlinger: -mAudioHwDevs(r_submix)->setParameters(): screen_state=on
08-18 16:20:01.752648  3974  4820 I THubApi : isTheMainScreen classname: com.android.settings.Settings$SoundSettingsActivity  pkg:com.android.settings
08-18 16:20:01.760059  3974  4651 I ScenesManager: ScenesInfo(isInSplitScreenMode=false, screenMode=2, oldTopPackage=, oldTopClass=, oldRelPackage=, oldRelClass=, topPackage=com.android.settings, topClass=com.android.settings.Settings$SoundSettingsActivity, relPackage=com.android.settings, relClass=com.transsion.settings.homepage.SettingsHomeActivity, taskId=18, userId=0, isTwinApp=false, isActivityChange=false, isResume=true, killPackages=[], isPersonalizedFlipScreen=false, timeStamp=1755505201759)
08-18 16:20:01.792771  6673  6673 I BindAudioSmartConnectUseCase: ACTION_SCREEN_ON keyguard:true
08-18 16:20:01.859521  3614  3993 I ApiInvoke1.6.3: SubscribeBusServerImpl: parseSubscribeHostInfoList infoStr {"host":"DataCenter#StandardDataService","typeCounts":[{"type":"activity_event","subscribeCount":1},{"type":"headset_state_event","subscribeCount":1},{"type":"screen_state","subscribeCount":1},{"type":"tips_screen_app_list","subscribeCount":1},{"type":"wifi_event","subscribeCount":1},{"type":"desktop_apps","subscribeCount":4},{"type":"media_event","subscribeCount":2},{"type":"user_present","subscribeCount":1},{"type":"battery_event","subscribeCount":2},{"type":"volume_event","subscribeCount":1},{"type":"bluetooth","subscribeCount":1},{"type":"sms_event","subscribeCount":1},{"type":"app_foreground","subscribeCount":1},{"type":"location","subscribeCount":1},{"type":"notification_info_event","subscribeCount":1}]}
08-18 16:20:01.859706  3614  3993 I ApiInvoke1.6.3: SubscribeBusServerImpl: parseSubscribeHostInfoList infoStr {"host":"MiniAppOxygenBusExportChannel#miniAppUsageDataReceiverSubscribe","typeCounts":[{"type":"OnShortCutsRecordChanged","subscribeCount":1},{"type":"OnForegroundBackgroundStatusChanged","subscribeCount":1}]}
08-18 16:20:01.864155  3614  3993 I ApiInvoke1.6.3: SubscribeBusServerImpl: editSubscribeHostInfo editHostInfoByOpt pid3614 channel DataCenter#StandardDataService matcher volume_event subscribeCount 1
08-18 16:20:01.865583  3614  3993 I ApiInvoke1.6.3: SubscribeBusServerImpl: editSubscribeHostInfo editHostInfoByOpt pid3614 channel MiniAppOxygenBusExportChannel#miniAppUsageDataReceiverSubscribe matcher OnShortCutsRecordChanged subscribeCount 1
08-18 16:20:01.879088  3614  3993 I ApiInvoke1.6.3: SubscribeBusServerImpl: createNotifyRunnable, notifyPublisherChange host=DataCenter#StandardDataService typeCount SubscribeTypeCount{type='volume_event', subscribeCount=0} subscribeMap 6
08-18 16:20:01.879350  3614  3993 I ApiInvoke1.6.3: SubscribeManager: onSubscribeCountChange publisher Publisher{channel='DataCenter', apiName='StandardDataService', label='volume_event'} subscribeCount 8
08-18 16:20:01.879455  3614  3993 I StandardDataService: onSubscribeCountChange volume_event, count 8, com.transsion.kolun.aidatacenter.services.StandardDataService@500e4a5
08-18 16:20:01.879513  3614  3993 I DataServiceImplV2: StandardDataService onSubscribeCountChange regType volume_event, 8
08-18 16:20:01.886103  3614  3993 I ApiInvoke1.6.3: SubscribeBusServerImpl: createNotifyRunnable, notifyPublisherChange host=MiniAppOxygenBusExportChannel#miniAppUsageDataReceiverSubscribe typeCount SubscribeTypeCount{type='OnShortCutsRecordChanged', subscribeCount=0} subscribeMap 6
08-18 16:20:01.914327  3614  3614 I ApiInvoke1.6.3: ApiRouterManager: api ==>>  key SmartVolumeApi entity : SmartVolumeApi=APIClassEntity{apiName='SmartVolumeApi', serviceClass='class com.transsion.kolun.plugin.smartvolume.SmartVolumeApi', packageName='com.transsion.kolun.plugin.smartvolume', constructorType=0, livingTime=0}
08-18 16:20:01.932295  1027  1093 I AudioFlinger: setParameters: filtered keyvalue screen_state=on
08-18 16:20:01.932380  1027  1093 I AudioFlinger: +mAudioHwDevs(primary)->setParameters(): screen_state=on
08-18 16:20:01.932961  1027  1093 I AudioFlinger: -mAudioHwDevs(primary)->setParameters(): screen_state=on
08-18 16:20:01.932992  1027  1093 I AudioFlinger: +mAudioHwDevs(bluetooth)->setParameters(): screen_state=on
08-18 16:20:01.933181  1027  1093 I AudioFlinger: -mAudioHwDevs(bluetooth)->setParameters(): screen_state=on
08-18 16:20:01.933202  1027  1093 I AudioFlinger: +mAudioHwDevs(usb)->setParameters(): screen_state=on
08-18 16:20:01.933372  1027  1093 I AudioFlinger: -mAudioHwDevs(usb)->setParameters(): screen_state=on
08-18 16:20:01.933391  1027  1093 I AudioFlinger: +mAudioHwDevs(r_submix)->setParameters(): screen_state=on
08-18 16:20:01.933866  1027  1093 I AudioFlinger: -mAudioHwDevs(r_submix)->setParameters(): screen_state=on
08-18 16:20:02.025472  2372 11560 E AnimPlayer.AudioPlayer: cannot find audio track
08-18 16:20:02.075050  5073  5286 I AudioManager: getCommunicationDevice
08-18 16:20:02.075056  2372 12142 I CCodec  : setting up 'default' as default (vendor) store
08-18 16:20:02.077168  1545  3780 I AS.AudioDeviceBroker: topCommunicationRouteClient: process no permission or mCommunicationRouteClients is empty
08-18 16:20:02.078246  1545  3780 I AS.AudioDeviceBroker: requestedCommunicationDevice: null mAudioModeOwner: AudioModeInfo: mMode=MODE_NORMAL, mPid=0, mUid=0
08-18 16:20:02.102465  2372 12142 I CCodec  : Created component [c2.mtk.avc.decoder]
08-18 16:20:02.122512  2372 12142 I CCodecConfig: query failed after returning 17 values (BAD_INDEX)
08-18 16:20:02.125732  2372 11553 I VideoTrack: mCodecType 1
08-18 16:20:02.126913  2372 12141 I MediaCodec: [c2.mtk.avc.decoder] setting surface generation to 2428943
08-18 16:20:02.131506  2372 12142 W Codec2Client: query -- param skipped: index = 1107298332.
08-18 16:20:02.131589  2372 12142 W CCodec  : This behavior is subject to change. It is recommended that app developers double check whether the requested max input size is in reasonable range.
08-18 16:20:02.131956  2372 12142 I CCodecConfig: query failed after returning 29 values (BAD_INDEX)
08-18 16:20:02.149744  2372 12142 W Codec2Client: query -- param skipped: index = 1342179345.
08-18 16:20:02.149834  2372 12142 W Codec2Client: query -- param skipped: index = 2415921170.
08-18 16:20:02.149862  2372 12142 W Codec2Client: query -- param skipped: index = 1610614798.
08-18 16:20:02.152187  2372 12142 I CCodecBufferChannel: [c2.mtk.avc.decoder#390] Created output block pool with allocatorID 18 => poolID 31 - OK
08-18 16:20:02.163458  1484  1554 I VPUD    : codec id match! VDEC_H264 codec fmt (9)
08-18 16:20:02.174027  1484  1554 I VCodecDrv: DrvEnablePerfService perfLockAcq hdl:2311
08-18 16:20:02.326570  3614  3631 I Kolun_AI.AIM_AppRecService: -----random Recommend:com.transsion.soundrecorder
08-18 16:20:02.516707 12160 12160 W libc    : Access denied finding property "ro.odm.tr_audio_hifi.feature.support"
08-18 16:20:04.275569  1027  8061 I AudioFlinger: setParameters: filtered keyvalue screen_state=on
08-18 16:20:04.275701  1027  8061 I AudioFlinger: +mAudioHwDevs(primary)->setParameters(): screen_state=on
08-18 16:20:04.276232  1027  8061 I AudioFlinger: -mAudioHwDevs(primary)->setParameters(): screen_state=on
08-18 16:20:04.276306  1027  8061 I AudioFlinger: +mAudioHwDevs(bluetooth)->setParameters(): screen_state=on
08-18 16:20:04.277456  1027  8061 I AudioFlinger: -mAudioHwDevs(bluetooth)->setParameters(): screen_state=on
08-18 16:20:04.277535  1027  8061 I AudioFlinger: +mAudioHwDevs(usb)->setParameters(): screen_state=on
08-18 16:20:04.279210  1027  8061 I AudioFlinger: -mAudioHwDevs(usb)->setParameters(): screen_state=on
08-18 16:20:04.279310  1027  8061 I AudioFlinger: +mAudioHwDevs(r_submix)->setParameters(): screen_state=on
08-18 16:20:04.280131  1027  8061 I AudioFlinger: -mAudioHwDevs(r_submix)->setParameters(): screen_state=on
08-18 16:20:04.703918  1545  3884 I AS.AudioService: getMode, get current owner's mode
08-18 16:20:04.704049  1545  3884 I AS.AudioService: getMode, currentModeHandler is null
08-18 16:20:04.721065  1027  8061 I AudioFlinger: setParameters: filtered keyvalue screen_state=off
08-18 16:20:04.721167  1027  8061 I AudioFlinger: +mAudioHwDevs(primary)->setParameters(): screen_state=off
08-18 16:20:04.723514  1027  8061 I AudioFlinger: -mAudioHwDevs(primary)->setParameters(): screen_state=off
08-18 16:20:04.723732  1027  8061 I AudioFlinger: +mAudioHwDevs(bluetooth)->setParameters(): screen_state=off
08-18 16:20:04.724374  1027  8061 I AudioFlinger: -mAudioHwDevs(bluetooth)->setParameters(): screen_state=off
08-18 16:20:04.724438  1027  8061 I AudioFlinger: +mAudioHwDevs(usb)->setParameters(): screen_state=off
08-18 16:20:04.724729  1027  8061 I AudioFlinger: -mAudioHwDevs(usb)->setParameters(): screen_state=off
08-18 16:20:04.724964  1027  8061 I AudioFlinger: +mAudioHwDevs(r_submix)->setParameters(): screen_state=off
08-18 16:20:04.725387  1027  8061 I AudioFlinger: -mAudioHwDevs(r_submix)->setParameters(): screen_state=off
08-18 16:20:04.951355  1545  2768 I AS.AudioService: getMode, get current owner's mode
08-18 16:20:04.951510  1545  2768 I AS.AudioService: getMode, currentModeHandler is null
08-18 16:20:04.968676  1027  8061 I AudioFlinger: setParameters: filtered keyvalue screen_state=off
08-18 16:20:04.968876  1027  8061 I AudioFlinger: +mAudioHwDevs(primary)->setParameters(): screen_state=off
08-18 16:20:04.977884  1027  8061 I AudioFlinger: -mAudioHwDevs(primary)->setParameters(): screen_state=off
08-18 16:20:04.977984  1027  8061 I AudioFlinger: +mAudioHwDevs(bluetooth)->setParameters(): screen_state=off
08-18 16:20:04.980873  1027  8061 I AudioFlinger: -mAudioHwDevs(bluetooth)->setParameters(): screen_state=off
08-18 16:20:04.981034  1027  8061 I AudioFlinger: +mAudioHwDevs(usb)->setParameters(): screen_state=off
08-18 16:20:04.981788  1027  8061 I AudioFlinger: -mAudioHwDevs(usb)->setParameters(): screen_state=off
08-18 16:20:04.981883  1027  8061 I AudioFlinger: +mAudioHwDevs(r_submix)->setParameters(): screen_state=off
08-18 16:20:04.982488  1027  8061 I AudioFlinger: -mAudioHwDevs(r_submix)->setParameters(): screen_state=off
08-18 16:20:05.036223  3974  4820 I THubApi : isTheMainScreen classname: com.android.settings.Settings$SoundSettingsActivity  pkg:com.android.settings
08-18 16:20:05.044607  3974  4651 I ScenesManager: ScenesInfo(isInSplitScreenMode=false, screenMode=1, oldTopPackage=, oldTopClass=, oldRelPackage=, oldRelClass=, topPackage=com.android.settings, topClass=com.android.settings.Settings$SoundSettingsActivity, relPackage=com.android.settings, relClass=com.transsion.settings.homepage.SettingsHomeActivity, taskId=18, userId=0, isTwinApp=false, isActivityChange=false, isResume=true, killPackages=[], isPersonalizedFlipScreen=false, timeStamp=1755505205044)
08-18 16:20:05.049937  6673  6673 W BindAudioSmartConnectUseCase: ACTION_SCREEN_OFF
08-18 16:20:05.050076  6673  6673 W BindAudioSmartConnectUseCase: stopBinder
08-18 16:20:05.280497  5073  5286 I AudioManager: getCommunicationDevice
08-18 16:20:05.280942  1545  3807 I AS.AudioDeviceBroker: topCommunicationRouteClient: process no permission or mCommunicationRouteClients is empty
08-18 16:20:05.281078  1545  3807 I AS.AudioDeviceBroker: requestedCommunicationDevice: null mAudioModeOwner: AudioModeInfo: mMode=MODE_NORMAL, mPid=0, mUid=0
08-18 16:20:07.053739  1484  1554 I VCodecDrv: set display thredhold to 100ms is finished
08-18 16:20:18.573687  1545  2096 I TranSecureCamExt: handleVolumeKey
08-18 16:20:18.574067  1545  2096 I TranSecureCamExt: interceptVolumeKey: 0
08-18 16:20:18.578274  1545  2096 I AS.AudioService: getMode, get current owner's mode
08-18 16:20:18.578556  1545  2096 I AS.AudioService: getMode, currentModeHandler is null
08-18 16:20:18.714956  1545  2096 I TranSecureCamExt: handleVolumeKey
08-18 16:20:18.715327  1545  2096 I TranSecureCamExt: interceptVolumeKey: 1
08-18 16:20:18.918675  1545  2096 I TranSecureCamExt: handleVolumeKey
08-18 16:20:18.919063  1545  2096 I TranSecureCamExt: interceptVolumeKey: 0
08-18 16:20:18.922471  1545  2096 I AS.AudioService: getMode, get current owner's mode
08-18 16:20:18.922711  1545  2096 I AS.AudioService: getMode, currentModeHandler is null
08-18 16:20:19.041937  1545  2096 I TranSecureCamExt: handleVolumeKey
08-18 16:20:19.042532  1545  2096 I TranSecureCamExt: interceptVolumeKey: 1
08-18 16:20:20.074102  1545  2096 I TranSecureCamExt: handleVolumeKey
08-18 16:20:20.074630  1545  2096 I TranSecureCamExt: interceptVolumeKey: 0
08-18 16:20:20.077767  1545  2096 I AS.AudioService: getMode, get current owner's mode
08-18 16:20:20.078001  1545  2096 I AS.AudioService: getMode, currentModeHandler is null
08-18 16:20:20.244428  1545  2096 I TranSecureCamExt: handleVolumeKey
08-18 16:20:20.244828  1545  2096 I TranSecureCamExt: interceptVolumeKey: 1
08-18 16:20:21.136027  1545  2096 I TranSecureCamExt: handleVolumeKey
08-18 16:20:21.136503  1545  2096 I TranSecureCamExt: interceptVolumeKey: 0
08-18 16:20:21.139982  1545  2096 I AS.AudioService: getMode, get current owner's mode
08-18 16:20:21.140217  1545  2096 I AS.AudioService: getMode, currentModeHandler is null
08-18 16:20:21.293467  1545  2096 I TranSecureCamExt: handleVolumeKey
08-18 16:20:21.293868  1545  2096 I TranSecureCamExt: interceptVolumeKey: 1
08-18 16:20:32.502672  1545  2096 D os.KeyguardGestureLiceFactory: volumedown down
08-18 16:20:32.504561  1545  2096 I TranSecureCamExt: handleVolumeKey
08-18 16:20:32.504786  1545  2096 I TranSecureCamExt: interceptVolumeKey: 0
08-18 16:20:32.508163  1545  2096 I AS.AudioService: getMode, get current owner's mode
08-18 16:20:32.508409  1545  2096 I AS.AudioService: getMode, currentModeHandler is null
08-18 16:20:32.509784  1545  2096 D WindowManager:  sendVolumeKeyEvent event = KeyEvent { action=ACTION_DOWN, keyCode=KEYCODE_VOLUME_DOWN, scanCode=114, metaState=0, flags=0x8, repeatCount=0, eventTime=3240974498000, downTime=3240974498000, deviceId=2, source=0x101, displayId=-1 }
