08-18 16:03:44.689619   902  7008 I AudioALSAPlaybackHandlerBase: Ge -getHardwareBufferInfo, frameInfo_get = 78, mStreamAttributeTarget.buffer_size = 16384, buffer_per_time = 2048, halQueuedFrame = 0
08-18 16:03:44.701671   902  7008 I AudioALSAStreamOut: Ge write(), buffer = 0xb4000072e0473430, bytes = 8192, flags 2
08-18 16:03:44.702067   902  7008 I AudioALSAPlaybackHandlerBase: Ge preWriteOperation(), buffer 0xb4000072e0473430, bytes 8192, mIsNeedUpdateLib 0
08-18 16:03:44.702319   902  7008 I AudioALSAPlaybackHandlerBase: Ge doDcRemoval(), inBytes: 8192, pOutBytes: 8192 ppOutBuffer = 0xb40000739c7b1000
08-18 16:03:44.710973   902  7008 I AudioALSAPlaybackHandlerBase: Ge -getHardwareBufferInfo, frameInfo_get = 80, mStreamAttributeTarget.buffer_size = 16384, buffer_per_time = 2048, halQueuedFrame = 0
08-18 16:03:44.717222   902  7008 I AudioALSAStreamOut: Ge write(), buffer = 0xb4000072e0473430, bytes = 8192, flags 2
08-18 16:03:44.717576   902  7008 I AudioALSAPlaybackHandlerBase: Ge preWriteOperation(), buffer 0xb4000072e0473430, bytes 8192, mIsNeedUpdateLib 0
08-18 16:03:44.717721   902  7008 I AudioALSAPlaybackHandlerBase: Ge doDcRemoval(), inBytes: 8192, pOutBytes: 8192 ppOutBuffer = 0xb40000739c7b1000
08-18 16:03:44.731989   902  7008 I AudioALSAPlaybackHandlerBase: Ge -getHardwareBufferInfo, frameInfo_get = 64, mStreamAttributeTarget.buffer_size = 16384, buffer_per_time = 2048, halQueuedFrame = 0
08-18 16:03:44.743913   902  7008 I AudioALSAStreamOut: Ge write(), buffer = 0xb4000072e0473430, bytes = 8192, flags 2
08-18 16:03:44.744294   902  7008 I AudioALSAPlaybackHandlerBase: Ge preWriteOperation(), buffer 0xb4000072e0473430, bytes 8192, mIsNeedUpdateLib 0
08-18 16:03:44.744434   902  7008 I AudioALSAPlaybackHandlerBase: Ge doDcRemoval(), inBytes: 8192, pOutBytes: 8192 ppOutBuffer = 0xb40000739c7b1000
08-18 16:03:44.753208   902  7008 I AudioALSAPlaybackHandlerBase: Ge -getHardwareBufferInfo, frameInfo_get = 58, mStreamAttributeTarget.buffer_size = 16384, buffer_per_time = 2048, halQueuedFrame = 0
08-18 16:03:44.764319   902  7008 I AudioALSAStreamOut: Ge write(), buffer = 0xb4000072e0473430, bytes = 8192, flags 2
08-18 16:03:44.764741   902  7008 I AudioALSAPlaybackHandlerBase: Ge preWriteOperation(), buffer 0xb4000072e0473430, bytes 8192, mIsNeedUpdateLib 0
08-18 16:03:44.764925   902  7008 I AudioALSAPlaybackHandlerBase: Ge doDcRemoval(), inBytes: 8192, pOutBytes: 8192 ppOutBuffer = 0xb40000739c7b1000
08-18 16:03:44.774860   902  7008 I AudioALSAPlaybackHandlerBase: Ge -getHardwareBufferInfo, frameInfo_get = 74, mStreamAttributeTarget.buffer_size = 16384, buffer_per_time = 2048, halQueuedFrame = 0
08-18 16:03:44.775112   963  1015 I libPowerHal: [perfNotifyAppState] pack:com.android.settings, act:com.android.settings.Settings$SoundSettingsActivity, state:5, pid:6803, uid:1000, fps:90
08-18 16:03:44.785289   902  7008 I AudioALSAStreamOut: Ge write(), buffer = 0xb4000072e0473430, bytes = 8192, flags 2
08-18 16:03:44.785714   902  7008 I AudioALSAPlaybackHandlerBase: Ge preWriteOperation(), buffer 0xb4000072e0473430, bytes 8192, mIsNeedUpdateLib 0
08-18 16:03:44.785888   902  7008 I AudioALSAPlaybackHandlerBase: Ge doDcRemoval(), inBytes: 8192, pOutBytes: 8192 ppOutBuffer = 0xb40000739c7b1000
08-18 16:03:44.796571   902  7008 I AudioALSAPlaybackHandlerBase: Ge -getHardwareBufferInfo, frameInfo_get = 92, mStreamAttributeTarget.buffer_size = 16384, buffer_per_time = 2048, halQueuedFrame = 0
08-18 16:03:44.807866   902  7008 I AudioALSAStreamOut: Ge write(), buffer = 0xb4000072e0473430, bytes = 8192, flags 2
08-18 16:03:44.808277   902  7008 I AudioALSAPlaybackHandlerBase: Ge preWriteOperation(), buffer 0xb4000072e0473430, bytes 8192, mIsNeedUpdateLib 0
08-18 16:03:44.808454   902  7008 I AudioALSAPlaybackHandlerBase: Ge doDcRemoval(), inBytes: 8192, pOutBytes: 8192 ppOutBuffer = 0xb40000739c7b1000
08-18 16:03:44.817200   902  7008 I AudioALSAPlaybackHandlerBase: Ge -getHardwareBufferInfo, frameInfo_get = 58, mStreamAttributeTarget.buffer_size = 16384, buffer_per_time = 2048, halQueuedFrame = 0
08-18 16:03:44.828983   902  7008 I AudioALSAStreamOut: Ge write(), buffer = 0xb4000072e0473430, bytes = 8192, flags 2
08-18 16:03:44.829400   902  7008 I AudioALSAPlaybackHandlerBase: Ge preWriteOperation(), buffer 0xb4000072e0473430, bytes 8192, mIsNeedUpdateLib 0
08-18 16:03:44.829582   902  7008 I AudioALSAPlaybackHandlerBase: Ge doDcRemoval(), inBytes: 8192, pOutBytes: 8192 ppOutBuffer = 0xb40000739c7b1000
08-18 16:03:44.842239   902  7008 I AudioALSAPlaybackHandlerBase: Ge -getHardwareBufferInfo, frameInfo_get = 232, mStreamAttributeTarget.buffer_size = 16384, buffer_per_time = 2048, halQueuedFrame = 0
08-18 16:03:44.853604   902  7008 I AudioALSAStreamOut: Ge write(), buffer = 0xb4000072e0473430, bytes = 8192, flags 2
08-18 16:03:44.854048   902  7008 I AudioALSAPlaybackHandlerBase: Ge preWriteOperation(), buffer 0xb4000072e0473430, bytes 8192, mIsNeedUpdateLib 0
08-18 16:03:44.854323   902  7008 I AudioALSAPlaybackHandlerBase: Ge doDcRemoval(), inBytes: 8192, pOutBytes: 8192 ppOutBuffer = 0xb40000739c7b1000
08-18 16:03:44.859954   902  7008 I AudioALSAPlaybackHandlerBase: Ge -getHardwareBufferInfo, frameInfo_get = 62, mStreamAttributeTarget.buffer_size = 16384, buffer_per_time = 2048, halQueuedFrame = 0
08-18 16:03:44.869953   902  7008 I AudioALSAStreamOut: Ge write(), buffer = 0xb4000072e0473430, bytes = 8192, flags 2
08-18 16:03:44.870436   902  7008 I AudioALSAPlaybackHandlerBase: Ge preWriteOperation(), buffer 0xb4000072e0473430, bytes 8192, mIsNeedUpdateLib 0
08-18 16:03:44.870620   902  7008 I AudioALSAPlaybackHandlerBase: Ge doDcRemoval(), inBytes: 8192, pOutBytes: 8192 ppOutBuffer = 0xb40000739c7b1000
08-18 16:03:44.881378   902  7008 I AudioALSAPlaybackHandlerBase: Ge -getHardwareBufferInfo, frameInfo_get = 66, mStreamAttributeTarget.buffer_size = 16384, buffer_per_time = 2048, halQueuedFrame = 0
08-18 16:03:44.891491   902  7008 I AudioALSAStreamOut: Ge write(), buffer = 0xb4000072e0473430, bytes = 8192, flags 2
08-18 16:03:44.891868   902  7008 I AudioALSAPlaybackHandlerBase: Ge preWriteOperation(), buffer 0xb4000072e0473430, bytes 8192, mIsNeedUpdateLib 0
08-18 16:03:44.892011   902  7008 I AudioALSAPlaybackHandlerBase: Ge doDcRemoval(), inBytes: 8192, pOutBytes: 8192 ppOutBuffer = 0xb40000739c7b1000
08-18 16:03:44.902865   902  7008 I AudioALSAPlaybackHandlerBase: Ge -getHardwareBufferInfo, frameInfo_get = 74, mStreamAttributeTarget.buffer_size = 16384, buffer_per_time = 2048, halQueuedFrame = 0
08-18 16:03:44.911990   902  7008 I AudioALSAStreamOut: Ge write(), buffer = 0xb4000072e0473430, bytes = 8192, flags 2
08-18 16:03:44.912374   902  7008 I AudioALSAPlaybackHandlerBase: Ge preWriteOperation(), buffer 0xb4000072e0473430, bytes 8192, mIsNeedUpdateLib 0
08-18 16:03:44.912547   902  7008 I AudioALSAPlaybackHandlerBase: Ge doDcRemoval(), inBytes: 8192, pOutBytes: 8192 ppOutBuffer = 0xb40000739c7b1000
08-18 16:03:44.924046   902  7008 I AudioALSAPlaybackHandlerBase: Ge -getHardwareBufferInfo, frameInfo_get = 66, mStreamAttributeTarget.buffer_size = 16384, buffer_per_time = 2048, halQueuedFrame = 0
08-18 16:03:44.935130   902  7008 I AudioALSAStreamOut: Ge write(), buffer = 0xb4000072e0473430, bytes = 8192, flags 2
08-18 16:03:44.935544   902  7008 I AudioALSAPlaybackHandlerBase: Ge preWriteOperation(), buffer 0xb4000072e0473430, bytes 8192, mIsNeedUpdateLib 0
08-18 16:03:44.935719   902  7008 I AudioALSAPlaybackHandlerBase: Ge doDcRemoval(), inBytes: 8192, pOutBytes: 8192 ppOutBuffer = 0xb40000739c7b1000
08-18 16:03:44.945648   902  7008 I AudioALSAPlaybackHandlerBase: Ge -getHardwareBufferInfo, frameInfo_get = 80, mStreamAttributeTarget.buffer_size = 16384, buffer_per_time = 2048, halQueuedFrame = 0
08-18 16:03:44.957280   902  7008 I AudioALSAStreamOut: Ge write(), buffer = 0xb4000072e0473430, bytes = 8192, flags 2
08-18 16:03:44.957712   902  7008 I AudioALSAPlaybackHandlerBase: Ge preWriteOperation(), buffer 0xb4000072e0473430, bytes 8192, mIsNeedUpdateLib 0
08-18 16:03:44.957886   902  7008 I AudioALSAPlaybackHandlerBase: Ge doDcRemoval(), inBytes: 8192, pOutBytes: 8192 ppOutBuffer = 0xb40000739c7b1000
08-18 16:03:44.966849   902  7008 I AudioALSAPlaybackHandlerBase: Ge -getHardwareBufferInfo, frameInfo_get = 72, mStreamAttributeTarget.buffer_size = 16384, buffer_per_time = 2048, halQueuedFrame = 0
08-18 16:03:44.977746   902  7008 I AudioALSAStreamOut: Ge write(), buffer = 0xb4000072e0473430, bytes = 8192, flags 2
08-18 16:03:44.978234   902  7008 I AudioALSAPlaybackHandlerBase: Ge preWriteOperation(), buffer 0xb4000072e0473430, bytes 8192, mIsNeedUpdateLib 0
08-18 16:03:44.978418   902  7008 I AudioALSAPlaybackHandlerBase: Ge doDcRemoval(), inBytes: 8192, pOutBytes: 8192 ppOutBuffer = 0xb40000739c7b1000
08-18 16:03:44.988422   902  7008 I AudioALSAPlaybackHandlerBase: Ge -getHardwareBufferInfo, frameInfo_get = 84, mStreamAttributeTarget.buffer_size = 16384, buffer_per_time = 2048, halQueuedFrame = 0
08-18 16:03:45.000602   902  7008 I AudioALSAStreamOut: Ge write(), buffer = 0xb4000072e0473430, bytes = 8192, flags 2
08-18 16:03:45.001150   902  7008 I AudioALSAPlaybackHandlerBase: Ge preWriteOperation(), buffer 0xb4000072e0473430, bytes 8192, mIsNeedUpdateLib 0
08-18 16:03:45.001326   902  7008 I AudioALSAPlaybackHandlerBase: Ge doDcRemoval(), inBytes: 8192, pOutBytes: 8192 ppOutBuffer = 0xb40000739c7b1000
08-18 16:03:45.009629   902  7008 I AudioALSAPlaybackHandlerBase: Ge -getHardwareBufferInfo, frameInfo_get = 78, mStreamAttributeTarget.buffer_size = 16384, buffer_per_time = 2048, halQueuedFrame = 0
08-18 16:03:45.020686   902  7008 I AudioALSAStreamOut: Ge write(), buffer = 0xb4000072e0473430, bytes = 8192, flags 2
08-18 16:03:45.021092   902  7008 I AudioALSAPlaybackHandlerBase: Ge preWriteOperation(), buffer 0xb4000072e0473430, bytes 8192, mIsNeedUpdateLib 0
08-18 16:03:45.021266   902  7008 I AudioALSAPlaybackHandlerBase: Ge doDcRemoval(), inBytes: 8192, pOutBytes: 8192 ppOutBuffer = 0xb40000739c7b1000
08-18 16:03:45.031089   902  7008 I AudioALSAPlaybackHandlerBase: Ge -getHardwareBufferInfo, frameInfo_get = 84, mStreamAttributeTarget.buffer_size = 16384, buffer_per_time = 2048, halQueuedFrame = 0
08-18 16:03:45.042861   902  7008 I AudioALSAStreamOut: Ge write(), buffer = 0xb4000072e0473430, bytes = 8192, flags 2
08-18 16:03:45.043277   902  7008 I AudioALSAPlaybackHandlerBase: Ge preWriteOperation(), buffer 0xb4000072e0473430, bytes 8192, mIsNeedUpdateLib 0
08-18 16:03:45.043452   902  7008 I AudioALSAPlaybackHandlerBase: Ge doDcRemoval(), inBytes: 8192, pOutBytes: 8192 ppOutBuffer = 0xb40000739c7b1000
08-18 16:03:45.054021   902  7008 I AudioALSAPlaybackHandlerBase: Ge -getHardwareBufferInfo, frameInfo_get = 160, mStreamAttributeTarget.buffer_size = 16384, buffer_per_time = 2048, halQueuedFrame = 0
08-18 16:03:45.064953   902  7008 I AudioALSAStreamOut: Ge write(), buffer = 0xb4000072e0473430, bytes = 8192, flags 2
08-18 16:03:45.065371   902  7008 I AudioALSAPlaybackHandlerBase: Ge preWriteOperation(), buffer 0xb4000072e0473430, bytes 8192, mIsNeedUpdateLib 0
08-18 16:03:45.065545   902  7008 I AudioALSAPlaybackHandlerBase: Ge doDcRemoval(), inBytes: 8192, pOutBytes: 8192 ppOutBuffer = 0xb40000739c7b1000
08-18 16:03:45.074611   902  7008 I AudioALSAPlaybackHandlerBase: Ge -getHardwareBufferInfo, frameInfo_get = 126, mStreamAttributeTarget.buffer_size = 16384, buffer_per_time = 2048, halQueuedFrame = 0
08-18 16:03:45.086764   902  7008 I AudioALSAStreamOut: Ge write(), buffer = 0xb4000072e0473430, bytes = 8192, flags 2
08-18 16:03:45.087174   902  7008 I AudioALSAPlaybackHandlerBase: Ge preWriteOperation(), buffer 0xb4000072e0473430, bytes 8192, mIsNeedUpdateLib 0
08-18 16:03:45.087352   902  7008 I AudioALSAPlaybackHandlerBase: Ge doDcRemoval(), inBytes: 8192, pOutBytes: 8192 ppOutBuffer = 0xb40000739c7b1000
08-18 16:03:45.095202   902  7008 I AudioALSAPlaybackHandlerBase: Ge -getHardwareBufferInfo, frameInfo_get = 90, mStreamAttributeTarget.buffer_size = 16384, buffer_per_time = 2048, halQueuedFrame = 0
08-18 16:03:45.106750   902  7008 I AudioALSAStreamOut: Ge write(), buffer = 0xb4000072e0473430, bytes = 8192, flags 2
08-18 16:03:45.107149   902  7008 I AudioALSAPlaybackHandlerBase: Ge preWriteOperation(), buffer 0xb4000072e0473430, bytes 8192, mIsNeedUpdateLib 0
08-18 16:03:45.107324   902  7008 I AudioALSAPlaybackHandlerBase: Ge doDcRemoval(), inBytes: 8192, pOutBytes: 8192 ppOutBuffer = 0xb40000739c7b1000
08-18 16:03:45.116375   902  7008 I AudioALSAPlaybackHandlerBase: Ge -getHardwareBufferInfo, frameInfo_get = 82, mStreamAttributeTarget.buffer_size = 16384, buffer_per_time = 2048, halQueuedFrame = 0
08-18 16:03:45.128335   902  7008 I AudioALSAStreamOut: Ge write(), buffer = 0xb4000072e0473430, bytes = 8192, flags 2
08-18 16:03:45.128873   902  7008 I AudioALSAPlaybackHandlerBase: Ge preWriteOperation(), buffer 0xb4000072e0473430, bytes 8192, mIsNeedUpdateLib 0
08-18 16:03:45.129055   902  7008 I AudioALSAPlaybackHandlerBase: Ge doDcRemoval(), inBytes: 8192, pOutBytes: 8192 ppOutBuffer = 0xb40000739c7b1000
08-18 16:03:45.137976   902  7008 I AudioALSAPlaybackHandlerBase: Ge -getHardwareBufferInfo, frameInfo_get = 94, mStreamAttributeTarget.buffer_size = 16384, buffer_per_time = 2048, halQueuedFrame = 0
08-18 16:03:45.149262   902  7008 I AudioALSAStreamOut: Ge write(), buffer = 0xb4000072e0473430, bytes = 8192, flags 2
08-18 16:03:45.149666   902  7008 I AudioALSAPlaybackHandlerBase: Ge preWriteOperation(), buffer 0xb4000072e0473430, bytes 8192, mIsNeedUpdateLib 0
08-18 16:03:45.149840   902  7008 I AudioALSAPlaybackHandlerBase: Ge doDcRemoval(), inBytes: 8192, pOutBytes: 8192 ppOutBuffer = 0xb40000739c7b1000
08-18 16:03:45.158954   902  7008 I AudioALSAPlaybackHandlerBase: Ge -getHardwareBufferInfo, frameInfo_get = 78, mStreamAttributeTarget.buffer_size = 16384, buffer_per_time = 2048, halQueuedFrame = 0
08-18 16:03:45.169431   902  7008 I AudioALSAStreamOut: Ge write(), buffer = 0xb4000072e0473430, bytes = 8192, flags 2
08-18 16:03:45.169807   902  7008 I AudioALSAPlaybackHandlerBase: Ge preWriteOperation(), buffer 0xb4000072e0473430, bytes 8192, mIsNeedUpdateLib 0
08-18 16:03:45.169962   902  7008 I AudioALSAPlaybackHandlerBase: Ge doDcRemoval(), inBytes: 8192, pOutBytes: 8192 ppOutBuffer = 0xb40000739c7b1000
08-18 16:03:45.180359   902  7008 I AudioALSAPlaybackHandlerBase: Ge -getHardwareBufferInfo, frameInfo_get = 82, mStreamAttributeTarget.buffer_size = 16384, buffer_per_time = 2048, halQueuedFrame = 0
08-18 16:03:45.189148   902  7008 I AudioALSAStreamOut: Ge write(), buffer = 0xb4000072e0473430, bytes = 8192, flags 2
08-18 16:03:45.189516   902  7008 I AudioALSAPlaybackHandlerBase: Ge preWriteOperation(), buffer 0xb4000072e0473430, bytes 8192, mIsNeedUpdateLib 0
08-18 16:03:45.189669   902  7008 I AudioALSAPlaybackHandlerBase: Ge doDcRemoval(), inBytes: 8192, pOutBytes: 8192 ppOutBuffer = 0xb40000739c7b1000
08-18 16:03:45.203230   902  7008 I AudioALSAPlaybackHandlerBase: Ge -getHardwareBufferInfo, frameInfo_get = 154, mStreamAttributeTarget.buffer_size = 16384, buffer_per_time = 2048, halQueuedFrame = 0
08-18 16:03:45.215323   902  7008 I AudioALSAStreamOut: Ge write(), buffer = 0xb4000072e0473430, bytes = 8192, flags 2
08-18 16:03:45.215674   902  7008 I AudioALSAPlaybackHandlerBase: Ge preWriteOperation(), buffer 0xb4000072e0473430, bytes 8192, mIsNeedUpdateLib 0
08-18 16:03:45.215815   902  7008 I AudioALSAPlaybackHandlerBase: Ge doDcRemoval(), inBytes: 8192, pOutBytes: 8192 ppOutBuffer = 0xb40000739c7b1000
08-18 16:03:45.222677   902  7008 I AudioALSAPlaybackHandlerBase: Ge -getHardwareBufferInfo, frameInfo_get = 64, mStreamAttributeTarget.buffer_size = 16384, buffer_per_time = 2048, halQueuedFrame = 0
08-18 16:03:45.233794   902  7008 I AudioALSAStreamOut: Ge write(), buffer = 0xb4000072e0473430, bytes = 8192, flags 2
08-18 16:03:45.234292   902  7008 I AudioALSAPlaybackHandlerBase: Ge preWriteOperation(), buffer 0xb4000072e0473430, bytes 8192, mIsNeedUpdateLib 0
08-18 16:03:45.234474   902  7008 I AudioALSAPlaybackHandlerBase: Ge doDcRemoval(), inBytes: 8192, pOutBytes: 8192 ppOutBuffer = 0xb40000739c7b1000
08-18 16:03:45.246443   902  7008 I AudioALSAPlaybackHandlerBase: Ge -getHardwareBufferInfo, frameInfo_get = 182, mStreamAttributeTarget.buffer_size = 16384, buffer_per_time = 2048, halQueuedFrame = 0
08-18 16:03:45.258330   902  7008 I AudioALSAStreamOut: Ge write(), buffer = 0xb4000072e0473430, bytes = 8192, flags 2
08-18 16:03:45.258749   902  7008 I AudioALSAPlaybackHandlerBase: Ge preWriteOperation(), buffer 0xb4000072e0473430, bytes 8192, mIsNeedUpdateLib 0
08-18 16:03:45.258923   902  7008 I AudioALSAPlaybackHandlerBase: Ge doDcRemoval(), inBytes: 8192, pOutBytes: 8192 ppOutBuffer = 0xb40000739c7b1000
08-18 16:03:45.265697   902  7008 I AudioALSAPlaybackHandlerBase: Ge -getHardwareBufferInfo, frameInfo_get = 82, mStreamAttributeTarget.buffer_size = 16384, buffer_per_time = 2048, halQueuedFrame = 0
08-18 16:03:45.276493   902  7008 I AudioALSAStreamOut: Ge write(), buffer = 0xb4000072e0473430, bytes = 8192, flags 2
08-18 16:03:45.276900   902  7008 I AudioALSAPlaybackHandlerBase: Ge preWriteOperation(), buffer 0xb4000072e0473430, bytes 8192, mIsNeedUpdateLib 0
08-18 16:03:45.277072   902  7008 I AudioALSAPlaybackHandlerBase: Ge doDcRemoval(), inBytes: 8192, pOutBytes: 8192 ppOutBuffer = 0xb40000739c7b1000
08-18 16:03:45.287027   902  7008 I AudioALSAPlaybackHandlerBase: Ge -getHardwareBufferInfo, frameInfo_get = 82, mStreamAttributeTarget.buffer_size = 16384, buffer_per_time = 2048, halQueuedFrame = 0
08-18 16:03:45.299254   902  7008 I AudioALSAStreamOut: Ge write(), buffer = 0xb4000072e0473430, bytes = 8192, flags 2
08-18 16:03:45.299672   902  7008 I AudioALSAPlaybackHandlerBase: Ge preWriteOperation(), buffer 0xb4000072e0473430, bytes 8192, mIsNeedUpdateLib 0
08-18 16:03:45.299845   902  7008 I AudioALSAPlaybackHandlerBase: Ge doDcRemoval(), inBytes: 8192, pOutBytes: 8192 ppOutBuffer = 0xb40000739c7b1000
08-18 16:03:45.308905   902  7008 I AudioALSAPlaybackHandlerBase: Ge -getHardwareBufferInfo, frameInfo_get = 108, mStreamAttributeTarget.buffer_size = 16384, buffer_per_time = 2048, halQueuedFrame = 0
08-18 16:03:45.320345   902  7008 I AudioALSAStreamOut: Ge write(), buffer = 0xb4000072e0473430, bytes = 8192, flags 2
08-18 16:03:45.320744   902  7008 I AudioALSAPlaybackHandlerBase: Ge preWriteOperation(), buffer 0xb4000072e0473430, bytes 8192, mIsNeedUpdateLib 0
08-18 16:03:45.320922   902  7008 I AudioALSAPlaybackHandlerBase: Ge doDcRemoval(), inBytes: 8192, pOutBytes: 8192 ppOutBuffer = 0xb40000739c7b1000
08-18 16:03:45.329820   902  7008 I AudioALSAPlaybackHandlerBase: Ge -getHardwareBufferInfo, frameInfo_get = 88, mStreamAttributeTarget.buffer_size = 16384, buffer_per_time = 2048, halQueuedFrame = 0
08-18 16:03:45.341544   902  7008 I AudioALSAStreamOut: Ge write(), buffer = 0xb4000072e0473430, bytes = 8192, flags 2
08-18 16:03:45.341946   902  7008 I AudioALSAPlaybackHandlerBase: Ge preWriteOperation(), buffer 0xb4000072e0473430, bytes 8192, mIsNeedUpdateLib 0
08-18 16:03:45.342119   902  7008 I AudioALSAPlaybackHandlerBase: Ge doDcRemoval(), inBytes: 8192, pOutBytes: 8192 ppOutBuffer = 0xb40000739c7b1000
08-18 16:03:45.351091   902  7008 I AudioALSAPlaybackHandlerBase: Ge -getHardwareBufferInfo, frameInfo_get = 84, mStreamAttributeTarget.buffer_size = 16384, buffer_per_time = 2048, halQueuedFrame = 0
08-18 16:03:45.362149   902  7008 I AudioALSAStreamOut: Ge write(), buffer = 0xb4000072e0473430, bytes = 8192, flags 2
08-18 16:03:45.362651   902  7008 I AudioALSAPlaybackHandlerBase: Ge preWriteOperation(), buffer 0xb4000072e0473430, bytes 8192, mIsNeedUpdateLib 0
08-18 16:03:45.362824   902  7008 I AudioALSAPlaybackHandlerBase: Ge doDcRemoval(), inBytes: 8192, pOutBytes: 8192 ppOutBuffer = 0xb40000739c7b1000
08-18 16:03:45.372682   902  7008 I AudioALSAPlaybackHandlerBase: Ge -getHardwareBufferInfo, frameInfo_get = 96, mStreamAttributeTarget.buffer_size = 16384, buffer_per_time = 2048, halQueuedFrame = 0
08-18 16:03:45.384680   902  7008 I AudioALSAStreamOut: Ge write(), buffer = 0xb4000072e0473430, bytes = 8192, flags 2
08-18 16:03:45.385093   902  7008 I AudioALSAPlaybackHandlerBase: Ge preWriteOperation(), buffer 0xb4000072e0473430, bytes 8192, mIsNeedUpdateLib 0
08-18 16:03:45.385267   902  7008 I AudioALSAPlaybackHandlerBase: Ge doDcRemoval(), inBytes: 8192, pOutBytes: 8192 ppOutBuffer = 0xb40000739c7b1000
08-18 16:03:45.393931   902  7008 I AudioALSAPlaybackHandlerBase: Ge -getHardwareBufferInfo, frameInfo_get = 92, mStreamAttributeTarget.buffer_size = 16384, buffer_per_time = 2048, halQueuedFrame = 0
08-18 16:03:45.404973   902  7008 I AudioALSAStreamOut: Ge write(), buffer = 0xb4000072e0473430, bytes = 8192, flags 2
08-18 16:03:45.405386   902  7008 I AudioALSAPlaybackHandlerBase: Ge preWriteOperation(), buffer 0xb4000072e0473430, bytes 8192, mIsNeedUpdateLib 0
08-18 16:03:45.405558   902  7008 I AudioALSAPlaybackHandlerBase: Ge doDcRemoval(), inBytes: 8192, pOutBytes: 8192 ppOutBuffer = 0xb40000739c7b1000
08-18 16:03:45.414852   902  7008 I AudioALSAPlaybackHandlerBase: Ge -getHardwareBufferInfo, frameInfo_get = 74, mStreamAttributeTarget.buffer_size = 16384, buffer_per_time = 2048, halQueuedFrame = 0
08-18 16:03:45.426842   902  7008 I AudioALSAStreamOut: Ge write(), buffer = 0xb4000072e0473430, bytes = 8192, flags 2
08-18 16:03:45.427268   902  7008 I AudioALSAPlaybackHandlerBase: Ge preWriteOperation(), buffer 0xb4000072e0473430, bytes 8192, mIsNeedUpdateLib 0
08-18 16:03:45.427441   902  7008 I AudioALSAPlaybackHandlerBase: Ge doDcRemoval(), inBytes: 8192, pOutBytes: 8192 ppOutBuffer = 0xb40000739c7b1000
08-18 16:03:45.436480   902  7008 I AudioALSAPlaybackHandlerBase: Ge -getHardwareBufferInfo, frameInfo_get = 86, mStreamAttributeTarget.buffer_size = 16384, buffer_per_time = 2048, halQueuedFrame = 0
08-18 16:03:45.447999   902  7008 I AudioALSAStreamOut: Ge write(), buffer = 0xb4000072e0473430, bytes = 8192, flags 2
08-18 16:03:45.448405   902  7008 I AudioALSAPlaybackHandlerBase: Ge preWriteOperation(), buffer 0xb4000072e0473430, bytes 8192, mIsNeedUpdateLib 0
08-18 16:03:45.448583   902  7008 I AudioALSAPlaybackHandlerBase: Ge doDcRemoval(), inBytes: 8192, pOutBytes: 8192 ppOutBuffer = 0xb40000739c7b1000
08-18 16:03:45.457625   902  7008 I AudioALSAPlaybackHandlerBase: Ge -getHardwareBufferInfo, frameInfo_get = 78, mStreamAttributeTarget.buffer_size = 16384, buffer_per_time = 2048, halQueuedFrame = 0
08-18 16:03:45.467778   902  7008 I AudioALSAStreamOut: Ge write(), buffer = 0xb4000072e0473430, bytes = 8192, flags 2
08-18 16:03:45.468145   902  7008 I AudioALSAPlaybackHandlerBase: Ge preWriteOperation(), buffer 0xb4000072e0473430, bytes 8192, mIsNeedUpdateLib 0
08-18 16:03:45.468294   902  7008 I AudioALSAPlaybackHandlerBase: Ge doDcRemoval(), inBytes: 8192, pOutBytes: 8192 ppOutBuffer = 0xb40000739c7b1000
08-18 16:03:45.479153   902  7008 I AudioALSAPlaybackHandlerBase: Ge -getHardwareBufferInfo, frameInfo_get = 88, mStreamAttributeTarget.buffer_size = 16384, buffer_per_time = 2048, halQueuedFrame = 0
08-18 16:03:45.487963   902  7008 I AudioALSAStreamOut: Ge write(), buffer = 0xb4000072e0473430, bytes = 8192, flags 2
08-18 16:03:45.488347   902  7008 I AudioALSAPlaybackHandlerBase: Ge preWriteOperation(), buffer 0xb4000072e0473430, bytes 8192, mIsNeedUpdateLib 0
08-18 16:03:45.488487   902  7008 I AudioALSAPlaybackHandlerBase: Ge doDcRemoval(), inBytes: 8192, pOutBytes: 8192 ppOutBuffer = 0xb40000739c7b1000
08-18 16:03:45.501299   902  7008 I AudioALSAPlaybackHandlerBase: Ge -getHardwareBufferInfo, frameInfo_get = 126, mStreamAttributeTarget.buffer_size = 16384, buffer_per_time = 2048, halQueuedFrame = 0
08-18 16:03:45.513339   902  7008 I AudioALSAStreamOut: Ge write(), buffer = 0xb4000072e0473430, bytes = 8192, flags 2
08-18 16:03:45.513864   902  7008 I AudioALSAPlaybackHandlerBase: Ge preWriteOperation(), buffer 0xb4000072e0473430, bytes 8192, mIsNeedUpdateLib 0
08-18 16:03:45.514041   902  7008 I AudioALSAPlaybackHandlerBase: Ge doDcRemoval(), inBytes: 8192, pOutBytes: 8192 ppOutBuffer = 0xb40000739c7b1000
08-18 16:03:45.521568   902  7008 I AudioALSAPlaybackHandlerBase: Ge -getHardwareBufferInfo, frameInfo_get = 76, mStreamAttributeTarget.buffer_size = 16384, buffer_per_time = 2048, halQueuedFrame = 0
08-18 16:03:45.532716   902  7008 I AudioALSAStreamOut: Ge write(), buffer = 0xb4000072e0473430, bytes = 8192, flags 2
08-18 16:03:45.533117   902  7008 I AudioALSAPlaybackHandlerBase: Ge preWriteOperation(), buffer 0xb4000072e0473430, bytes 8192, mIsNeedUpdateLib 0
08-18 16:03:45.533292   902  7008 I AudioALSAPlaybackHandlerBase: Ge doDcRemoval(), inBytes: 8192, pOutBytes: 8192 ppOutBuffer = 0xb40000739c7b1000
08-18 16:03:45.542699   902  7008 I AudioALSAPlaybackHandlerBase: Ge -getHardwareBufferInfo, frameInfo_get = 66, mStreamAttributeTarget.buffer_size = 16384, buffer_per_time = 2048, halQueuedFrame = 0
08-18 16:03:45.554419   902  7008 I AudioALSAStreamOut: Ge write(), buffer = 0xb4000072e0473430, bytes = 8192, flags 2
08-18 16:03:45.554827   902  7008 I AudioALSAPlaybackHandlerBase: Ge preWriteOperation(), buffer 0xb4000072e0473430, bytes 8192, mIsNeedUpdateLib 0
08-18 16:03:45.555003   902  7008 I AudioALSAPlaybackHandlerBase: Ge doDcRemoval(), inBytes: 8192, pOutBytes: 8192 ppOutBuffer = 0xb40000739c7b1000
08-18 16:03:45.564056   902  7008 I AudioALSAPlaybackHandlerBase: Ge -getHardwareBufferInfo, frameInfo_get = 68, mStreamAttributeTarget.buffer_size = 16384, buffer_per_time = 2048, halQueuedFrame = 0
08-18 16:03:45.575290   902  7008 I AudioALSAStreamOut: Ge write(), buffer = 0xb4000072e0473430, bytes = 8192, flags 2
08-18 16:03:45.575707   902  7008 I AudioALSAPlaybackHandlerBase: Ge preWriteOperation(), buffer 0xb4000072e0473430, bytes 8192, mIsNeedUpdateLib 0
08-18 16:03:45.575882   902  7008 I AudioALSAPlaybackHandlerBase: Ge doDcRemoval(), inBytes: 8192, pOutBytes: 8192 ppOutBuffer = 0xb40000739c7b1000
08-18 16:03:45.585684   902  7008 I AudioALSAPlaybackHandlerBase: Ge -getHardwareBufferInfo, frameInfo_get = 82, mStreamAttributeTarget.buffer_size = 16384, buffer_per_time = 2048, halQueuedFrame = 0
08-18 16:03:45.597616   902  7008 I AudioALSAStreamOut: Ge write(), buffer = 0xb4000072e0473430, bytes = 8192, flags 2
08-18 16:03:45.598033   902  7008 I AudioALSAPlaybackHandlerBase: Ge preWriteOperation(), buffer 0xb4000072e0473430, bytes 8192, mIsNeedUpdateLib 0
08-18 16:03:45.598338   902  7008 I AudioALSAPlaybackHandlerBase: Ge doDcRemoval(), inBytes: 8192, pOutBytes: 8192 ppOutBuffer = 0xb40000739c7b1000
08-18 16:03:45.606835   902  7008 I AudioALSAPlaybackHandlerBase: Ge -getHardwareBufferInfo, frameInfo_get = 72, mStreamAttributeTarget.buffer_size = 16384, buffer_per_time = 2048, halQueuedFrame = 0
08-18 16:03:45.617855   902  7008 I AudioALSAStreamOut: Ge write(), buffer = 0xb4000072e0473430, bytes = 8192, flags 2
08-18 16:03:45.618363   902  7008 I AudioALSAPlaybackHandlerBase: Ge preWriteOperation(), buffer 0xb4000072e0473430, bytes 8192, mIsNeedUpdateLib 0
08-18 16:03:45.618544   902  7008 I AudioALSAPlaybackHandlerBase: Ge doDcRemoval(), inBytes: 8192, pOutBytes: 8192 ppOutBuffer = 0xb40000739c7b1000
08-18 16:03:45.628226   902  7008 I AudioALSAPlaybackHandlerBase: Ge -getHardwareBufferInfo, frameInfo_get = 76, mStreamAttributeTarget.buffer_size = 16384, buffer_per_time = 2048, halQueuedFrame = 0
08-18 16:03:45.640653   902  7008 I AudioALSAStreamOut: Ge write(), buffer = 0xb4000072e0473430, bytes = 8192, flags 2
08-18 16:03:45.641074   902  7008 I AudioALSAPlaybackHandlerBase: Ge preWriteOperation(), buffer 0xb4000072e0473430, bytes 8192, mIsNeedUpdateLib 0
08-18 16:03:45.641247   902  7008 I AudioALSAPlaybackHandlerBase: Ge doDcRemoval(), inBytes: 8192, pOutBytes: 8192 ppOutBuffer = 0xb40000739c7b1000
08-18 16:03:45.649806   902  7008 I AudioALSAPlaybackHandlerBase: Ge -getHardwareBufferInfo, frameInfo_get = 86, mStreamAttributeTarget.buffer_size = 16384, buffer_per_time = 2048, halQueuedFrame = 0
08-18 16:03:45.660826   902  7008 I AudioALSAStreamOut: Ge write(), buffer = 0xb4000072e0473430, bytes = 8192, flags 2
08-18 16:03:45.661235   902  7008 I AudioALSAPlaybackHandlerBase: Ge preWriteOperation(), buffer 0xb4000072e0473430, bytes 8192, mIsNeedUpdateLib 0
08-18 16:03:45.661408   902  7008 I AudioALSAPlaybackHandlerBase: Ge doDcRemoval(), inBytes: 8192, pOutBytes: 8192 ppOutBuffer = 0xb40000739c7b1000
08-18 16:03:45.671155   902  7008 I AudioALSAPlaybackHandlerBase: Ge -getHardwareBufferInfo, frameInfo_get = 88, mStreamAttributeTarget.buffer_size = 16384, buffer_per_time = 2048, halQueuedFrame = 0
08-18 16:03:45.683042   902  7008 I AudioALSAStreamOut: Ge write(), buffer = 0xb4000072e0473430, bytes = 8192, flags 2
08-18 16:03:45.683455   902  7008 I AudioALSAPlaybackHandlerBase: Ge preWriteOperation(), buffer 0xb4000072e0473430, bytes 8192, mIsNeedUpdateLib 0
08-18 16:03:45.683629   902  7008 I AudioALSAPlaybackHandlerBase: Ge doDcRemoval(), inBytes: 8192, pOutBytes: 8192 ppOutBuffer = 0xb40000739c7b1000
08-18 16:03:45.693813   902  7008 I AudioALSAPlaybackHandlerBase: Ge -getHardwareBufferInfo, frameInfo_get = 150, mStreamAttributeTarget.buffer_size = 16384, buffer_per_time = 2048, halQueuedFrame = 0
08-18 16:03:45.705034   902  7008 I AudioALSAStreamOut: Ge write(), buffer = 0xb4000072e0473430, bytes = 8192, flags 2
08-18 16:03:45.705444   902  7008 I AudioALSAPlaybackHandlerBase: Ge preWriteOperation(), buffer 0xb4000072e0473430, bytes 8192, mIsNeedUpdateLib 0
08-18 16:03:45.705619   902  7008 I AudioALSAPlaybackHandlerBase: Ge doDcRemoval(), inBytes: 8192, pOutBytes: 8192 ppOutBuffer = 0xb40000739c7b1000
08-18 16:03:45.713652   902  7008 I AudioALSAPlaybackHandlerBase: Ge -getHardwareBufferInfo, frameInfo_get = 80, mStreamAttributeTarget.buffer_size = 16384, buffer_per_time = 2048, halQueuedFrame = 0
08-18 16:03:45.725281   902  7008 I AudioALSAStreamOut: Ge write(), buffer = 0xb4000072e0473430, bytes = 8192, flags 2
08-18 16:03:45.725696   902  7008 I AudioALSAPlaybackHandlerBase: Ge preWriteOperation(), buffer 0xb4000072e0473430, bytes 8192, mIsNeedUpdateLib 0
08-18 16:03:45.725871   902  7008 I AudioALSAPlaybackHandlerBase: Ge doDcRemoval(), inBytes: 8192, pOutBytes: 8192 ppOutBuffer = 0xb40000739c7b1000
08-18 16:03:45.735222   902  7008 I AudioALSAPlaybackHandlerBase: Ge -getHardwareBufferInfo, frameInfo_get = 90, mStreamAttributeTarget.buffer_size = 16384, buffer_per_time = 2048, halQueuedFrame = 0
08-18 16:03:45.746769   902  7008 I AudioALSAStreamOut: Ge write(), buffer = 0xb4000072e0473430, bytes = 8192, flags 2
08-18 16:03:45.747194   902  7008 I AudioALSAPlaybackHandlerBase: Ge preWriteOperation(), buffer 0xb4000072e0473430, bytes 8192, mIsNeedUpdateLib 0
08-18 16:03:45.747372   902  7008 I AudioALSAPlaybackHandlerBase: Ge doDcRemoval(), inBytes: 8192, pOutBytes: 8192 ppOutBuffer = 0xb40000739c7b1000
08-18 16:03:45.756444   902  7008 I AudioALSAPlaybackHandlerBase: Ge -getHardwareBufferInfo, frameInfo_get = 84, mStreamAttributeTarget.buffer_size = 16384, buffer_per_time = 2048, halQueuedFrame = 0
08-18 16:03:45.768245   902  7008 I AudioALSAStreamOut: Ge write(), buffer = 0xb4000072e0473430, bytes = 8192, flags 2
08-18 16:03:45.768703   902  7008 I AudioALSAPlaybackHandlerBase: Ge preWriteOperation(), buffer 0xb4000072e0473430, bytes 8192, mIsNeedUpdateLib 0
08-18 16:03:45.768882   902  7008 I AudioALSAPlaybackHandlerBase: Ge doDcRemoval(), inBytes: 8192, pOutBytes: 8192 ppOutBuffer = 0xb40000739c7b1000
08-18 16:03:45.775275   963  1015 I libPowerHal: [perfNotifyAppState] pack:com.android.settings, act:com.android.settings.Settings$SoundSettingsActivity, state:5, pid:6803, uid:1000, fps:-1
08-18 16:03:45.777966   902  7008 I AudioALSAPlaybackHandlerBase: Ge -getHardwareBufferInfo, frameInfo_get = 94, mStreamAttributeTarget.buffer_size = 16384, buffer_per_time = 2048, halQueuedFrame = 0
08-18 16:03:45.786068   902  7008 I AudioALSAStreamOut: Ge write(), buffer = 0xb4000072e0473430, bytes = 8192, flags 2
08-18 16:03:45.786533   902  7008 I AudioALSAPlaybackHandlerBase: Ge preWriteOperation(), buffer 0xb4000072e0473430, bytes 8192, mIsNeedUpdateLib 0
08-18 16:03:45.786673   902  7008 I AudioALSAPlaybackHandlerBase: Ge doDcRemoval(), inBytes: 8192, pOutBytes: 8192 ppOutBuffer = 0xb40000739c7b1000
08-18 16:03:45.799171   902  7008 I AudioALSAPlaybackHandlerBase: Ge -getHardwareBufferInfo, frameInfo_get = 88, mStreamAttributeTarget.buffer_size = 16384, buffer_per_time = 2048, halQueuedFrame = 0
08-18 16:03:45.809380   902  7008 I AudioALSAStreamOut: Ge write(), buffer = 0xb4000072e0473430, bytes = 8192, flags 2
08-18 16:03:45.809722   902  7008 I AudioALSAPlaybackHandlerBase: Ge preWriteOperation(), buffer 0xb4000072e0473430, bytes 8192, mIsNeedUpdateLib 0
08-18 16:03:45.809857   902  7008 I AudioALSAPlaybackHandlerBase: Ge doDcRemoval(), inBytes: 8192, pOutBytes: 8192 ppOutBuffer = 0xb40000739c7b1000
08-18 16:03:45.820205   902  7008 I AudioALSAPlaybackHandlerBase: Ge -getHardwareBufferInfo, frameInfo_get = 74, mStreamAttributeTarget.buffer_size = 16384, buffer_per_time = 2048, halQueuedFrame = 0
08-18 16:03:45.830257   902  7008 I AudioALSAStreamOut: Ge write(), buffer = 0xb4000072e0473430, bytes = 8192, flags 2
08-18 16:03:45.830617   902  7008 I AudioALSAPlaybackHandlerBase: Ge preWriteOperation(), buffer 0xb4000072e0473430, bytes 8192, mIsNeedUpdateLib 0
08-18 16:03:45.830756   902  7008 I AudioALSAPlaybackHandlerBase: Ge doDcRemoval(), inBytes: 8192, pOutBytes: 8192 ppOutBuffer = 0xb40000739c7b1000
08-18 16:03:45.841565   902  7008 I AudioALSAPlaybackHandlerBase: Ge -getHardwareBufferInfo, frameInfo_get = 76, mStreamAttributeTarget.buffer_size = 16384, buffer_per_time = 2048, halQueuedFrame = 0
08-18 16:03:45.851124   902  7008 I AudioALSAStreamOut: Ge write(), buffer = 0xb4000072e0473430, bytes = 8192, flags 2
08-18 16:03:45.851497   902  7008 I AudioALSAPlaybackHandlerBase: Ge preWriteOperation(), buffer 0xb4000072e0473430, bytes 8192, mIsNeedUpdateLib 0
08-18 16:03:45.851627   902  7008 I AudioALSAPlaybackHandlerBase: Ge doDcRemoval(), inBytes: 8192, pOutBytes: 8192 ppOutBuffer = 0xb40000739c7b1000
08-18 16:03:45.862814   902  7008 I AudioALSAPlaybackHandlerBase: Ge -getHardwareBufferInfo, frameInfo_get = 72, mStreamAttributeTarget.buffer_size = 16384, buffer_per_time = 2048, halQueuedFrame = 0
08-18 16:03:45.870152   902  7008 I AudioALSAStreamOut: Ge write(), buffer = 0xb4000072e0473430, bytes = 8192, flags 2
08-18 16:03:45.870568   902  7008 I AudioALSAPlaybackHandlerBase: Ge preWriteOperation(), buffer 0xb4000072e0473430, bytes 8192, mIsNeedUpdateLib 0
08-18 16:03:45.870682   902  7008 I AudioALSAPlaybackHandlerBase: Ge doDcRemoval(), inBytes: 8192, pOutBytes: 8192 ppOutBuffer = 0xb40000739c7b1000
08-18 16:03:45.884385   902  7008 I AudioALSAPlaybackHandlerBase: Ge -getHardwareBufferInfo, frameInfo_get = 82, mStreamAttributeTarget.buffer_size = 16384, buffer_per_time = 2048, halQueuedFrame = 0
08-18 16:03:45.896318   902  7008 I AudioALSAStreamOut: Ge write(), buffer = 0xb4000072e0473430, bytes = 8192, flags 2
08-18 16:03:45.896722   902  7008 I AudioALSAPlaybackHandlerBase: Ge preWriteOperation(), buffer 0xb4000072e0473430, bytes 8192, mIsNeedUpdateLib 0
08-18 16:03:45.896895   902  7008 I AudioALSAPlaybackHandlerBase: Ge doDcRemoval(), inBytes: 8192, pOutBytes: 8192 ppOutBuffer = 0xb40000739c7b1000
08-18 16:03:45.905578   902  7008 I AudioALSAPlaybackHandlerBase: Ge -getHardwareBufferInfo, frameInfo_get = 76, mStreamAttributeTarget.buffer_size = 16384, buffer_per_time = 2048, halQueuedFrame = 0
08-18 16:03:45.916546   902  7008 I AudioALSAStreamOut: Ge write(), buffer = 0xb4000072e0473430, bytes = 8192, flags 2
08-18 16:03:45.916953   902  7008 I AudioALSAPlaybackHandlerBase: Ge preWriteOperation(), buffer 0xb4000072e0473430, bytes 8192, mIsNeedUpdateLib 0
08-18 16:03:45.917128   902  7008 I AudioALSAPlaybackHandlerBase: Ge doDcRemoval(), inBytes: 8192, pOutBytes: 8192 ppOutBuffer = 0xb40000739c7b1000
08-18 16:03:45.927045   902  7008 I AudioALSAPlaybackHandlerBase: Ge -getHardwareBufferInfo, frameInfo_get = 82, mStreamAttributeTarget.buffer_size = 16384, buffer_per_time = 2048, halQueuedFrame = 0
08-18 16:03:45.938965   902  7008 I AudioALSAStreamOut: Ge write(), buffer = 0xb4000072e0473430, bytes = 8192, flags 2
08-18 16:03:45.939386   902  7008 I AudioALSAPlaybackHandlerBase: Ge preWriteOperation(), buffer 0xb4000072e0473430, bytes 8192, mIsNeedUpdateLib 0
08-18 16:03:45.939558   902  7008 I AudioALSAPlaybackHandlerBase: Ge doDcRemoval(), inBytes: 8192, pOutBytes: 8192 ppOutBuffer = 0xb40000739c7b1000
08-18 16:03:45.948525   902  7008 I AudioALSAPlaybackHandlerBase: Ge -getHardwareBufferInfo, frameInfo_get = 88, mStreamAttributeTarget.buffer_size = 16384, buffer_per_time = 2048, halQueuedFrame = 0
08-18 16:03:45.959944   902  7008 I AudioALSAStreamOut: Ge write(), buffer = 0xb4000072e0473430, bytes = 8192, flags 2
08-18 16:03:45.960344   902  7008 I AudioALSAPlaybackHandlerBase: Ge preWriteOperation(), buffer 0xb4000072e0473430, bytes 8192, mIsNeedUpdateLib 0
08-18 16:03:45.960517   902  7008 I AudioALSAPlaybackHandlerBase: Ge doDcRemoval(), inBytes: 8192, pOutBytes: 8192 ppOutBuffer = 0xb40000739c7b1000
08-18 16:03:45.970746   902  7008 I AudioALSAPlaybackHandlerBase: Ge -getHardwareBufferInfo, frameInfo_get = 132, mStreamAttributeTarget.buffer_size = 16384, buffer_per_time = 2048, halQueuedFrame = 0
08-18 16:03:45.982757   902  7008 I AudioALSAStreamOut: Ge write(), buffer = 0xb4000072e0473430, bytes = 8192, flags 2
08-18 16:03:45.983169   902  7008 I AudioALSAPlaybackHandlerBase: Ge preWriteOperation(), buffer 0xb4000072e0473430, bytes 8192, mIsNeedUpdateLib 0
08-18 16:03:45.983344   902  7008 I AudioALSAPlaybackHandlerBase: Ge doDcRemoval(), inBytes: 8192, pOutBytes: 8192 ppOutBuffer = 0xb40000739c7b1000
08-18 16:03:45.992356   902  7008 I AudioALSAPlaybackHandlerBase: Ge -getHardwareBufferInfo, frameInfo_get = 144, mStreamAttributeTarget.buffer_size = 16384, buffer_per_time = 2048, halQueuedFrame = 0
08-18 16:03:46.003579   902  7008 I AudioALSAStreamOut: Ge write(), buffer = 0xb4000072e0473430, bytes = 8192, flags 2
08-18 16:03:46.003982   902  7008 I AudioALSAPlaybackHandlerBase: Ge preWriteOperation(), buffer 0xb4000072e0473430, bytes 8192, mIsNeedUpdateLib 0
08-18 16:03:46.004157   902  7008 I AudioALSAPlaybackHandlerBase: Ge doDcRemoval(), inBytes: 8192, pOutBytes: 8192 ppOutBuffer = 0xb40000739c7b1000
08-18 16:03:46.012007   902  7008 I AudioALSAPlaybackHandlerBase: Ge -getHardwareBufferInfo, frameInfo_get = 64, mStreamAttributeTarget.buffer_size = 16384, buffer_per_time = 2048, halQueuedFrame = 0
08-18 16:03:46.023882   902  7008 I AudioALSAStreamOut: Ge write(), buffer = 0xb4000072e0473430, bytes = 8192, flags 2
08-18 16:03:46.024407   902  7008 I AudioALSAPlaybackHandlerBase: Ge preWriteOperation(), buffer 0xb4000072e0473430, bytes 8192, mIsNeedUpdateLib 0
08-18 16:03:46.024583   902  7008 I AudioALSAPlaybackHandlerBase: Ge doDcRemoval(), inBytes: 8192, pOutBytes: 8192 ppOutBuffer = 0xb40000739c7b1000
08-18 16:03:46.033327  4412  5016 D AI_ELLA_: onPlaybackConfigChanged deal savePlayPg in work thread
08-18 16:03:46.033662   902  7008 I AudioALSAPlaybackHandlerBase: Ge -getHardwareBufferInfo, frameInfo_get = 80, mStreamAttributeTarget.buffer_size = 16384, buffer_per_time = 2048, halQueuedFrame = 0
08-18 16:03:46.044683  4412  5016 D AI_ELLA_AudioPlayObserver: getPlayPgByConfigs:  play pgName = com.android.settings
08-18 16:03:46.044838   902  7008 I AudioALSAStreamOut: Ge write(), buffer = 0xb4000072e0473430, bytes = 8192, flags 2
08-18 16:03:46.045155   902  7008 I AudioALSAPlaybackHandlerBase: Ge preWriteOperation(), buffer 0xb4000072e0473430, bytes 8192, mIsNeedUpdateLib 0
08-18 16:03:46.045325   902  7008 I AudioALSAPlaybackHandlerBase: Ge doDcRemoval(), inBytes: 8192, pOutBytes: 8192 ppOutBuffer = 0xb40000739c7b1000
08-18 16:03:46.056390   902  7008 I AudioALSAPlaybackHandlerBase: Ge -getHardwareBufferInfo, frameInfo_get = 146, mStreamAttributeTarget.buffer_size = 16384, buffer_per_time = 2048, halQueuedFrame = 0
08-18 16:03:46.068396   902  7008 I AudioALSAStreamOut: Ge write(), buffer = 0xb4000072e0473430, bytes = 8192, flags 2
08-18 16:03:46.068691   902  7008 I AudioALSAPlaybackHandlerBase: Ge preWriteOperation(), buffer 0xb4000072e0473430, bytes 8192, mIsNeedUpdateLib 0
08-18 16:03:46.068693  1411  4970 D AudioSink: setIsReset, 1
08-18 16:03:46.068860   902  7008 I AudioALSAPlaybackHandlerBase: Ge doDcRemoval(), inBytes: 8192, pOutBytes: 8192 ppOutBuffer = 0xb40000739c7b1000
08-18 16:03:46.071630  1411 12028 D NuPlayer: performDecoderFlush audio=2, video=2
08-18 16:03:46.072099  1411 12028 D NuPlayer: [audio] flushDecoder needShutdown=1
08-18 16:03:46.072979  1411 12031 D NuPlayerRenderer: flushing audio
08-18 16:03:46.073109  1411 12031 D AudioTrack: pause(68): 0xf0883ab0, prior state:STATE_ACTIVE
08-18 16:03:46.074319  1411 12031 D AudioSystem: +setParameters(): remove_clientTid=12031 
08-18 16:03:46.074892  1027  5516 I AudioFlinger: setParameters: filtered keyvalue remove_clientTid=12031
08-18 16:03:46.074995  1027  5516 I AudioFlinger: +mAudioHwDevs(primary)->setParameters(): remove_clientTid=12031
08-18 16:03:46.075589   902  3026 D AudioALSAHardware: +setParameters(): remove_clientTid=12031
08-18 16:03:46.075839   902  3026 W AudioALSAHardware: setParameters(), still have param.size() = 1, remain param = "remove_clientTid=12031"
08-18 16:03:46.075878   902  3026 D AudioALSAHardware: -setParameters(): remove_clientTid=12031
08-18 16:03:46.076276  1027  5516 I AudioFlinger: -mAudioHwDevs(primary)->setParameters(): remove_clientTid=12031
08-18 16:03:46.076362  1027  5516 I AudioFlinger: +mAudioHwDevs(bluetooth)->setParameters(): remove_clientTid=12031
08-18 16:03:46.076523   902  7008 I AudioALSAPlaybackHandlerBase: Ge -getHardwareBufferInfo, frameInfo_get = 88, mStreamAttributeTarget.buffer_size = 16384, buffer_per_time = 2048, halQueuedFrame = 0
08-18 16:03:46.077184  1027  5516 I AudioFlinger: -mAudioHwDevs(bluetooth)->setParameters(): remove_clientTid=12031
08-18 16:03:46.077267  1027  5516 I AudioFlinger: +mAudioHwDevs(usb)->setParameters(): remove_clientTid=12031
08-18 16:03:46.077603  1027  5516 I AudioFlinger: -mAudioHwDevs(usb)->setParameters(): remove_clientTid=12031
08-18 16:03:46.077673  1027  5516 I AudioFlinger: +mAudioHwDevs(r_submix)->setParameters(): remove_clientTid=12031
08-18 16:03:46.077960  1027  5516 I AudioFlinger: -mAudioHwDevs(r_submix)->setParameters(): remove_clientTid=12031
08-18 16:03:46.078589  1411 12031 D AudioTrackShared: this(0xf0981e10), mCblk(0xf5701000), front(89376), mIsOut 1, interrupt() FUTEX_WAKE
08-18 16:03:46.079294  1411 12031 D AudioTrack: pauseAndWait, change priorPosition  from 88435 to 89376.
08-18 16:03:46.087803   902  7008 I AudioALSAStreamOut: Ge write(), buffer = 0xb4000072e0473430, bytes = 8192, flags 2
08-18 16:03:46.088225   902  7008 I AudioALSAPlaybackHandlerBase: Ge preWriteOperation(), buffer 0xb4000072e0473430, bytes 8192, mIsNeedUpdateLib 0
08-18 16:03:46.088399   902  7008 I AudioALSAPlaybackHandlerBase: Ge doDcRemoval(), inBytes: 8192, pOutBytes: 8192 ppOutBuffer = 0xb40000739c7b1000
08-18 16:03:46.098424   902  7008 I AudioALSAPlaybackHandlerBase: Ge -getHardwareBufferInfo, frameInfo_get = 116, mStreamAttributeTarget.buffer_size = 16384, buffer_per_time = 2048, halQueuedFrame = 0
08-18 16:03:46.099846   902  3026 V DlbVolumeListener: effectCommand
08-18 16:03:46.099921   902  3026 V DlbVolumeListener: Command EFFECT_CMD_SET_VOLUME: left 0, right 0
08-18 16:03:46.099984   902  3026 D DlbVolumeListener: effectCommand: Ignore volume 0 coming from pausing playback
08-18 16:03:46.101084   902   902 I AudioALSAStreamOut: Ge updateSourceMetadataV7() 
08-18 16:03:46.112087  1411 12031 D AudioTrack: pauseAndWait: success state:8, position:90316 after 32 ms (prior state:6  prior position:89376)
08-18 16:03:46.112208  1411 12031 D AudioTrack: flush(68): 0xf0883ab0, prior state:STATE_PAUSED
08-18 16:03:46.113183  1411 12031 D AudioTrack: stop(68): 0xf0883ab0, prior state:STATE_FLUSHED
08-18 16:03:46.113352  1411 12031 D AudioTrack: setVolume(68): 0xf0883ab0, left = 1.000000, right = 1.000000
08-18 16:03:46.113448  1411 12031 D AudioTrack: start(68): 0xf0883ab0, prior state:STATE_FLUSHED
08-18 16:03:46.113435   902  7008 I AudioALSAStreamOut: Ge write(), buffer = 0xb4000072e0473430, bytes = 8192, flags 2
08-18 16:03:46.113731   902  7008 I AudioALSAPlaybackHandlerBase: Ge preWriteOperation(), buffer 0xb4000072e0473430, bytes 8192, mIsNeedUpdateLib 0
08-18 16:03:46.113868   902  7008 I AudioALSAPlaybackHandlerBase: Ge doDcRemoval(), inBytes: 8192, pOutBytes: 8192 ppOutBuffer = 0xb40000739c7b1000
08-18 16:03:46.114687  1411 12031 D AudioSystem: +setParameters(): clientTid=12031 
08-18 16:03:46.115266  1027  5516 I AudioFlinger: setParameters: filtered keyvalue clientTid=12031
08-18 16:03:46.115372  1027  5516 I AudioFlinger: +mAudioHwDevs(primary)->setParameters(): clientTid=12031
08-18 16:03:46.116059   902   902 D AudioALSAHardware: +setParameters(): clientTid=12031
08-18 16:03:46.116303   902   902 W AudioALSAHardware: setParameters(), still have param.size() = 1, remain param = "clientTid=12031"
08-18 16:03:46.116340   902   902 D AudioALSAHardware: -setParameters(): clientTid=12031
08-18 16:03:46.116689  1027  5516 I AudioFlinger: -mAudioHwDevs(primary)->setParameters(): clientTid=12031
08-18 16:03:46.116772  1027  5516 I AudioFlinger: +mAudioHwDevs(bluetooth)->setParameters(): clientTid=12031
08-18 16:03:46.117515  1027  5516 I AudioFlinger: -mAudioHwDevs(bluetooth)->setParameters(): clientTid=12031
08-18 16:03:46.117600  1027  5516 I AudioFlinger: +mAudioHwDevs(usb)->setParameters(): clientTid=12031
08-18 16:03:46.118281  1027  5516 I AudioFlinger: -mAudioHwDevs(usb)->setParameters(): clientTid=12031
08-18 16:03:46.118348  1027  5516 I AudioFlinger: +mAudioHwDevs(r_submix)->setParameters(): clientTid=12031
08-18 16:03:46.118949   902  7008 I AudioALSAPlaybackHandlerBase: Ge -getHardwareBufferInfo, frameInfo_get = 76, mStreamAttributeTarget.buffer_size = 16384, buffer_per_time = 2048, halQueuedFrame = 0
08-18 16:03:46.119015  1027  5516 I AudioFlinger: -mAudioHwDevs(r_submix)->setParameters(): clientTid=12031
08-18 16:03:46.119947   902  7008 I AudioALSAStreamOut: Ge latency(), flags 0x2, latency 42
08-18 16:03:46.121398  1344  1353 D uas-service: thread(pid=12031) ux_exact_audiomixer is uxtag 0x100480 ref 0x3
08-18 16:03:46.122732   902   902 D AudioALSAStreamOut: +setParameters(): flag 2, MixerThreadSleep=
08-18 16:03:46.122968   902   902 W AudioALSAStreamOut: setParameters(), still have param.size() = 1, remain param = "MixerThreadSleep="
08-18 16:03:46.123029   902   902 I AudioALSAStreamOut: Ge -setParameters(): MixerThreadSleep= 
08-18 16:03:46.123811   902  7008 I AudioALSAPlaybackHandlerBase: Ge -getHardwareBufferInfo, frameInfo_get = 312, mStreamAttributeTarget.buffer_size = 16384, buffer_per_time = 2048, halQueuedFrame = 0
08-18 16:03:46.125746  1027  5516 D TranFlinger: tr_audio_stability_state = 0
08-18 16:03:46.127061  1411 12028 D NuPlayer: renderer audio flush completed.
08-18 16:03:46.127422  1411 12033 D MediaCodec: [0xeecc8990] setState: 7
08-18 16:03:46.128970  1411 12033 D CCodecBuffers: [c2.android.vorbis.decoder#877:1D-Output.Impl[N]] Client returned a buffer it does not own according to our record: 0
08-18 16:03:46.129212  1411 12033 D CCodecBuffers: [c2.android.vorbis.decoder#877:1D-Output.Impl[N]] Client returned a buffer it does not own according to our record: 1
08-18 16:03:46.129292  1411 12033 D CCodecBuffers: [c2.android.vorbis.decoder#877:1D-Output.Impl[N]] Client returned a buffer it does not own according to our record: 2
08-18 16:03:46.129374  1411 12033 D MediaCodec: [0xeecc8990] setState: 8
08-18 16:03:46.130000  1411 12028 D NuPlayer: decoder audio flush completed
08-18 16:03:46.130386  1411 12028 D NuPlayer: initiating audio decoder shutdown
08-18 16:03:46.130377  1027  1693 D AudioFlinger_Threads: 0xb400007ad2fa47b0:threadLoop_write write muted data to hw, mixerStatus 1 start, mId 13, mBytesWritten 794624
08-18 16:03:46.130837  1411 12032 D MediaCodec: [0xeecc8990] [c2.android.vorbis.decoder] release
08-18 16:03:46.130851   902  7008 I AudioALSAStreamOut: Ge write(), buffer = 0xb4000072e0473430, bytes = 8192, flags 2
08-18 16:03:46.131130   902  7008 I AudioALSAPlaybackHandlerBase: Ge preWriteOperation(), buffer 0xb4000072e0473430, bytes 8192, mIsNeedUpdateLib 0
08-18 16:03:46.131269   902  7008 I AudioALSAPlaybackHandlerBase: Ge doDcRemoval(), inBytes: 8192, pOutBytes: 8192 ppOutBuffer = 0xb40000739c7b1000
08-18 16:03:46.131460  1411 12033 D MediaCodec: mdomain = 2,mTrackingVideoDataPropertyEnabled=1,mTotalFrames = 0
08-18 16:03:46.131555  1411 12033 D MediaCodec: (0xeecc8990)kWhatRelease case,recalaimd:0
08-18 16:03:46.131617  1411 12033 D MediaCodec: [0xeecc8990] setState: 10
08-18 16:03:46.135002  1411 12033 D MediaCodec: [0xeecc8990] [c2.android.vorbis.decoder] kWhatReleaseCompleted
08-18 16:03:46.135404  1411 12033 D MediaCodec: [0xeecc8990] setState: 0
08-18 16:03:46.136446  1411 12032 D MediaCodec: ~MediaCodec(0xeecc8990)
08-18 16:03:46.137471  1411 12028 D NuPlayer: audio shutdown completed
08-18 16:03:46.140002   902  7008 I AudioALSAPlaybackHandlerBase: Ge -getHardwareBufferInfo, frameInfo_get = 64, mStreamAttributeTarget.buffer_size = 16384, buffer_per_time = 2048, halQueuedFrame = 0
08-18 16:03:46.144117  1411  4935 D AudioSink: setIsReset, 1
08-18 16:03:46.147360  1411  4935 D AudioSink: setIsReset, 1
08-18 16:03:46.147591  1411  4935 D AudioTrack: ~AudioTrack(68): 0xf0883ab0
08-18 16:03:46.148254  1411  4935 D AudioTrack: ~AudioTrack(68): 0xf0883ab0, calling stop()
08-18 16:03:46.148723  1411  4935 D AudioTrack: stop(68): 0xf0883ab0, prior state:STATE_ACTIVE
